[    0.000000] Initializing cgroup subsys cpuset
[    0.000000] Initializing cgroup subsys cpu
[    0.000000] Initializing cgroup subsys cpuacct
[    0.000000] Linux version 3.13.0-37-generic (buildd@kapok) (gcc version 4.8.2 (Ubuntu 4.8.2-19ubuntu1) ) #64-Ubuntu SMP Mon Sep 22 21:28:38 UTC 2014 (Ubuntu 3.13.0-37.64-generic 3.13.11.7)
[    0.000000] Command line: BOOT_IMAGE=/boot/vmlinuz-3.13.0-37-generic root=UUID=5fc26f4d-ff64-4121-8a5c-b18ad7867e13 ro quiet splash
[    0.000000] KERNEL supported cpus:
[    0.000000]   Intel GenuineIntel
[    0.000000]   AMD AuthenticAMD
[    0.000000]   Centaur CentaurHauls
[    0.000000] Disabled fast string operations
[    0.000000] e820: BIOS-provided physical RAM map:
[    0.000000] BIOS-e820: [mem 0x0000000000000000-0x000000000009ebff] usable
[    0.000000] BIOS-e820: [mem 0x000000000009ec00-0x000000000009ffff] reserved
[    0.000000] BIOS-e820: [mem 0x00000000000dc000-0x00000000000fffff] reserved
[    0.000000] BIOS-e820: [mem 0x0000000000100000-0x00000000bfedffff] usable
[    0.000000] BIOS-e820: [mem 0x00000000bfee0000-0x00000000bfefefff] ACPI data
[    0.000000] BIOS-e820: [mem 0x00000000bfeff000-0x00000000bfefffff] ACPI NVS
[    0.000000] BIOS-e820: [mem 0x00000000bff00000-0x00000000bfffffff] usable
[    0.000000] BIOS-e820: [mem 0x00000000f0000000-0x00000000f7ffffff] reserved
[    0.000000] BIOS-e820: [mem 0x00000000fec00000-0x00000000fec0ffff] reserved
[    0.000000] BIOS-e820: [mem 0x00000000fee00000-0x00000000fee00fff] reserved
[    0.000000] BIOS-e820: [mem 0x00000000fffe0000-0x00000000ffffffff] reserved
[    0.000000] NX (Execute Disable) protection: active
[    0.000000] SMBIOS 2.4 present.
[    0.000000] DMI: VMware, Inc. VMware Virtual Platform/440BX Desktop Reference Platform, BIOS 6.00 07/31/2013
[    0.000000] Hypervisor detected: VMware
[    0.000000] e820: update [mem 0x00000000-0x00000fff] usable ==> reserved
[    0.000000] e820: remove [mem 0x000a0000-0x000fffff] usable
[    0.000000] No AGP bridge found
[    0.000000] e820: last_pfn = 0xc0000 max_arch_pfn = 0x400000000
[    0.000000] MTRR default type: uncachable
[    0.000000] MTRR fixed ranges enabled:
[    0.000000]   00000-9FFFF write-back
[    0.000000]   A0000-BFFFF uncachable
[    0.000000]   C0000-CFFFF write-protect
[    0.000000]   D0000-EFFFF uncachable
[    0.000000]   F0000-FFFFF write-protect
[    0.000000] MTRR variable ranges enabled:
[    0.000000]   0 base 0000000000 mask FF80000000 write-back
[    0.000000]   1 base 0080000000 mask FFC0000000 write-back
[    0.000000]   2 disabled
[    0.000000]   3 disabled
[    0.000000]   4 disabled
[    0.000000]   5 disabled
[    0.000000]   6 disabled
[    0.000000]   7 disabled
[    0.000000] x86 PAT enabled: cpu 0, old 0x0, new 0x7010600070106
[    0.000000] found SMP MP-table at [mem 0x000f6bf0-0x000f6bff] mapped at [ffff8800000f6bf0]
[    0.000000] Scanning 1 areas for low memory corruption
[    0.000000] Base memory trampoline at [ffff880000098000] 98000 size 24576
[    0.000000] init_memory_mapping: [mem 0x00000000-0x000fffff]
[    0.000000]  [mem 0x00000000-0x000fffff] page 4k
[    0.000000] BRK [0x01fe1000, 0x01fe1fff] PGTABLE
[    0.000000] BRK [0x01fe2000, 0x01fe2fff] PGTABLE
[    0.000000] BRK [0x01fe3000, 0x01fe3fff] PGTABLE
[    0.000000] init_memory_mapping: [mem 0xbfc00000-0xbfdfffff]
[    0.000000]  [mem 0xbfc00000-0xbfdfffff] page 2M
[    0.000000] BRK [0x01fe4000, 0x01fe4fff] PGTABLE
[    0.000000] init_memory_mapping: [mem 0xbc000000-0xbfbfffff]
[    0.000000]  [mem 0xbc000000-0xbfbfffff] page 2M
[    0.000000] init_memory_mapping: [mem 0x80000000-0xbbffffff]
[    0.000000]  [mem 0x80000000-0xbbffffff] page 2M
[    0.000000] init_memory_mapping: [mem 0x00100000-0x7fffffff]
[    0.000000]  [mem 0x00100000-0x001fffff] page 4k
[    0.000000]  [mem 0x00200000-0x7fffffff] page 2M
[    0.000000] init_memory_mapping: [mem 0xbfe00000-0xbfedffff]
[    0.000000]  [mem 0xbfe00000-0xbfedffff] page 4k
[    0.000000] BRK [0x01fe5000, 0x01fe5fff] PGTABLE
[    0.000000] init_memory_mapping: [mem 0xbff00000-0xbfffffff]
[    0.000000]  [mem 0xbff00000-0xbfffffff] page 4k
[    0.000000] RAMDISK: [mem 0x348b0000-0x3644ffff]
[    0.000000] ACPI: RSDP 00000000000f6b80 000024 (v02 PTLTD )
[    0.000000] ACPI: XSDT 00000000bfeeda33 00005C (v01 INTEL  440BX    06040000 VMW  01324272)
[    0.000000] ACPI: FACP 00000000bfefee73 0000F4 (v04 INTEL  440BX    06040000 PTL  000F4240)
[    0.000000] ACPI: DSDT 00000000bfeee8eb 010588 (v01 PTLTD  Custom   06040000 MSFT 03000001)
[    0.000000] ACPI: FACS 00000000bfefffc0 000040
[    0.000000] ACPI: BOOT 00000000bfeee8c3 000028 (v01 PTLTD  $SBFTBL$ 06040000  LTP 00000001)
[    0.000000] ACPI: APIC 00000000bfeee501 0003C2 (v01 PTLTD  ? APIC   06040000  LTP 00000000)
[    0.000000] ACPI: MCFG 00000000bfeee4c5 00003C (v01 PTLTD  $PCITBL$ 06040000  LTP 00000001)
[    0.000000] ACPI: SRAT 00000000bfeedb2f 0004D0 (v02 VMWARE MEMPLUG  06040000 VMW  00000001)
[    0.000000] ACPI: HPET 00000000bfeedaf7 000038 (v01 VMWARE VMW HPET 06040000 VMW  00000001)
[    0.000000] ACPI: WAET 00000000bfeedacf 000028 (v01 VMWARE VMW WAET 06040000 VMW  00000001)
[    0.000000] ACPI: Local APIC address 0xfee00000
[    0.000000] system APIC only can use physical flat
[    0.000000] Setting APIC routing to physical flat.
[    0.000000] SRAT: PXM 0 -> APIC 0x00 -> Node 0
[    0.000000] SRAT: PXM 0 -> APIC 0x01 -> Node 0
[    0.000000] SRAT: PXM 0 -> APIC 0x02 -> Node 0
[    0.000000] SRAT: PXM 0 -> APIC 0x03 -> Node 0
[    0.000000] SRAT: PXM 0 -> APIC 0x04 -> Node 0
[    0.000000] SRAT: PXM 0 -> APIC 0x05 -> Node 0
[    0.000000] SRAT: PXM 0 -> APIC 0x06 -> Node 0
[    0.000000] SRAT: PXM 0 -> APIC 0x07 -> Node 0
[    0.000000] SRAT: PXM 0 -> APIC 0x08 -> Node 0
[    0.000000] SRAT: PXM 0 -> APIC 0x09 -> Node 0
[    0.000000] SRAT: PXM 0 -> APIC 0x0a -> Node 0
[    0.000000] SRAT: PXM 0 -> APIC 0x0b -> Node 0
[    0.000000] SRAT: PXM 0 -> APIC 0x0c -> Node 0
[    0.000000] SRAT: PXM 0 -> APIC 0x0d -> Node 0
[    0.000000] SRAT: PXM 0 -> APIC 0x0e -> Node 0
[    0.000000] SRAT: PXM 0 -> APIC 0x0f -> Node 0
[    0.000000] SRAT: PXM 0 -> APIC 0x10 -> Node 0
[    0.000000] SRAT: PXM 0 -> APIC 0x11 -> Node 0
[    0.000000] SRAT: PXM 0 -> APIC 0x12 -> Node 0
[    0.000000] SRAT: PXM 0 -> APIC 0x13 -> Node 0
[    0.000000] SRAT: PXM 0 -> APIC 0x14 -> Node 0
[    0.000000] SRAT: PXM 0 -> APIC 0x15 -> Node 0
[    0.000000] SRAT: PXM 0 -> APIC 0x16 -> Node 0
[    0.000000] SRAT: PXM 0 -> APIC 0x17 -> Node 0
[    0.000000] SRAT: PXM 0 -> APIC 0x18 -> Node 0
[    0.000000] SRAT: PXM 0 -> APIC 0x19 -> Node 0
[    0.000000] SRAT: PXM 0 -> APIC 0x1a -> Node 0
[    0.000000] SRAT: PXM 0 -> APIC 0x1b -> Node 0
[    0.000000] SRAT: PXM 0 -> APIC 0x1c -> Node 0
[    0.000000] SRAT: PXM 0 -> APIC 0x1d -> Node 0
[    0.000000] SRAT: PXM 0 -> APIC 0x1e -> Node 0
[    0.000000] SRAT: PXM 0 -> APIC 0x1f -> Node 0
[    0.000000] SRAT: PXM 0 -> APIC 0x20 -> Node 0
[    0.000000] SRAT: PXM 0 -> APIC 0x21 -> Node 0
[    0.000000] SRAT: PXM 0 -> APIC 0x22 -> Node 0
[    0.000000] SRAT: PXM 0 -> APIC 0x23 -> Node 0
[    0.000000] SRAT: PXM 0 -> APIC 0x24 -> Node 0
[    0.000000] SRAT: PXM 0 -> APIC 0x25 -> Node 0
[    0.000000] SRAT: PXM 0 -> APIC 0x26 -> Node 0
[    0.000000] SRAT: PXM 0 -> APIC 0x27 -> Node 0
[    0.000000] SRAT: PXM 0 -> APIC 0x28 -> Node 0
[    0.000000] SRAT: PXM 0 -> APIC 0x29 -> Node 0
[    0.000000] SRAT: PXM 0 -> APIC 0x2a -> Node 0
[    0.000000] SRAT: PXM 0 -> APIC 0x2b -> Node 0
[    0.000000] SRAT: PXM 0 -> APIC 0x2c -> Node 0
[    0.000000] SRAT: PXM 0 -> APIC 0x2d -> Node 0
[    0.000000] SRAT: PXM 0 -> APIC 0x2e -> Node 0
[    0.000000] SRAT: PXM 0 -> APIC 0x2f -> Node 0
[    0.000000] SRAT: PXM 0 -> APIC 0x30 -> Node 0
[    0.000000] SRAT: PXM 0 -> APIC 0x31 -> Node 0
[    0.000000] SRAT: PXM 0 -> APIC 0x32 -> Node 0
[    0.000000] SRAT: PXM 0 -> APIC 0x33 -> Node 0
[    0.000000] SRAT: PXM 0 -> APIC 0x34 -> Node 0
[    0.000000] SRAT: PXM 0 -> APIC 0x35 -> Node 0
[    0.000000] SRAT: PXM 0 -> APIC 0x36 -> Node 0
[    0.000000] SRAT: PXM 0 -> APIC 0x37 -> Node 0
[    0.000000] SRAT: PXM 0 -> APIC 0x38 -> Node 0
[    0.000000] SRAT: PXM 0 -> APIC 0x39 -> Node 0
[    0.000000] SRAT: PXM 0 -> APIC 0x3a -> Node 0
[    0.000000] SRAT: PXM 0 -> APIC 0x3b -> Node 0
[    0.000000] SRAT: PXM 0 -> APIC 0x3c -> Node 0
[    0.000000] SRAT: PXM 0 -> APIC 0x3d -> Node 0
[    0.000000] SRAT: PXM 0 -> APIC 0x3e -> Node 0
[    0.000000] SRAT: PXM 0 -> APIC 0x3f -> Node 0
[    0.000000] SRAT: Node 0 PXM 0 [mem 0x00000000-0x0009ffff]
[    0.000000] SRAT: Node 0 PXM 0 [mem 0x00100000-0x0fffffff]
[    0.000000] SRAT: Node 0 PXM 0 [mem 0x10000000-0xbfffffff]
[    0.000000] SRAT: Node 0 PXM 0 [mem 0xc0000000-0xbfffffff] hotplug
[    0.000000] NUMA: Node 0 [mem 0x00000000-0x0009ffff] + [mem 0x00100000-0x0fffffff] -> [mem 0x00000000-0x0fffffff]
[    0.000000] NUMA: Node 0 [mem 0x00000000-0x0fffffff] + [mem 0x10000000-0xbfffffff] -> [mem 0x00000000-0xbfffffff]
[    0.000000] Initmem setup node 0 [mem 0x00000000-0xbfffffff]
[    0.000000]   NODE_DATA [mem 0xbfffb000-0xbfffffff]
[    0.000000]  [ffffea0000000000-ffffea0002ffffff] PMD -> [ffff8800bc400000-ffff8800bf3fffff] on node 0
[    0.000000] Zone ranges:
[    0.000000]   DMA      [mem 0x00001000-0x00ffffff]
[    0.000000]   DMA32    [mem 0x01000000-0xffffffff]
[    0.000000]   Normal   empty
[    0.000000] Movable zone start for each node
[    0.000000] Early memory node ranges
[    0.000000]   node   0: [mem 0x00001000-0x0009dfff]
[    0.000000]   node   0: [mem 0x00100000-0xbfedffff]
[    0.000000]   node   0: [mem 0xbff00000-0xbfffffff]
[    0.000000] On node 0 totalpages: 786301
[    0.000000]   DMA zone: 64 pages used for memmap
[    0.000000]   DMA zone: 21 pages reserved
[    0.000000]   DMA zone: 3997 pages, LIFO batch:0
[    0.000000]   DMA32 zone: 12224 pages used for memmap
[    0.000000]   DMA32 zone: 782304 pages, LIFO batch:31
[    0.000000] ACPI: PM-Timer IO Port: 0x1008
[    0.000000] ACPI: Local APIC address 0xfee00000
[    0.000000] system APIC only can use physical flat
[    0.000000] ACPI: LAPIC (acpi_id[0x00] lapic_id[0x00] enabled)
[    0.000000] ACPI: LAPIC (acpi_id[0x01] lapic_id[0x01] enabled)
[    0.000000] ACPI: LAPIC (acpi_id[0x02] lapic_id[0x02] enabled)
[    0.000000] ACPI: LAPIC (acpi_id[0x03] lapic_id[0x03] enabled)
[    0.000000] ACPI: LAPIC (acpi_id[0x04] lapic_id[0x04] enabled)
[    0.000000] ACPI: LAPIC (acpi_id[0x05] lapic_id[0x05] enabled)
[    0.000000] ACPI: LAPIC (acpi_id[0x06] lapic_id[0x06] enabled)
[    0.000000] ACPI: LAPIC (acpi_id[0x07] lapic_id[0x07] enabled)
[    0.000000] ACPI: LAPIC (acpi_id[0x08] lapic_id[0x08] disabled)
[    0.000000] ACPI: LAPIC (acpi_id[0x09] lapic_id[0x09] disabled)
[    0.000000] ACPI: LAPIC (acpi_id[0x0a] lapic_id[0x0a] disabled)
[    0.000000] ACPI: LAPIC (acpi_id[0x0b] lapic_id[0x0b] disabled)
[    0.000000] ACPI: LAPIC (acpi_id[0x0c] lapic_id[0x0c] disabled)
[    0.000000] ACPI: LAPIC (acpi_id[0x0d] lapic_id[0x0d] disabled)
[    0.000000] ACPI: LAPIC (acpi_id[0x0e] lapic_id[0x0e] disabled)
[    0.000000] ACPI: LAPIC (acpi_id[0x0f] lapic_id[0x0f] disabled)
[    0.000000] ACPI: LAPIC (acpi_id[0x10] lapic_id[0x10] disabled)
[    0.000000] ACPI: LAPIC (acpi_id[0x11] lapic_id[0x11] disabled)
[    0.000000] ACPI: LAPIC (acpi_id[0x12] lapic_id[0x12] disabled)
[    0.000000] ACPI: LAPIC (acpi_id[0x13] lapic_id[0x13] disabled)
[    0.000000] ACPI: LAPIC (acpi_id[0x14] lapic_id[0x14] disabled)
[    0.000000] ACPI: LAPIC (acpi_id[0x15] lapic_id[0x15] disabled)
[    0.000000] ACPI: LAPIC (acpi_id[0x16] lapic_id[0x16] disabled)
[    0.000000] ACPI: LAPIC (acpi_id[0x17] lapic_id[0x17] disabled)
[    0.000000] ACPI: LAPIC (acpi_id[0x18] lapic_id[0x18] disabled)
[    0.000000] ACPI: LAPIC (acpi_id[0x19] lapic_id[0x19] disabled)
[    0.000000] ACPI: LAPIC (acpi_id[0x1a] lapic_id[0x1a] disabled)
[    0.000000] ACPI: LAPIC (acpi_id[0x1b] lapic_id[0x1b] disabled)
[    0.000000] ACPI: LAPIC (acpi_id[0x1c] lapic_id[0x1c] disabled)
[    0.000000] ACPI: LAPIC (acpi_id[0x1d] lapic_id[0x1d] disabled)
[    0.000000] ACPI: LAPIC (acpi_id[0x1e] lapic_id[0x1e] disabled)
[    0.000000] ACPI: LAPIC (acpi_id[0x1f] lapic_id[0x1f] disabled)
[    0.000000] ACPI: LAPIC (acpi_id[0x20] lapic_id[0x20] disabled)
[    0.000000] ACPI: LAPIC (acpi_id[0x21] lapic_id[0x21] disabled)
[    0.000000] ACPI: LAPIC (acpi_id[0x22] lapic_id[0x22] disabled)
[    0.000000] ACPI: LAPIC (acpi_id[0x23] lapic_id[0x23] disabled)
[    0.000000] ACPI: LAPIC (acpi_id[0x24] lapic_id[0x24] disabled)
[    0.000000] ACPI: LAPIC (acpi_id[0x25] lapic_id[0x25] disabled)
[    0.000000] ACPI: LAPIC (acpi_id[0x26] lapic_id[0x26] disabled)
[    0.000000] ACPI: LAPIC (acpi_id[0x27] lapic_id[0x27] disabled)
[    0.000000] ACPI: LAPIC (acpi_id[0x28] lapic_id[0x28] disabled)
[    0.000000] ACPI: LAPIC (acpi_id[0x29] lapic_id[0x29] disabled)
[    0.000000] ACPI: LAPIC (acpi_id[0x2a] lapic_id[0x2a] disabled)
[    0.000000] ACPI: LAPIC (acpi_id[0x2b] lapic_id[0x2b] disabled)
[    0.000000] ACPI: LAPIC (acpi_id[0x2c] lapic_id[0x2c] disabled)
[    0.000000] ACPI: LAPIC (acpi_id[0x2d] lapic_id[0x2d] disabled)
[    0.000000] ACPI: LAPIC (acpi_id[0x2e] lapic_id[0x2e] disabled)
[    0.000000] ACPI: LAPIC (acpi_id[0x2f] lapic_id[0x2f] disabled)
[    0.000000] ACPI: LAPIC (acpi_id[0x30] lapic_id[0x30] disabled)
[    0.000000] ACPI: LAPIC (acpi_id[0x31] lapic_id[0x31] disabled)
[    0.000000] ACPI: LAPIC (acpi_id[0x32] lapic_id[0x32] disabled)
[    0.000000] ACPI: LAPIC (acpi_id[0x33] lapic_id[0x33] disabled)
[    0.000000] ACPI: LAPIC (acpi_id[0x34] lapic_id[0x34] disabled)
[    0.000000] ACPI: LAPIC (acpi_id[0x35] lapic_id[0x35] disabled)
[    0.000000] ACPI: LAPIC (acpi_id[0x36] lapic_id[0x36] disabled)
[    0.000000] ACPI: LAPIC (acpi_id[0x37] lapic_id[0x37] disabled)
[    0.000000] ACPI: LAPIC (acpi_id[0x38] lapic_id[0x38] disabled)
[    0.000000] ACPI: LAPIC (acpi_id[0x39] lapic_id[0x39] disabled)
[    0.000000] ACPI: LAPIC (acpi_id[0x3a] lapic_id[0x3a] disabled)
[    0.000000] ACPI: LAPIC (acpi_id[0x3b] lapic_id[0x3b] disabled)
[    0.000000] ACPI: LAPIC (acpi_id[0x3c] lapic_id[0x3c] disabled)
[    0.000000] ACPI: LAPIC (acpi_id[0x3d] lapic_id[0x3d] disabled)
[    0.000000] ACPI: LAPIC (acpi_id[0x3e] lapic_id[0x3e] disabled)
[    0.000000] ACPI: LAPIC (acpi_id[0x3f] lapic_id[0x3f] disabled)
[    0.000000] ACPI: LAPIC_NMI (acpi_id[0x00] high edge lint[0x1])
[    0.000000] ACPI: LAPIC_NMI (acpi_id[0x01] high edge lint[0x1])
[    0.000000] ACPI: LAPIC_NMI (acpi_id[0x02] high edge lint[0x1])
[    0.000000] ACPI: LAPIC_NMI (acpi_id[0x03] high edge lint[0x1])
[    0.000000] ACPI: LAPIC_NMI (acpi_id[0x04] high edge lint[0x1])
[    0.000000] ACPI: LAPIC_NMI (acpi_id[0x05] high edge lint[0x1])
[    0.000000] ACPI: LAPIC_NMI (acpi_id[0x06] high edge lint[0x1])
[    0.000000] ACPI: LAPIC_NMI (acpi_id[0x07] high edge lint[0x1])
[    0.000000] ACPI: LAPIC_NMI (acpi_id[0x08] high edge lint[0x1])
[    0.000000] ACPI: LAPIC_NMI (acpi_id[0x09] high edge lint[0x1])
[    0.000000] ACPI: LAPIC_NMI (acpi_id[0x0a] high edge lint[0x1])
[    0.000000] ACPI: LAPIC_NMI (acpi_id[0x0b] high edge lint[0x1])
[    0.000000] ACPI: LAPIC_NMI (acpi_id[0x0c] high edge lint[0x1])
[    0.000000] ACPI: LAPIC_NMI (acpi_id[0x0d] high edge lint[0x1])
[    0.000000] ACPI: LAPIC_NMI (acpi_id[0x0e] high edge lint[0x1])
[    0.000000] ACPI: LAPIC_NMI (acpi_id[0x0f] high edge lint[0x1])
[    0.000000] ACPI: LAPIC_NMI (acpi_id[0x10] high edge lint[0x1])
[    0.000000] ACPI: LAPIC_NMI (acpi_id[0x11] high edge lint[0x1])
[    0.000000] ACPI: LAPIC_NMI (acpi_id[0x12] high edge lint[0x1])
[    0.000000] ACPI: LAPIC_NMI (acpi_id[0x13] high edge lint[0x1])
[    0.000000] ACPI: LAPIC_NMI (acpi_id[0x14] high edge lint[0x1])
[    0.000000] ACPI: LAPIC_NMI (acpi_id[0x15] high edge lint[0x1])
[    0.000000] ACPI: LAPIC_NMI (acpi_id[0x16] high edge lint[0x1])
[    0.000000] ACPI: LAPIC_NMI (acpi_id[0x17] high edge lint[0x1])
[    0.000000] ACPI: LAPIC_NMI (acpi_id[0x18] high edge lint[0x1])
[    0.000000] ACPI: LAPIC_NMI (acpi_id[0x19] high edge lint[0x1])
[    0.000000] ACPI: LAPIC_NMI (acpi_id[0x1a] high edge lint[0x1])
[    0.000000] ACPI: LAPIC_NMI (acpi_id[0x1b] high edge lint[0x1])
[    0.000000] ACPI: LAPIC_NMI (acpi_id[0x1c] high edge lint[0x1])
[    0.000000] ACPI: LAPIC_NMI (acpi_id[0x1d] high edge lint[0x1])
[    0.000000] ACPI: LAPIC_NMI (acpi_id[0x1e] high edge lint[0x1])
[    0.000000] ACPI: LAPIC_NMI (acpi_id[0x1f] high edge lint[0x1])
[    0.000000] ACPI: LAPIC_NMI (acpi_id[0x20] high edge lint[0x1])
[    0.000000] ACPI: LAPIC_NMI (acpi_id[0x21] high edge lint[0x1])
[    0.000000] ACPI: LAPIC_NMI (acpi_id[0x22] high edge lint[0x1])
[    0.000000] ACPI: LAPIC_NMI (acpi_id[0x23] high edge lint[0x1])
[    0.000000] ACPI: LAPIC_NMI (acpi_id[0x24] high edge lint[0x1])
[    0.000000] ACPI: LAPIC_NMI (acpi_id[0x25] high edge lint[0x1])
[    0.000000] ACPI: LAPIC_NMI (acpi_id[0x26] high edge lint[0x1])
[    0.000000] ACPI: LAPIC_NMI (acpi_id[0x27] high edge lint[0x1])
[    0.000000] ACPI: LAPIC_NMI (acpi_id[0x28] high edge lint[0x1])
[    0.000000] ACPI: LAPIC_NMI (acpi_id[0x29] high edge lint[0x1])
[    0.000000] ACPI: LAPIC_NMI (acpi_id[0x2a] high edge lint[0x1])
[    0.000000] ACPI: LAPIC_NMI (acpi_id[0x2b] high edge lint[0x1])
[    0.000000] ACPI: LAPIC_NMI (acpi_id[0x2c] high edge lint[0x1])
[    0.000000] ACPI: LAPIC_NMI (acpi_id[0x2d] high edge lint[0x1])
[    0.000000] ACPI: LAPIC_NMI (acpi_id[0x2e] high edge lint[0x1])
[    0.000000] ACPI: LAPIC_NMI (acpi_id[0x2f] high edge lint[0x1])
[    0.000000] ACPI: LAPIC_NMI (acpi_id[0x30] high edge lint[0x1])
[    0.000000] ACPI: LAPIC_NMI (acpi_id[0x31] high edge lint[0x1])
[    0.000000] ACPI: LAPIC_NMI (acpi_id[0x32] high edge lint[0x1])
[    0.000000] ACPI: LAPIC_NMI (acpi_id[0x33] high edge lint[0x1])
[    0.000000] ACPI: LAPIC_NMI (acpi_id[0x34] high edge lint[0x1])
[    0.000000] ACPI: LAPIC_NMI (acpi_id[0x35] high edge lint[0x1])
[    0.000000] ACPI: LAPIC_NMI (acpi_id[0x36] high edge lint[0x1])
[    0.000000] ACPI: LAPIC_NMI (acpi_id[0x37] high edge lint[0x1])
[    0.000000] ACPI: LAPIC_NMI (acpi_id[0x38] high edge lint[0x1])
[    0.000000] ACPI: LAPIC_NMI (acpi_id[0x39] high edge lint[0x1])
[    0.000000] ACPI: LAPIC_NMI (acpi_id[0x3a] high edge lint[0x1])
[    0.000000] ACPI: LAPIC_NMI (acpi_id[0x3b] high edge lint[0x1])
[    0.000000] ACPI: LAPIC_NMI (acpi_id[0x3c] high edge lint[0x1])
[    0.000000] ACPI: LAPIC_NMI (acpi_id[0x3d] high edge lint[0x1])
[    0.000000] ACPI: LAPIC_NMI (acpi_id[0x3e] high edge lint[0x1])
[    0.000000] ACPI: LAPIC_NMI (acpi_id[0x3f] high edge lint[0x1])
[    0.000000] ACPI: IOAPIC (id[0x40] address[0xfec00000] gsi_base[0])
[    0.000000] IOAPIC[0]: apic_id 64, version 17, address 0xfec00000, GSI 0-23
[    0.000000] ACPI: INT_SRC_OVR (bus 0 bus_irq 0 global_irq 2 high edge)
[    0.000000] ACPI: IRQ0 used by override.
[    0.000000] ACPI: IRQ2 used by override.
[    0.000000] ACPI: IRQ9 used by override.
[    0.000000] Using ACPI (MADT) for SMP configuration information
[    0.000000] ACPI: HPET id: 0x8086af01 base: 0xfed00000
[    0.000000] smpboot: Allowing 64 CPUs, 56 hotplug CPUs
[    0.000000] nr_irqs_gsi: 40
[    0.000000] PM: Registered nosave memory: [mem 0x0009e000-0x0009efff]
[    0.000000] PM: Registered nosave memory: [mem 0x0009f000-0x0009ffff]
[    0.000000] PM: Registered nosave memory: [mem 0x000a0000-0x000dbfff]
[    0.000000] PM: Registered nosave memory: [mem 0x000dc000-0x000fffff]
[    0.000000] PM: Registered nosave memory: [mem 0xbfee0000-0xbfefefff]
[    0.000000] PM: Registered nosave memory: [mem 0xbfeff000-0xbfefffff]
[    0.000000] e820: [mem 0xc0000000-0xefffffff] available for PCI devices
[    0.000000] Booting paravirtualized kernel on bare hardware
[    0.000000] setup_percpu: NR_CPUS:256 nr_cpumask_bits:256 nr_cpu_ids:64 nr_node_ids:1
[    0.000000] PERCPU: Embedded 29 pages/cpu @ffff8800bf400000 s86400 r8192 d24192 u131072
[    0.000000] pcpu-alloc: s86400 r8192 d24192 u131072 alloc=1*2097152
[    0.000000] pcpu-alloc: [0] 00 01 02 03 04 05 06 07 08 09 10 11 12 13 14 15 
[    0.000000] pcpu-alloc: [0] 16 17 18 19 20 21 22 23 24 25 26 27 28 29 30 31 
[    0.000000] pcpu-alloc: [0] 32 33 34 35 36 37 38 39 40 41 42 43 44 45 46 47 
[    0.000000] pcpu-alloc: [0] 48 49 50 51 52 53 54 55 56 57 58 59 60 61 62 63 
[    0.000000] Built 1 zonelists in Node order, mobility grouping on.  Total pages: 773992
[    0.000000] Policy zone: DMA32
[    0.000000] Kernel command line: BOOT_IMAGE=/boot/vmlinuz-3.13.0-37-generic root=UUID=5fc26f4d-ff64-4121-8a5c-b18ad7867e13 ro quiet splash
[    0.000000] PID hash table entries: 4096 (order: 3, 32768 bytes)
[    0.000000] xsave: enabled xstate_bv 0x7, cntxt size 0x340
[    0.000000] Checking aperture...
[    0.000000] No AGP bridge found
[    0.000000] Calgary: detecting Calgary via BIOS EBDA area
[    0.000000] Calgary: Unable to locate Rio Grande table in EBDA - bailing!
[    0.000000] Memory: 3043696K/3145204K available (7375K kernel code, 1144K rwdata, 3404K rodata, 1336K init, 1444K bss, 101508K reserved)
[    0.000000] SLUB: HWalign=64, Order=0-3, MinObjects=0, CPUs=64, Nodes=1
[    0.000000] Hierarchical RCU implementation.
[    0.000000] 	RCU dyntick-idle grace-period acceleration is enabled.
[    0.000000] 	RCU restricting CPUs from NR_CPUS=256 to nr_cpu_ids=64.
[    0.000000] 	Offload RCU callbacks from all CPUs
[    0.000000] 	Offload RCU callbacks from CPUs: 0-63.
[    0.000000] NR_IRQS:16640 nr_irqs:1192 16
[    0.000000] Console: colour VGA+ 80x25
[    0.000000] console [tty0] enabled
[    0.000000] allocated 12582912 bytes of page_cgroup
[    0.000000] please try 'cgroup_disable=memory' option if you don't want memory cgroups
[    0.000000] hpet clockevent registered
[    0.004000] TSC freq read from hypervisor : 2095.241 MHz
[    0.004000] tsc: Detected 2095.241 MHz processor
[    0.000022] Calibrating delay loop (skipped) preset value.. 4190.48 BogoMIPS (lpj=8380964)
[    0.000028] pid_max: default: 65536 minimum: 512
[    0.000332] Security Framework initialized
[    0.005502] AppArmor: AppArmor initialized
[    0.005506] Yama: becoming mindful.
[    0.006328] Dentry cache hash table entries: 524288 (order: 10, 4194304 bytes)
[    0.040663] Inode-cache hash table entries: 262144 (order: 9, 2097152 bytes)
[    0.057114] Mount-cache hash table entries: 8192 (order: 4, 65536 bytes)
[    0.057129] Mountpoint-cache hash table entries: 8192 (order: 4, 65536 bytes)
[    0.060439] Initializing cgroup subsys memory
[    0.060454] Initializing cgroup subsys devices
[    0.060457] Initializing cgroup subsys freezer
[    0.060460] Initializing cgroup subsys blkio
[    0.060462] Initializing cgroup subsys perf_event
[    0.060469] Initializing cgroup subsys hugetlb
[    0.060610] Disabled fast string operations
[    0.060618] CPU: Physical Processor ID: 0
[    0.060619] CPU: Processor Core ID: 0
[    0.060640] ENERGY_PERF_BIAS: Set to 'normal', was 'performance'
[    0.060640] ENERGY_PERF_BIAS: View and update with x86_energy_perf_policy(8)
[    0.061423] mce: CPU supports 0 MCE banks
[    0.061470] Last level iTLB entries: 4KB 512, 2MB 0, 4MB 0
[    0.061470] Last level dTLB entries: 4KB 512, 2MB 32, 4MB 32
[    0.061470] tlb_flushall_shift: 2
[    0.061954] Freeing SMP alternatives memory: 32K (ffffffff81e6e000 - ffffffff81e76000)
[    0.068539] ACPI: Core revision 20131115
[    0.088083] ACPI: All ACPI Tables successfully acquired
[    0.100013] ftrace: allocating 28541 entries in 112 pages
[    0.169676] ..TIMER: vector=0x30 apic1=0 pin1=2 apic2=-1 pin2=-1
[    0.209394] smpboot: CPU0: Intel(R) Core(TM) i7-3612QM CPU @ 2.10GHz (fam: 06, model: 3a, stepping: 09)
[    0.312502] APIC calibration not consistent with PM-Timer: 97ms instead of 100ms
[    0.312508] APIC delta adjusted to PM-Timer: 412603 (402844)
[    0.312696] Performance Events: 16-deep LBR, IvyBridge events, full-width counters, Broken BIOS detected, complain to your hardware vendor.
[    0.312724] [Firmware Bug]: the BIOS has corrupted hw-PMU resources (MSR 38d is 3)
[    0.312727] Intel PMU driver.
[    0.312735] ... version:                3
[    0.312736] ... bit width:              48
[    0.312738] ... generic registers:      4
[    0.312740] ... value mask:             0000ffffffffffff
[    0.312741] ... max period:             0000ffffffffffff
[    0.312743] ... fixed-purpose events:   3
[    0.312744] ... event mask:             000000070000000f
[    0.346710] NMI watchdog: enabled on all CPUs, permanently consumes one hw-PMU counter.
[    0.356632] x86: Booting SMP configuration:
[    0.369527] Disabled fast string operations
[    0.370405] mce: CPU supports 0 MCE banks
[    0.384622] Disabled fast string operations
[    0.385454] mce: CPU supports 0 MCE banks
[    0.399760] Disabled fast string operations
[    0.400608] mce: CPU supports 0 MCE banks
[    0.414700] Disabled fast string operations
[    0.415574] mce: CPU supports 0 MCE banks
[    0.429424] Disabled fast string operations
[    0.430344] mce: CPU supports 0 MCE banks
[    0.444498] Disabled fast string operations
[    0.445429] mce: CPU supports 0 MCE banks
[    0.459947] Disabled fast string operations
[    0.460794] mce: CPU supports 0 MCE banks
[    0.356637] .... node  #0, CPUs:        #1  #2  #3  #4  #5  #6  #7
[    0.461067] x86: Booted up 1 node, 8 CPUs
[    0.461079] smpboot: Total of 8 processors activated (33523.85 BogoMIPS)
[    0.461863] x86 PAT enabled: cpu 5, old 0x0, new 0x7010600070106
[    0.462005] x86 PAT enabled: cpu 3, old 0x0, new 0x7010600070106
[    0.462150] x86 PAT enabled: cpu 2, old 0x0, new 0x7010600070106
[    0.462296] x86 PAT enabled: cpu 1, old 0x0, new 0x7010600070106
[    0.462425] x86 PAT enabled: cpu 6, old 0x0, new 0x7010600070106
[    0.462571] x86 PAT enabled: cpu 0, old 0x0, new 0x7010600070106
[    0.462683] x86 PAT enabled: cpu 7, old 0x0, new 0x7010600070106
[    0.462817] x86 PAT enabled: cpu 4, old 0x0, new 0x7010600070106
[    0.468569] devtmpfs: initialized
[    0.474697] EVM: security.selinux
[    0.474701] EVM: security.SMACK64
[    0.474703] EVM: security.ima
[    0.474705] EVM: security.capability
[    0.475395] PM: Registering ACPI NVS region [mem 0xbfeff000-0xbfefffff] (4096 bytes)
[    0.478791] pinctrl core: initialized pinctrl subsystem
[    0.478988] regulator-dummy: no parameters
[    0.479245] RTC time: 14:51:12, date: 03/25/15
[    0.479626] NET: Registered protocol family 16
[    0.480184] cpuidle: using governor ladder
[    0.480188] cpuidle: using governor menu
[    0.480256] ACPI: bus type PCI registered
[    0.480260] acpiphp: ACPI Hot Plug PCI Controller Driver version: 0.5
[    0.480830] PCI: MMCONFIG for domain 0000 [bus 00-7f] at [mem 0xf0000000-0xf7ffffff] (base 0xf0000000)
[    0.480837] PCI: MMCONFIG at [mem 0xf0000000-0xf7ffffff] reserved in E820
[    0.500416] PCI: Using configuration type 1 for base access
[    0.501465] mtrr: your CPUs had inconsistent variable MTRR settings
[    0.501468] mtrr: probably your BIOS does not setup all CPUs.
[    0.501470] mtrr: corrected configuration.
[    0.504800] bio: create slab <bio-0> at 0
[    0.508352] ACPI: Added _OSI(Module Device)
[    0.508357] ACPI: Added _OSI(Processor Device)
[    0.508360] ACPI: Added _OSI(3.0 _SCP Extensions)
[    0.508362] ACPI: Added _OSI(Processor Aggregator Device)
[    0.526753] [Firmware Bug]: ACPI: BIOS _OSI(Linux) query ignored
[    0.841528] ACPI: Interpreter enabled
[    0.841548] ACPI Exception: AE_NOT_FOUND, While evaluating Sleep State [\_S2_] (20131115/hwxface-580)
[    0.841556] ACPI Exception: AE_NOT_FOUND, While evaluating Sleep State [\_S3_] (20131115/hwxface-580)
[    0.841571] ACPI: (supports S0 S1 S4 S5)
[    0.841574] ACPI: Using IOAPIC for interrupt routing
[    0.841630] PCI: Using host bridge windows from ACPI; if necessary, use "pci=nocrs" and report a bug
[    0.882671] ACPI: No dock devices found.
[    1.245494] ACPI: PCI Root Bridge [PCI0] (domain 0000 [bus 00-7f])
[    1.245512] acpi PNP0A03:00: _OSC: OS supports [ExtendedConfig ASPM ClockPM Segments MSI]
[    1.245944] acpi PNP0A03:00: _OSC: platform does not support [AER]
[    1.246322] acpi PNP0A03:00: _OSC: OS now controls [PCIeHotplug PME PCIeCapability]
[    1.251811] PCI host bridge to bus 0000:00
[    1.251821] pci_bus 0000:00: root bus resource [bus 00-7f]
[    1.251825] pci_bus 0000:00: root bus resource [mem 0x000a0000-0x000bffff]
[    1.251828] pci_bus 0000:00: root bus resource [mem 0x000d0000-0x000d3fff]
[    1.251831] pci_bus 0000:00: root bus resource [mem 0x000d4000-0x000d7fff]
[    1.251834] pci_bus 0000:00: root bus resource [mem 0x000d8000-0x000dbfff]
[    1.251837] pci_bus 0000:00: root bus resource [mem 0xc0000000-0xfebfffff]
[    1.251840] pci_bus 0000:00: root bus resource [io  0x0000-0x0cf7]
[    1.251843] pci_bus 0000:00: root bus resource [io  0x0d00-0xfeff]
[    1.251970] pci 0000:00:00.0: [8086:7190] type 00 class 0x060000
[    1.253184] pci 0000:00:01.0: [8086:7191] type 01 class 0x060400
[    1.254299] pci 0000:00:07.0: [8086:7110] type 00 class 0x060100
[    1.256008] pci 0000:00:07.1: [8086:7111] type 00 class 0x01018a
[    1.262243] pci 0000:00:07.1: reg 0x20: [io  0x1060-0x106f]
[    1.265043] pci 0000:00:07.3: [8086:7113] type 00 class 0x068000
[    1.271306] pci 0000:00:07.3: quirk: [io  0x1000-0x103f] claimed by PIIX4 ACPI
[    1.271337] pci 0000:00:07.3: quirk: [io  0x1040-0x104f] claimed by PIIX4 SMB
[    1.272119] pci 0000:00:07.7: [15ad:0740] type 00 class 0x088000
[    1.274524] pci 0000:00:07.7: reg 0x10: [io  0x1080-0x10bf]
[    1.276564] pci 0000:00:07.7: reg 0x14: [mem 0xfebfe000-0xfebfffff 64bit]
[    1.290687] pci 0000:00:0f.0: [15ad:0405] type 00 class 0x030000
[    1.300329] pci 0000:00:0f.0: reg 0x10: [io  0x1070-0x107f]
[    1.309534] pci 0000:00:0f.0: reg 0x14: [mem 0xe8000000-0xefffffff pref]
[    1.318716] pci 0000:00:0f.0: reg 0x18: [mem 0xfe000000-0xfe7fffff]
[    1.353645] pci 0000:00:0f.0: reg 0x30: [mem 0x00000000-0x00007fff pref]
[    1.354569] pci 0000:00:10.0: [1000:0030] type 00 class 0x010000
[    1.357747] pci 0000:00:10.0: reg 0x10: [io  0x1400-0x14ff]
[    1.361476] pci 0000:00:10.0: reg 0x14: [mem 0xfeba0000-0xfebbffff 64bit]
[    1.364417] pci 0000:00:10.0: reg 0x1c: [mem 0xfebc0000-0xfebdffff 64bit]
[    1.369768] pci 0000:00:10.0: reg 0x30: [mem 0x00000000-0x00003fff pref]
[    1.370371] pci 0000:00:11.0: [15ad:0790] type 01 class 0x060401
[    1.371671] pci 0000:00:11.0: System wakeup disabled by ACPI
[    1.372163] pci 0000:00:15.0: [15ad:07a0] type 01 class 0x060400
[    1.373689] pci 0000:00:15.0: PME# supported from D0 D3hot D3cold
[    1.374179] pci 0000:00:15.0: System wakeup disabled by ACPI
[    1.374643] pci 0000:00:15.1: [15ad:07a0] type 01 class 0x060400
[    1.376185] pci 0000:00:15.1: PME# supported from D0 D3hot D3cold
[    1.376614] pci 0000:00:15.1: System wakeup disabled by ACPI
[    1.376953] pci 0000:00:15.2: [15ad:07a0] type 01 class 0x060400
[    1.378434] pci 0000:00:15.2: PME# supported from D0 D3hot D3cold
[    1.378857] pci 0000:00:15.2: System wakeup disabled by ACPI
[    1.379189] pci 0000:00:15.3: [15ad:07a0] type 01 class 0x060400
[    1.380810] pci 0000:00:15.3: PME# supported from D0 D3hot D3cold
[    1.381253] pci 0000:00:15.3: System wakeup disabled by ACPI
[    1.381616] pci 0000:00:15.4: [15ad:07a0] type 01 class 0x060400
[    1.383099] pci 0000:00:15.4: PME# supported from D0 D3hot D3cold
[    1.383647] pci 0000:00:15.4: System wakeup disabled by ACPI
[    1.384335] pci 0000:00:15.5: [15ad:07a0] type 01 class 0x060400
[    1.385816] pci 0000:00:15.5: PME# supported from D0 D3hot D3cold
[    1.386351] pci 0000:00:15.5: System wakeup disabled by ACPI
[    1.386685] pci 0000:00:15.6: [15ad:07a0] type 01 class 0x060400
[    1.388209] pci 0000:00:15.6: PME# supported from D0 D3hot D3cold
[    1.388636] pci 0000:00:15.6: System wakeup disabled by ACPI
[    1.389005] pci 0000:00:15.7: [15ad:07a0] type 01 class 0x060400
[    1.390476] pci 0000:00:15.7: PME# supported from D0 D3hot D3cold
[    1.390900] pci 0000:00:15.7: System wakeup disabled by ACPI
[    1.391243] pci 0000:00:16.0: [15ad:07a0] type 01 class 0x060400
[    1.392870] pci 0000:00:16.0: PME# supported from D0 D3hot D3cold
[    1.393314] pci 0000:00:16.0: System wakeup disabled by ACPI
[    1.393716] pci 0000:00:16.1: [15ad:07a0] type 01 class 0x060400
[    1.395249] pci 0000:00:16.1: PME# supported from D0 D3hot D3cold
[    1.395743] pci 0000:00:16.1: System wakeup disabled by ACPI
[    1.396143] pci 0000:00:16.2: [15ad:07a0] type 01 class 0x060400
[    1.397627] pci 0000:00:16.2: PME# supported from D0 D3hot D3cold
[    1.398053] pci 0000:00:16.2: System wakeup disabled by ACPI
[    1.398390] pci 0000:00:16.3: [15ad:07a0] type 01 class 0x060400
[    1.399954] pci 0000:00:16.3: PME# supported from D0 D3hot D3cold
[    1.400380] pci 0000:00:16.3: System wakeup disabled by ACPI
[    1.400715] pci 0000:00:16.4: [15ad:07a0] type 01 class 0x060400
[    1.402188] pci 0000:00:16.4: PME# supported from D0 D3hot D3cold
[    1.402611] pci 0000:00:16.4: System wakeup disabled by ACPI
[    1.403408] pci 0000:00:16.5: [15ad:07a0] type 01 class 0x060400
[    1.404917] pci 0000:00:16.5: PME# supported from D0 D3hot D3cold
[    1.405356] pci 0000:00:16.5: System wakeup disabled by ACPI
[    1.405762] pci 0000:00:16.6: [15ad:07a0] type 01 class 0x060400
[    1.407331] pci 0000:00:16.6: PME# supported from D0 D3hot D3cold
[    1.407795] pci 0000:00:16.6: System wakeup disabled by ACPI
[    1.408156] pci 0000:00:16.7: [15ad:07a0] type 01 class 0x060400
[    1.409631] pci 0000:00:16.7: PME# supported from D0 D3hot D3cold
[    1.410055] pci 0000:00:16.7: System wakeup disabled by ACPI
[    1.410393] pci 0000:00:17.0: [15ad:07a0] type 01 class 0x060400
[    1.411993] pci 0000:00:17.0: PME# supported from D0 D3hot D3cold
[    1.412437] pci 0000:00:17.0: System wakeup disabled by ACPI
[    1.412799] pci 0000:00:17.1: [15ad:07a0] type 01 class 0x060400
[    1.414280] pci 0000:00:17.1: PME# supported from D0 D3hot D3cold
[    1.414810] pci 0000:00:17.1: System wakeup disabled by ACPI
[    1.415194] pci 0000:00:17.2: [15ad:07a0] type 01 class 0x060400
[    1.416699] pci 0000:00:17.2: PME# supported from D0 D3hot D3cold
[    1.417130] pci 0000:00:17.2: System wakeup disabled by ACPI
[    1.417509] pci 0000:00:17.3: [15ad:07a0] type 01 class 0x060400
[    1.419109] pci 0000:00:17.3: PME# supported from D0 D3hot D3cold
[    1.419542] pci 0000:00:17.3: System wakeup disabled by ACPI
[    1.419907] pci 0000:00:17.4: [15ad:07a0] type 01 class 0x060400
[    1.421388] pci 0000:00:17.4: PME# supported from D0 D3hot D3cold
[    1.421813] pci 0000:00:17.4: System wakeup disabled by ACPI
[    1.422478] pci 0000:00:17.5: [15ad:07a0] type 01 class 0x060400
[    1.424099] pci 0000:00:17.5: PME# supported from D0 D3hot D3cold
[    1.424542] pci 0000:00:17.5: System wakeup disabled by ACPI
[    1.424919] pci 0000:00:17.6: [15ad:07a0] type 01 class 0x060400
[    1.426401] pci 0000:00:17.6: PME# supported from D0 D3hot D3cold
[    1.426965] pci 0000:00:17.6: System wakeup disabled by ACPI
[    1.427365] pci 0000:00:17.7: [15ad:07a0] type 01 class 0x060400
[    1.428874] pci 0000:00:17.7: PME# supported from D0 D3hot D3cold
[    1.429301] pci 0000:00:17.7: System wakeup disabled by ACPI
[    1.429640] pci 0000:00:18.0: [15ad:07a0] type 01 class 0x060400
[    1.431199] pci 0000:00:18.0: PME# supported from D0 D3hot D3cold
[    1.431626] pci 0000:00:18.0: System wakeup disabled by ACPI
[    1.431981] pci 0000:00:18.1: [15ad:07a0] type 01 class 0x060400
[    1.433461] pci 0000:00:18.1: PME# supported from D0 D3hot D3cold
[    1.433885] pci 0000:00:18.1: System wakeup disabled by ACPI
[    1.434219] pci 0000:00:18.2: [15ad:07a0] type 01 class 0x060400
[    1.435842] pci 0000:00:18.2: PME# supported from D0 D3hot D3cold
[    1.436285] pci 0000:00:18.2: System wakeup disabled by ACPI
[    1.436649] pci 0000:00:18.3: [15ad:07a0] type 01 class 0x060400
[    1.438116] pci 0000:00:18.3: PME# supported from D0 D3hot D3cold
[    1.438650] pci 0000:00:18.3: System wakeup disabled by ACPI
[    1.439117] pci 0000:00:18.4: [15ad:07a0] type 01 class 0x060400
[    1.440619] pci 0000:00:18.4: PME# supported from D0 D3hot D3cold
[    1.441046] pci 0000:00:18.4: System wakeup disabled by ACPI
[    1.441658] pci 0000:00:18.5: [15ad:07a0] type 01 class 0x060400
[    1.443190] pci 0000:00:18.5: PME# supported from D0 D3hot D3cold
[    1.443618] pci 0000:00:18.5: System wakeup disabled by ACPI
[    1.444011] pci 0000:00:18.6: [15ad:07a0] type 01 class 0x060400
[    1.445484] pci 0000:00:18.6: PME# supported from D0 D3hot D3cold
[    1.445908] pci 0000:00:18.6: System wakeup disabled by ACPI
[    1.446388] pci 0000:00:18.7: [15ad:07a0] type 01 class 0x060400
[    1.447892] pci 0000:00:18.7: PME# supported from D0 D3hot D3cold
[    1.448329] pci 0000:00:18.7: System wakeup disabled by ACPI
[    1.449458] pci 0000:00:01.0: PCI bridge to [bus 01]
[    1.450667] acpiphp: Slot [32] registered
[    1.450725] acpiphp: Slot [33] registered
[    1.450849] acpiphp: Slot [34] registered
[    1.450897] acpiphp: Slot [35] registered
[    1.450943] acpiphp: Slot [36] registered
[    1.450988] acpiphp: Slot [37] registered
[    1.451034] acpiphp: Slot [38] registered
[    1.451079] acpiphp: Slot [39] registered
[    1.451123] acpiphp: Slot [40] registered
[    1.451205] acpiphp: Slot [41] registered
[    1.451252] acpiphp: Slot [42] registered
[    1.451296] acpiphp: Slot [43] registered
[    1.451340] acpiphp: Slot [44] registered
[    1.451383] acpiphp: Slot [45] registered
[    1.451427] acpiphp: Slot [46] registered
[    1.451471] acpiphp: Slot [47] registered
[    1.451515] acpiphp: Slot [48] registered
[    1.451658] acpiphp: Slot [49] registered
[    1.451709] acpiphp: Slot [50] registered
[    1.451754] acpiphp: Slot [51] registered
[    1.451798] acpiphp: Slot [52] registered
[    1.451890] acpiphp: Slot [53] registered
[    1.451937] acpiphp: Slot [54] registered
[    1.451981] acpiphp: Slot [55] registered
[    1.452063] acpiphp: Slot [56] registered
[    1.452110] acpiphp: Slot [57] registered
[    1.452154] acpiphp: Slot [58] registered
[    1.452197] acpiphp: Slot [59] registered
[    1.452241] acpiphp: Slot [60] registered
[    1.452284] acpiphp: Slot [61] registered
[    1.452368] acpiphp: Slot [62] registered
[    1.452452] acpiphp: Slot [63] registered
[    1.452577] pci 0000:02:00.0: [15ad:0774] type 00 class 0x0c0300
[    1.458400] pci 0000:02:00.0: reg 0x20: [io  0x2080-0x209f]
[    1.460562] pci 0000:02:00.0: System wakeup disabled by ACPI
[    1.460872] pci 0000:02:01.0: [8086:100f] type 00 class 0x020000
[    1.464278] pci 0000:02:01.0: reg 0x10: [mem 0xfd5c0000-0xfd5dffff 64bit]
[    1.467890] pci 0000:02:01.0: reg 0x18: [mem 0xfdff0000-0xfdffffff 64bit]
[    1.471151] pci 0000:02:01.0: reg 0x20: [io  0x2000-0x203f]
[    1.477358] pci 0000:02:01.0: reg 0x30: [mem 0x00000000-0x0000ffff pref]
[    1.478169] pci 0000:02:01.0: System wakeup disabled by ACPI
[    1.478375] pci 0000:02:02.0: [1274:1371] type 00 class 0x040100
[    1.479603] pci 0000:02:02.0: reg 0x10: [io  0x2040-0x207f]
[    1.486323] pci 0000:02:02.0: System wakeup disabled by ACPI
[    1.486537] pci 0000:02:03.0: [15ad:0770] type 00 class 0x0c0320
[    1.487817] pci 0000:02:03.0: reg 0x10: [mem 0xfd5ef000-0xfd5effff]
[    1.495166] pci 0000:02:03.0: System wakeup disabled by ACPI
[    1.495594] pci 0000:02:05.0: [15ad:07e0] type 00 class 0x010601
[    1.503132] pci 0000:02:05.0: reg 0x24: [mem 0xfd5ee000-0xfd5eefff]
[    1.504409] pci 0000:02:05.0: reg 0x30: [mem 0x00000000-0x0000ffff pref]
[    1.505219] pci 0000:02:05.0: PME# supported from D3hot
[    1.505571] pci 0000:02:05.0: System wakeup disabled by ACPI
[    1.506500] pci 0000:00:11.0: PCI bridge to [bus 02] (subtractive decode)
[    1.506548] pci 0000:00:11.0:   bridge window [io  0x2000-0x3fff]
[    1.506595] pci 0000:00:11.0:   bridge window [mem 0xfd500000-0xfdffffff]
[    1.506682] pci 0000:00:11.0:   bridge window [mem 0xe7b00000-0xe7ffffff 64bit pref]
[    1.506686] pci 0000:00:11.0:   bridge window [mem 0x000a0000-0x000bffff] (subtractive decode)
[    1.506689] pci 0000:00:11.0:   bridge window [mem 0x000d0000-0x000d3fff] (subtractive decode)
[    1.506692] pci 0000:00:11.0:   bridge window [mem 0x000d4000-0x000d7fff] (subtractive decode)
[    1.506695] pci 0000:00:11.0:   bridge window [mem 0x000d8000-0x000dbfff] (subtractive decode)
[    1.506698] pci 0000:00:11.0:   bridge window [mem 0xc0000000-0xfebfffff] (subtractive decode)
[    1.506701] pci 0000:00:11.0:   bridge window [io  0x0000-0x0cf7] (subtractive decode)
[    1.506704] pci 0000:00:11.0:   bridge window [io  0x0d00-0xfeff] (subtractive decode)
[    1.507911] pci 0000:00:15.0: PCI bridge to [bus 03]
[    1.507958] pci 0000:00:15.0:   bridge window [io  0x4000-0x4fff]
[    1.508005] pci 0000:00:15.0:   bridge window [mem 0xfd400000-0xfd4fffff]
[    1.508091] pci 0000:00:15.0:   bridge window [mem 0xe7a00000-0xe7afffff 64bit pref]
[    1.509164] pci 0000:00:15.1: PCI bridge to [bus 04]
[    1.509212] pci 0000:00:15.1:   bridge window [io  0x8000-0x8fff]
[    1.509258] pci 0000:00:15.1:   bridge window [mem 0xfd000000-0xfd0fffff]
[    1.509345] pci 0000:00:15.1:   bridge window [mem 0xe7600000-0xe76fffff 64bit pref]
[    1.510287] pci 0000:00:15.2: PCI bridge to [bus 05]
[    1.510333] pci 0000:00:15.2:   bridge window [io  0xc000-0xcfff]
[    1.510379] pci 0000:00:15.2:   bridge window [mem 0xfcc00000-0xfccfffff]
[    1.510466] pci 0000:00:15.2:   bridge window [mem 0xe7200000-0xe72fffff 64bit pref]
[    1.511356] pci 0000:00:15.3: PCI bridge to [bus 06]
[    1.511443] pci 0000:00:15.3:   bridge window [mem 0xfc800000-0xfc8fffff]
[    1.511529] pci 0000:00:15.3:   bridge window [mem 0xe6e00000-0xe6efffff 64bit pref]
[    1.512604] pci 0000:00:15.4: PCI bridge to [bus 07]
[    1.512697] pci 0000:00:15.4:   bridge window [mem 0xfc400000-0xfc4fffff]
[    1.512785] pci 0000:00:15.4:   bridge window [mem 0xe6a00000-0xe6afffff 64bit pref]
[    1.513784] pci 0000:00:15.5: PCI bridge to [bus 08]
[    1.513872] pci 0000:00:15.5:   bridge window [mem 0xfc000000-0xfc0fffff]
[    1.513959] pci 0000:00:15.5:   bridge window [mem 0xe6600000-0xe66fffff 64bit pref]
[    1.514857] pci 0000:00:15.6: PCI bridge to [bus 09]
[    1.514944] pci 0000:00:15.6:   bridge window [mem 0xfbc00000-0xfbcfffff]
[    1.515030] pci 0000:00:15.6:   bridge window [mem 0xe6200000-0xe62fffff 64bit pref]
[    1.516060] pci 0000:00:15.7: PCI bridge to [bus 0a]
[    1.516148] pci 0000:00:15.7:   bridge window [mem 0xfb800000-0xfb8fffff]
[    1.516235] pci 0000:00:15.7:   bridge window [mem 0xe5e00000-0xe5efffff 64bit pref]
[    1.517498] pci 0000:00:16.0: PCI bridge to [bus 0b]
[    1.517548] pci 0000:00:16.0:   bridge window [io  0x5000-0x5fff]
[    1.517596] pci 0000:00:16.0:   bridge window [mem 0xfd300000-0xfd3fffff]
[    1.517683] pci 0000:00:16.0:   bridge window [mem 0xe7900000-0xe79fffff 64bit pref]
[    1.518646] pci 0000:00:16.1: PCI bridge to [bus 0c]
[    1.518693] pci 0000:00:16.1:   bridge window [io  0x9000-0x9fff]
[    1.518740] pci 0000:00:16.1:   bridge window [mem 0xfcf00000-0xfcffffff]
[    1.518826] pci 0000:00:16.1:   bridge window [mem 0xe7500000-0xe75fffff 64bit pref]
[    1.519785] pci 0000:00:16.2: PCI bridge to [bus 0d]
[    1.519832] pci 0000:00:16.2:   bridge window [io  0xd000-0xdfff]
[    1.519878] pci 0000:00:16.2:   bridge window [mem 0xfcb00000-0xfcbfffff]
[    1.519964] pci 0000:00:16.2:   bridge window [mem 0xe7100000-0xe71fffff 64bit pref]
[    1.520952] pci 0000:00:16.3: PCI bridge to [bus 0e]
[    1.521040] pci 0000:00:16.3:   bridge window [mem 0xfc700000-0xfc7fffff]
[    1.521126] pci 0000:00:16.3:   bridge window [mem 0xe6d00000-0xe6dfffff 64bit pref]
[    1.522105] pci 0000:00:16.4: PCI bridge to [bus 0f]
[    1.522193] pci 0000:00:16.4:   bridge window [mem 0xfc300000-0xfc3fffff]
[    1.522279] pci 0000:00:16.4:   bridge window [mem 0xe6900000-0xe69fffff 64bit pref]
[    1.523218] pci 0000:00:16.5: PCI bridge to [bus 10]
[    1.523305] pci 0000:00:16.5:   bridge window [mem 0xfbf00000-0xfbffffff]
[    1.523391] pci 0000:00:16.5:   bridge window [mem 0xe6500000-0xe65fffff 64bit pref]
[    1.524367] pci 0000:00:16.6: PCI bridge to [bus 11]
[    1.524454] pci 0000:00:16.6:   bridge window [mem 0xfbb00000-0xfbbfffff]
[    1.524540] pci 0000:00:16.6:   bridge window [mem 0xe6100000-0xe61fffff 64bit pref]
[    1.525476] pci 0000:00:16.7: PCI bridge to [bus 12]
[    1.525563] pci 0000:00:16.7:   bridge window [mem 0xfb700000-0xfb7fffff]
[    1.525649] pci 0000:00:16.7:   bridge window [mem 0xe5d00000-0xe5dfffff 64bit pref]
[    1.526578] pci 0000:00:17.0: PCI bridge to [bus 13]
[    1.526625] pci 0000:00:17.0:   bridge window [io  0x6000-0x6fff]
[    1.526671] pci 0000:00:17.0:   bridge window [mem 0xfd200000-0xfd2fffff]
[    1.526757] pci 0000:00:17.0:   bridge window [mem 0xe7800000-0xe78fffff 64bit pref]
[    1.527664] pci 0000:00:17.1: PCI bridge to [bus 14]
[    1.527710] pci 0000:00:17.1:   bridge window [io  0xa000-0xafff]
[    1.527756] pci 0000:00:17.1:   bridge window [mem 0xfce00000-0xfcefffff]
[    1.527842] pci 0000:00:17.1:   bridge window [mem 0xe7400000-0xe74fffff 64bit pref]
[    1.529041] pci 0000:00:17.2: PCI bridge to [bus 15]
[    1.529091] pci 0000:00:17.2:   bridge window [io  0xe000-0xefff]
[    1.529138] pci 0000:00:17.2:   bridge window [mem 0xfca00000-0xfcafffff]
[    1.529225] pci 0000:00:17.2:   bridge window [mem 0xe7000000-0xe70fffff 64bit pref]
[    1.530155] pci 0000:00:17.3: PCI bridge to [bus 16]
[    1.530242] pci 0000:00:17.3:   bridge window [mem 0xfc600000-0xfc6fffff]
[    1.530328] pci 0000:00:17.3:   bridge window [mem 0xe6c00000-0xe6cfffff 64bit pref]
[    1.531268] pci 0000:00:17.4: PCI bridge to [bus 17]
[    1.531355] pci 0000:00:17.4:   bridge window [mem 0xfc200000-0xfc2fffff]
[    1.531442] pci 0000:00:17.4:   bridge window [mem 0xe6800000-0xe68fffff 64bit pref]
[    1.532570] pci 0000:00:17.5: PCI bridge to [bus 18]
[    1.532661] pci 0000:00:17.5:   bridge window [mem 0xfbe00000-0xfbefffff]
[    1.532748] pci 0000:00:17.5:   bridge window [mem 0xe6400000-0xe64fffff 64bit pref]
[    1.533727] pci 0000:00:17.6: PCI bridge to [bus 19]
[    1.533815] pci 0000:00:17.6:   bridge window [mem 0xfba00000-0xfbafffff]
[    1.533902] pci 0000:00:17.6:   bridge window [mem 0xe6000000-0xe60fffff 64bit pref]
[    1.534843] pci 0000:00:17.7: PCI bridge to [bus 1a]
[    1.534931] pci 0000:00:17.7:   bridge window [mem 0xfb600000-0xfb6fffff]
[    1.535017] pci 0000:00:17.7:   bridge window [mem 0xe5c00000-0xe5cfffff 64bit pref]
[    1.536046] pci 0000:00:18.0: PCI bridge to [bus 1b]
[    1.536093] pci 0000:00:18.0:   bridge window [io  0x7000-0x7fff]
[    1.536139] pci 0000:00:18.0:   bridge window [mem 0xfd100000-0xfd1fffff]
[    1.536226] pci 0000:00:18.0:   bridge window [mem 0xe7700000-0xe77fffff 64bit pref]
[    1.537121] pci 0000:00:18.1: PCI bridge to [bus 1c]
[    1.537168] pci 0000:00:18.1:   bridge window [io  0xb000-0xbfff]
[    1.537214] pci 0000:00:18.1:   bridge window [mem 0xfcd00000-0xfcdfffff]
[    1.537300] pci 0000:00:18.1:   bridge window [mem 0xe7300000-0xe73fffff 64bit pref]
[    1.538231] pci 0000:00:18.2: PCI bridge to [bus 1d]
[    1.538318] pci 0000:00:18.2:   bridge window [mem 0xfc900000-0xfc9fffff]
[    1.538405] pci 0000:00:18.2:   bridge window [mem 0xe6f00000-0xe6ffffff 64bit pref]
[    1.539339] pci 0000:00:18.3: PCI bridge to [bus 1e]
[    1.539426] pci 0000:00:18.3:   bridge window [mem 0xfc500000-0xfc5fffff]
[    1.539513] pci 0000:00:18.3:   bridge window [mem 0xe6b00000-0xe6bfffff 64bit pref]
[    1.540597] pci 0000:00:18.4: PCI bridge to [bus 1f]
[    1.540687] pci 0000:00:18.4:   bridge window [mem 0xfc100000-0xfc1fffff]
[    1.540775] pci 0000:00:18.4:   bridge window [mem 0xe6700000-0xe67fffff 64bit pref]
[    1.541789] pci 0000:00:18.5: PCI bridge to [bus 20]
[    1.541877] pci 0000:00:18.5:   bridge window [mem 0xfbd00000-0xfbdfffff]
[    1.541963] pci 0000:00:18.5:   bridge window [mem 0xe6300000-0xe63fffff 64bit pref]
[    1.542862] pci 0000:00:18.6: PCI bridge to [bus 21]
[    1.542949] pci 0000:00:18.6:   bridge window [mem 0xfb900000-0xfb9fffff]
[    1.543035] pci 0000:00:18.6:   bridge window [mem 0xe5f00000-0xe5ffffff 64bit pref]
[    1.544163] pci 0000:00:18.7: PCI bridge to [bus 22]
[    1.544253] pci 0000:00:18.7:   bridge window [mem 0xfb500000-0xfb5fffff]
[    1.544341] pci 0000:00:18.7:   bridge window [mem 0xe5b00000-0xe5bfffff 64bit pref]
[    1.549770] ACPI: PCI Interrupt Link [LNKA] (IRQs 3 4 5 6 7 *9 10 11 14 15)
[    1.549954] ACPI: PCI Interrupt Link [LNKB] (IRQs 3 4 5 6 7 9 10 *11 14 15)
[    1.550125] ACPI: PCI Interrupt Link [LNKC] (IRQs 3 4 5 6 7 9 *10 11 14 15)
[    1.550294] ACPI: PCI Interrupt Link [LNKD] (IRQs 3 4 *5 6 7 9 10 11 14 15)
[    1.791191] ACPI: Enabled 2 GPEs in block 00 to 0F
[    1.791211] ACPI: \_SB_.PCI0: notify handler is installed
[    1.791513] Found 1 acpi root devices
[    1.792172] vgaarb: device added: PCI:0000:00:0f.0,decodes=io+mem,owns=io+mem,locks=none
[    1.792193] vgaarb: loaded
[    1.792195] vgaarb: bridge control possible 0000:00:0f.0
[    1.793204] SCSI subsystem initialized
[    1.794009] libata version 3.00 loaded.
[    1.794053] ACPI: bus type USB registered
[    1.794146] usbcore: registered new interface driver usbfs
[    1.794161] usbcore: registered new interface driver hub
[    1.794666] usbcore: registered new device driver usb
[    1.796678] PCI: Using ACPI for IRQ routing
[    1.856615] PCI: pci_cache_line_size set to 64 bytes
[    1.858571] e820: reserve RAM buffer [mem 0x0009ec00-0x0009ffff]
[    1.858576] e820: reserve RAM buffer [mem 0xbfee0000-0xbfffffff]
[    1.858923] NetLabel: Initializing
[    1.858927] NetLabel:  domain hash size = 128
[    1.858929] NetLabel:  protocols = UNLABELED CIPSOv4
[    1.858946] NetLabel:  unlabeled traffic allowed by default
[    1.859443] hpet0: at MMIO 0xfed00000, IRQs 2, 8, 0, 0, 0, 0, 0, 0, 0, 0, 0, 0, 0, 0, 0, 0
[    1.859459] hpet0: 16 comparators, 64-bit 14.318180 MHz counter
[    1.864018] Switched to clocksource hpet
[    1.914265] AppArmor: AppArmor Filesystem Enabled
[    1.914313] pnp: PnP ACPI init
[    1.914412] ACPI: bus type PNP registered
[    1.914822] system 00:00: [io  0x1000-0x103f] could not be reserved
[    1.914827] system 00:00: [io  0x1040-0x104f] has been reserved
[    1.914832] system 00:00: [io  0x0cf0-0x0cf1] has been reserved
[    1.914838] system 00:00: Plug and Play ACPI device, IDs PNP0c02 (active)
[    1.914858] pnp 00:01: [dma 4]
[    1.914931] pnp 00:01: Plug and Play ACPI device, IDs PNP0200 (active)
[    1.914969] pnp 00:02: Plug and Play ACPI device, IDs PNP0001 (active)
[    1.915125] pnp 00:03: Plug and Play ACPI device, IDs PNP0b00 (active)
[    1.915162] pnp 00:04: Plug and Play ACPI device, IDs PNP0800 (active)
[    1.915366] pnp 00:05: Plug and Play ACPI device, IDs PNP0303 (active)
[    1.915417] pnp 00:06: Plug and Play ACPI device, IDs PNP0f13 (active)
[    1.915876] system 00:07: [mem 0xfed00000-0xfed003ff] has been reserved
[    1.915882] system 00:07: Plug and Play ACPI device, IDs PNP0103 PNP0c01 (active)
[    1.919438] pnp 00:08: Plug and Play ACPI device, IDs PNP0400 (active)
[    1.919914] pnp 00:09: Plug and Play ACPI device, IDs PNP0501 (active)
[    1.920451] pnp 00:0a: Plug and Play ACPI device, IDs PNP0501 (active)
[    1.920815] pnp 00:0b: [dma 2]
[    1.920934] pnp 00:0b: Plug and Play ACPI device, IDs PNP0700 (active)
[    1.921383] system 00:0c: [io  0xfce0-0xfcff] has been reserved
[    1.921392] system 00:0c: [mem 0xf0000000-0xf7ffffff] has been reserved
[    1.921397] system 00:0c: [mem 0xfe800000-0xfe9fffff] has been reserved
[    1.921402] system 00:0c: Plug and Play ACPI device, IDs PNP0c02 (active)
[    2.057688] pnp: PnP ACPI: found 13 devices
[    2.057696] ACPI: bus type PNP unregistered
[    2.083963] pci 0000:00:15.3: bridge window [io  0x1000-0x0fff] to [bus 06] add_size 1000
[    2.084117] pci 0000:00:15.4: bridge window [io  0x1000-0x0fff] to [bus 07] add_size 1000
[    2.084274] pci 0000:00:15.5: bridge window [io  0x1000-0x0fff] to [bus 08] add_size 1000
[    2.084403] pci 0000:00:15.6: bridge window [io  0x1000-0x0fff] to [bus 09] add_size 1000
[    2.084531] pci 0000:00:15.7: bridge window [io  0x1000-0x0fff] to [bus 0a] add_size 1000
[    2.085024] pci 0000:00:16.3: bridge window [io  0x1000-0x0fff] to [bus 0e] add_size 1000
[    2.085152] pci 0000:00:16.4: bridge window [io  0x1000-0x0fff] to [bus 0f] add_size 1000
[    2.085279] pci 0000:00:16.5: bridge window [io  0x1000-0x0fff] to [bus 10] add_size 1000
[    2.085407] pci 0000:00:16.6: bridge window [io  0x1000-0x0fff] to [bus 11] add_size 1000
[    2.085534] pci 0000:00:16.7: bridge window [io  0x1000-0x0fff] to [bus 12] add_size 1000
[    2.086026] pci 0000:00:17.3: bridge window [io  0x1000-0x0fff] to [bus 16] add_size 1000
[    2.086153] pci 0000:00:17.4: bridge window [io  0x1000-0x0fff] to [bus 17] add_size 1000
[    2.086281] pci 0000:00:17.5: bridge window [io  0x1000-0x0fff] to [bus 18] add_size 1000
[    2.086408] pci 0000:00:17.6: bridge window [io  0x1000-0x0fff] to [bus 19] add_size 1000
[    2.086536] pci 0000:00:17.7: bridge window [io  0x1000-0x0fff] to [bus 1a] add_size 1000
[    2.086957] pci 0000:00:18.2: bridge window [io  0x1000-0x0fff] to [bus 1d] add_size 1000
[    2.087090] pci 0000:00:18.3: bridge window [io  0x1000-0x0fff] to [bus 1e] add_size 1000
[    2.087219] pci 0000:00:18.4: bridge window [io  0x1000-0x0fff] to [bus 1f] add_size 1000
[    2.087346] pci 0000:00:18.5: bridge window [io  0x1000-0x0fff] to [bus 20] add_size 1000
[    2.087515] pci 0000:00:18.6: bridge window [io  0x1000-0x0fff] to [bus 21] add_size 1000
[    2.087646] pci 0000:00:18.7: bridge window [io  0x1000-0x0fff] to [bus 22] add_size 1000
[    2.087707] pci 0000:00:15.3: res[13]=[io  0x1000-0x0fff] get_res_add_size add_size 1000
[    2.087711] pci 0000:00:15.4: res[13]=[io  0x1000-0x0fff] get_res_add_size add_size 1000
[    2.087714] pci 0000:00:15.5: res[13]=[io  0x1000-0x0fff] get_res_add_size add_size 1000
[    2.087717] pci 0000:00:15.6: res[13]=[io  0x1000-0x0fff] get_res_add_size add_size 1000
[    2.087720] pci 0000:00:15.7: res[13]=[io  0x1000-0x0fff] get_res_add_size add_size 1000
[    2.087723] pci 0000:00:16.3: res[13]=[io  0x1000-0x0fff] get_res_add_size add_size 1000
[    2.087726] pci 0000:00:16.4: res[13]=[io  0x1000-0x0fff] get_res_add_size add_size 1000
[    2.087729] pci 0000:00:16.5: res[13]=[io  0x1000-0x0fff] get_res_add_size add_size 1000
[    2.087732] pci 0000:00:16.6: res[13]=[io  0x1000-0x0fff] get_res_add_size add_size 1000
[    2.087735] pci 0000:00:16.7: res[13]=[io  0x1000-0x0fff] get_res_add_size add_size 1000
[    2.087738] pci 0000:00:17.3: res[13]=[io  0x1000-0x0fff] get_res_add_size add_size 1000
[    2.087740] pci 0000:00:17.4: res[13]=[io  0x1000-0x0fff] get_res_add_size add_size 1000
[    2.087743] pci 0000:00:17.5: res[13]=[io  0x1000-0x0fff] get_res_add_size add_size 1000
[    2.087746] pci 0000:00:17.6: res[13]=[io  0x1000-0x0fff] get_res_add_size add_size 1000
[    2.087749] pci 0000:00:17.7: res[13]=[io  0x1000-0x0fff] get_res_add_size add_size 1000
[    2.087752] pci 0000:00:18.2: res[13]=[io  0x1000-0x0fff] get_res_add_size add_size 1000
[    2.087755] pci 0000:00:18.3: res[13]=[io  0x1000-0x0fff] get_res_add_size add_size 1000
[    2.087758] pci 0000:00:18.4: res[13]=[io  0x1000-0x0fff] get_res_add_size add_size 1000
[    2.087761] pci 0000:00:18.5: res[13]=[io  0x1000-0x0fff] get_res_add_size add_size 1000
[    2.087764] pci 0000:00:18.6: res[13]=[io  0x1000-0x0fff] get_res_add_size add_size 1000
[    2.087766] pci 0000:00:18.7: res[13]=[io  0x1000-0x0fff] get_res_add_size add_size 1000
[    2.087776] pci 0000:00:0f.0: BAR 6: assigned [mem 0xc0000000-0xc0007fff pref]
[    2.087782] pci 0000:00:10.0: BAR 6: assigned [mem 0xc0008000-0xc000bfff pref]
[    2.087789] pci 0000:00:15.3: BAR 13: can't assign io (size 0x1000)
[    2.087795] pci 0000:00:15.4: BAR 13: can't assign io (size 0x1000)
[    2.087799] pci 0000:00:15.5: BAR 13: can't assign io (size 0x1000)
[    2.087803] pci 0000:00:15.6: BAR 13: can't assign io (size 0x1000)
[    2.087807] pci 0000:00:15.7: BAR 13: can't assign io (size 0x1000)
[    2.087811] pci 0000:00:16.3: BAR 13: can't assign io (size 0x1000)
[    2.087815] pci 0000:00:16.4: BAR 13: can't assign io (size 0x1000)
[    2.087819] pci 0000:00:16.5: BAR 13: can't assign io (size 0x1000)
[    2.087823] pci 0000:00:16.6: BAR 13: can't assign io (size 0x1000)
[    2.087827] pci 0000:00:16.7: BAR 13: can't assign io (size 0x1000)
[    2.087831] pci 0000:00:17.3: BAR 13: can't assign io (size 0x1000)
[    2.087835] pci 0000:00:17.4: BAR 13: can't assign io (size 0x1000)
[    2.087839] pci 0000:00:17.5: BAR 13: can't assign io (size 0x1000)
[    2.087842] pci 0000:00:17.6: BAR 13: can't assign io (size 0x1000)
[    2.087846] pci 0000:00:17.7: BAR 13: can't assign io (size 0x1000)
[    2.087850] pci 0000:00:18.2: BAR 13: can't assign io (size 0x1000)
[    2.087854] pci 0000:00:18.3: BAR 13: can't assign io (size 0x1000)
[    2.087858] pci 0000:00:18.4: BAR 13: can't assign io (size 0x1000)
[    2.087862] pci 0000:00:18.5: BAR 13: can't assign io (size 0x1000)
[    2.087866] pci 0000:00:18.6: BAR 13: can't assign io (size 0x1000)
[    2.087870] pci 0000:00:18.7: BAR 13: can't assign io (size 0x1000)
[    2.087879] pci 0000:00:18.7: BAR 13: can't assign io (size 0x1000)
[    2.087884] pci 0000:00:18.6: BAR 13: can't assign io (size 0x1000)
[    2.087888] pci 0000:00:18.5: BAR 13: can't assign io (size 0x1000)
[    2.087892] pci 0000:00:18.4: BAR 13: can't assign io (size 0x1000)
[    2.087896] pci 0000:00:18.3: BAR 13: can't assign io (size 0x1000)
[    2.087900] pci 0000:00:18.2: BAR 13: can't assign io (size 0x1000)
[    2.087904] pci 0000:00:17.7: BAR 13: can't assign io (size 0x1000)
[    2.087908] pci 0000:00:17.6: BAR 13: can't assign io (size 0x1000)
[    2.087912] pci 0000:00:17.5: BAR 13: can't assign io (size 0x1000)
[    2.087916] pci 0000:00:17.4: BAR 13: can't assign io (size 0x1000)
[    2.087920] pci 0000:00:17.3: BAR 13: can't assign io (size 0x1000)
[    2.087923] pci 0000:00:16.7: BAR 13: can't assign io (size 0x1000)
[    2.087927] pci 0000:00:16.6: BAR 13: can't assign io (size 0x1000)
[    2.087931] pci 0000:00:16.5: BAR 13: can't assign io (size 0x1000)
[    2.087935] pci 0000:00:16.4: BAR 13: can't assign io (size 0x1000)
[    2.087939] pci 0000:00:16.3: BAR 13: can't assign io (size 0x1000)
[    2.087943] pci 0000:00:15.7: BAR 13: can't assign io (size 0x1000)
[    2.087947] pci 0000:00:15.6: BAR 13: can't assign io (size 0x1000)
[    2.087950] pci 0000:00:15.5: BAR 13: can't assign io (size 0x1000)
[    2.087954] pci 0000:00:15.4: BAR 13: can't assign io (size 0x1000)
[    2.087958] pci 0000:00:15.3: BAR 13: can't assign io (size 0x1000)
[    2.087963] pci 0000:00:01.0: PCI bridge to [bus 01]
[    2.088195] pci 0000:02:01.0: BAR 6: assigned [mem 0xe7b00000-0xe7b0ffff pref]
[    2.088200] pci 0000:02:05.0: BAR 6: assigned [mem 0xe7b10000-0xe7b1ffff pref]
[    2.088204] pci 0000:00:11.0: PCI bridge to [bus 02]
[    2.088231] pci 0000:00:11.0:   bridge window [io  0x2000-0x3fff]
[    2.088298] pci 0000:00:11.0:   bridge window [mem 0xfd500000-0xfdffffff]
[    2.088344] pci 0000:00:11.0:   bridge window [mem 0xe7b00000-0xe7ffffff 64bit pref]
[    2.088431] pci 0000:00:15.0: PCI bridge to [bus 03]
[    2.088457] pci 0000:00:15.0:   bridge window [io  0x4000-0x4fff]
[    2.088523] pci 0000:00:15.0:   bridge window [mem 0xfd400000-0xfd4fffff]
[    2.088569] pci 0000:00:15.0:   bridge window [mem 0xe7a00000-0xe7afffff 64bit pref]
[    2.088742] pci 0000:00:15.1: PCI bridge to [bus 04]
[    2.088772] pci 0000:00:15.1:   bridge window [io  0x8000-0x8fff]
[    2.088838] pci 0000:00:15.1:   bridge window [mem 0xfd000000-0xfd0fffff]
[    2.088884] pci 0000:00:15.1:   bridge window [mem 0xe7600000-0xe76fffff 64bit pref]
[    2.089008] pci 0000:00:15.2: PCI bridge to [bus 05]
[    2.089037] pci 0000:00:15.2:   bridge window [io  0xc000-0xcfff]
[    2.089102] pci 0000:00:15.2:   bridge window [mem 0xfcc00000-0xfccfffff]
[    2.089148] pci 0000:00:15.2:   bridge window [mem 0xe7200000-0xe72fffff 64bit pref]
[    2.089267] pci 0000:00:15.3: PCI bridge to [bus 06]
[    2.089335] pci 0000:00:15.3:   bridge window [mem 0xfc800000-0xfc8fffff]
[    2.089381] pci 0000:00:15.3:   bridge window [mem 0xe6e00000-0xe6efffff 64bit pref]
[    2.089528] pci 0000:00:15.4: PCI bridge to [bus 07]
[    2.089596] pci 0000:00:15.4:   bridge window [mem 0xfc400000-0xfc4fffff]
[    2.089642] pci 0000:00:15.4:   bridge window [mem 0xe6a00000-0xe6afffff 64bit pref]
[    2.089759] pci 0000:00:15.5: PCI bridge to [bus 08]
[    2.089827] pci 0000:00:15.5:   bridge window [mem 0xfc000000-0xfc0fffff]
[    2.089872] pci 0000:00:15.5:   bridge window [mem 0xe6600000-0xe66fffff 64bit pref]
[    2.089989] pci 0000:00:15.6: PCI bridge to [bus 09]
[    2.090056] pci 0000:00:15.6:   bridge window [mem 0xfbc00000-0xfbcfffff]
[    2.090101] pci 0000:00:15.6:   bridge window [mem 0xe6200000-0xe62fffff 64bit pref]
[    2.090217] pci 0000:00:15.7: PCI bridge to [bus 0a]
[    2.090285] pci 0000:00:15.7:   bridge window [mem 0xfb800000-0xfb8fffff]
[    2.090330] pci 0000:00:15.7:   bridge window [mem 0xe5e00000-0xe5efffff 64bit pref]
[    2.090446] pci 0000:00:16.0: PCI bridge to [bus 0b]
[    2.090474] pci 0000:00:16.0:   bridge window [io  0x5000-0x5fff]
[    2.090540] pci 0000:00:16.0:   bridge window [mem 0xfd300000-0xfd3fffff]
[    2.090586] pci 0000:00:16.0:   bridge window [mem 0xe7900000-0xe79fffff 64bit pref]
[    2.090704] pci 0000:00:16.1: PCI bridge to [bus 0c]
[    2.090732] pci 0000:00:16.1:   bridge window [io  0x9000-0x9fff]
[    2.090798] pci 0000:00:16.1:   bridge window [mem 0xfcf00000-0xfcffffff]
[    2.090843] pci 0000:00:16.1:   bridge window [mem 0xe7500000-0xe75fffff 64bit pref]
[    2.090960] pci 0000:00:16.2: PCI bridge to [bus 0d]
[    2.090988] pci 0000:00:16.2:   bridge window [io  0xd000-0xdfff]
[    2.091053] pci 0000:00:16.2:   bridge window [mem 0xfcb00000-0xfcbfffff]
[    2.091099] pci 0000:00:16.2:   bridge window [mem 0xe7100000-0xe71fffff 64bit pref]
[    2.091215] pci 0000:00:16.3: PCI bridge to [bus 0e]
[    2.091283] pci 0000:00:16.3:   bridge window [mem 0xfc700000-0xfc7fffff]
[    2.091329] pci 0000:00:16.3:   bridge window [mem 0xe6d00000-0xe6dfffff 64bit pref]
[    2.091444] pci 0000:00:16.4: PCI bridge to [bus 0f]
[    2.091512] pci 0000:00:16.4:   bridge window [mem 0xfc300000-0xfc3fffff]
[    2.091557] pci 0000:00:16.4:   bridge window [mem 0xe6900000-0xe69fffff 64bit pref]
[    2.091680] pci 0000:00:16.5: PCI bridge to [bus 10]
[    2.091749] pci 0000:00:16.5:   bridge window [mem 0xfbf00000-0xfbffffff]
[    2.091795] pci 0000:00:16.5:   bridge window [mem 0xe6500000-0xe65fffff 64bit pref]
[    2.091917] pci 0000:00:16.6: PCI bridge to [bus 11]
[    2.091985] pci 0000:00:16.6:   bridge window [mem 0xfbb00000-0xfbbfffff]
[    2.092031] pci 0000:00:16.6:   bridge window [mem 0xe6100000-0xe61fffff 64bit pref]
[    2.092208] pci 0000:00:16.7: PCI bridge to [bus 12]
[    2.092347] pci 0000:00:16.7:   bridge window [mem 0xfb700000-0xfb7fffff]
[    2.092398] pci 0000:00:16.7:   bridge window [mem 0xe5d00000-0xe5dfffff 64bit pref]
[    2.092551] pci 0000:00:17.0: PCI bridge to [bus 13]
[    2.092582] pci 0000:00:17.0:   bridge window [io  0x6000-0x6fff]
[    2.092648] pci 0000:00:17.0:   bridge window [mem 0xfd200000-0xfd2fffff]
[    2.092694] pci 0000:00:17.0:   bridge window [mem 0xe7800000-0xe78fffff 64bit pref]
[    2.092818] pci 0000:00:17.1: PCI bridge to [bus 14]
[    2.092847] pci 0000:00:17.1:   bridge window [io  0xa000-0xafff]
[    2.092913] pci 0000:00:17.1:   bridge window [mem 0xfce00000-0xfcefffff]
[    2.092959] pci 0000:00:17.1:   bridge window [mem 0xe7400000-0xe74fffff 64bit pref]
[    2.093078] pci 0000:00:17.2: PCI bridge to [bus 15]
[    2.093106] pci 0000:00:17.2:   bridge window [io  0xe000-0xefff]
[    2.093172] pci 0000:00:17.2:   bridge window [mem 0xfca00000-0xfcafffff]
[    2.093217] pci 0000:00:17.2:   bridge window [mem 0xe7000000-0xe70fffff 64bit pref]
[    2.093334] pci 0000:00:17.3: PCI bridge to [bus 16]
[    2.093402] pci 0000:00:17.3:   bridge window [mem 0xfc600000-0xfc6fffff]
[    2.093448] pci 0000:00:17.3:   bridge window [mem 0xe6c00000-0xe6cfffff 64bit pref]
[    2.093565] pci 0000:00:17.4: PCI bridge to [bus 17]
[    2.093633] pci 0000:00:17.4:   bridge window [mem 0xfc200000-0xfc2fffff]
[    2.093679] pci 0000:00:17.4:   bridge window [mem 0xe6800000-0xe68fffff 64bit pref]
[    2.093795] pci 0000:00:17.5: PCI bridge to [bus 18]
[    2.093862] pci 0000:00:17.5:   bridge window [mem 0xfbe00000-0xfbefffff]
[    2.093908] pci 0000:00:17.5:   bridge window [mem 0xe6400000-0xe64fffff 64bit pref]
[    2.094023] pci 0000:00:17.6: PCI bridge to [bus 19]
[    2.094090] pci 0000:00:17.6:   bridge window [mem 0xfba00000-0xfbafffff]
[    2.094136] pci 0000:00:17.6:   bridge window [mem 0xe6000000-0xe60fffff 64bit pref]
[    2.094251] pci 0000:00:17.7: PCI bridge to [bus 1a]
[    2.094319] pci 0000:00:17.7:   bridge window [mem 0xfb600000-0xfb6fffff]
[    2.094364] pci 0000:00:17.7:   bridge window [mem 0xe5c00000-0xe5cfffff 64bit pref]
[    2.094480] pci 0000:00:18.0: PCI bridge to [bus 1b]
[    2.094508] pci 0000:00:18.0:   bridge window [io  0x7000-0x7fff]
[    2.094574] pci 0000:00:18.0:   bridge window [mem 0xfd100000-0xfd1fffff]
[    2.094619] pci 0000:00:18.0:   bridge window [mem 0xe7700000-0xe77fffff 64bit pref]
[    2.094736] pci 0000:00:18.1: PCI bridge to [bus 1c]
[    2.094764] pci 0000:00:18.1:   bridge window [io  0xb000-0xbfff]
[    2.094830] pci 0000:00:18.1:   bridge window [mem 0xfcd00000-0xfcdfffff]
[    2.094929] pci 0000:00:18.1:   bridge window [mem 0xe7300000-0xe73fffff 64bit pref]
[    2.095088] pci 0000:00:18.2: PCI bridge to [bus 1d]
[    2.095158] pci 0000:00:18.2:   bridge window [mem 0xfc900000-0xfc9fffff]
[    2.095205] pci 0000:00:18.2:   bridge window [mem 0xe6f00000-0xe6ffffff 64bit pref]
[    2.095326] pci 0000:00:18.3: PCI bridge to [bus 1e]
[    2.095394] pci 0000:00:18.3:   bridge window [mem 0xfc500000-0xfc5fffff]
[    2.095440] pci 0000:00:18.3:   bridge window [mem 0xe6b00000-0xe6bfffff 64bit pref]
[    2.095557] pci 0000:00:18.4: PCI bridge to [bus 1f]
[    2.095626] pci 0000:00:18.4:   bridge window [mem 0xfc100000-0xfc1fffff]
[    2.095672] pci 0000:00:18.4:   bridge window [mem 0xe6700000-0xe67fffff 64bit pref]
[    2.095788] pci 0000:00:18.5: PCI bridge to [bus 20]
[    2.095856] pci 0000:00:18.5:   bridge window [mem 0xfbd00000-0xfbdfffff]
[    2.095902] pci 0000:00:18.5:   bridge window [mem 0xe6300000-0xe63fffff 64bit pref]
[    2.096017] pci 0000:00:18.6: PCI bridge to [bus 21]
[    2.096085] pci 0000:00:18.6:   bridge window [mem 0xfb900000-0xfb9fffff]
[    2.096131] pci 0000:00:18.6:   bridge window [mem 0xe5f00000-0xe5ffffff 64bit pref]
[    2.096289] pci 0000:00:18.7: PCI bridge to [bus 22]
[    2.096357] pci 0000:00:18.7:   bridge window [mem 0xfb500000-0xfb5fffff]
[    2.096403] pci 0000:00:18.7:   bridge window [mem 0xe5b00000-0xe5bfffff 64bit pref]
[    2.096521] pci_bus 0000:00: resource 4 [mem 0x000a0000-0x000bffff]
[    2.096525] pci_bus 0000:00: resource 5 [mem 0x000d0000-0x000d3fff]
[    2.096527] pci_bus 0000:00: resource 6 [mem 0x000d4000-0x000d7fff]
[    2.096530] pci_bus 0000:00: resource 7 [mem 0x000d8000-0x000dbfff]
[    2.096533] pci_bus 0000:00: resource 8 [mem 0xc0000000-0xfebfffff]
[    2.096536] pci_bus 0000:00: resource 9 [io  0x0000-0x0cf7]
[    2.096539] pci_bus 0000:00: resource 10 [io  0x0d00-0xfeff]
[    2.096543] pci_bus 0000:02: resource 0 [io  0x2000-0x3fff]
[    2.096546] pci_bus 0000:02: resource 1 [mem 0xfd500000-0xfdffffff]
[    2.096549] pci_bus 0000:02: resource 2 [mem 0xe7b00000-0xe7ffffff 64bit pref]
[    2.096552] pci_bus 0000:02: resource 4 [mem 0x000a0000-0x000bffff]
[    2.096555] pci_bus 0000:02: resource 5 [mem 0x000d0000-0x000d3fff]
[    2.096557] pci_bus 0000:02: resource 6 [mem 0x000d4000-0x000d7fff]
[    2.096560] pci_bus 0000:02: resource 7 [mem 0x000d8000-0x000dbfff]
[    2.096563] pci_bus 0000:02: resource 8 [mem 0xc0000000-0xfebfffff]
[    2.096566] pci_bus 0000:02: resource 9 [io  0x0000-0x0cf7]
[    2.096568] pci_bus 0000:02: resource 10 [io  0x0d00-0xfeff]
[    2.096572] pci_bus 0000:03: resource 0 [io  0x4000-0x4fff]
[    2.096575] pci_bus 0000:03: resource 1 [mem 0xfd400000-0xfd4fffff]
[    2.096578] pci_bus 0000:03: resource 2 [mem 0xe7a00000-0xe7afffff 64bit pref]
[    2.096581] pci_bus 0000:04: resource 0 [io  0x8000-0x8fff]
[    2.096584] pci_bus 0000:04: resource 1 [mem 0xfd000000-0xfd0fffff]
[    2.096587] pci_bus 0000:04: resource 2 [mem 0xe7600000-0xe76fffff 64bit pref]
[    2.096590] pci_bus 0000:05: resource 0 [io  0xc000-0xcfff]
[    2.096592] pci_bus 0000:05: resource 1 [mem 0xfcc00000-0xfccfffff]
[    2.096595] pci_bus 0000:05: resource 2 [mem 0xe7200000-0xe72fffff 64bit pref]
[    2.096598] pci_bus 0000:06: resource 1 [mem 0xfc800000-0xfc8fffff]
[    2.096601] pci_bus 0000:06: resource 2 [mem 0xe6e00000-0xe6efffff 64bit pref]
[    2.096604] pci_bus 0000:07: resource 1 [mem 0xfc400000-0xfc4fffff]
[    2.096607] pci_bus 0000:07: resource 2 [mem 0xe6a00000-0xe6afffff 64bit pref]
[    2.096610] pci_bus 0000:08: resource 1 [mem 0xfc000000-0xfc0fffff]
[    2.096613] pci_bus 0000:08: resource 2 [mem 0xe6600000-0xe66fffff 64bit pref]
[    2.096616] pci_bus 0000:09: resource 1 [mem 0xfbc00000-0xfbcfffff]
[    2.096619] pci_bus 0000:09: resource 2 [mem 0xe6200000-0xe62fffff 64bit pref]
[    2.096622] pci_bus 0000:0a: resource 1 [mem 0xfb800000-0xfb8fffff]
[    2.096624] pci_bus 0000:0a: resource 2 [mem 0xe5e00000-0xe5efffff 64bit pref]
[    2.096627] pci_bus 0000:0b: resource 0 [io  0x5000-0x5fff]
[    2.096630] pci_bus 0000:0b: resource 1 [mem 0xfd300000-0xfd3fffff]
[    2.096633] pci_bus 0000:0b: resource 2 [mem 0xe7900000-0xe79fffff 64bit pref]
[    2.096636] pci_bus 0000:0c: resource 0 [io  0x9000-0x9fff]
[    2.096638] pci_bus 0000:0c: resource 1 [mem 0xfcf00000-0xfcffffff]
[    2.096641] pci_bus 0000:0c: resource 2 [mem 0xe7500000-0xe75fffff 64bit pref]
[    2.096644] pci_bus 0000:0d: resource 0 [io  0xd000-0xdfff]
[    2.096647] pci_bus 0000:0d: resource 1 [mem 0xfcb00000-0xfcbfffff]
[    2.096650] pci_bus 0000:0d: resource 2 [mem 0xe7100000-0xe71fffff 64bit pref]
[    2.096653] pci_bus 0000:0e: resource 1 [mem 0xfc700000-0xfc7fffff]
[    2.096656] pci_bus 0000:0e: resource 2 [mem 0xe6d00000-0xe6dfffff 64bit pref]
[    2.096659] pci_bus 0000:0f: resource 1 [mem 0xfc300000-0xfc3fffff]
[    2.096662] pci_bus 0000:0f: resource 2 [mem 0xe6900000-0xe69fffff 64bit pref]
[    2.096664] pci_bus 0000:10: resource 1 [mem 0xfbf00000-0xfbffffff]
[    2.096667] pci_bus 0000:10: resource 2 [mem 0xe6500000-0xe65fffff 64bit pref]
[    2.096670] pci_bus 0000:11: resource 1 [mem 0xfbb00000-0xfbbfffff]
[    2.096673] pci_bus 0000:11: resource 2 [mem 0xe6100000-0xe61fffff 64bit pref]
[    2.096676] pci_bus 0000:12: resource 1 [mem 0xfb700000-0xfb7fffff]
[    2.096679] pci_bus 0000:12: resource 2 [mem 0xe5d00000-0xe5dfffff 64bit pref]
[    2.096682] pci_bus 0000:13: resource 0 [io  0x6000-0x6fff]
[    2.096685] pci_bus 0000:13: resource 1 [mem 0xfd200000-0xfd2fffff]
[    2.096687] pci_bus 0000:13: resource 2 [mem 0xe7800000-0xe78fffff 64bit pref]
[    2.096690] pci_bus 0000:14: resource 0 [io  0xa000-0xafff]
[    2.096693] pci_bus 0000:14: resource 1 [mem 0xfce00000-0xfcefffff]
[    2.096696] pci_bus 0000:14: resource 2 [mem 0xe7400000-0xe74fffff 64bit pref]
[    2.096699] pci_bus 0000:15: resource 0 [io  0xe000-0xefff]
[    2.096702] pci_bus 0000:15: resource 1 [mem 0xfca00000-0xfcafffff]
[    2.096704] pci_bus 0000:15: resource 2 [mem 0xe7000000-0xe70fffff 64bit pref]
[    2.096707] pci_bus 0000:16: resource 1 [mem 0xfc600000-0xfc6fffff]
[    2.096710] pci_bus 0000:16: resource 2 [mem 0xe6c00000-0xe6cfffff 64bit pref]
[    2.096713] pci_bus 0000:17: resource 1 [mem 0xfc200000-0xfc2fffff]
[    2.096716] pci_bus 0000:17: resource 2 [mem 0xe6800000-0xe68fffff 64bit pref]
[    2.096719] pci_bus 0000:18: resource 1 [mem 0xfbe00000-0xfbefffff]
[    2.096722] pci_bus 0000:18: resource 2 [mem 0xe6400000-0xe64fffff 64bit pref]
[    2.096725] pci_bus 0000:19: resource 1 [mem 0xfba00000-0xfbafffff]
[    2.096728] pci_bus 0000:19: resource 2 [mem 0xe6000000-0xe60fffff 64bit pref]
[    2.096731] pci_bus 0000:1a: resource 1 [mem 0xfb600000-0xfb6fffff]
[    2.096734] pci_bus 0000:1a: resource 2 [mem 0xe5c00000-0xe5cfffff 64bit pref]
[    2.096736] pci_bus 0000:1b: resource 0 [io  0x7000-0x7fff]
[    2.096739] pci_bus 0000:1b: resource 1 [mem 0xfd100000-0xfd1fffff]
[    2.096742] pci_bus 0000:1b: resource 2 [mem 0xe7700000-0xe77fffff 64bit pref]
[    2.096745] pci_bus 0000:1c: resource 0 [io  0xb000-0xbfff]
[    2.096748] pci_bus 0000:1c: resource 1 [mem 0xfcd00000-0xfcdfffff]
[    2.096750] pci_bus 0000:1c: resource 2 [mem 0xe7300000-0xe73fffff 64bit pref]
[    2.096753] pci_bus 0000:1d: resource 1 [mem 0xfc900000-0xfc9fffff]
[    2.096756] pci_bus 0000:1d: resource 2 [mem 0xe6f00000-0xe6ffffff 64bit pref]
[    2.096759] pci_bus 0000:1e: resource 1 [mem 0xfc500000-0xfc5fffff]
[    2.096762] pci_bus 0000:1e: resource 2 [mem 0xe6b00000-0xe6bfffff 64bit pref]
[    2.096765] pci_bus 0000:1f: resource 1 [mem 0xfc100000-0xfc1fffff]
[    2.096768] pci_bus 0000:1f: resource 2 [mem 0xe6700000-0xe67fffff 64bit pref]
[    2.096771] pci_bus 0000:20: resource 1 [mem 0xfbd00000-0xfbdfffff]
[    2.096773] pci_bus 0000:20: resource 2 [mem 0xe6300000-0xe63fffff 64bit pref]
[    2.096776] pci_bus 0000:21: resource 1 [mem 0xfb900000-0xfb9fffff]
[    2.096779] pci_bus 0000:21: resource 2 [mem 0xe5f00000-0xe5ffffff 64bit pref]
[    2.096782] pci_bus 0000:22: resource 1 [mem 0xfb500000-0xfb5fffff]
[    2.096785] pci_bus 0000:22: resource 2 [mem 0xe5b00000-0xe5bfffff 64bit pref]
[    2.096903] NET: Registered protocol family 2
[    2.097957] TCP established hash table entries: 32768 (order: 6, 262144 bytes)
[    2.100546] TCP bind hash table entries: 32768 (order: 7, 524288 bytes)
[    2.104732] TCP: Hash tables configured (established 32768 bind 32768)
[    2.105699] TCP: reno registered
[    2.105720] UDP hash table entries: 2048 (order: 4, 65536 bytes)
[    2.106255] UDP-Lite hash table entries: 2048 (order: 4, 65536 bytes)
[    2.107906] NET: Registered protocol family 1
[    2.107923] pci 0000:00:00.0: Limiting direct PCI/PCI transfers
[    2.108096] pci 0000:00:0f.0: Boot video device
[    2.110751] PCI: CLS mismatch (32 != 64), using 64 bytes
[    2.112437] Trying to unpack rootfs image as initramfs...
[    3.795017] Freeing initrd memory: 28288K (ffff8800348b0000 - ffff880036450000)
[    3.795380] Simple Boot Flag at 0x36 set to 0x80
[    3.795666] Switched to clocksource tsc
[    3.797043] microcode: CPU0 sig=0x306a9, pf=0x1, revision=0x1b
[    3.797152] microcode: CPU1 sig=0x306a9, pf=0x1, revision=0x1b
[    3.797259] microcode: CPU2 sig=0x306a9, pf=0x1, revision=0x1b
[    3.797399] microcode: CPU3 sig=0x306a9, pf=0x1, revision=0x1b
[    3.797505] microcode: CPU4 sig=0x306a9, pf=0x1, revision=0x1b
[    3.797613] microcode: CPU5 sig=0x306a9, pf=0x1, revision=0x1b
[    3.797720] microcode: CPU6 sig=0x306a9, pf=0x1, revision=0x1b
[    3.797736] microcode: CPU7 sig=0x306a9, pf=0x1, revision=0x1b
[    3.798030] microcode: Microcode Update Driver: v2.00 <tigran@aivazian.fsnet.co.uk>, Peter Oruba
[    3.798063] Scanning for low memory corruption every 60 seconds
[    3.801766] Initialise system trusted keyring
[    3.801860] audit: initializing netlink socket (disabled)
[    3.802478] type=2000 audit(1427295074.622:1): initialized
[    3.856741] HugeTLB registered 2 MB page size, pre-allocated 0 pages
[    3.861978] zbud: loaded
[    3.862617] VFS: Disk quotas dquot_6.5.2
[    3.862880] Dquot-cache hash table entries: 512 (order 0, 4096 bytes)
[    3.865699] fuse init (API version 7.22)
[    3.866138] msgmni has been set to 6000
[    3.866601] Key type big_key registered
[    3.873985] Key type asymmetric registered
[    3.873990] Asymmetric key parser 'x509' registered
[    3.874050] Block layer SCSI generic (bsg) driver version 0.4 loaded (major 252)
[    3.875670] io scheduler noop registered
[    3.875676] io scheduler deadline registered (default)
[    3.875799] io scheduler cfq registered
[    3.876678] pcieport 0000:00:15.0: irq 40 for MSI/MSI-X
[    3.878051] pcieport 0000:00:15.1: irq 41 for MSI/MSI-X
[    3.879349] pcieport 0000:00:15.2: irq 42 for MSI/MSI-X
[    3.880667] pcieport 0000:00:15.3: irq 43 for MSI/MSI-X
[    3.881978] pcieport 0000:00:15.4: irq 44 for MSI/MSI-X
[    3.883606] pcieport 0000:00:15.5: irq 45 for MSI/MSI-X
[    3.884911] pcieport 0000:00:15.6: irq 46 for MSI/MSI-X
[    3.886223] pcieport 0000:00:15.7: irq 47 for MSI/MSI-X
[    3.887560] pcieport 0000:00:16.0: irq 48 for MSI/MSI-X
[    3.888965] pcieport 0000:00:16.1: irq 49 for MSI/MSI-X
[    3.890303] pcieport 0000:00:16.2: irq 50 for MSI/MSI-X
[    3.891594] pcieport 0000:00:16.3: irq 51 for MSI/MSI-X
[    3.892884] pcieport 0000:00:16.4: irq 52 for MSI/MSI-X
[    3.894343] pcieport 0000:00:16.5: irq 53 for MSI/MSI-X
[    3.895659] pcieport 0000:00:16.6: irq 54 for MSI/MSI-X
[    3.896952] pcieport 0000:00:16.7: irq 55 for MSI/MSI-X
[    3.898260] pcieport 0000:00:17.0: irq 56 for MSI/MSI-X
[    3.899561] pcieport 0000:00:17.1: irq 57 for MSI/MSI-X
[    3.900849] pcieport 0000:00:17.2: irq 58 for MSI/MSI-X
[    3.902170] pcieport 0000:00:17.3: irq 59 for MSI/MSI-X
[    3.903458] pcieport 0000:00:17.4: irq 60 for MSI/MSI-X
[    3.905054] pcieport 0000:00:17.5: irq 61 for MSI/MSI-X
[    3.906516] pcieport 0000:00:17.6: irq 62 for MSI/MSI-X
[    3.907962] pcieport 0000:00:17.7: irq 63 for MSI/MSI-X
[    3.909430] pcieport 0000:00:18.0: irq 64 for MSI/MSI-X
[    3.910864] pcieport 0000:00:18.1: irq 65 for MSI/MSI-X
[    3.912354] pcieport 0000:00:18.2: irq 66 for MSI/MSI-X
[    3.913931] pcieport 0000:00:18.3: irq 67 for MSI/MSI-X
[    3.915380] pcieport 0000:00:18.4: irq 68 for MSI/MSI-X
[    3.916882] pcieport 0000:00:18.5: irq 69 for MSI/MSI-X
[    3.918367] pcieport 0000:00:18.6: irq 70 for MSI/MSI-X
[    3.919848] pcieport 0000:00:18.7: irq 71 for MSI/MSI-X
[    3.921059] pcieport 0000:00:15.0: Signaling PME through PCIe PME interrupt
[    3.921114] pcie_pme 0000:00:15.0:pcie01: service driver pcie_pme loaded
[    3.921399] pcieport 0000:00:15.1: Signaling PME through PCIe PME interrupt
[    3.921452] pcie_pme 0000:00:15.1:pcie01: service driver pcie_pme loaded
[    3.921756] pcieport 0000:00:15.2: Signaling PME through PCIe PME interrupt
[    3.921812] pcie_pme 0000:00:15.2:pcie01: service driver pcie_pme loaded
[    3.922074] pcieport 0000:00:15.3: Signaling PME through PCIe PME interrupt
[    3.922127] pcie_pme 0000:00:15.3:pcie01: service driver pcie_pme loaded
[    3.922387] pcieport 0000:00:15.4: Signaling PME through PCIe PME interrupt
[    3.922441] pcie_pme 0000:00:15.4:pcie01: service driver pcie_pme loaded
[    3.922849] pcieport 0000:00:15.5: Signaling PME through PCIe PME interrupt
[    3.922908] pcie_pme 0000:00:15.5:pcie01: service driver pcie_pme loaded
[    3.923173] pcieport 0000:00:15.6: Signaling PME through PCIe PME interrupt
[    3.923226] pcie_pme 0000:00:15.6:pcie01: service driver pcie_pme loaded
[    3.923486] pcieport 0000:00:15.7: Signaling PME through PCIe PME interrupt
[    3.923539] pcie_pme 0000:00:15.7:pcie01: service driver pcie_pme loaded
[    3.923800] pcieport 0000:00:16.0: Signaling PME through PCIe PME interrupt
[    3.923853] pcie_pme 0000:00:16.0:pcie01: service driver pcie_pme loaded
[    3.924114] pcieport 0000:00:16.1: Signaling PME through PCIe PME interrupt
[    3.924167] pcie_pme 0000:00:16.1:pcie01: service driver pcie_pme loaded
[    3.924428] pcieport 0000:00:16.2: Signaling PME through PCIe PME interrupt
[    3.924481] pcie_pme 0000:00:16.2:pcie01: service driver pcie_pme loaded
[    3.924742] pcieport 0000:00:16.3: Signaling PME through PCIe PME interrupt
[    3.924795] pcie_pme 0000:00:16.3:pcie01: service driver pcie_pme loaded
[    3.925056] pcieport 0000:00:16.4: Signaling PME through PCIe PME interrupt
[    3.925109] pcie_pme 0000:00:16.4:pcie01: service driver pcie_pme loaded
[    3.925634] pcieport 0000:00:16.5: Signaling PME through PCIe PME interrupt
[    3.925691] pcie_pme 0000:00:16.5:pcie01: service driver pcie_pme loaded
[    3.925955] pcieport 0000:00:16.6: Signaling PME through PCIe PME interrupt
[    3.926008] pcie_pme 0000:00:16.6:pcie01: service driver pcie_pme loaded
[    3.926268] pcieport 0000:00:16.7: Signaling PME through PCIe PME interrupt
[    3.926321] pcie_pme 0000:00:16.7:pcie01: service driver pcie_pme loaded
[    3.926582] pcieport 0000:00:17.0: Signaling PME through PCIe PME interrupt
[    3.926635] pcie_pme 0000:00:17.0:pcie01: service driver pcie_pme loaded
[    3.926895] pcieport 0000:00:17.1: Signaling PME through PCIe PME interrupt
[    3.926948] pcie_pme 0000:00:17.1:pcie01: service driver pcie_pme loaded
[    3.927209] pcieport 0000:00:17.2: Signaling PME through PCIe PME interrupt
[    3.927262] pcie_pme 0000:00:17.2:pcie01: service driver pcie_pme loaded
[    3.927523] pcieport 0000:00:17.3: Signaling PME through PCIe PME interrupt
[    3.927576] pcie_pme 0000:00:17.3:pcie01: service driver pcie_pme loaded
[    3.927837] pcieport 0000:00:17.4: Signaling PME through PCIe PME interrupt
[    3.927890] pcie_pme 0000:00:17.4:pcie01: service driver pcie_pme loaded
[    3.928256] pcieport 0000:00:17.5: Signaling PME through PCIe PME interrupt
[    3.928311] pcie_pme 0000:00:17.5:pcie01: service driver pcie_pme loaded
[    3.928574] pcieport 0000:00:17.6: Signaling PME through PCIe PME interrupt
[    3.928627] pcie_pme 0000:00:17.6:pcie01: service driver pcie_pme loaded
[    3.928932] pcieport 0000:00:17.7: Signaling PME through PCIe PME interrupt
[    3.928987] pcie_pme 0000:00:17.7:pcie01: service driver pcie_pme loaded
[    3.929271] pcieport 0000:00:18.0: Signaling PME through PCIe PME interrupt
[    3.929326] pcie_pme 0000:00:18.0:pcie01: service driver pcie_pme loaded
[    3.929589] pcieport 0000:00:18.1: Signaling PME through PCIe PME interrupt
[    3.929642] pcie_pme 0000:00:18.1:pcie01: service driver pcie_pme loaded
[    3.929903] pcieport 0000:00:18.2: Signaling PME through PCIe PME interrupt
[    3.929956] pcie_pme 0000:00:18.2:pcie01: service driver pcie_pme loaded
[    3.930217] pcieport 0000:00:18.3: Signaling PME through PCIe PME interrupt
[    3.930270] pcie_pme 0000:00:18.3:pcie01: service driver pcie_pme loaded
[    3.930531] pcieport 0000:00:18.4: Signaling PME through PCIe PME interrupt
[    3.930604] pcie_pme 0000:00:18.4:pcie01: service driver pcie_pme loaded
[    3.930876] pcieport 0000:00:18.5: Signaling PME through PCIe PME interrupt
[    3.930929] pcie_pme 0000:00:18.5:pcie01: service driver pcie_pme loaded
[    3.931266] pcieport 0000:00:18.6: Signaling PME through PCIe PME interrupt
[    3.931322] pcie_pme 0000:00:18.6:pcie01: service driver pcie_pme loaded
[    3.931626] pcieport 0000:00:18.7: Signaling PME through PCIe PME interrupt
[    3.931679] pcie_pme 0000:00:18.7:pcie01: service driver pcie_pme loaded
[    3.931712] pci_hotplug: PCI Hot Plug PCI Core version: 0.5
[    3.932924] pciehp 0000:00:15.0:pcie04: HPC vendor_id 15ad device_id 7a0 ss_vid 15ad ss_did 7a0
[    3.933432] pciehp 0000:00:15.0:pcie04: service driver pciehp loaded
[    3.933595] pciehp 0000:00:15.1:pcie04: HPC vendor_id 15ad device_id 7a0 ss_vid 15ad ss_did 7a0
[    3.933930] pciehp 0000:00:15.1:pcie04: service driver pciehp loaded
[    3.934088] pciehp 0000:00:15.2:pcie04: HPC vendor_id 15ad device_id 7a0 ss_vid 15ad ss_did 7a0
[    3.934494] pciehp 0000:00:15.2:pcie04: service driver pciehp loaded
[    3.934652] pciehp 0000:00:15.3:pcie04: HPC vendor_id 15ad device_id 7a0 ss_vid 15ad ss_did 7a0
[    3.935094] pciehp 0000:00:15.3:pcie04: service driver pciehp loaded
[    3.935253] pciehp 0000:00:15.4:pcie04: HPC vendor_id 15ad device_id 7a0 ss_vid 15ad ss_did 7a0
[    3.935704] pciehp 0000:00:15.4:pcie04: service driver pciehp loaded
[    3.935862] pciehp 0000:00:15.5:pcie04: HPC vendor_id 15ad device_id 7a0 ss_vid 15ad ss_did 7a0
[    3.936301] pciehp 0000:00:15.5:pcie04: service driver pciehp loaded
[    3.936480] pciehp 0000:00:15.6:pcie04: HPC vendor_id 15ad device_id 7a0 ss_vid 15ad ss_did 7a0
[    3.936889] pciehp 0000:00:15.6:pcie04: service driver pciehp loaded
[    3.937047] pciehp 0000:00:15.7:pcie04: HPC vendor_id 15ad device_id 7a0 ss_vid 15ad ss_did 7a0
[    3.937462] pciehp 0000:00:15.7:pcie04: service driver pciehp loaded
[    3.937621] pciehp 0000:00:16.0:pcie04: HPC vendor_id 15ad device_id 7a0 ss_vid 15ad ss_did 7a0
[    3.938031] pciehp 0000:00:16.0:pcie04: service driver pciehp loaded
[    3.938189] pciehp 0000:00:16.1:pcie04: HPC vendor_id 15ad device_id 7a0 ss_vid 15ad ss_did 7a0
[    3.938825] pciehp 0000:00:16.1:pcie04: service driver pciehp loaded
[    3.938981] pciehp 0000:00:16.2:pcie04: HPC vendor_id 15ad device_id 7a0 ss_vid 15ad ss_did 7a0
[    3.939371] pciehp 0000:00:16.2:pcie04: service driver pciehp loaded
[    3.939515] pciehp 0000:00:16.3:pcie04: HPC vendor_id 15ad device_id 7a0 ss_vid 15ad ss_did 7a0
[    3.939883] pciehp 0000:00:16.3:pcie04: service driver pciehp loaded
[    3.940083] pciehp 0000:00:16.4:pcie04: HPC vendor_id 15ad device_id 7a0 ss_vid 15ad ss_did 7a0
[    3.940455] pciehp 0000:00:16.4:pcie04: service driver pciehp loaded
[    3.940598] pciehp 0000:00:16.5:pcie04: HPC vendor_id 15ad device_id 7a0 ss_vid 15ad ss_did 7a0
[    3.940977] pciehp 0000:00:16.5:pcie04: service driver pciehp loaded
[    3.941121] pciehp 0000:00:16.6:pcie04: HPC vendor_id 15ad device_id 7a0 ss_vid 15ad ss_did 7a0
[    3.941557] pciehp 0000:00:16.6:pcie04: service driver pciehp loaded
[    3.941701] pciehp 0000:00:16.7:pcie04: HPC vendor_id 15ad device_id 7a0 ss_vid 15ad ss_did 7a0
[    3.942076] pciehp 0000:00:16.7:pcie04: service driver pciehp loaded
[    3.942218] pciehp 0000:00:17.0:pcie04: HPC vendor_id 15ad device_id 7a0 ss_vid 15ad ss_did 7a0
[    3.942590] pciehp 0000:00:17.0:pcie04: service driver pciehp loaded
[    3.942734] pciehp 0000:00:17.1:pcie04: HPC vendor_id 15ad device_id 7a0 ss_vid 15ad ss_did 7a0
[    3.943104] pciehp 0000:00:17.1:pcie04: service driver pciehp loaded
[    3.943247] pciehp 0000:00:17.2:pcie04: HPC vendor_id 15ad device_id 7a0 ss_vid 15ad ss_did 7a0
[    3.943604] pciehp 0000:00:17.2:pcie04: service driver pciehp loaded
[    3.943798] pciehp 0000:00:17.3:pcie04: HPC vendor_id 15ad device_id 7a0 ss_vid 15ad ss_did 7a0
[    3.944333] pciehp 0000:00:17.3:pcie04: service driver pciehp loaded
[    3.944478] pciehp 0000:00:17.4:pcie04: HPC vendor_id 15ad device_id 7a0 ss_vid 15ad ss_did 7a0
[    3.944834] pciehp 0000:00:17.4:pcie04: service driver pciehp loaded
[    3.944977] pciehp 0000:00:17.5:pcie04: HPC vendor_id 15ad device_id 7a0 ss_vid 15ad ss_did 7a0
[    3.945354] pciehp 0000:00:17.5:pcie04: service driver pciehp loaded
[    3.945496] pciehp 0000:00:17.6:pcie04: HPC vendor_id 15ad device_id 7a0 ss_vid 15ad ss_did 7a0
[    3.945848] pciehp 0000:00:17.6:pcie04: service driver pciehp loaded
[    3.945990] pciehp 0000:00:17.7:pcie04: HPC vendor_id 15ad device_id 7a0 ss_vid 15ad ss_did 7a0
[    3.946340] pciehp 0000:00:17.7:pcie04: service driver pciehp loaded
[    3.946482] pciehp 0000:00:18.0:pcie04: HPC vendor_id 15ad device_id 7a0 ss_vid 15ad ss_did 7a0
[    3.946884] pciehp 0000:00:18.0:pcie04: service driver pciehp loaded
[    3.947089] pciehp 0000:00:18.1:pcie04: HPC vendor_id 15ad device_id 7a0 ss_vid 15ad ss_did 7a0
[    3.947448] pciehp 0000:00:18.1:pcie04: service driver pciehp loaded
[    3.947590] pciehp 0000:00:18.2:pcie04: HPC vendor_id 15ad device_id 7a0 ss_vid 15ad ss_did 7a0
[    3.947984] pciehp 0000:00:18.2:pcie04: service driver pciehp loaded
[    3.948127] pciehp 0000:00:18.3:pcie04: HPC vendor_id 15ad device_id 7a0 ss_vid 15ad ss_did 7a0
[    3.948480] pciehp 0000:00:18.3:pcie04: service driver pciehp loaded
[    3.948623] pciehp 0000:00:18.4:pcie04: HPC vendor_id 15ad device_id 7a0 ss_vid 15ad ss_did 7a0
[    3.948979] pciehp 0000:00:18.4:pcie04: service driver pciehp loaded
[    3.949122] pciehp 0000:00:18.5:pcie04: HPC vendor_id 15ad device_id 7a0 ss_vid 15ad ss_did 7a0
[    3.949523] pciehp 0000:00:18.5:pcie04: service driver pciehp loaded
[    3.949667] pciehp 0000:00:18.6:pcie04: HPC vendor_id 15ad device_id 7a0 ss_vid 15ad ss_did 7a0
[    3.950020] pciehp 0000:00:18.6:pcie04: service driver pciehp loaded
[    3.950168] pciehp 0000:00:18.7:pcie04: HPC vendor_id 15ad device_id 7a0 ss_vid 15ad ss_did 7a0
[    3.950525] pciehp 0000:00:18.7:pcie04: service driver pciehp loaded
[    3.950538] pciehp: PCI Express Hot Plug Controller Driver version: 0.4
[    3.950714] intel_idle: does not run on family 6 model 58
[    3.950725] ipmi message handler version 39.2
[    3.950951] ACPI: Deprecated procfs I/F for AC is loaded, please retry with CONFIG_ACPI_PROCFS_POWER cleared
[    3.951200] ACPI: AC Adapter [ACAD] (on-line)
[    3.951647] input: Power Button as /devices/LNXSYSTM:00/LNXPWRBN:00/input/input0
[    3.951655] ACPI: Power Button [PWRF]
[    3.955035] GHES: HEST is not enabled!
[    3.955375] Serial: 8250/16550 driver, 32 ports, IRQ sharing enabled
[    3.994844] 00:09: ttyS0 at I/O 0x3f8 (irq = 4, base_baud = 115200) is a 16550A
[    4.028343] 00:0a: ttyS1 at I/O 0x2f8 (irq = 3, base_baud = 115200) is a 16550A
[    4.039951] Linux agpgart interface v0.103
[    4.040225] agpgart-intel 0000:00:00.0: Intel 440BX Chipset
[    4.043005] agpgart-intel 0000:00:00.0: AGP aperture is 256M @ 0x0
[    4.048358] brd: module loaded
[    4.051066] loop: module loaded
[    4.051500] ata_piix 0000:00:07.1: version 2.13
[    4.052810] scsi0 : ata_piix
[    4.053217] scsi1 : ata_piix
[    4.053278] ata1: PATA max UDMA/33 cmd 0x1f0 ctl 0x3f6 bmdma 0x1060 irq 14
[    4.053281] ata2: PATA max UDMA/33 cmd 0x170 ctl 0x376 bmdma 0x1068 irq 15
[    4.053809] libphy: Fixed MDIO Bus: probed
[    4.053946] tun: Universal TUN/TAP device driver, 1.6
[    4.053948] tun: (C) 1999-2004 Max Krasnyansky <maxk@qualcomm.com>
[    4.054490] PPP generic driver version 2.4.2
[    4.054748] ehci_hcd: USB 2.0 'Enhanced' Host Controller (EHCI) Driver
[    4.054761] ehci-pci: EHCI PCI platform driver
[    4.055519] ehci-pci 0000:02:03.0: EHCI Host Controller
[    4.055532] ehci-pci 0000:02:03.0: new USB bus registered, assigned bus number 1
[    4.055934] ehci-pci 0000:02:03.0: cache line size of 64 is not supported
[    4.056018] ehci-pci 0000:02:03.0: irq 17, io mem 0xfd5ef000
[    4.066930] ehci-pci 0000:02:03.0: USB 2.0 started, EHCI 1.00
[    4.067055] usb usb1: New USB device found, idVendor=1d6b, idProduct=0002
[    4.067059] usb usb1: New USB device strings: Mfr=3, Product=2, SerialNumber=1
[    4.067062] usb usb1: Product: EHCI Host Controller
[    4.067065] usb usb1: Manufacturer: Linux 3.13.0-37-generic ehci_hcd
[    4.067068] usb usb1: SerialNumber: 0000:02:03.0
[    4.067502] hub 1-0:1.0: USB hub found
[    4.067516] hub 1-0:1.0: 6 ports detected
[    4.067906] ehci-platform: EHCI generic platform driver
[    4.067921] ohci_hcd: USB 1.1 'Open' Host Controller (OHCI) Driver
[    4.067923] ohci-pci: OHCI PCI platform driver
[    4.067945] ohci-platform: OHCI generic platform driver
[    4.067955] uhci_hcd: USB Universal Host Controller Interface driver
[    4.068599] uhci_hcd 0000:02:00.0: UHCI Host Controller
[    4.068609] uhci_hcd 0000:02:00.0: new USB bus registered, assigned bus number 2
[    4.069109] uhci_hcd 0000:02:00.0: irq 18, io base 0x00002080
[    4.069522] usb usb2: New USB device found, idVendor=1d6b, idProduct=0001
[    4.069526] usb usb2: New USB device strings: Mfr=3, Product=2, SerialNumber=1
[    4.069529] usb usb2: Product: UHCI Host Controller
[    4.069532] usb usb2: Manufacturer: Linux 3.13.0-37-generic uhci_hcd
[    4.069534] usb usb2: SerialNumber: 0000:02:00.0
[    4.069961] hub 2-0:1.0: USB hub found
[    4.069976] hub 2-0:1.0: 2 ports detected
[    4.070395] i8042: PNP: PS/2 Controller [PNP0303:KBC,PNP0f13:MOUS] at 0x60,0x64 irq 1,12
[    4.072476] serio: i8042 KBD port at 0x60,0x64 irq 1
[    4.072493] serio: i8042 AUX port at 0x60,0x64 irq 12
[    4.073446] mousedev: PS/2 mouse device common for all mice
[    4.095430] rtc_cmos 00:03: rtc core: registered rtc_cmos as rtc0
[    4.095841] rtc_cmos 00:03: alarms up to one month, y3k, 114 bytes nvram, hpet irqs
[    4.096185] device-mapper: uevent: version 1.0.3
[    4.096598] device-mapper: ioctl: 4.27.0-ioctl (2013-10-30) initialised: dm-devel@redhat.com
[    4.096777] ledtrig-cpu: registered to indicate activity on CPUs
[    4.097508] TCP: cubic registered
[    4.097887] NET: Registered protocol family 10
[    4.098650] NET: Registered protocol family 17
[    4.098668] Key type dns_resolver registered
[    4.100150] Loading compiled-in X.509 certificates
[    4.101920] Loaded X.509 cert 'Magrathea: Glacier signing key: 2cb1133b35f95a9e24deabeeb12ba449bcbabbc9'
[    4.101953] registered taskstats version 1
[    4.102170] input: AT Translated Set 2 keyboard as /devices/platform/i8042/serio0/input/input1
[    4.110951] Key type trusted registered
[    4.118037] Key type encrypted registered
[    4.124915] AppArmor: AppArmor sha1 policy hashing enabled
[    4.124921] IMA: No TPM chip found, activating TPM-bypass!
[    4.146982] regulator-dummy: disabling
[    4.147688]   Magic number: 7:683:890
[    4.148403] rtc_cmos 00:03: setting system clock to 2015-03-25 14:51:16 UTC (1427295076)
[    4.148969] BIOS EDD facility v0.16 2004-Jun-25, 0 devices found
[    4.148973] EDD information not available.
[    4.149099] PM: Hibernation image not present or could not be loaded.
[    4.237448] Freeing unused kernel memory: 1336K (ffffffff81d20000 - ffffffff81e6e000)
[    4.237455] Write protecting the kernel read-only data: 12288k
[    4.242204] Freeing unused kernel memory: 804K (ffff880001737000 - ffff880001800000)
[    4.247362] Freeing unused kernel memory: 692K (ffff880001b53000 - ffff880001c00000)
[    4.292059] systemd-udevd[260]: starting version 204
[    4.347408] Floppy drive(s): fd0 is 1.44M
[    4.357888] Fusion MPT base driver 3.04.20
[    4.357894] Copyright (c) 1999-2008 LSI Corporation
[    4.360869] e1000: Intel(R) PRO/1000 Network Driver - version 7.3.21-k8-NAPI
[    4.360876] e1000: Copyright (c) 1999-2006 Intel Corporation.
[    4.368001] [drm] Initialized drm 1.1.0 20060810
[    4.368180] Fusion MPT SPI Host driver 3.04.20
[    4.369387] FDC 0 is a post-1991 82077
[    4.370312] mptbase: ioc0: Initiating bringup
[    4.381896] usb 2-1: new full-speed USB device number 2 using uhci_hcd
[    4.450939] ioc0: LSI53C1030 B0: Capabilities={Initiator}
[    4.542050] usb 2-1: New USB device found, idVendor=0e0f, idProduct=0003
[    4.542057] usb 2-1: New USB device strings: Mfr=1, Product=2, SerialNumber=0
[    4.542061] usb 2-1: Product: VMware Virtual USB Mouse
[    4.542064] usb 2-1: Manufacturer: VMware
[    4.613686] scsi2 : ioc0: LSI53C1030 B0, FwRev=01032920h, Ports=1, MaxQ=128, IRQ=17
[    4.667444] usb 2-2: new full-speed USB device number 3 using uhci_hcd
[    4.726786] scsi 2:0:0:0: Direct-Access     VMware,  VMware Virtual S 1.0  PQ: 0 ANSI: 2
[    4.726870] scsi target2:0:0: Beginning Domain Validation
[    4.727953] [drm] DMA map mode: Using physical TTM page addresses.
[    4.728122] [drm] Capabilities:
[    4.728124] [drm]   Rect copy.
[    4.728126] [drm]   Cursor.
[    4.728127] [drm]   Cursor bypass.
[    4.728128] [drm]   Cursor bypass 2.
[    4.728130] [drm]   8bit emulation.
[    4.728131] [drm]   Alpha cursor.
[    4.728132] [drm]   3D.
[    4.728134] [drm]   Extended Fifo.
[    4.728135] [drm]   Multimon.
[    4.728136] [drm]   Pitchlock.
[    4.728137] [drm]   Irq mask.
[    4.728139] [drm]   Display Topology.
[    4.728140] [drm]   GMR.
[    4.728141] [drm]   Traces.
[    4.728142] [drm]   GMR2.
[    4.728144] [drm]   Screen Object 2.
[    4.728145] [drm]   Command Buffers.
[    4.728147] [drm] Max GMR ids is 64
[    4.728148] [drm] Max number of GMR pages is 196608
[    4.728150] [drm] Max dedicated hypervisor surface memory is 786432 kiB
[    4.728152] [drm] Maximum display memory size is 131072 kiB
[    4.728154] [drm] VRAM at 0xe8000000 size is 131072 kiB
[    4.728156] [drm] MMIO at 0xfe000000 size is 2048 kiB
[    4.728159] [drm] global init.
[    4.728227] scsi target2:0:0: Domain Validation skipping write tests
[    4.728231] scsi target2:0:0: Ending Domain Validation
[    4.728299] scsi target2:0:0: FAST-40 WIDE SCSI 80.0 MB/s ST (25 ns, offset 127)
[    4.728567] [TTM] Zone  kernel: Available graphics memory: 1537424 kiB
[    4.728572] [TTM] Initializing pool allocator
[    4.728578] [TTM] Initializing DMA pool allocator
[    4.729551] [drm] Supports vblank timestamp caching Rev 2 (21.10.2013).
[    4.729557] [drm] No driver support for vblank timestamp query.
[    4.730513] [drm] Screen objects system initialized
[    4.730680] [drm] width 640
[    4.730704] [drm] height 480
[    4.730726] [drm] bpp 32
[    4.755774] sd 2:0:0:0: [sda] 41943040 512-byte logical blocks: (21.4 GB/20.0 GiB)
[    4.755933] sd 2:0:0:0: [sda] Write Protect is off
[    4.755941] sd 2:0:0:0: [sda] Mode Sense: 61 00 00 00
[    4.756174] sd 2:0:0:0: [sda] Cache data unavailable
[    4.756181] sd 2:0:0:0: [sda] Assuming drive cache: write through
[    4.758311] sd 2:0:0:0: Attached scsi generic sg0 type 0
[    4.760066] sd 2:0:0:0: [sda] Cache data unavailable
[    4.760074] sd 2:0:0:0: [sda] Assuming drive cache: write through
[    4.762534]  sda: sda1 sda2 < sda5 >
[    4.764605] sd 2:0:0:0: [sda] Cache data unavailable
[    4.764614] sd 2:0:0:0: [sda] Assuming drive cache: write through
[    4.764719] sd 2:0:0:0: [sda] Attached SCSI disk
[    4.781083] [drm] Fifo max 0x00200000 min 0x00001000 cap 0x0000077f
[    4.812557] input: ImPS/2 Generic Wheel Mouse as /devices/platform/i8042/serio1/input/input3
[    4.818719] usb 2-2: New USB device found, idVendor=0e0f, idProduct=0002
[    4.818728] usb 2-2: New USB device strings: Mfr=0, Product=1, SerialNumber=0
[    4.818733] usb 2-2: Product: VMware Virtual USB Hub
[    4.824920] hub 2-2:1.0: USB hub found
[    4.827523] hub 2-2:1.0: 7 ports detected
[    4.847696] hidraw: raw HID events driver (C) Jiri Kosina
[    4.857279] usbcore: registered new interface driver usbhid
[    4.857283] usbhid: USB HID core driver
[    4.862051] input: VMware VMware Virtual USB Mouse as /devices/pci0000:00/0000:00:11.0/0000:02:00.0/usb2/2-1/2-1:1.0/input/input4
[    4.862808] hid-generic 0003:0E0F:0003.0001: input,hidraw0: USB HID v1.10 Mouse [VMware VMware Virtual USB Mouse] on usb-0000:02:00.0-1/input0
[    4.871970] e1000 0000:02:01.0 eth0: (PCI:66MHz:32-bit) 00:0c:29:8d:f2:31
[    4.871985] e1000 0000:02:01.0 eth0: Intel(R) PRO/1000 Network Connection
[    4.872164] ahci 0000:02:05.0: version 3.0
[    4.873601] ahci 0000:02:05.0: irq 72 for MSI/MSI-X
[    4.879559] ahci 0000:02:05.0: AHCI 0001.0300 32 slots 30 ports 6 Gbps 0x3fffffff impl SATA mode
[    4.879567] ahci 0000:02:05.0: flags: 64bit ncq clo only 
[    4.915289] fbcon: svgadrmfb (fb0) is primary device
[    4.928355] scsi3 : ahci
[    4.928890] scsi4 : ahci
[    4.930213] scsi5 : ahci
[    4.930873] scsi6 : ahci
[    4.931483] scsi7 : ahci
[    4.932169] scsi8 : ahci
[    4.932235] Console: switching to colour frame buffer device 100x37
[    4.932731] scsi9 : ahci
[    4.933675] scsi10 : ahci
[    4.934333] scsi11 : ahci
[    4.934816] [drm] Initialized vmwgfx 2.5.0 20140228 for 0000:00:0f.0 on minor 0
[    4.934860] scsi12 : ahci
[    4.935905] scsi13 : ahci
[    4.936916] scsi14 : ahci
