[    0.000000] ACPI: LAPIC (acpi_id[0x22] lapic_id[0x22] disabled)
[    0.000000] ACPI: LAPIC (acpi_id[0x23] lapic_id[0x23] disabled)
[    0.000000] ACPI: LAPIC (acpi_id[0x24] lapic_id[0x24] disabled)
[    0.000000] ACPI: LAPIC (acpi_id[0x25] lapic_id[0x25] disabled)
[    0.000000] ACPI: LAPIC (acpi_id[0x26] lapic_id[0x26] disabled)
[    0.000000] ACPI: LAPIC (acpi_id[0x27] lapic_id[0x27] disabled)
[    0.000000] ACPI: LAPIC (acpi_id[0x28] lapic_id[0x28] disabled)
[    0.000000] ACPI: LAPIC (acpi_id[0x29] lapic_id[0x29] disabled)
[    0.000000] ACPI: LAPIC (acpi_id[0x2a] lapic_id[0x2a] disabled)
[    0.000000] ACPI: LAPIC (acpi_id[0x2b] lapic_id[0x2b] disabled)
[    0.000000] ACPI: LAPIC (acpi_id[0x2c] lapic_id[0x2c] disabled)
[    0.000000] ACPI: LAPIC (acpi_id[0x2d] lapic_id[0x2d] disabled)
[    0.000000] ACPI: LAPIC (acpi_id[0x2e] lapic_id[0x2e] disabled)
[    0.000000] ACPI: LAPIC (acpi_id[0x2f] lapic_id[0x2f] disabled)
[    0.000000] ACPI: LAPIC (acpi_id[0x30] lapic_id[0x30] disabled)
[    0.000000] ACPI: LAPIC (acpi_id[0x31] lapic_id[0x31] disabled)
[    0.000000] ACPI: LAPIC (acpi_id[0x32] lapic_id[0x32] disabled)
[    0.000000] ACPI: LAPIC (acpi_id[0x33] lapic_id[0x33] disabled)
[    0.000000] ACPI: LAPIC (acpi_id[0x34] lapic_id[0x34] disabled)
[    0.000000] ACPI: LAPIC (acpi_id[0x35] lapic_id[0x35] disabled)
[    0.000000] ACPI: LAPIC (acpi_id[0x36] lapic_id[0x36] disabled)
[    0.000000] ACPI: LAPIC (acpi_id[0x37] lapic_id[0x37] disabled)
[    0.000000] ACPI: LAPIC (acpi_id[0x38] lapic_id[0x38] disabled)
[    0.000000] ACPI: LAPIC (acpi_id[0x39] lapic_id[0x39] disabled)
[    0.000000] ACPI: LAPIC (acpi_id[0x3a] lapic_id[0x3a] disabled)
[    0.000000] ACPI: LAPIC (acpi_id[0x3b] lapic_id[0x3b] disabled)
[    0.000000] ACPI: LAPIC (acpi_id[0x3c] lapic_id[0x3c] disabled)
[    0.000000] ACPI: LAPIC (acpi_id[0x3d] lapic_id[0x3d] disabled)
[    0.000000] ACPI: LAPIC (acpi_id[0x3e] lapic_id[0x3e] disabled)
[    0.000000] ACPI: LAPIC (acpi_id[0x3f] lapic_id[0x3f] disabled)
[    0.000000] ACPI: LAPIC_NMI (acpi_id[0x00] high edge lint[0x1])
[    0.000000] ACPI: LAPIC_NMI (acpi_id[0x01] high edge lint[0x1])
[    0.000000] ACPI: LAPIC_NMI (acpi_id[0x02] high edge lint[0x1])
[    0.000000] ACPI: LAPIC_NMI (acpi_id[0x03] high edge lint[0x1])
[    0.000000] ACPI: LAPIC_NMI (acpi_id[0x04] high edge lint[0x1])
[    0.000000] ACPI: LAPIC_NMI (acpi_id[0x05] high edge lint[0x1])
[    0.000000] ACPI: LAPIC_NMI (acpi_id[0x06] high edge lint[0x1])
[    0.000000] ACPI: LAPIC_NMI (acpi_id[0x07] high edge lint[0x1])
[    0.000000] ACPI: LAPIC_NMI (acpi_id[0x08] high edge lint[0x1])
[    0.000000] ACPI: LAPIC_NMI (acpi_id[0x09] high edge lint[0x1])
[    0.000000] ACPI: LAPIC_NMI (acpi_id[0x0a] high edge lint[0x1])
[    0.000000] ACPI: LAPIC_NMI (acpi_id[0x0b] high edge lint[0x1])
[    0.000000] ACPI: LAPIC_NMI (acpi_id[0x0c] high edge lint[0x1])
[    0.000000] ACPI: LAPIC_NMI (acpi_id[0x0d] high edge lint[0x1])
[    0.000000] ACPI: LAPIC_NMI (acpi_id[0x0e] high edge lint[0x1])
[    0.000000] ACPI: LAPIC_NMI (acpi_id[0x0f] high edge lint[0x1])
[    0.000000] ACPI: LAPIC_NMI (acpi_id[0x10] high edge lint[0x1])
[    0.000000] ACPI: LAPIC_NMI (acpi_id[0x11] high edge lint[0x1])
[    0.000000] ACPI: LAPIC_NMI (acpi_id[0x12] high edge lint[0x1])
[    0.000000] ACPI: LAPIC_NMI (acpi_id[0x13] high edge lint[0x1])
[    0.000000] ACPI: LAPIC_NMI (acpi_id[0x14] high edge lint[0x1])
[    0.000000] ACPI: LAPIC_NMI (acpi_id[0x15] high edge lint[0x1])
[    0.000000] ACPI: LAPIC_NMI (acpi_id[0x16] high edge lint[0x1])
[    0.000000] ACPI: LAPIC_NMI (acpi_id[0x17] high edge lint[0x1])
[    0.000000] ACPI: LAPIC_NMI (acpi_id[0x18] high edge lint[0x1])
[    0.000000] ACPI: LAPIC_NMI (acpi_id[0x19] high edge lint[0x1])
[    0.000000] ACPI: LAPIC_NMI (acpi_id[0x1a] high edge lint[0x1])
[    0.000000] ACPI: LAPIC_NMI (acpi_id[0x1b] high edge lint[0x1])
[    0.000000] ACPI: LAPIC_NMI (acpi_id[0x1c] high edge lint[0x1])
[    0.000000] ACPI: LAPIC_NMI (acpi_id[0x1d] high edge lint[0x1])
[    0.000000] ACPI: LAPIC_NMI (acpi_id[0x1e] high edge lint[0x1])
[    0.000000] ACPI: LAPIC_NMI (acpi_id[0x1f] high edge lint[0x1])
[    0.000000] ACPI: LAPIC_NMI (acpi_id[0x20] high edge lint[0x1])
[    0.000000] ACPI: LAPIC_NMI (acpi_id[0x21] high edge lint[0x1])
[    0.000000] ACPI: LAPIC_NMI (acpi_id[0x22] high edge lint[0x1])
[    0.000000] ACPI: LAPIC_NMI (acpi_id[0x23] high edge lint[0x1])
[    0.000000] ACPI: LAPIC_NMI (acpi_id[0x24] high edge lint[0x1])
[    0.000000] ACPI: LAPIC_NMI (acpi_id[0x25] high edge lint[0x1])
[    0.000000] ACPI: LAPIC_NMI (acpi_id[0x26] high edge lint[0x1])
[    0.000000] ACPI: LAPIC_NMI (acpi_id[0x27] high edge lint[0x1])
[    0.000000] ACPI: LAPIC_NMI (acpi_id[0x28] high edge lint[0x1])
[    0.000000] ACPI: LAPIC_NMI (acpi_id[0x29] high edge lint[0x1])
[    0.000000] ACPI: LAPIC_NMI (acpi_id[0x2a] high edge lint[0x1])
[    0.000000] ACPI: LAPIC_NMI (acpi_id[0x2b] high edge lint[0x1])
[    0.000000] ACPI: LAPIC_NMI (acpi_id[0x2c] high edge lint[0x1])
[    0.000000] ACPI: LAPIC_NMI (acpi_id[0x2d] high edge lint[0x1])
[    0.000000] ACPI: LAPIC_NMI (acpi_id[0x2e] high edge lint[0x1])
[    0.000000] ACPI: LAPIC_NMI (acpi_id[0x2f] high edge lint[0x1])
[    0.000000] ACPI: LAPIC_NMI (acpi_id[0x30] high edge lint[0x1])
[    0.000000] ACPI: LAPIC_NMI (acpi_id[0x31] high edge lint[0x1])
[    0.000000] ACPI: LAPIC_NMI (acpi_id[0x32] high edge lint[0x1])
[    0.000000] ACPI: LAPIC_NMI (acpi_id[0x33] high edge lint[0x1])
[    0.000000] ACPI: LAPIC_NMI (acpi_id[0x34] high edge lint[0x1])
[    0.000000] ACPI: LAPIC_NMI (acpi_id[0x35] high edge lint[0x1])
[    0.000000] ACPI: LAPIC_NMI (acpi_id[0x36] high edge lint[0x1])
[    0.000000] ACPI: LAPIC_NMI (acpi_id[0x37] high edge lint[0x1])
[    0.000000] ACPI: LAPIC_NMI (acpi_id[0x38] high edge lint[0x1])
[    0.000000] ACPI: LAPIC_NMI (acpi_id[0x39] high edge lint[0x1])
[    0.000000] ACPI: LAPIC_NMI (acpi_id[0x3a] high edge lint[0x1])
[    0.000000] ACPI: LAPIC_NMI (acpi_id[0x3b] high edge lint[0x1])
[    0.000000] ACPI: LAPIC_NMI (acpi_id[0x3c] high edge lint[0x1])
[    0.000000] ACPI: LAPIC_NMI (acpi_id[0x3d] high edge lint[0x1])
[    0.000000] ACPI: LAPIC_NMI (acpi_id[0x3e] high edge lint[0x1])
[    0.000000] ACPI: LAPIC_NMI (acpi_id[0x3f] high edge lint[0x1])
[    0.000000] ACPI: IOAPIC (id[0x40] address[0xfec00000] gsi_base[0])
[    0.000000] IOAPIC[0]: apic_id 64, version 17, address 0xfec00000, GSI 0-23
[    0.000000] ACPI: INT_SRC_OVR (bus 0 bus_irq 0 global_irq 2 high edge)
[    0.000000] ACPI: IRQ0 used by override.
[    0.000000] ACPI: IRQ2 used by override.
[    0.000000] ACPI: IRQ9 used by override.
[    0.000000] Using ACPI (MADT) for SMP configuration information
[    0.000000] ACPI: HPET id: 0x8086af01 base: 0xfed00000
[    0.000000] smpboot: Allowing 64 CPUs, 56 hotplug CPUs
[    0.000000] nr_irqs_gsi: 40
[    0.000000] PM: Registered nosave memory: [mem 0x0009e000-0x0009efff]
[    0.000000] PM: Registered nosave memory: [mem 0x0009f000-0x0009ffff]
[    0.000000] PM: Registered nosave memory: [mem 0x000a0000-0x000dbfff]
[    0.000000] PM: Registered nosave memory: [mem 0x000dc000-0x000fffff]
[    0.000000] PM: Registered nosave memory: [mem 0xbfee0000-0xbfefefff]
[    0.000000] PM: Registered nosave memory: [mem 0xbfeff000-0xbfefffff]
[    0.000000] e820: [mem 0xc0000000-0xefffffff] available for PCI devices
[    0.000000] Booting paravirtualized kernel on bare hardware
[    0.000000] setup_percpu: NR_CPUS:256 nr_cpumask_bits:256 nr_cpu_ids:64 nr_node_ids:1
[    0.000000] PERCPU: Embedded 29 pages/cpu @ffff8800bf400000 s86400 r8192 d24192 u131072
[    0.000000] pcpu-alloc: s86400 r8192 d24192 u131072 alloc=1*2097152
[    0.000000] pcpu-alloc: [0] 00 01 02 03 04 05 06 07 08 09 10 11 12 13 14 15 
[    0.000000] pcpu-alloc: [0] 16 17 18 19 20 21 22 23 24 25 26 27 28 29 30 31 
[    0.000000] pcpu-alloc: [0] 32 33 34 35 36 37 38 39 40 41 42 43 44 45 46 47 
[    0.000000] pcpu-alloc: [0] 48 49 50 51 52 53 54 55 56 57 58 59 60 61 62 63 
[    0.000000] Built 1 zonelists in Node order, mobility grouping on.  Total pages: 773992
[    0.000000] Policy zone: DMA32
[    0.000000] Kernel command line: BOOT_IMAGE=/boot/vmlinuz-3.13.0-37-generic root=UUID=5fc26f4d-ff64-4121-8a5c-b18ad7867e13 ro quiet splash
[    0.000000] PID hash table entries: 4096 (order: 3, 32768 bytes)
[    0.000000] xsave: enabled xstate_bv 0x7, cntxt size 0x340
[    0.000000] Checking aperture...
[    0.000000] No AGP bridge found
[    0.000000] Calgary: detecting Calgary via BIOS EBDA area
[    0.000000] Calgary: Unable to locate Rio Grande table in EBDA - bailing!
[    0.000000] Memory: 3043696K/3145204K available (7375K kernel code, 1144K rwdata, 3404K rodata, 1336K init, 1444K bss, 101508K reserved)
[    0.000000] SLUB: HWalign=64, Order=0-3, MinObjects=0, CPUs=64, Nodes=1
[    0.000000] Hierarchical RCU implementation.
[    0.000000] 	RCU dyntick-idle grace-period acceleration is enabled.
[    0.000000] 	RCU restricting CPUs from NR_CPUS=256 to nr_cpu_ids=64.
[    0.000000] 	Offload RCU callbacks from all CPUs
[    0.000000] 	Offload RCU callbacks from CPUs: 0-63.
[    0.000000] NR_IRQS:16640 nr_irqs:1192 16
[    0.000000] Console: colour VGA+ 80x25
[    0.000000] console [tty0] enabled
[    0.000000] allocated 12582912 bytes of page_cgroup
[    0.000000] please try 'cgroup_disable=memory' option if you don't want memory cgroups
[    0.000000] hpet clockevent registered
[    0.004000] TSC freq read from hypervisor : 2095.241 MHz
[    0.004000] tsc: Detected 2095.241 MHz processor
[    0.000023] Calibrating delay loop (skipped) preset value.. 4190.48 BogoMIPS (lpj=8380964)
[    0.000029] pid_max: default: 65536 minimum: 512
[    0.000325] Security Framework initialized
[    0.005486] AppArmor: AppArmor initialized
[    0.005491] Yama: becoming mindful.
[    0.006353] Dentry cache hash table entries: 524288 (order: 10, 4194304 bytes)
[    0.040389] Inode-cache hash table entries: 262144 (order: 9, 2097152 bytes)
[    0.056833] Mount-cache hash table entries: 8192 (order: 4, 65536 bytes)
[    0.056849] Mountpoint-cache hash table entries: 8192 (order: 4, 65536 bytes)
[    0.060142] Initializing cgroup subsys memory
[    0.060157] Initializing cgroup subsys devices
[    0.060160] Initializing cgroup subsys freezer
[    0.060163] Initializing cgroup subsys blkio
[    0.060166] Initializing cgroup subsys perf_event
[    0.060172] Initializing cgroup subsys hugetlb
[    0.060352] Disabled fast string operations
[    0.060360] CPU: Physical Processor ID: 0
[    0.060362] CPU: Processor Core ID: 0
[    0.060383] ENERGY_PERF_BIAS: Set to 'normal', was 'performance'
[    0.060383] ENERGY_PERF_BIAS: View and update with x86_energy_perf_policy(8)
[    0.061168] mce: CPU supports 0 MCE banks
[    0.061216] Last level iTLB entries: 4KB 512, 2MB 0, 4MB 0
[    0.061216] Last level dTLB entries: 4KB 512, 2MB 32, 4MB 32
[    0.061216] tlb_flushall_shift: 2
[    0.061734] Freeing SMP alternatives memory: 32K (ffffffff81e6e000 - ffffffff81e76000)
[    0.068333] ACPI: Core revision 20131115
[    0.087963] ACPI: All ACPI Tables successfully acquired
[    0.113788] ftrace: allocating 28541 entries in 112 pages
[    0.200954] ..TIMER: vector=0x30 apic1=0 pin1=2 apic2=-1 pin2=-1
[    0.240676] smpboot: CPU0: Intel(R) Core(TM) i7-3612QM CPU @ 2.10GHz (fam: 06, model: 3a, stepping: 09)
[    0.348843] Performance Events: 16-deep LBR, IvyBridge events, full-width counters, Broken BIOS detected, complain to your hardware vendor.
[    0.348875] [Firmware Bug]: the BIOS has corrupted hw-PMU resources (MSR 38d is 3)
[    0.348878] Intel PMU driver.
[    0.348886] ... version:                3
[    0.348888] ... bit width:              48
[    0.348890] ... generic registers:      4
[    0.348892] ... value mask:             0000ffffffffffff
[    0.348893] ... max period:             0000ffffffffffff
[    0.348895] ... fixed-purpose events:   3
[    0.348897] ... event mask:             000000070000000f
[    0.384584] NMI watchdog: enabled on all CPUs, permanently consumes one hw-PMU counter.
[    0.391592] x86: Booting SMP configuration:
[    0.404033] Disabled fast string operations
[    0.404907] mce: CPU supports 0 MCE banks
[    0.419244] Disabled fast string operations
[    0.420146] mce: CPU supports 0 MCE banks
[    0.434354] Disabled fast string operations
[    0.435264] mce: CPU supports 0 MCE banks
[    0.449390] Disabled fast string operations
[    0.450253] mce: CPU supports 0 MCE banks
[    0.464150] Disabled fast string operations
[    0.465034] mce: CPU supports 0 MCE banks
[    0.479892] Disabled fast string operations
[    0.480768] mce: CPU supports 0 MCE banks
[    0.495018] Disabled fast string operations
[    0.495930] mce: CPU supports 0 MCE banks
[    0.391597] .... node  #0, CPUs:        #1  #2  #3  #4  #5  #6  #7
[    0.496159] x86: Booted up 1 node, 8 CPUs
[    0.496169] smpboot: Total of 8 processors activated (33523.85 BogoMIPS)
[    0.497076] x86 PAT enabled: cpu 4, old 0x0, new 0x7010600070106
[    0.497217] x86 PAT enabled: cpu 1, old 0x0, new 0x7010600070106
[    0.497358] x86 PAT enabled: cpu 6, old 0x0, new 0x7010600070106
[    0.497487] x86 PAT enabled: cpu 2, old 0x0, new 0x7010600070106
[    0.497628] x86 PAT enabled: cpu 5, old 0x0, new 0x7010600070106
[    0.497758] x86 PAT enabled: cpu 7, old 0x0, new 0x7010600070106
[    0.497930] x86 PAT enabled: cpu 0, old 0x0, new 0x7010600070106
[    0.498046] x86 PAT enabled: cpu 3, old 0x0, new 0x7010600070106
[    0.503764] devtmpfs: initialized
[    0.510845] EVM: security.selinux
[    0.510849] EVM: security.SMACK64
[    0.510851] EVM: security.ima
[    0.510853] EVM: security.capability
[    0.511502] PM: Registering ACPI NVS region [mem 0xbfeff000-0xbfefffff] (4096 bytes)
[    0.515043] pinctrl core: initialized pinctrl subsystem
[    0.515223] regulator-dummy: no parameters
[    0.515476] RTC time:  8:03:19, date: 03/31/15
[    0.515896] NET: Registered protocol family 16
[    0.516414] cpuidle: using governor ladder
[    0.516417] cpuidle: using governor menu
[    0.516486] ACPI: bus type PCI registered
[    0.516491] acpiphp: ACPI Hot Plug PCI Controller Driver version: 0.5
[    0.517099] PCI: MMCONFIG for domain 0000 [bus 00-7f] at [mem 0xf0000000-0xf7ffffff] (base 0xf0000000)
[    0.517105] PCI: MMCONFIG at [mem 0xf0000000-0xf7ffffff] reserved in E820
[    0.537402] PCI: Using configuration type 1 for base access
[    0.538427] mtrr: your CPUs had inconsistent variable MTRR settings
[    0.538431] mtrr: probably your BIOS does not setup all CPUs.
[    0.538433] mtrr: corrected configuration.
[    0.541787] bio: create slab <bio-0> at 0
[    0.545259] ACPI: Added _OSI(Module Device)
[    0.545265] ACPI: Added _OSI(Processor Device)
[    0.545267] ACPI: Added _OSI(3.0 _SCP Extensions)
[    0.545269] ACPI: Added _OSI(Processor Aggregator Device)
[    0.563816] [Firmware Bug]: ACPI: BIOS _OSI(Linux) query ignored
[    0.918655] ACPI: Interpreter enabled
[    0.918676] ACPI Exception: AE_NOT_FOUND, While evaluating Sleep State [\_S2_] (20131115/hwxface-580)
[    0.918684] ACPI Exception: AE_NOT_FOUND, While evaluating Sleep State [\_S3_] (20131115/hwxface-580)
[    0.918699] ACPI: (supports S0 S1 S4 S5)
[    0.918702] ACPI: Using IOAPIC for interrupt routing
[    0.918760] PCI: Using host bridge windows from ACPI; if necessary, use "pci=nocrs" and report a bug
[    0.960556] ACPI: No dock devices found.
[    1.312113] ACPI: PCI Root Bridge [PCI0] (domain 0000 [bus 00-7f])
[    1.312129] acpi PNP0A03:00: _OSC: OS supports [ExtendedConfig ASPM ClockPM Segments MSI]
[    1.312530] acpi PNP0A03:00: _OSC: platform does not support [AER]
[    1.312938] acpi PNP0A03:00: _OSC: OS now controls [PCIeHotplug PME PCIeCapability]
[    1.318429] PCI host bridge to bus 0000:00
[    1.318438] pci_bus 0000:00: root bus resource [bus 00-7f]
[    1.318442] pci_bus 0000:00: root bus resource [mem 0x000a0000-0x000bffff]
[    1.318445] pci_bus 0000:00: root bus resource [mem 0x000d0000-0x000d3fff]
[    1.318448] pci_bus 0000:00: root bus resource [mem 0x000d4000-0x000d7fff]
[    1.318451] pci_bus 0000:00: root bus resource [mem 0x000d8000-0x000dbfff]
[    1.318454] pci_bus 0000:00: root bus resource [mem 0xc0000000-0xfebfffff]
[    1.318457] pci_bus 0000:00: root bus resource [io  0x0000-0x0cf7]
[    1.318459] pci_bus 0000:00: root bus resource [io  0x0d00-0xfeff]
[    1.318583] pci 0000:00:00.0: [8086:7190] type 00 class 0x060000
[    1.319792] pci 0000:00:01.0: [8086:7191] type 01 class 0x060400
[    1.320929] pci 0000:00:07.0: [8086:7110] type 00 class 0x060100
[    1.323269] pci 0000:00:07.1: [8086:7111] type 00 class 0x01018a
[    1.329070] pci 0000:00:07.1: reg 0x20: [io  0x1060-0x106f]
[    1.331813] pci 0000:00:07.3: [8086:7113] type 00 class 0x068000
[    1.337563] pci 0000:00:07.3: quirk: [io  0x1000-0x103f] claimed by PIIX4 ACPI
[    1.337608] pci 0000:00:07.3: quirk: [io  0x1040-0x104f] claimed by PIIX4 SMB
[    1.338392] pci 0000:00:07.7: [15ad:0740] type 00 class 0x088000
[    1.340579] pci 0000:00:07.7: reg 0x10: [io  0x1080-0x10bf]
[    1.342764] pci 0000:00:07.7: reg 0x14: [mem 0xfebfe000-0xfebfffff 64bit]
[    1.352729] pci 0000:00:0f.0: [15ad:0405] type 00 class 0x030000
[    1.363384] pci 0000:00:0f.0: reg 0x10: [io  0x1070-0x107f]
[    1.372157] pci 0000:00:0f.0: reg 0x14: [mem 0xe8000000-0xefffffff pref]
[    1.380851] pci 0000:00:0f.0: reg 0x18: [mem 0xfe000000-0xfe7fffff]
[    1.416234] pci 0000:00:0f.0: reg 0x30: [mem 0x00000000-0x00007fff pref]
[    1.417172] pci 0000:00:10.0: [1000:0030] type 00 class 0x010000
[    1.420287] pci 0000:00:10.0: reg 0x10: [io  0x1400-0x14ff]
[    1.424734] pci 0000:00:10.0: reg 0x14: [mem 0xfeba0000-0xfebbffff 64bit]
[    1.427998] pci 0000:00:10.0: reg 0x1c: [mem 0xfebc0000-0xfebdffff 64bit]
[    1.433918] pci 0000:00:10.0: reg 0x30: [mem 0x00000000-0x00003fff pref]
[    1.434550] pci 0000:00:11.0: [15ad:0790] type 01 class 0x060401
[    1.435830] pci 0000:00:11.0: System wakeup disabled by ACPI
[    1.436239] pci 0000:00:15.0: [15ad:07a0] type 01 class 0x060400
[    1.437819] pci 0000:00:15.0: PME# supported from D0 D3hot D3cold
[    1.438367] pci 0000:00:15.0: System wakeup disabled by ACPI
[    1.438832] pci 0000:00:15.1: [15ad:07a0] type 01 class 0x060400
[    1.440340] pci 0000:00:15.1: PME# supported from D0 D3hot D3cold
[    1.440767] pci 0000:00:15.1: System wakeup disabled by ACPI
[    1.441140] pci 0000:00:15.2: [15ad:07a0] type 01 class 0x060400
[    1.442729] pci 0000:00:15.2: PME# supported from D0 D3hot D3cold
[    1.443174] pci 0000:00:15.2: System wakeup disabled by ACPI
[    1.443535] pci 0000:00:15.3: [15ad:07a0] type 01 class 0x060400
[    1.445034] pci 0000:00:15.3: PME# supported from D0 D3hot D3cold
[    1.445458] pci 0000:00:15.3: System wakeup disabled by ACPI
[    1.445820] pci 0000:00:15.4: [15ad:07a0] type 01 class 0x060400
[    1.447366] pci 0000:00:15.4: PME# supported from D0 D3hot D3cold
[    1.447792] pci 0000:00:15.4: System wakeup disabled by ACPI
[    1.448463] pci 0000:00:15.5: [15ad:07a0] type 01 class 0x060400
[    1.450020] pci 0000:00:15.5: PME# supported from D0 D3hot D3cold
[    1.450588] pci 0000:00:15.5: System wakeup disabled by ACPI
[    1.450921] pci 0000:00:15.6: [15ad:07a0] type 01 class 0x060400
[    1.452426] pci 0000:00:15.6: PME# supported from D0 D3hot D3cold
[    1.452850] pci 0000:00:15.6: System wakeup disabled by ACPI
[    1.453220] pci 0000:00:15.7: [15ad:07a0] type 01 class 0x060400
[    1.454760] pci 0000:00:15.7: PME# supported from D0 D3hot D3cold
[    1.455203] pci 0000:00:15.7: System wakeup disabled by ACPI
[    1.455545] pci 0000:00:16.0: [15ad:07a0] type 01 class 0x060400
[    1.457028] pci 0000:00:16.0: PME# supported from D0 D3hot D3cold
[    1.457452] pci 0000:00:16.0: System wakeup disabled by ACPI
[    1.457838] pci 0000:00:16.1: [15ad:07a0] type 01 class 0x060400
[    1.459384] pci 0000:00:16.1: PME# supported from D0 D3hot D3cold
[    1.459810] pci 0000:00:16.1: System wakeup disabled by ACPI
[    1.460193] pci 0000:00:16.2: [15ad:07a0] type 01 class 0x060400
[    1.461691] pci 0000:00:16.2: PME# supported from D0 D3hot D3cold
[    1.462262] pci 0000:00:16.2: System wakeup disabled by ACPI
[    1.462640] pci 0000:00:16.3: [15ad:07a0] type 01 class 0x060400
[    1.464148] pci 0000:00:16.3: PME# supported from D0 D3hot D3cold
[    1.464576] pci 0000:00:16.3: System wakeup disabled by ACPI
[    1.464917] pci 0000:00:16.4: [15ad:07a0] type 01 class 0x060400
[    1.466464] pci 0000:00:16.4: PME# supported from D0 D3hot D3cold
[    1.466891] pci 0000:00:16.4: System wakeup disabled by ACPI
[    1.467583] pci 0000:00:16.5: [15ad:07a0] type 01 class 0x060400
[    1.469091] pci 0000:00:16.5: PME# supported from D0 D3hot D3cold
[    1.469516] pci 0000:00:16.5: System wakeup disabled by ACPI
[    1.469923] pci 0000:00:16.6: [15ad:07a0] type 01 class 0x060400
[    1.471534] pci 0000:00:16.6: PME# supported from D0 D3hot D3cold
[    1.471977] pci 0000:00:16.6: System wakeup disabled by ACPI
[    1.472366] pci 0000:00:16.7: [15ad:07a0] type 01 class 0x060400
[    1.473886] pci 0000:00:16.7: PME# supported from D0 D3hot D3cold
[    1.474436] pci 0000:00:16.7: System wakeup disabled by ACPI
[    1.474801] pci 0000:00:17.0: [15ad:07a0] type 01 class 0x060400
[    1.476288] pci 0000:00:17.0: PME# supported from D0 D3hot D3cold
[    1.476715] pci 0000:00:17.0: System wakeup disabled by ACPI
[    1.477078] pci 0000:00:17.1: [15ad:07a0] type 01 class 0x060400
[    1.478639] pci 0000:00:17.1: PME# supported from D0 D3hot D3cold
[    1.479095] pci 0000:00:17.1: System wakeup disabled by ACPI
[    1.479433] pci 0000:00:17.2: [15ad:07a0] type 01 class 0x060400
[    1.480924] pci 0000:00:17.2: PME# supported from D0 D3hot D3cold
[    1.481377] pci 0000:00:17.2: System wakeup disabled by ACPI
[    1.481767] pci 0000:00:17.3: [15ad:07a0] type 01 class 0x060400
[    1.483313] pci 0000:00:17.3: PME# supported from D0 D3hot D3cold
[    1.483738] pci 0000:00:17.3: System wakeup disabled by ACPI
[    1.484086] pci 0000:00:17.4: [15ad:07a0] type 01 class 0x060400
[    1.485574] pci 0000:00:17.4: PME# supported from D0 D3hot D3cold
[    1.486064] pci 0000:00:17.4: System wakeup disabled by ACPI
[    1.486758] pci 0000:00:17.5: [15ad:07a0] type 01 class 0x060400
[    1.488263] pci 0000:00:17.5: PME# supported from D0 D3hot D3cold
[    1.488689] pci 0000:00:17.5: System wakeup disabled by ACPI
[    1.489050] pci 0000:00:17.6: [15ad:07a0] type 01 class 0x060400
[    1.490605] pci 0000:00:17.6: PME# supported from D0 D3hot D3cold
[    1.491059] pci 0000:00:17.6: System wakeup disabled by ACPI
[    1.491454] pci 0000:00:17.7: [15ad:07a0] type 01 class 0x060400
[    1.492971] pci 0000:00:17.7: PME# supported from D0 D3hot D3cold
[    1.493418] pci 0000:00:17.7: System wakeup disabled by ACPI
[    1.493767] pci 0000:00:18.0: [15ad:07a0] type 01 class 0x060400
[    1.495324] pci 0000:00:18.0: PME# supported from D0 D3hot D3cold
[    1.495750] pci 0000:00:18.0: System wakeup disabled by ACPI
[    1.496105] pci 0000:00:18.1: [15ad:07a0] type 01 class 0x060400
[    1.497587] pci 0000:00:18.1: PME# supported from D0 D3hot D3cold
[    1.498079] pci 0000:00:18.1: System wakeup disabled by ACPI
[    1.498461] pci 0000:00:18.2: [15ad:07a0] type 01 class 0x060400
[    1.499955] pci 0000:00:18.2: PME# supported from D0 D3hot D3cold
[    1.500402] pci 0000:00:18.2: System wakeup disabled by ACPI
[    1.500736] pci 0000:00:18.3: [15ad:07a0] type 01 class 0x060400
[    1.502305] pci 0000:00:18.3: PME# supported from D0 D3hot D3cold
[    1.502731] pci 0000:00:18.3: System wakeup disabled by ACPI
[    1.503180] pci 0000:00:18.4: [15ad:07a0] type 01 class 0x060400
[    1.504651] pci 0000:00:18.4: PME# supported from D0 D3hot D3cold
[    1.505102] pci 0000:00:18.4: System wakeup disabled by ACPI
[    1.505703] pci 0000:00:18.5: [15ad:07a0] type 01 class 0x060400
[    1.507266] pci 0000:00:18.5: PME# supported from D0 D3hot D3cold
[    1.507692] pci 0000:00:18.5: System wakeup disabled by ACPI
[    1.508063] pci 0000:00:18.6: [15ad:07a0] type 01 class 0x060400
[    1.509555] pci 0000:00:18.6: PME# supported from D0 D3hot D3cold
[    1.509998] pci 0000:00:18.6: System wakeup disabled by ACPI
[    1.510398] pci 0000:00:18.7: [15ad:07a0] type 01 class 0x060400
[    1.511895] pci 0000:00:18.7: PME# supported from D0 D3hot D3cold
[    1.512332] pci 0000:00:18.7: System wakeup disabled by ACPI
[    1.513441] pci 0000:00:01.0: PCI bridge to [bus 01]
[    1.514598] acpiphp: Slot [32] registered
[    1.514652] acpiphp: Slot [33] registered
[    1.514774] acpiphp: Slot [34] registered
[    1.514822] acpiphp: Slot [35] registered
[    1.514868] acpiphp: Slot [36] registered
[    1.514913] acpiphp: Slot [37] registered
[    1.514959] acpiphp: Slot [38] registered
[    1.515003] acpiphp: Slot [39] registered
[    1.515048] acpiphp: Slot [40] registered
[    1.515155] acpiphp: Slot [41] registered
[    1.515202] acpiphp: Slot [42] registered
[    1.515246] acpiphp: Slot [43] registered
[    1.515290] acpiphp: Slot [44] registered
[    1.515334] acpiphp: Slot [45] registered
[    1.515378] acpiphp: Slot [46] registered
[    1.515422] acpiphp: Slot [47] registered
[    1.515466] acpiphp: Slot [48] registered
[    1.515584] acpiphp: Slot [49] registered
[    1.515635] acpiphp: Slot [50] registered
[    1.515679] acpiphp: Slot [51] registered
[    1.515723] acpiphp: Slot [52] registered
[    1.515816] acpiphp: Slot [53] registered
[    1.515863] acpiphp: Slot [54] registered
[    1.515907] acpiphp: Slot [55] registered
[    1.515989] acpiphp: Slot [56] registered
[    1.516036] acpiphp: Slot [57] registered
[    1.516101] acpiphp: Slot [58] registered
[    1.516147] acpiphp: Slot [59] registered
[    1.516191] acpiphp: Slot [60] registered
[    1.516235] acpiphp: Slot [61] registered
[    1.516319] acpiphp: Slot [62] registered
[    1.516403] acpiphp: Slot [63] registered
[    1.516525] pci 0000:02:00.0: [15ad:0774] type 00 class 0x0c0300
[    1.521752] pci 0000:02:00.0: reg 0x20: [io  0x2080-0x209f]
[    1.523796] pci 0000:02:00.0: System wakeup disabled by ACPI
[    1.524104] pci 0000:02:01.0: [8086:100f] type 00 class 0x020000
[    1.526955] pci 0000:02:01.0: reg 0x10: [mem 0xfd5c0000-0xfd5dffff 64bit]
[    1.529674] pci 0000:02:01.0: reg 0x18: [mem 0xfdff0000-0xfdffffff 64bit]
[    1.532576] pci 0000:02:01.0: reg 0x20: [io  0x2000-0x203f]
[    1.539129] pci 0000:02:01.0: reg 0x30: [mem 0x00000000-0x0000ffff pref]
[    1.539932] pci 0000:02:01.0: System wakeup disabled by ACPI
[    1.540152] pci 0000:02:02.0: [1274:1371] type 00 class 0x040100
[    1.541503] pci 0000:02:02.0: reg 0x10: [io  0x2040-0x207f]
[    1.548603] pci 0000:02:02.0: System wakeup disabled by ACPI
[    1.548808] pci 0000:02:03.0: [15ad:0770] type 00 class 0x0c0320
[    1.550274] pci 0000:02:03.0: reg 0x10: [mem 0xfd5ef000-0xfd5effff]
[    1.558333] pci 0000:02:03.0: System wakeup disabled by ACPI
[    1.558731] pci 0000:02:05.0: [15ad:07e0] type 00 class 0x010601
[    1.566638] pci 0000:02:05.0: reg 0x24: [mem 0xfd5ee000-0xfd5eefff]
[    1.567980] pci 0000:02:05.0: reg 0x30: [mem 0x00000000-0x0000ffff pref]
[    1.568755] pci 0000:02:05.0: PME# supported from D3hot
[    1.569181] pci 0000:02:05.0: System wakeup disabled by ACPI
[    1.570198] pci 0000:00:11.0: PCI bridge to [bus 02] (subtractive decode)
[    1.570256] pci 0000:00:11.0:   bridge window [io  0x2000-0x3fff]
[    1.570304] pci 0000:00:11.0:   bridge window [mem 0xfd500000-0xfdffffff]
[    1.570390] pci 0000:00:11.0:   bridge window [mem 0xe7b00000-0xe7ffffff 64bit pref]
[    1.570395] pci 0000:00:11.0:   bridge window [mem 0x000a0000-0x000bffff] (subtractive decode)
[    1.570399] pci 0000:00:11.0:   bridge window [mem 0x000d0000-0x000d3fff] (subtractive decode)
[    1.570402] pci 0000:00:11.0:   bridge window [mem 0x000d4000-0x000d7fff] (subtractive decode)
[    1.570404] pci 0000:00:11.0:   bridge window [mem 0x000d8000-0x000dbfff] (subtractive decode)
[    1.570407] pci 0000:00:11.0:   bridge window [mem 0xc0000000-0xfebfffff] (subtractive decode)
[    1.570410] pci 0000:00:11.0:   bridge window [io  0x0000-0x0cf7] (subtractive decode)
[    1.570413] pci 0000:00:11.0:   bridge window [io  0x0d00-0xfeff] (subtractive decode)
[    1.571648] pci 0000:00:15.0: PCI bridge to [bus 03]
[    1.571695] pci 0000:00:15.0:   bridge window [io  0x4000-0x4fff]
[    1.571742] pci 0000:00:15.0:   bridge window [mem 0xfd400000-0xfd4fffff]
[    1.571828] pci 0000:00:15.0:   bridge window [mem 0xe7a00000-0xe7afffff 64bit pref]
[    1.572842] pci 0000:00:15.1: PCI bridge to [bus 04]
[    1.572889] pci 0000:00:15.1:   bridge window [io  0x8000-0x8fff]
[    1.572935] pci 0000:00:15.1:   bridge window [mem 0xfd000000-0xfd0fffff]
[    1.573021] pci 0000:00:15.1:   bridge window [mem 0xe7600000-0xe76fffff 64bit pref]
[    1.574000] pci 0000:00:15.2: PCI bridge to [bus 05]
[    1.574047] pci 0000:00:15.2:   bridge window [io  0xc000-0xcfff]
[    1.574093] pci 0000:00:15.2:   bridge window [mem 0xfcc00000-0xfccfffff]
[    1.574256] pci 0000:00:15.2:   bridge window [mem 0xe7200000-0xe72fffff 64bit pref]
[    1.575221] pci 0000:00:15.3: PCI bridge to [bus 06]
[    1.575309] pci 0000:00:15.3:   bridge window [mem 0xfc800000-0xfc8fffff]
[    1.575395] pci 0000:00:15.3:   bridge window [mem 0xe6e00000-0xe6efffff 64bit pref]
[    1.576371] pci 0000:00:15.4: PCI bridge to [bus 07]
[    1.576458] pci 0000:00:15.4:   bridge window [mem 0xfc400000-0xfc4fffff]
[    1.576544] pci 0000:00:15.4:   bridge window [mem 0xe6a00000-0xe6afffff 64bit pref]
[    1.577488] pci 0000:00:15.5: PCI bridge to [bus 08]
[    1.577575] pci 0000:00:15.5:   bridge window [mem 0xfc000000-0xfc0fffff]
[    1.577661] pci 0000:00:15.5:   bridge window [mem 0xe6600000-0xe66fffff 64bit pref]
[    1.578654] pci 0000:00:15.6: PCI bridge to [bus 09]
[    1.578741] pci 0000:00:15.6:   bridge window [mem 0xfbc00000-0xfbcfffff]
[    1.578827] pci 0000:00:15.6:   bridge window [mem 0xe6200000-0xe62fffff 64bit pref]
[    1.579828] pci 0000:00:15.7: PCI bridge to [bus 0a]
[    1.579915] pci 0000:00:15.7:   bridge window [mem 0xfb800000-0xfb8fffff]
[    1.580001] pci 0000:00:15.7:   bridge window [mem 0xe5e00000-0xe5efffff 64bit pref]
[    1.581018] pci 0000:00:16.0: PCI bridge to [bus 0b]
[    1.581065] pci 0000:00:16.0:   bridge window [io  0x5000-0x5fff]
[    1.581111] pci 0000:00:16.0:   bridge window [mem 0xfd300000-0xfd3fffff]
[    1.581226] pci 0000:00:16.0:   bridge window [mem 0xe7900000-0xe79fffff 64bit pref]
[    1.582268] pci 0000:00:16.1: PCI bridge to [bus 0c]
[    1.582316] pci 0000:00:16.1:   bridge window [io  0x9000-0x9fff]
[    1.582362] pci 0000:00:16.1:   bridge window [mem 0xfcf00000-0xfcffffff]
[    1.582448] pci 0000:00:16.1:   bridge window [mem 0xe7500000-0xe75fffff 64bit pref]
[    1.583402] pci 0000:00:16.2: PCI bridge to [bus 0d]
[    1.583448] pci 0000:00:16.2:   bridge window [io  0xd000-0xdfff]
[    1.583494] pci 0000:00:16.2:   bridge window [mem 0xfcb00000-0xfcbfffff]
[    1.583580] pci 0000:00:16.2:   bridge window [mem 0xe7100000-0xe71fffff 64bit pref]
[    1.584496] pci 0000:00:16.3: PCI bridge to [bus 0e]
[    1.584583] pci 0000:00:16.3:   bridge window [mem 0xfc700000-0xfc7fffff]
[    1.584668] pci 0000:00:16.3:   bridge window [mem 0xe6d00000-0xe6dfffff 64bit pref]
[    1.585656] pci 0000:00:16.4: PCI bridge to [bus 0f]
[    1.585743] pci 0000:00:16.4:   bridge window [mem 0xfc300000-0xfc3fffff]
[    1.585828] pci 0000:00:16.4:   bridge window [mem 0xe6900000-0xe69fffff 64bit pref]
[    1.586852] pci 0000:00:16.5: PCI bridge to [bus 10]
[    1.586940] pci 0000:00:16.5:   bridge window [mem 0xfbf00000-0xfbffffff]
[    1.587026] pci 0000:00:16.5:   bridge window [mem 0xe6500000-0xe65fffff 64bit pref]
[    1.587965] pci 0000:00:16.6: PCI bridge to [bus 11]
[    1.588051] pci 0000:00:16.6:   bridge window [mem 0xfbb00000-0xfbbfffff]
[    1.588158] pci 0000:00:16.6:   bridge window [mem 0xe6100000-0xe61fffff 64bit pref]
[    1.589137] pci 0000:00:16.7: PCI bridge to [bus 12]
[    1.589246] pci 0000:00:16.7:   bridge window [mem 0xfb700000-0xfb7fffff]
[    1.589332] pci 0000:00:16.7:   bridge window [mem 0xe5d00000-0xe5dfffff 64bit pref]
[    1.590356] pci 0000:00:17.0: PCI bridge to [bus 13]
[    1.590402] pci 0000:00:17.0:   bridge window [io  0x6000-0x6fff]
[    1.590449] pci 0000:00:17.0:   bridge window [mem 0xfd200000-0xfd2fffff]
[    1.590535] pci 0000:00:17.0:   bridge window [mem 0xe7800000-0xe78fffff 64bit pref]
[    1.591445] pci 0000:00:17.1: PCI bridge to [bus 14]
[    1.591491] pci 0000:00:17.1:   bridge window [io  0xa000-0xafff]
[    1.591537] pci 0000:00:17.1:   bridge window [mem 0xfce00000-0xfcefffff]
[    1.591623] pci 0000:00:17.1:   bridge window [mem 0xe7400000-0xe74fffff 64bit pref]
[    1.592658] pci 0000:00:17.2: PCI bridge to [bus 15]
[    1.592705] pci 0000:00:17.2:   bridge window [io  0xe000-0xefff]
[    1.592751] pci 0000:00:17.2:   bridge window [mem 0xfca00000-0xfcafffff]
[    1.592837] pci 0000:00:17.2:   bridge window [mem 0xe7000000-0xe70fffff 64bit pref]
[    1.593743] pci 0000:00:17.3: PCI bridge to [bus 16]
[    1.593829] pci 0000:00:17.3:   bridge window [mem 0xfc600000-0xfc6fffff]
[    1.593933] pci 0000:00:17.3:   bridge window [mem 0xe6c00000-0xe6cfffff 64bit pref]
[    1.594924] pci 0000:00:17.4: PCI bridge to [bus 17]
[    1.595011] pci 0000:00:17.4:   bridge window [mem 0xfc200000-0xfc2fffff]
[    1.595098] pci 0000:00:17.4:   bridge window [mem 0xe6800000-0xe68fffff 64bit pref]
[    1.596062] pci 0000:00:17.5: PCI bridge to [bus 18]
[    1.596149] pci 0000:00:17.5:   bridge window [mem 0xfbe00000-0xfbefffff]
[    1.596258] pci 0000:00:17.5:   bridge window [mem 0xe6400000-0xe64fffff 64bit pref]
[    1.597213] pci 0000:00:17.6: PCI bridge to [bus 19]
[    1.597300] pci 0000:00:17.6:   bridge window [mem 0xfba00000-0xfbafffff]
[    1.597386] pci 0000:00:17.6:   bridge window [mem 0xe6000000-0xe60fffff 64bit pref]
[    1.598405] pci 0000:00:17.7: PCI bridge to [bus 1a]
[    1.598492] pci 0000:00:17.7:   bridge window [mem 0xfb600000-0xfb6fffff]
[    1.598579] pci 0000:00:17.7:   bridge window [mem 0xe5c00000-0xe5cfffff 64bit pref]
[    1.599550] pci 0000:00:18.0: PCI bridge to [bus 1b]
[    1.599596] pci 0000:00:18.0:   bridge window [io  0x7000-0x7fff]
[    1.599642] pci 0000:00:18.0:   bridge window [mem 0xfd100000-0xfd1fffff]
[    1.599728] pci 0000:00:18.0:   bridge window [mem 0xe7700000-0xe77fffff 64bit pref]
[    1.600628] pci 0000:00:18.1: PCI bridge to [bus 1c]
[    1.600674] pci 0000:00:18.1:   bridge window [io  0xb000-0xbfff]
[    1.600720] pci 0000:00:18.1:   bridge window [mem 0xfcd00000-0xfcdfffff]
[    1.600806] pci 0000:00:18.1:   bridge window [mem 0xe7300000-0xe73fffff 64bit pref]
[    1.601766] pci 0000:00:18.2: PCI bridge to [bus 1d]
[    1.601852] pci 0000:00:18.2:   bridge window [mem 0xfc900000-0xfc9fffff]
[    1.601956] pci 0000:00:18.2:   bridge window [mem 0xe6f00000-0xe6ffffff 64bit pref]
[    1.602976] pci 0000:00:18.3: PCI bridge to [bus 1e]
[    1.603062] pci 0000:00:18.3:   bridge window [mem 0xfc500000-0xfc5fffff]
[    1.603148] pci 0000:00:18.3:   bridge window [mem 0xe6b00000-0xe6bfffff 64bit pref]
[    1.604042] pci 0000:00:18.4: PCI bridge to [bus 1f]
[    1.604129] pci 0000:00:18.4:   bridge window [mem 0xfc100000-0xfc1fffff]
[    1.604226] pci 0000:00:18.4:   bridge window [mem 0xe6700000-0xe67fffff 64bit pref]
[    1.605183] pci 0000:00:18.5: PCI bridge to [bus 20]
[    1.605270] pci 0000:00:18.5:   bridge window [mem 0xfbd00000-0xfbdfffff]
[    1.605356] pci 0000:00:18.5:   bridge window [mem 0xe6300000-0xe63fffff 64bit pref]
[    1.606335] pci 0000:00:18.6: PCI bridge to [bus 21]
[    1.606422] pci 0000:00:18.6:   bridge window [mem 0xfb900000-0xfb9fffff]
[    1.606508] pci 0000:00:18.6:   bridge window [mem 0xe5f00000-0xe5ffffff 64bit pref]
[    1.607464] pci 0000:00:18.7: PCI bridge to [bus 22]
[    1.607551] pci 0000:00:18.7:   bridge window [mem 0xfb500000-0xfb5fffff]
[    1.607637] pci 0000:00:18.7:   bridge window [mem 0xe5b00000-0xe5bfffff 64bit pref]
[    1.613053] ACPI: PCI Interrupt Link [LNKA] (IRQs 3 4 5 6 7 *9 10 11 14 15)
[    1.613266] ACPI: PCI Interrupt Link [LNKB] (IRQs 3 4 5 6 7 9 10 *11 14 15)
[    1.613439] ACPI: PCI Interrupt Link [LNKC] (IRQs 3 4 5 6 7 9 *10 11 14 15)
[    1.613610] ACPI: PCI Interrupt Link [LNKD] (IRQs 3 4 *5 6 7 9 10 11 14 15)
[    1.839277] ACPI: Enabled 2 GPEs in block 00 to 0F
[    1.839293] ACPI: \_SB_.PCI0: notify handler is installed
[    1.839606] Found 1 acpi root devices
[    1.840123] vgaarb: device added: PCI:0000:00:0f.0,decodes=io+mem,owns=io+mem,locks=none
[    1.840140] vgaarb: loaded
[    1.840143] vgaarb: bridge control possible 0000:00:0f.0
[    1.841149] SCSI subsystem initialized
[    1.841955] libata version 3.00 loaded.
[    1.841999] ACPI: bus type USB registered
[    1.842092] usbcore: registered new interface driver usbfs
[    1.842108] usbcore: registered new interface driver hub
[    1.842650] usbcore: registered new device driver usb
[    1.844596] PCI: Using ACPI for IRQ routing
[    1.904706] PCI: pci_cache_line_size set to 64 bytes
[    1.906812] e820: reserve RAM buffer [mem 0x0009ec00-0x0009ffff]
[    1.906819] e820: reserve RAM buffer [mem 0xbfee0000-0xbfffffff]
[    1.907166] NetLabel: Initializing
[    1.907170] NetLabel:  domain hash size = 128
[    1.907172] NetLabel:  protocols = UNLABELED CIPSOv4
[    1.907190] NetLabel:  unlabeled traffic allowed by default
[    1.907718] hpet0: at MMIO 0xfed00000, IRQs 2, 8, 0, 0, 0, 0, 0, 0, 0, 0, 0, 0, 0, 0, 0, 0
[    1.907734] hpet0: 16 comparators, 64-bit 14.318180 MHz counter
[    1.911234] Switched to clocksource hpet
[    1.960170] AppArmor: AppArmor Filesystem Enabled
[    1.960217] pnp: PnP ACPI init
[    1.960317] ACPI: bus type PNP registered
[    1.960745] system 00:00: [io  0x1000-0x103f] could not be reserved
[    1.960750] system 00:00: [io  0x1040-0x104f] has been reserved
[    1.960755] system 00:00: [io  0x0cf0-0x0cf1] has been reserved
[    1.960761] system 00:00: Plug and Play ACPI device, IDs PNP0c02 (active)
[    1.960781] pnp 00:01: [dma 4]
[    1.960853] pnp 00:01: Plug and Play ACPI device, IDs PNP0200 (active)
[    1.960892] pnp 00:02: Plug and Play ACPI device, IDs PNP0001 (active)
[    1.960996] pnp 00:03: Plug and Play ACPI device, IDs PNP0b00 (active)
[    1.961032] pnp 00:04: Plug and Play ACPI device, IDs PNP0800 (active)
[    1.961233] pnp 00:05: Plug and Play ACPI device, IDs PNP0303 (active)
[    1.961285] pnp 00:06: Plug and Play ACPI device, IDs PNP0f13 (active)
[    1.961785] system 00:07: [mem 0xfed00000-0xfed003ff] has been reserved
[    1.961791] system 00:07: Plug and Play ACPI device, IDs PNP0103 PNP0c01 (active)
[    1.965362] pnp 00:08: Plug and Play ACPI device, IDs PNP0400 (active)
[    1.965869] pnp 00:09: Plug and Play ACPI device, IDs PNP0501 (active)
[    1.966375] pnp 00:0a: Plug and Play ACPI device, IDs PNP0501 (active)
[    1.966762] pnp 00:0b: [dma 2]
[    1.966882] pnp 00:0b: Plug and Play ACPI device, IDs PNP0700 (active)
[    1.967366] system 00:0c: [io  0xfce0-0xfcff] has been reserved
[    1.967374] system 00:0c: [mem 0xf0000000-0xf7ffffff] has been reserved
[    1.967380] system 00:0c: [mem 0xfe800000-0xfe9fffff] has been reserved
[    1.967385] system 00:0c: Plug and Play ACPI device, IDs PNP0c02 (active)
[    2.104083] pnp: PnP ACPI: found 13 devices
[    2.104089] ACPI: bus type PNP unregistered
[    2.129149] pci 0000:00:15.3: bridge window [io  0x1000-0x0fff] to [bus 06] add_size 1000
[    2.129280] pci 0000:00:15.4: bridge window [io  0x1000-0x0fff] to [bus 07] add_size 1000
[    2.129408] pci 0000:00:15.5: bridge window [io  0x1000-0x0fff] to [bus 08] add_size 1000
[    2.129536] pci 0000:00:15.6: bridge window [io  0x1000-0x0fff] to [bus 09] add_size 1000
[    2.129663] pci 0000:00:15.7: bridge window [io  0x1000-0x0fff] to [bus 0a] add_size 1000
[    2.130175] pci 0000:00:16.3: bridge window [io  0x1000-0x0fff] to [bus 0e] add_size 1000
[    2.130303] pci 0000:00:16.4: bridge window [io  0x1000-0x0fff] to [bus 0f] add_size 1000
[    2.130430] pci 0000:00:16.5: bridge window [io  0x1000-0x0fff] to [bus 10] add_size 1000
[    2.130558] pci 0000:00:16.6: bridge window [io  0x1000-0x0fff] to [bus 11] add_size 1000
[    2.130685] pci 0000:00:16.7: bridge window [io  0x1000-0x0fff] to [bus 12] add_size 1000
[    2.131195] pci 0000:00:17.3: bridge window [io  0x1000-0x0fff] to [bus 16] add_size 1000
[    2.131322] pci 0000:00:17.4: bridge window [io  0x1000-0x0fff] to [bus 17] add_size 1000
[    2.131479] pci 0000:00:17.5: bridge window [io  0x1000-0x0fff] to [bus 18] add_size 1000
[    2.131607] pci 0000:00:17.6: bridge window [io  0x1000-0x0fff] to [bus 19] add_size 1000
[    2.131734] pci 0000:00:17.7: bridge window [io  0x1000-0x0fff] to [bus 1a] add_size 1000
[    2.132121] pci 0000:00:18.2: bridge window [io  0x1000-0x0fff] to [bus 1d] add_size 1000
[    2.132249] pci 0000:00:18.3: bridge window [io  0x1000-0x0fff] to [bus 1e] add_size 1000
[    2.132376] pci 0000:00:18.4: bridge window [io  0x1000-0x0fff] to [bus 1f] add_size 1000
[    2.132503] pci 0000:00:18.5: bridge window [io  0x1000-0x0fff] to [bus 20] add_size 1000
[    2.132671] pci 0000:00:18.6: bridge window [io  0x1000-0x0fff] to [bus 21] add_size 1000
[    2.132802] pci 0000:00:18.7: bridge window [io  0x1000-0x0fff] to [bus 22] add_size 1000
[    2.132888] pci 0000:00:15.3: res[13]=[io  0x1000-0x0fff] get_res_add_size add_size 1000
[    2.132892] pci 0000:00:15.4: res[13]=[io  0x1000-0x0fff] get_res_add_size add_size 1000
[    2.132895] pci 0000:00:15.5: res[13]=[io  0x1000-0x0fff] get_res_add_size add_size 1000
[    2.132898] pci 0000:00:15.6: res[13]=[io  0x1000-0x0fff] get_res_add_size add_size 1000
[    2.132901] pci 0000:00:15.7: res[13]=[io  0x1000-0x0fff] get_res_add_size add_size 1000
[    2.132904] pci 0000:00:16.3: res[13]=[io  0x1000-0x0fff] get_res_add_size add_size 1000
[    2.132907] pci 0000:00:16.4: res[13]=[io  0x1000-0x0fff] get_res_add_size add_size 1000
[    2.132910] pci 0000:00:16.5: res[13]=[io  0x1000-0x0fff] get_res_add_size add_size 1000
[    2.132913] pci 0000:00:16.6: res[13]=[io  0x1000-0x0fff] get_res_add_size add_size 1000
[    2.132916] pci 0000:00:16.7: res[13]=[io  0x1000-0x0fff] get_res_add_size add_size 1000
[    2.132919] pci 0000:00:17.3: res[13]=[io  0x1000-0x0fff] get_res_add_size add_size 1000
[    2.132922] pci 0000:00:17.4: res[13]=[io  0x1000-0x0fff] get_res_add_size add_size 1000
[    2.132925] pci 0000:00:17.5: res[13]=[io  0x1000-0x0fff] get_res_add_size add_size 1000
[    2.132928] pci 0000:00:17.6: res[13]=[io  0x1000-0x0fff] get_res_add_size add_size 1000
[    2.132931] pci 0000:00:17.7: res[13]=[io  0x1000-0x0fff] get_res_add_size add_size 1000
[    2.132934] pci 0000:00:18.2: res[13]=[io  0x1000-0x0fff] get_res_add_size add_size 1000
[    2.132937] pci 0000:00:18.3: res[13]=[io  0x1000-0x0fff] get_res_add_size add_size 1000
[    2.132940] pci 0000:00:18.4: res[13]=[io  0x1000-0x0fff] get_res_add_size add_size 1000
[    2.132943] pci 0000:00:18.5: res[13]=[io  0x1000-0x0fff] get_res_add_size add_size 1000
[    2.132946] pci 0000:00:18.6: res[13]=[io  0x1000-0x0fff] get_res_add_size add_size 1000
[    2.132949] pci 0000:00:18.7: res[13]=[io  0x1000-0x0fff] get_res_add_size add_size 1000
[    2.132957] pci 0000:00:0f.0: BAR 6: assigned [mem 0xc0000000-0xc0007fff pref]
[    2.132964] pci 0000:00:10.0: BAR 6: assigned [mem 0xc0008000-0xc000bfff pref]
[    2.132970] pci 0000:00:15.3: BAR 13: can't assign io (size 0x1000)
[    2.132976] pci 0000:00:15.4: BAR 13: can't assign io (size 0x1000)
[    2.132980] pci 0000:00:15.5: BAR 13: can't assign io (size 0x1000)
[    2.132985] pci 0000:00:15.6: BAR 13: can't assign io (size 0x1000)
[    2.132989] pci 0000:00:15.7: BAR 13: can't assign io (size 0x1000)
[    2.132993] pci 0000:00:16.3: BAR 13: can't assign io (size 0x1000)
[    2.132997] pci 0000:00:16.4: BAR 13: can't assign io (size 0x1000)
[    2.133001] pci 0000:00:16.5: BAR 13: can't assign io (size 0x1000)
[    2.133005] pci 0000:00:16.6: BAR 13: can't assign io (size 0x1000)
[    2.133009] pci 0000:00:16.7: BAR 13: can't assign io (size 0x1000)
[    2.133013] pci 0000:00:17.3: BAR 13: can't assign io (size 0x1000)
[    2.133017] pci 0000:00:17.4: BAR 13: can't assign io (size 0x1000)
[    2.133021] pci 0000:00:17.5: BAR 13: can't assign io (size 0x1000)
[    2.133025] pci 0000:00:17.6: BAR 13: can't assign io (size 0x1000)
[    2.133029] pci 0000:00:17.7: BAR 13: can't assign io (size 0x1000)
[    2.133033] pci 0000:00:18.2: BAR 13: can't assign io (size 0x1000)
[    2.133037] pci 0000:00:18.3: BAR 13: can't assign io (size 0x1000)
[    2.133041] pci 0000:00:18.4: BAR 13: can't assign io (size 0x1000)
[    2.133045] pci 0000:00:18.5: BAR 13: can't assign io (size 0x1000)
[    2.133048] pci 0000:00:18.6: BAR 13: can't assign io (size 0x1000)
[    2.133052] pci 0000:00:18.7: BAR 13: can't assign io (size 0x1000)
[    2.133062] pci 0000:00:18.7: BAR 13: can't assign io (size 0x1000)
[    2.133066] pci 0000:00:18.6: BAR 13: can't assign io (size 0x1000)
[    2.133070] pci 0000:00:18.5: BAR 13: can't assign io (size 0x1000)
[    2.133074] pci 0000:00:18.4: BAR 13: can't assign io (size 0x1000)
[    2.133078] pci 0000:00:18.3: BAR 13: can't assign io (size 0x1000)
[    2.133082] pci 0000:00:18.2: BAR 13: can't assign io (size 0x1000)
[    2.133086] pci 0000:00:17.7: BAR 13: can't assign io (size 0x1000)
[    2.133090] pci 0000:00:17.6: BAR 13: can't assign io (size 0x1000)
[    2.133094] pci 0000:00:17.5: BAR 13: can't assign io (size 0x1000)
[    2.133098] pci 0000:00:17.4: BAR 13: can't assign io (size 0x1000)
[    2.133102] pci 0000:00:17.3: BAR 13: can't assign io (size 0x1000)
[    2.133106] pci 0000:00:16.7: BAR 13: can't assign io (size 0x1000)
[    2.133110] pci 0000:00:16.6: BAR 13: can't assign io (size 0x1000)
[    2.133114] pci 0000:00:16.5: BAR 13: can't assign io (size 0x1000)
[    2.133118] pci 0000:00:16.4: BAR 13: can't assign io (size 0x1000)
[    2.133122] pci 0000:00:16.3: BAR 13: can't assign io (size 0x1000)
[    2.133126] pci 0000:00:15.7: BAR 13: can't assign io (size 0x1000)
[    2.133130] pci 0000:00:15.6: BAR 13: can't assign io (size 0x1000)
[    2.133134] pci 0000:00:15.5: BAR 13: can't assign io (size 0x1000)
[    2.133137] pci 0000:00:15.4: BAR 13: can't assign io (size 0x1000)
[    2.133141] pci 0000:00:15.3: BAR 13: can't assign io (size 0x1000)
[    2.133146] pci 0000:00:01.0: PCI bridge to [bus 01]
[    2.133344] pci 0000:02:01.0: BAR 6: assigned [mem 0xe7b00000-0xe7b0ffff pref]
[    2.133349] pci 0000:02:05.0: BAR 6: assigned [mem 0xe7b10000-0xe7b1ffff pref]
[    2.133352] pci 0000:00:11.0: PCI bridge to [bus 02]
[    2.133380] pci 0000:00:11.0:   bridge window [io  0x2000-0x3fff]
[    2.133445] pci 0000:00:11.0:   bridge window [mem 0xfd500000-0xfdffffff]
[    2.133491] pci 0000:00:11.0:   bridge window [mem 0xe7b00000-0xe7ffffff 64bit pref]
[    2.133578] pci 0000:00:15.0: PCI bridge to [bus 03]
[    2.133604] pci 0000:00:15.0:   bridge window [io  0x4000-0x4fff]
[    2.133669] pci 0000:00:15.0:   bridge window [mem 0xfd400000-0xfd4fffff]
[    2.133715] pci 0000:00:15.0:   bridge window [mem 0xe7a00000-0xe7afffff 64bit pref]
[    2.133891] pci 0000:00:15.1: PCI bridge to [bus 04]
[    2.133921] pci 0000:00:15.1:   bridge window [io  0x8000-0x8fff]
[    2.133988] pci 0000:00:15.1:   bridge window [mem 0xfd000000-0xfd0fffff]
[    2.134033] pci 0000:00:15.1:   bridge window [mem 0xe7600000-0xe76fffff 64bit pref]
[    2.134159] pci 0000:00:15.2: PCI bridge to [bus 05]
[    2.134188] pci 0000:00:15.2:   bridge window [io  0xc000-0xcfff]
[    2.134254] pci 0000:00:15.2:   bridge window [mem 0xfcc00000-0xfccfffff]
[    2.134300] pci 0000:00:15.2:   bridge window [mem 0xe7200000-0xe72fffff 64bit pref]
[    2.134419] pci 0000:00:15.3: PCI bridge to [bus 06]
[    2.134488] pci 0000:00:15.3:   bridge window [mem 0xfc800000-0xfc8fffff]
[    2.134533] pci 0000:00:15.3:   bridge window [mem 0xe6e00000-0xe6efffff 64bit pref]
[    2.134651] pci 0000:00:15.4: PCI bridge to [bus 07]
[    2.134719] pci 0000:00:15.4:   bridge window [mem 0xfc400000-0xfc4fffff]
[    2.134765] pci 0000:00:15.4:   bridge window [mem 0xe6a00000-0xe6afffff 64bit pref]
[    2.134884] pci 0000:00:15.5: PCI bridge to [bus 08]
[    2.134952] pci 0000:00:15.5:   bridge window [mem 0xfc000000-0xfc0fffff]
[    2.134998] pci 0000:00:15.5:   bridge window [mem 0xe6600000-0xe66fffff 64bit pref]
[    2.135114] pci 0000:00:15.6: PCI bridge to [bus 09]
[    2.135182] pci 0000:00:15.6:   bridge window [mem 0xfbc00000-0xfbcfffff]
[    2.135227] pci 0000:00:15.6:   bridge window [mem 0xe6200000-0xe62fffff 64bit pref]
[    2.135344] pci 0000:00:15.7: PCI bridge to [bus 0a]
[    2.135442] pci 0000:00:15.7:   bridge window [mem 0xfb800000-0xfb8fffff]
[    2.135488] pci 0000:00:15.7:   bridge window [mem 0xe5e00000-0xe5efffff 64bit pref]
[    2.135609] pci 0000:00:16.0: PCI bridge to [bus 0b]
[    2.135638] pci 0000:00:16.0:   bridge window [io  0x5000-0x5fff]
[    2.135704] pci 0000:00:16.0:   bridge window [mem 0xfd300000-0xfd3fffff]
[    2.135750] pci 0000:00:16.0:   bridge window [mem 0xe7900000-0xe79fffff 64bit pref]
[    2.135892] pci 0000:00:16.1: PCI bridge to [bus 0c]
[    2.135921] pci 0000:00:16.1:   bridge window [io  0x9000-0x9fff]
[    2.135987] pci 0000:00:16.1:   bridge window [mem 0xfcf00000-0xfcffffff]
[    2.136032] pci 0000:00:16.1:   bridge window [mem 0xe7500000-0xe75fffff 64bit pref]
[    2.136151] pci 0000:00:16.2: PCI bridge to [bus 0d]
[    2.136179] pci 0000:00:16.2:   bridge window [io  0xd000-0xdfff]
[    2.136245] pci 0000:00:16.2:   bridge window [mem 0xfcb00000-0xfcbfffff]
[    2.136291] pci 0000:00:16.2:   bridge window [mem 0xe7100000-0xe71fffff 64bit pref]
[    2.136417] pci 0000:00:16.3: PCI bridge to [bus 0e]
[    2.136486] pci 0000:00:16.3:   bridge window [mem 0xfc700000-0xfc7fffff]
[    2.136531] pci 0000:00:16.3:   bridge window [mem 0xe6d00000-0xe6dfffff 64bit pref]
[    2.136654] pci 0000:00:16.4: PCI bridge to [bus 0f]
[    2.136722] pci 0000:00:16.4:   bridge window [mem 0xfc300000-0xfc3fffff]
[    2.136768] pci 0000:00:16.4:   bridge window [mem 0xe6900000-0xe69fffff 64bit pref]
[    2.136887] pci 0000:00:16.5: PCI bridge to [bus 10]
[    2.136954] pci 0000:00:16.5:   bridge window [mem 0xfbf00000-0xfbffffff]
[    2.137000] pci 0000:00:16.5:   bridge window [mem 0xe6500000-0xe65fffff 64bit pref]
[    2.137116] pci 0000:00:16.6: PCI bridge to [bus 11]
[    2.137184] pci 0000:00:16.6:   bridge window [mem 0xfbb00000-0xfbbfffff]
[    2.137229] pci 0000:00:16.6:   bridge window [mem 0xe6100000-0xe61fffff 64bit pref]
[    2.137345] pci 0000:00:16.7: PCI bridge to [bus 12]
[    2.137413] pci 0000:00:16.7:   bridge window [mem 0xfb700000-0xfb7fffff]
[    2.137458] pci 0000:00:16.7:   bridge window [mem 0xe5d00000-0xe5dfffff 64bit pref]
[    2.137575] pci 0000:00:17.0: PCI bridge to [bus 13]
[    2.137603] pci 0000:00:17.0:   bridge window [io  0x6000-0x6fff]
[    2.137669] pci 0000:00:17.0:   bridge window [mem 0xfd200000-0xfd2fffff]
[    2.137714] pci 0000:00:17.0:   bridge window [mem 0xe7800000-0xe78fffff 64bit pref]
[    2.137834] pci 0000:00:17.1: PCI bridge to [bus 14]
[    2.137870] pci 0000:00:17.1:   bridge window [io  0xa000-0xafff]
[    2.137937] pci 0000:00:17.1:   bridge window [mem 0xfce00000-0xfcefffff]
[    2.137982] pci 0000:00:17.1:   bridge window [mem 0xe7400000-0xe74fffff 64bit pref]
[    2.138102] pci 0000:00:17.2: PCI bridge to [bus 15]
[    2.138130] pci 0000:00:17.2:   bridge window [io  0xe000-0xefff]
[    2.138196] pci 0000:00:17.2:   bridge window [mem 0xfca00000-0xfcafffff]
[    2.138241] pci 0000:00:17.2:   bridge window [mem 0xe7000000-0xe70fffff 64bit pref]
[    2.138359] pci 0000:00:17.3: PCI bridge to [bus 16]
[    2.138427] pci 0000:00:17.3:   bridge window [mem 0xfc600000-0xfc6fffff]
[    2.138472] pci 0000:00:17.3:   bridge window [mem 0xe6c00000-0xe6cfffff 64bit pref]
[    2.138588] pci 0000:00:17.4: PCI bridge to [bus 17]
[    2.138656] pci 0000:00:17.4:   bridge window [mem 0xfc200000-0xfc2fffff]
[    2.138702] pci 0000:00:17.4:   bridge window [mem 0xe6800000-0xe68fffff 64bit pref]
[    2.138836] pci 0000:00:17.5: PCI bridge to [bus 18]
[    2.138904] pci 0000:00:17.5:   bridge window [mem 0xfbe00000-0xfbefffff]
[    2.138950] pci 0000:00:17.5:   bridge window [mem 0xe6400000-0xe64fffff 64bit pref]
[    2.139066] pci 0000:00:17.6: PCI bridge to [bus 19]
[    2.139133] pci 0000:00:17.6:   bridge window [mem 0xfba00000-0xfbafffff]
[    2.139179] pci 0000:00:17.6:   bridge window [mem 0xe6000000-0xe60fffff 64bit pref]
[    2.139294] pci 0000:00:17.7: PCI bridge to [bus 1a]
[    2.139389] pci 0000:00:17.7:   bridge window [mem 0xfb600000-0xfb6fffff]
[    2.139437] pci 0000:00:17.7:   bridge window [mem 0xe5c00000-0xe5cfffff 64bit pref]
[    2.139556] pci 0000:00:18.0: PCI bridge to [bus 1b]
[    2.139585] pci 0000:00:18.0:   bridge window [io  0x7000-0x7fff]
[    2.139651] pci 0000:00:18.0:   bridge window [mem 0xfd100000-0xfd1fffff]
[    2.139696] pci 0000:00:18.0:   bridge window [mem 0xe7700000-0xe77fffff 64bit pref]
[    2.139814] pci 0000:00:18.1: PCI bridge to [bus 1c]
[    2.139859] pci 0000:00:18.1:   bridge window [io  0xb000-0xbfff]
[    2.139925] pci 0000:00:18.1:   bridge window [mem 0xfcd00000-0xfcdfffff]
[    2.139970] pci 0000:00:18.1:   bridge window [mem 0xe7300000-0xe73fffff 64bit pref]
[    2.140088] pci 0000:00:18.2: PCI bridge to [bus 1d]
[    2.140156] pci 0000:00:18.2:   bridge window [mem 0xfc900000-0xfc9fffff]
[    2.140202] pci 0000:00:18.2:   bridge window [mem 0xe6f00000-0xe6ffffff 64bit pref]
[    2.140318] pci 0000:00:18.3: PCI bridge to [bus 1e]
[    2.140386] pci 0000:00:18.3:   bridge window [mem 0xfc500000-0xfc5fffff]
[    2.140431] pci 0000:00:18.3:   bridge window [mem 0xe6b00000-0xe6bfffff 64bit pref]
[    2.140547] pci 0000:00:18.4: PCI bridge to [bus 1f]
[    2.140615] pci 0000:00:18.4:   bridge window [mem 0xfc100000-0xfc1fffff]
[    2.140660] pci 0000:00:18.4:   bridge window [mem 0xe6700000-0xe67fffff 64bit pref]
[    2.140776] pci 0000:00:18.5: PCI bridge to [bus 20]
[    2.140860] pci 0000:00:18.5:   bridge window [mem 0xfbd00000-0xfbdfffff]
[    2.140906] pci 0000:00:18.5:   bridge window [mem 0xe6300000-0xe63fffff 64bit pref]
[    2.141021] pci 0000:00:18.6: PCI bridge to [bus 21]
[    2.141088] pci 0000:00:18.6:   bridge window [mem 0xfb900000-0xfb9fffff]
[    2.141134] pci 0000:00:18.6:   bridge window [mem 0xe5f00000-0xe5ffffff 64bit pref]
[    2.141249] pci 0000:00:18.7: PCI bridge to [bus 22]
[    2.141317] pci 0000:00:18.7:   bridge window [mem 0xfb500000-0xfb5fffff]
[    2.141362] pci 0000:00:18.7:   bridge window [mem 0xe5b00000-0xe5bfffff 64bit pref]
[    2.141479] pci_bus 0000:00: resource 4 [mem 0x000a0000-0x000bffff]
[    2.141483] pci_bus 0000:00: resource 5 [mem 0x000d0000-0x000d3fff]
[    2.141486] pci_bus 0000:00: resource 6 [mem 0x000d4000-0x000d7fff]
[    2.141489] pci_bus 0000:00: resource 7 [mem 0x000d8000-0x000dbfff]
[    2.141492] pci_bus 0000:00: resource 8 [mem 0xc0000000-0xfebfffff]
[    2.141495] pci_bus 0000:00: resource 9 [io  0x0000-0x0cf7]
[    2.141498] pci_bus 0000:00: resource 10 [io  0x0d00-0xfeff]
[    2.141502] pci_bus 0000:02: resource 0 [io  0x2000-0x3fff]
[    2.141504] pci_bus 0000:02: resource 1 [mem 0xfd500000-0xfdffffff]
[    2.141507] pci_bus 0000:02: resource 2 [mem 0xe7b00000-0xe7ffffff 64bit pref]
[    2.141511] pci_bus 0000:02: resource 4 [mem 0x000a0000-0x000bffff]
[    2.141513] pci_bus 0000:02: resource 5 [mem 0x000d0000-0x000d3fff]
[    2.141516] pci_bus 0000:02: resource 6 [mem 0x000d4000-0x000d7fff]
[    2.141519] pci_bus 0000:02: resource 7 [mem 0x000d8000-0x000dbfff]
[    2.141522] pci_bus 0000:02: resource 8 [mem 0xc0000000-0xfebfffff]
[    2.141525] pci_bus 0000:02: resource 9 [io  0x0000-0x0cf7]
[    2.141527] pci_bus 0000:02: resource 10 [io  0x0d00-0xfeff]
[    2.141531] pci_bus 0000:03: resource 0 [io  0x4000-0x4fff]
[    2.141534] pci_bus 0000:03: resource 1 [mem 0xfd400000-0xfd4fffff]
[    2.141537] pci_bus 0000:03: resource 2 [mem 0xe7a00000-0xe7afffff 64bit pref]
[    2.141540] pci_bus 0000:04: resource 0 [io  0x8000-0x8fff]
[    2.141543] pci_bus 0000:04: resource 1 [mem 0xfd000000-0xfd0fffff]
[    2.141546] pci_bus 0000:04: resource 2 [mem 0xe7600000-0xe76fffff 64bit pref]
[    2.141549] pci_bus 0000:05: resource 0 [io  0xc000-0xcfff]
[    2.141551] pci_bus 0000:05: resource 1 [mem 0xfcc00000-0xfccfffff]
[    2.141554] pci_bus 0000:05: resource 2 [mem 0xe7200000-0xe72fffff 64bit pref]
[    2.141557] pci_bus 0000:06: resource 1 [mem 0xfc800000-0xfc8fffff]
[    2.141560] pci_bus 0000:06: resource 2 [mem 0xe6e00000-0xe6efffff 64bit pref]
[    2.141563] pci_bus 0000:07: resource 1 [mem 0xfc400000-0xfc4fffff]
[    2.141566] pci_bus 0000:07: resource 2 [mem 0xe6a00000-0xe6afffff 64bit pref]
[    2.141569] pci_bus 0000:08: resource 1 [mem 0xfc000000-0xfc0fffff]
[    2.141572] pci_bus 0000:08: resource 2 [mem 0xe6600000-0xe66fffff 64bit pref]
[    2.141575] pci_bus 0000:09: resource 1 [mem 0xfbc00000-0xfbcfffff]
[    2.141578] pci_bus 0000:09: resource 2 [mem 0xe6200000-0xe62fffff 64bit pref]
[    2.141581] pci_bus 0000:0a: resource 1 [mem 0xfb800000-0xfb8fffff]
[    2.141584] pci_bus 0000:0a: resource 2 [mem 0xe5e00000-0xe5efffff 64bit pref]
[    2.141587] pci_bus 0000:0b: resource 0 [io  0x5000-0x5fff]
[    2.141589] pci_bus 0000:0b: resource 1 [mem 0xfd300000-0xfd3fffff]
[    2.141592] pci_bus 0000:0b: resource 2 [mem 0xe7900000-0xe79fffff 64bit pref]
[    2.141595] pci_bus 0000:0c: resource 0 [io  0x9000-0x9fff]
[    2.141598] pci_bus 0000:0c: resource 1 [mem 0xfcf00000-0xfcffffff]
[    2.141601] pci_bus 0000:0c: resource 2 [mem 0xe7500000-0xe75fffff 64bit pref]
[    2.141604] pci_bus 0000:0d: resource 0 [io  0xd000-0xdfff]
[    2.141607] pci_bus 0000:0d: resource 1 [mem 0xfcb00000-0xfcbfffff]
[    2.141610] pci_bus 0000:0d: resource 2 [mem 0xe7100000-0xe71fffff 64bit pref]
[    2.141613] pci_bus 0000:0e: resource 1 [mem 0xfc700000-0xfc7fffff]
[    2.141616] pci_bus 0000:0e: resource 2 [mem 0xe6d00000-0xe6dfffff 64bit pref]
[    2.141619] pci_bus 0000:0f: resource 1 [mem 0xfc300000-0xfc3fffff]
[    2.141622] pci_bus 0000:0f: resource 2 [mem 0xe6900000-0xe69fffff 64bit pref]
[    2.141625] pci_bus 0000:10: resource 1 [mem 0xfbf00000-0xfbffffff]
[    2.141627] pci_bus 0000:10: resource 2 [mem 0xe6500000-0xe65fffff 64bit pref]
[    2.141630] pci_bus 0000:11: resource 1 [mem 0xfbb00000-0xfbbfffff]
[    2.141633] pci_bus 0000:11: resource 2 [mem 0xe6100000-0xe61fffff 64bit pref]
[    2.141636] pci_bus 0000:12: resource 1 [mem 0xfb700000-0xfb7fffff]
[    2.141639] pci_bus 0000:12: resource 2 [mem 0xe5d00000-0xe5dfffff 64bit pref]
[    2.141642] pci_bus 0000:13: resource 0 [io  0x6000-0x6fff]
[    2.141645] pci_bus 0000:13: resource 1 [mem 0xfd200000-0xfd2fffff]
[    2.141648] pci_bus 0000:13: resource 2 [mem 0xe7800000-0xe78fffff 64bit pref]
[    2.141651] pci_bus 0000:14: resource 0 [io  0xa000-0xafff]
[    2.141653] pci_bus 0000:14: resource 1 [mem 0xfce00000-0xfcefffff]
[    2.141656] pci_bus 0000:14: resource 2 [mem 0xe7400000-0xe74fffff 64bit pref]
[    2.141659] pci_bus 0000:15: resource 0 [io  0xe000-0xefff]
[    2.141662] pci_bus 0000:15: resource 1 [mem 0xfca00000-0xfcafffff]
[    2.141665] pci_bus 0000:15: resource 2 [mem 0xe7000000-0xe70fffff 64bit pref]
[    2.141668] pci_bus 0000:16: resource 1 [mem 0xfc600000-0xfc6fffff]
[    2.141671] pci_bus 0000:16: resource 2 [mem 0xe6c00000-0xe6cfffff 64bit pref]
[    2.141674] pci_bus 0000:17: resource 1 [mem 0xfc200000-0xfc2fffff]
[    2.141677] pci_bus 0000:17: resource 2 [mem 0xe6800000-0xe68fffff 64bit pref]
[    2.141680] pci_bus 0000:18: resource 1 [mem 0xfbe00000-0xfbefffff]
[    2.141683] pci_bus 0000:18: resource 2 [mem 0xe6400000-0xe64fffff 64bit pref]
[    2.141686] pci_bus 0000:19: resource 1 [mem 0xfba00000-0xfbafffff]
[    2.141689] pci_bus 0000:19: resource 2 [mem 0xe6000000-0xe60fffff 64bit pref]
[    2.141691] pci_bus 0000:1a: resource 1 [mem 0xfb600000-0xfb6fffff]
[    2.141694] pci_bus 0000:1a: resource 2 [mem 0xe5c00000-0xe5cfffff 64bit pref]
[    2.141697] pci_bus 0000:1b: resource 0 [io  0x7000-0x7fff]
[    2.141700] pci_bus 0000:1b: resource 1 [mem 0xfd100000-0xfd1fffff]
[    2.141703] pci_bus 0000:1b: resource 2 [mem 0xe7700000-0xe77fffff 64bit pref]
[    2.141706] pci_bus 0000:1c: resource 0 [io  0xb000-0xbfff]
[    2.141708] pci_bus 0000:1c: resource 1 [mem 0xfcd00000-0xfcdfffff]
[    2.141711] pci_bus 0000:1c: resource 2 [mem 0xe7300000-0xe73fffff 64bit pref]
[    2.141714] pci_bus 0000:1d: resource 1 [mem 0xfc900000-0xfc9fffff]
[    2.141717] pci_bus 0000:1d: resource 2 [mem 0xe6f00000-0xe6ffffff 64bit pref]
[    2.141720] pci_bus 0000:1e: resource 1 [mem 0xfc500000-0xfc5fffff]
[    2.141723] pci_bus 0000:1e: resource 2 [mem 0xe6b00000-0xe6bfffff 64bit pref]
[    2.141726] pci_bus 0000:1f: resource 1 [mem 0xfc100000-0xfc1fffff]
[    2.141729] pci_bus 0000:1f: resource 2 [mem 0xe6700000-0xe67fffff 64bit pref]
[    2.141732] pci_bus 0000:20: resource 1 [mem 0xfbd00000-0xfbdfffff]
[    2.141735] pci_bus 0000:20: resource 2 [mem 0xe6300000-0xe63fffff 64bit pref]
[    2.141738] pci_bus 0000:21: resource 1 [mem 0xfb900000-0xfb9fffff]
[    2.141741] pci_bus 0000:21: resource 2 [mem 0xe5f00000-0xe5ffffff 64bit pref]
[    2.141744] pci_bus 0000:22: resource 1 [mem 0xfb500000-0xfb5fffff]
[    2.141747] pci_bus 0000:22: resource 2 [mem 0xe5b00000-0xe5bfffff 64bit pref]
[    2.141889] NET: Registered protocol family 2
[    2.142880] TCP established hash table entries: 32768 (order: 6, 262144 bytes)
[    2.145326] TCP bind hash table entries: 32768 (order: 7, 524288 bytes)
[    2.149364] TCP: Hash tables configured (established 32768 bind 32768)
[    2.150304] TCP: reno registered
[    2.150326] UDP hash table entries: 2048 (order: 4, 65536 bytes)
[    2.150859] UDP-Lite hash table entries: 2048 (order: 4, 65536 bytes)
[    2.152613] NET: Registered protocol family 1
[    2.152634] pci 0000:00:00.0: Limiting direct PCI/PCI transfers
[    2.152811] pci 0000:00:0f.0: Boot video device
[    2.155551] PCI: CLS mismatch (32 != 64), using 64 bytes
[    2.159305] Trying to unpack rootfs image as initramfs...
[    3.829490] Freeing initrd memory: 28288K (ffff8800348b0000 - ffff880036450000)
[    3.829824] Simple Boot Flag at 0x36 set to 0x80
[    3.830162] Switched to clocksource tsc
[    3.831442] microcode: CPU0 sig=0x306a9, pf=0x1, revision=0x1b
[    3.831546] microcode: CPU1 sig=0x306a9, pf=0x1, revision=0x1b
[    3.831650] microcode: CPU2 sig=0x306a9, pf=0x1, revision=0x1b
[    3.831708] microcode: CPU3 sig=0x306a9, pf=0x1, revision=0x1b
[    3.831722] microcode: CPU4 sig=0x306a9, pf=0x1, revision=0x1b
[    3.831823] microcode: CPU5 sig=0x306a9, pf=0x1, revision=0x1b
[    3.831953] microcode: CPU6 sig=0x306a9, pf=0x1, revision=0x1b
[    3.832013] microcode: CPU7 sig=0x306a9, pf=0x1, revision=0x1b
[    3.832267] microcode: Microcode Update Driver: v2.00 <tigran@aivazian.fsnet.co.uk>, Peter Oruba
[    3.832271] Scanning for low memory corruption every 60 seconds
[    3.835473] Initialise system trusted keyring
[    3.835566] audit: initializing netlink socket (disabled)
[    3.836165] type=2000 audit(1427789001.633:1): initialized
[    3.890498] HugeTLB registered 2 MB page size, pre-allocated 0 pages
[    3.895531] zbud: loaded
[    3.896354] VFS: Disk quotas dquot_6.5.2
[    3.896567] Dquot-cache hash table entries: 512 (order 0, 4096 bytes)
[    3.899222] fuse init (API version 7.22)
[    3.899653] msgmni has been set to 6000
[    3.900146] Key type big_key registered
[    3.907019] Key type asymmetric registered
[    3.907023] Asymmetric key parser 'x509' registered
[    3.907079] Block layer SCSI generic (bsg) driver version 0.4 loaded (major 252)
[    3.907845] io scheduler noop registered
[    3.907849] io scheduler deadline registered (default)
[    3.907939] io scheduler cfq registered
[    3.909145] pcieport 0000:00:15.0: irq 40 for MSI/MSI-X
[    3.910549] pcieport 0000:00:15.1: irq 41 for MSI/MSI-X
[    3.911906] pcieport 0000:00:15.2: irq 42 for MSI/MSI-X
[    3.913243] pcieport 0000:00:15.3: irq 43 for MSI/MSI-X
[    3.914545] pcieport 0000:00:15.4: irq 44 for MSI/MSI-X
[    3.915847] pcieport 0000:00:15.5: irq 45 for MSI/MSI-X
[    3.917211] pcieport 0000:00:15.6: irq 46 for MSI/MSI-X
[    3.918510] pcieport 0000:00:15.7: irq 47 for MSI/MSI-X
[    3.919832] pcieport 0000:00:16.0: irq 48 for MSI/MSI-X
[    3.921440] pcieport 0000:00:16.1: irq 49 for MSI/MSI-X
[    3.922784] pcieport 0000:00:16.2: irq 50 for MSI/MSI-X
[    3.924115] pcieport 0000:00:16.3: irq 51 for MSI/MSI-X
[    3.925637] pcieport 0000:00:16.4: irq 52 for MSI/MSI-X
[    3.926987] pcieport 0000:00:16.5: irq 53 for MSI/MSI-X
[    3.928345] pcieport 0000:00:16.6: irq 54 for MSI/MSI-X
[    3.929660] pcieport 0000:00:16.7: irq 55 for MSI/MSI-X
[    3.931003] pcieport 0000:00:17.0: irq 56 for MSI/MSI-X
[    3.932322] pcieport 0000:00:17.1: irq 57 for MSI/MSI-X
[    3.933608] pcieport 0000:00:17.2: irq 58 for MSI/MSI-X
[    3.934912] pcieport 0000:00:17.3: irq 59 for MSI/MSI-X
[    3.936268] pcieport 0000:00:17.4: irq 60 for MSI/MSI-X
[    3.937594] pcieport 0000:00:17.5: irq 61 for MSI/MSI-X
[    3.938971] pcieport 0000:00:17.6: irq 62 for MSI/MSI-X
[    3.940479] pcieport 0000:00:17.7: irq 63 for MSI/MSI-X
[    3.941939] pcieport 0000:00:18.0: irq 64 for MSI/MSI-X
[    3.943710] pcieport 0000:00:18.1: irq 65 for MSI/MSI-X
[    3.945186] pcieport 0000:00:18.2: irq 66 for MSI/MSI-X
[    3.946619] pcieport 0000:00:18.3: irq 67 for MSI/MSI-X
[    3.948067] pcieport 0000:00:18.4: irq 68 for MSI/MSI-X
[    3.949521] pcieport 0000:00:18.5: irq 69 for MSI/MSI-X
[    3.950935] pcieport 0000:00:18.6: irq 70 for MSI/MSI-X
[    3.952423] pcieport 0000:00:18.7: irq 71 for MSI/MSI-X
[    3.953750] pcieport 0000:00:15.0: Signaling PME through PCIe PME interrupt
[    3.953807] pcie_pme 0000:00:15.0:pcie01: service driver pcie_pme loaded
[    3.954074] pcieport 0000:00:15.1: Signaling PME through PCIe PME interrupt
[    3.954128] pcie_pme 0000:00:15.1:pcie01: service driver pcie_pme loaded
[    3.954389] pcieport 0000:00:15.2: Signaling PME through PCIe PME interrupt
[    3.954442] pcie_pme 0000:00:15.2:pcie01: service driver pcie_pme loaded
[    3.954791] pcieport 0000:00:15.3: Signaling PME through PCIe PME interrupt
[    3.954850] pcie_pme 0000:00:15.3:pcie01: service driver pcie_pme loaded
[    3.955119] pcieport 0000:00:15.4: Signaling PME through PCIe PME interrupt
[    3.955172] pcie_pme 0000:00:15.4:pcie01: service driver pcie_pme loaded
[    3.955432] pcieport 0000:00:15.5: Signaling PME through PCIe PME interrupt
[    3.955485] pcie_pme 0000:00:15.5:pcie01: service driver pcie_pme loaded
[    3.955746] pcieport 0000:00:15.6: Signaling PME through PCIe PME interrupt
[    3.955799] pcie_pme 0000:00:15.6:pcie01: service driver pcie_pme loaded
[    3.956076] pcieport 0000:00:15.7: Signaling PME through PCIe PME interrupt
[    3.956130] pcie_pme 0000:00:15.7:pcie01: service driver pcie_pme loaded
[    3.956412] pcieport 0000:00:16.0: Signaling PME through PCIe PME interrupt
[    3.956466] pcie_pme 0000:00:16.0:pcie01: service driver pcie_pme loaded
[    3.956850] pcieport 0000:00:16.1: Signaling PME through PCIe PME interrupt
[    3.956908] pcie_pme 0000:00:16.1:pcie01: service driver pcie_pme loaded
[    3.957192] pcieport 0000:00:16.2: Signaling PME through PCIe PME interrupt
[    3.957245] pcie_pme 0000:00:16.2:pcie01: service driver pcie_pme loaded
[    3.957506] pcieport 0000:00:16.3: Signaling PME through PCIe PME interrupt
[    3.957560] pcie_pme 0000:00:16.3:pcie01: service driver pcie_pme loaded
[    3.957821] pcieport 0000:00:16.4: Signaling PME through PCIe PME interrupt
[    3.957874] pcie_pme 0000:00:16.4:pcie01: service driver pcie_pme loaded
[    3.958152] pcieport 0000:00:16.5: Signaling PME through PCIe PME interrupt
[    3.958205] pcie_pme 0000:00:16.5:pcie01: service driver pcie_pme loaded
[    3.958518] pcieport 0000:00:16.6: Signaling PME through PCIe PME interrupt
[    3.958572] pcie_pme 0000:00:16.6:pcie01: service driver pcie_pme loaded
[    3.958879] pcieport 0000:00:16.7: Signaling PME through PCIe PME interrupt
[    3.958932] pcie_pme 0000:00:16.7:pcie01: service driver pcie_pme loaded
[    3.959197] pcieport 0000:00:17.0: Signaling PME through PCIe PME interrupt
[    3.959250] pcie_pme 0000:00:17.0:pcie01: service driver pcie_pme loaded
[    3.959626] pcieport 0000:00:17.1: Signaling PME through PCIe PME interrupt
[    3.959682] pcie_pme 0000:00:17.1:pcie01: service driver pcie_pme loaded
[    3.959945] pcieport 0000:00:17.2: Signaling PME through PCIe PME interrupt
[    3.959998] pcie_pme 0000:00:17.2:pcie01: service driver pcie_pme loaded
[    3.960290] pcieport 0000:00:17.3: Signaling PME through PCIe PME interrupt
[    3.960343] pcie_pme 0000:00:17.3:pcie01: service driver pcie_pme loaded
[    3.960629] pcieport 0000:00:17.4: Signaling PME through PCIe PME interrupt
[    3.960682] pcie_pme 0000:00:17.4:pcie01: service driver pcie_pme loaded
[    3.960944] pcieport 0000:00:17.5: Signaling PME through PCIe PME interrupt
[    3.960997] pcie_pme 0000:00:17.5:pcie01: service driver pcie_pme loaded
[    3.961276] pcieport 0000:00:17.6: Signaling PME through PCIe PME interrupt
[    3.961329] pcie_pme 0000:00:17.6:pcie01: service driver pcie_pme loaded
[    3.961592] pcieport 0000:00:17.7: Signaling PME through PCIe PME interrupt
[    3.961644] pcie_pme 0000:00:17.7:pcie01: service driver pcie_pme loaded
[    3.961949] pcieport 0000:00:18.0: Signaling PME through PCIe PME interrupt
[    3.962005] pcie_pme 0000:00:18.0:pcie01: service driver pcie_pme loaded
[    3.962270] pcieport 0000:00:18.1: Signaling PME through PCIe PME interrupt
[    3.962323] pcie_pme 0000:00:18.1:pcie01: service driver pcie_pme loaded
[    3.962658] pcieport 0000:00:18.2: Signaling PME through PCIe PME interrupt
[    3.962714] pcie_pme 0000:00:18.2:pcie01: service driver pcie_pme loaded
[    3.962977] pcieport 0000:00:18.3: Signaling PME through PCIe PME interrupt
[    3.963030] pcie_pme 0000:00:18.3:pcie01: service driver pcie_pme loaded
[    3.963309] pcieport 0000:00:18.4: Signaling PME through PCIe PME interrupt
[    3.963362] pcie_pme 0000:00:18.4:pcie01: service driver pcie_pme loaded
[    3.963623] pcieport 0000:00:18.5: Signaling PME through PCIe PME interrupt
[    3.963676] pcie_pme 0000:00:18.5:pcie01: service driver pcie_pme loaded
[    3.963937] pcieport 0000:00:18.6: Signaling PME through PCIe PME interrupt
[    3.963990] pcie_pme 0000:00:18.6:pcie01: service driver pcie_pme loaded
[    3.964252] pcieport 0000:00:18.7: Signaling PME through PCIe PME interrupt
[    3.964305] pcie_pme 0000:00:18.7:pcie01: service driver pcie_pme loaded
[    3.964383] pci_hotplug: PCI Hot Plug PCI Core version: 0.5
[    3.965635] pciehp 0000:00:15.0:pcie04: HPC vendor_id 15ad device_id 7a0 ss_vid 15ad ss_did 7a0
[    3.966043] pciehp 0000:00:15.0:pcie04: service driver pciehp loaded
[    3.966221] pciehp 0000:00:15.1:pcie04: HPC vendor_id 15ad device_id 7a0 ss_vid 15ad ss_did 7a0
[    3.966643] pciehp 0000:00:15.1:pcie04: service driver pciehp loaded
[    3.966802] pciehp 0000:00:15.2:pcie04: HPC vendor_id 15ad device_id 7a0 ss_vid 15ad ss_did 7a0
[    3.967221] pciehp 0000:00:15.2:pcie04: service driver pciehp loaded
[    3.967379] pciehp 0000:00:15.3:pcie04: HPC vendor_id 15ad device_id 7a0 ss_vid 15ad ss_did 7a0
[    3.967778] pciehp 0000:00:15.3:pcie04: service driver pciehp loaded
[    3.967984] pciehp 0000:00:15.4:pcie04: HPC vendor_id 15ad device_id 7a0 ss_vid 15ad ss_did 7a0
[    3.968431] pciehp 0000:00:15.4:pcie04: service driver pciehp loaded
[    3.968593] pciehp 0000:00:15.5:pcie04: HPC vendor_id 15ad device_id 7a0 ss_vid 15ad ss_did 7a0
[    3.969001] pciehp 0000:00:15.5:pcie04: service driver pciehp loaded
[    3.969179] pciehp 0000:00:15.6:pcie04: HPC vendor_id 15ad device_id 7a0 ss_vid 15ad ss_did 7a0
[    3.969585] pciehp 0000:00:15.6:pcie04: service driver pciehp loaded
[    3.969744] pciehp 0000:00:15.7:pcie04: HPC vendor_id 15ad device_id 7a0 ss_vid 15ad ss_did 7a0
[    3.970267] pciehp 0000:00:15.7:pcie04: service driver pciehp loaded
[    3.970427] pciehp 0000:00:16.0:pcie04: HPC vendor_id 15ad device_id 7a0 ss_vid 15ad ss_did 7a0
[    3.970827] pciehp 0000:00:16.0:pcie04: service driver pciehp loaded
[    3.970986] pciehp 0000:00:16.1:pcie04: HPC vendor_id 15ad device_id 7a0 ss_vid 15ad ss_did 7a0
[    3.971375] pciehp 0000:00:16.1:pcie04: service driver pciehp loaded
[    3.971610] pciehp 0000:00:16.2:pcie04: HPC vendor_id 15ad device_id 7a0 ss_vid 15ad ss_did 7a0
[    3.971993] pciehp 0000:00:16.2:pcie04: service driver pciehp loaded
[    3.972159] pciehp 0000:00:16.3:pcie04: HPC vendor_id 15ad device_id 7a0 ss_vid 15ad ss_did 7a0
[    3.972566] pciehp 0000:00:16.3:pcie04: service driver pciehp loaded
[    3.972725] pciehp 0000:00:16.4:pcie04: HPC vendor_id 15ad device_id 7a0 ss_vid 15ad ss_did 7a0
[    3.973323] pciehp 0000:00:16.4:pcie04: service driver pciehp loaded
[    3.973482] pciehp 0000:00:16.5:pcie04: HPC vendor_id 15ad device_id 7a0 ss_vid 15ad ss_did 7a0
[    3.973872] pciehp 0000:00:16.5:pcie04: service driver pciehp loaded
[    3.974030] pciehp 0000:00:16.6:pcie04: HPC vendor_id 15ad device_id 7a0 ss_vid 15ad ss_did 7a0
[    3.974429] pciehp 0000:00:16.6:pcie04: service driver pciehp loaded
[    3.974586] pciehp 0000:00:16.7:pcie04: HPC vendor_id 15ad device_id 7a0 ss_vid 15ad ss_did 7a0
[    3.974967] pciehp 0000:00:16.7:pcie04: service driver pciehp loaded
[    3.975142] pciehp 0000:00:17.0:pcie04: HPC vendor_id 15ad device_id 7a0 ss_vid 15ad ss_did 7a0
[    3.975523] pciehp 0000:00:17.0:pcie04: service driver pciehp loaded
[    3.975682] pciehp 0000:00:17.1:pcie04: HPC vendor_id 15ad device_id 7a0 ss_vid 15ad ss_did 7a0
[    3.976063] pciehp 0000:00:17.1:pcie04: service driver pciehp loaded
[    3.976249] pciehp 0000:00:17.2:pcie04: HPC vendor_id 15ad device_id 7a0 ss_vid 15ad ss_did 7a0
[    3.976691] pciehp 0000:00:17.2:pcie04: service driver pciehp loaded
[    3.976865] pciehp 0000:00:17.3:pcie04: HPC vendor_id 15ad device_id 7a0 ss_vid 15ad ss_did 7a0
[    3.977281] pciehp 0000:00:17.3:pcie04: service driver pciehp loaded
[    3.977440] pciehp 0000:00:17.4:pcie04: HPC vendor_id 15ad device_id 7a0 ss_vid 15ad ss_did 7a0
[    3.977872] pciehp 0000:00:17.4:pcie04: service driver pciehp loaded
[    3.978031] pciehp 0000:00:17.5:pcie04: HPC vendor_id 15ad device_id 7a0 ss_vid 15ad ss_did 7a0
[    3.978486] pciehp 0000:00:17.5:pcie04: service driver pciehp loaded
[    3.978646] pciehp 0000:00:17.6:pcie04: HPC vendor_id 15ad device_id 7a0 ss_vid 15ad ss_did 7a0
[    3.979034] pciehp 0000:00:17.6:pcie04: service driver pciehp loaded
[    3.979216] pciehp 0000:00:17.7:pcie04: HPC vendor_id 15ad device_id 7a0 ss_vid 15ad ss_did 7a0
[    3.979624] pciehp 0000:00:17.7:pcie04: service driver pciehp loaded
[    3.979783] pciehp 0000:00:18.0:pcie04: HPC vendor_id 15ad device_id 7a0 ss_vid 15ad ss_did 7a0
[    3.980192] pciehp 0000:00:18.0:pcie04: service driver pciehp loaded
[    3.980351] pciehp 0000:00:18.1:pcie04: HPC vendor_id 15ad device_id 7a0 ss_vid 15ad ss_did 7a0
[    3.980772] pciehp 0000:00:18.1:pcie04: service driver pciehp loaded
[    3.980931] pciehp 0000:00:18.2:pcie04: HPC vendor_id 15ad device_id 7a0 ss_vid 15ad ss_did 7a0
[    3.981406] pciehp 0000:00:18.2:pcie04: service driver pciehp loaded
[    3.981565] pciehp 0000:00:18.3:pcie04: HPC vendor_id 15ad device_id 7a0 ss_vid 15ad ss_did 7a0
[    3.981956] pciehp 0000:00:18.3:pcie04: service driver pciehp loaded
[    3.982185] pciehp 0000:00:18.4:pcie04: HPC vendor_id 15ad device_id 7a0 ss_vid 15ad ss_did 7a0
[    3.982573] pciehp 0000:00:18.4:pcie04: service driver pciehp loaded
[    3.982732] pciehp 0000:00:18.5:pcie04: HPC vendor_id 15ad device_id 7a0 ss_vid 15ad ss_did 7a0
[    3.983125] pciehp 0000:00:18.5:pcie04: service driver pciehp loaded
[    3.983284] pciehp 0000:00:18.6:pcie04: HPC vendor_id 15ad device_id 7a0 ss_vid 15ad ss_did 7a0
[    3.983672] pciehp 0000:00:18.6:pcie04: service driver pciehp loaded
[    3.983830] pciehp 0000:00:18.7:pcie04: HPC vendor_id 15ad device_id 7a0 ss_vid 15ad ss_did 7a0
[    3.984241] pciehp 0000:00:18.7:pcie04: service driver pciehp loaded
[    3.984254] pciehp: PCI Express Hot Plug Controller Driver version: 0.4
[    3.984430] intel_idle: does not run on family 6 model 58
[    3.984440] ipmi message handler version 39.2
[    3.984818] ACPI: Deprecated procfs I/F for AC is loaded, please retry with CONFIG_ACPI_PROCFS_POWER cleared
[    3.985180] ACPI: AC Adapter [ACAD] (on-line)
[    3.985599] input: Power Button as /devices/LNXSYSTM:00/LNXPWRBN:00/input/input0
[    3.985608] ACPI: Power Button [PWRF]
[    3.988856] GHES: HEST is not enabled!
[    3.989802] Serial: 8250/16550 driver, 32 ports, IRQ sharing enabled
[    4.028859] 00:09: ttyS0 at I/O 0x3f8 (irq = 4, base_baud = 115200) is a 16550A
[    4.062114] 00:0a: ttyS1 at I/O 0x2f8 (irq = 3, base_baud = 115200) is a 16550A
[    4.073132] Linux agpgart interface v0.103
[    4.073405] agpgart-intel 0000:00:00.0: Intel 440BX Chipset
[    4.076114] agpgart-intel 0000:00:00.0: AGP aperture is 256M @ 0x0
[    4.081259] brd: module loaded
[    4.084024] loop: module loaded
[    4.084470] ata_piix 0000:00:07.1: version 2.13
[    4.085825] scsi0 : ata_piix
[    4.086286] scsi1 : ata_piix
[    4.086343] ata1: PATA max UDMA/33 cmd 0x1f0 ctl 0x3f6 bmdma 0x1060 irq 14
[    4.086346] ata2: PATA max UDMA/33 cmd 0x170 ctl 0x376 bmdma 0x1068 irq 15
[    4.086798] libphy: Fixed MDIO Bus: probed
[    4.086933] tun: Universal TUN/TAP device driver, 1.6
[    4.086935] tun: (C) 1999-2004 Max Krasnyansky <maxk@qualcomm.com>
[    4.087261] PPP generic driver version 2.4.2
[    4.087526] ehci_hcd: USB 2.0 'Enhanced' Host Controller (EHCI) Driver
[    4.087539] ehci-pci: EHCI PCI platform driver
[    4.088329] ehci-pci 0000:02:03.0: EHCI Host Controller
[    4.088347] ehci-pci 0000:02:03.0: new USB bus registered, assigned bus number 1
[    4.088786] ehci-pci 0000:02:03.0: cache line size of 64 is not supported
[    4.088866] ehci-pci 0000:02:03.0: irq 17, io mem 0xfd5ef000
[    4.101377] ehci-pci 0000:02:03.0: USB 2.0 started, EHCI 1.00
[    4.101506] usb usb1: New USB device found, idVendor=1d6b, idProduct=0002
[    4.101510] usb usb1: New USB device strings: Mfr=3, Product=2, SerialNumber=1
[    4.101513] usb usb1: Product: EHCI Host Controller
[    4.101516] usb usb1: Manufacturer: Linux 3.13.0-37-generic ehci_hcd
[    4.101518] usb usb1: SerialNumber: 0000:02:03.0
[    4.101907] hub 1-0:1.0: USB hub found
[    4.101920] hub 1-0:1.0: 6 ports detected
[    4.102348] ehci-platform: EHCI generic platform driver
[    4.102365] ohci_hcd: USB 1.1 'Open' Host Controller (OHCI) Driver
[    4.102367] ohci-pci: OHCI PCI platform driver
[    4.102392] ohci-platform: OHCI generic platform driver
[    4.102402] uhci_hcd: USB Universal Host Controller Interface driver
[    4.103066] uhci_hcd 0000:02:00.0: UHCI Host Controller
[    4.103076] uhci_hcd 0000:02:00.0: new USB bus registered, assigned bus number 2
[    4.103751] uhci_hcd 0000:02:00.0: irq 18, io base 0x00002080
[    4.104062] usb usb2: New USB device found, idVendor=1d6b, idProduct=0001
[    4.104066] usb usb2: New USB device strings: Mfr=3, Product=2, SerialNumber=1
[    4.104068] usb usb2: Product: UHCI Host Controller
[    4.104071] usb usb2: Manufacturer: Linux 3.13.0-37-generic uhci_hcd
[    4.104074] usb usb2: SerialNumber: 0000:02:00.0
[    4.104504] hub 2-0:1.0: USB hub found
[    4.104516] hub 2-0:1.0: 2 ports detected
[    4.104946] i8042: PNP: PS/2 Controller [PNP0303:KBC,PNP0f13:MOUS] at 0x60,0x64 irq 1,12
[    4.107010] serio: i8042 KBD port at 0x60,0x64 irq 1
[    4.107026] serio: i8042 AUX port at 0x60,0x64 irq 12
[    4.107656] mousedev: PS/2 mouse device common for all mice
[    4.130039] rtc_cmos 00:03: rtc core: registered rtc_cmos as rtc0
[    4.130407] rtc_cmos 00:03: alarms up to one month, y3k, 114 bytes nvram, hpet irqs
[    4.130670] device-mapper: uevent: version 1.0.3
[    4.131025] device-mapper: ioctl: 4.27.0-ioctl (2013-10-30) initialised: dm-devel@redhat.com
[    4.131142] ledtrig-cpu: registered to indicate activity on CPUs
[    4.131737] TCP: cubic registered
[    4.131895] NET: Registered protocol family 10
[    4.132594] NET: Registered protocol family 17
[    4.132615] Key type dns_resolver registered
[    4.133560] input: AT Translated Set 2 keyboard as /devices/platform/i8042/serio0/input/input1
[    4.134194] Loading compiled-in X.509 certificates
[    4.135959] Loaded X.509 cert 'Magrathea: Glacier signing key: 2cb1133b35f95a9e24deabeeb12ba449bcbabbc9'
[    4.135992] registered taskstats version 1
[    4.144682] Key type trusted registered
[    4.151042] Key type encrypted registered
[    4.157253] AppArmor: AppArmor sha1 policy hashing enabled
[    4.157258] IMA: No TPM chip found, activating TPM-bypass!
[    4.179600] regulator-dummy: disabling
[    4.180261]   Magic number: 7:670:69
[    4.180937] rtc_cmos 00:03: setting system clock to 2015-03-31 08:03:23 UTC (1427789003)
[    4.181560] BIOS EDD facility v0.16 2004-Jun-25, 0 devices found
[    4.181564] EDD information not available.
[    4.181622] PM: Hibernation image not present or could not be loaded.
[    4.267683] Freeing unused kernel memory: 1336K (ffffffff81d20000 - ffffffff81e6e000)
[    4.267690] Write protecting the kernel read-only data: 12288k
[    4.272371] Freeing unused kernel memory: 804K (ffff880001737000 - ffff880001800000)
[    4.276113] Freeing unused kernel memory: 692K (ffff880001b53000 - ffff880001c00000)
[    4.320694] systemd-udevd[262]: starting version 204
[    4.367997] Floppy drive(s): fd0 is 1.44M
[    4.380274] Fusion MPT base driver 3.04.20
[    4.380281] Copyright (c) 1999-2008 LSI Corporation
[    4.384037] e1000: Intel(R) PRO/1000 Network Driver - version 7.3.21-k8-NAPI
[    4.384042] e1000: Copyright (c) 1999-2006 Intel Corporation.
[    4.384756] FDC 0 is a post-1991 82077
[    4.387857] [drm] Initialized drm 1.1.0 20060810
[    4.391878] Fusion MPT SPI Host driver 3.04.20
[    4.393734] mptbase: ioc0: Initiating bringup
[    4.412854] usb 2-1: new full-speed USB device number 2 using uhci_hcd
[    4.469940] ioc0: LSI53C1030 B0: Capabilities={Initiator}
[    4.558016] usb 2-1: New USB device found, idVendor=0e0f, idProduct=0003
[    4.558023] usb 2-1: New USB device strings: Mfr=1, Product=2, SerialNumber=0
[    4.558027] usb 2-1: Product: VMware Virtual USB Mouse
[    4.558029] usb 2-1: Manufacturer: VMware
[    4.631197] scsi2 : ioc0: LSI53C1030 B0, FwRev=01032920h, Ports=1, MaxQ=128, IRQ=17
[    4.677202] usb 2-2: new full-speed USB device number 3 using uhci_hcd
[    4.741791] scsi 2:0:0:0: Direct-Access     VMware,  VMware Virtual S 1.0  PQ: 0 ANSI: 2
[    4.741870] scsi target2:0:0: Beginning Domain Validation
[    4.743129] [drm] DMA map mode: Using physical TTM page addresses.
[    4.743206] scsi target2:0:0: Domain Validation skipping write tests
[    4.743211] scsi target2:0:0: Ending Domain Validation
[    4.743278] scsi target2:0:0: FAST-40 WIDE SCSI 80.0 MB/s ST (25 ns, offset 127)
[    4.743297] [drm] Capabilities:
[    4.743299] [drm]   Rect copy.
[    4.743301] [drm]   Cursor.
[    4.743302] [drm]   Cursor bypass.
[    4.743303] [drm]   Cursor bypass 2.
[    4.743305] [drm]   8bit emulation.
[    4.743306] [drm]   Alpha cursor.
[    4.743307] [drm]   3D.
[    4.743309] [drm]   Extended Fifo.
[    4.743310] [drm]   Multimon.
[    4.743311] [drm]   Pitchlock.
[    4.743312] [drm]   Irq mask.
[    4.743314] [drm]   Display Topology.
[    4.743315] [drm]   GMR.
[    4.743316] [drm]   Traces.
[    4.743318] [drm]   GMR2.
[    4.743319] [drm]   Screen Object 2.
[    4.743320] [drm]   Command Buffers.
[    4.743322] [drm] Max GMR ids is 64
[    4.743324] [drm] Max number of GMR pages is 196608
[    4.743326] [drm] Max dedicated hypervisor surface memory is 786432 kiB
[    4.743327] [drm] Maximum display memory size is 131072 kiB
[    4.743330] [drm] VRAM at 0xe8000000 size is 131072 kiB
[    4.743331] [drm] MMIO at 0xfe000000 size is 2048 kiB
[    4.743335] [drm] global init.
[    4.743726] [TTM] Zone  kernel: Available graphics memory: 1537424 kiB
[    4.743731] [TTM] Initializing pool allocator
[    4.743738] [TTM] Initializing DMA pool allocator
[    4.744757] [drm] Supports vblank timestamp caching Rev 2 (21.10.2013).
[    4.744761] [drm] No driver support for vblank timestamp query.
[    4.745267] [drm] Screen objects system initialized
[    4.745380] [drm] width 640
[    4.745403] [drm] height 480
[    4.745425] [drm] bpp 32
[    4.771083] sd 2:0:0:0: [sda] 41943040 512-byte logical blocks: (21.4 GB/20.0 GiB)
[    4.771141] sd 2:0:0:0: Attached scsi generic sg0 type 0
[    4.771412] sd 2:0:0:0: [sda] Write Protect is off
[    4.771420] sd 2:0:0:0: [sda] Mode Sense: 61 00 00 00
[    4.771881] sd 2:0:0:0: [sda] Cache data unavailable
[    4.771887] sd 2:0:0:0: [sda] Assuming drive cache: write through
[    4.773692] sd 2:0:0:0: [sda] Cache data unavailable
[    4.773697] sd 2:0:0:0: [sda] Assuming drive cache: write through
[    4.777120]  sda: sda1 sda2 < sda5 >
[    4.778995] sd 2:0:0:0: [sda] Cache data unavailable
[    4.779001] sd 2:0:0:0: [sda] Assuming drive cache: write through
[    4.779120] sd 2:0:0:0: [sda] Attached SCSI disk
[    4.790149] [drm] Fifo max 0x00200000 min 0x00001000 cap 0x0000077f
[    4.821414] usb 2-2: New USB device found, idVendor=0e0f, idProduct=0002
[    4.821422] usb 2-2: New USB device strings: Mfr=0, Product=1, SerialNumber=0
[    4.821426] usb 2-2: Product: VMware Virtual USB Hub
[    4.828470] hub 2-2:1.0: USB hub found
[    4.830531] hub 2-2:1.0: 7 ports detected
[    4.842214] input: ImPS/2 Generic Wheel Mouse as /devices/platform/i8042/serio1/input/input3
[    4.853741] hidraw: raw HID events driver (C) Jiri Kosina
[    4.862512] usbcore: registered new interface driver usbhid
[    4.862518] usbhid: USB HID core driver
[    4.867106] input: VMware VMware Virtual USB Mouse as /devices/pci0000:00/0000:00:11.0/0000:02:00.0/usb2/2-1/2-1:1.0/input/input4
[    4.867933] hid-generic 0003:0E0F:0003.0001: input,hidraw0: USB HID v1.10 Mouse [VMware VMware Virtual USB Mouse] on usb-0000:02:00.0-1/input0
[    4.886126] e1000 0000:02:01.0 eth0: (PCI:66MHz:32-bit) 00:0c:29:8d:f2:31
[    4.886141] e1000 0000:02:01.0 eth0: Intel(R) PRO/1000 Network Connection
[    4.886375] ahci 0000:02:05.0: version 3.0
[    4.888013] ahci 0000:02:05.0: irq 72 for MSI/MSI-X
[    4.893292] ahci 0000:02:05.0: AHCI 0001.0300 32 slots 30 ports 6 Gbps 0x3fffffff impl SATA mode
[    4.893299] ahci 0000:02:05.0: flags: 64bit ncq clo only 
[    4.917894] fbcon: svgadrmfb (fb0) is primary device
[    4.933051] Console: switching to colour frame buffer device 100x37
[    4.935651] [drm] Initialized vmwgfx 2.5.0 20140228 for 0000:00:0f.0 on minor 0
[    4.940390] scsi3 : ahci
[    4.940802] scsi4 : ahci
[    4.941156] scsi5 : ahci
[    4.941483] scsi6 : ahci
[    4.941837] scsi7 : ahci
[    4.942203] scsi8 : ahci
[    4.942847] scsi9 : ahci
[    4.943250] scsi10 : ahci
[    4.943662] scsi11 : ahci
[    4.944071] scsi12 : ahci
[    4.944465] scsi13 : ahci
[    4.945448] scsi14 : ahci
[    4.945891] scsi15 : ahci
[    4.946249] scsi16 : ahci
[    4.946686] scsi17 : ahci
[    4.947087] scsi18 : ahci
[    4.947469] scsi19 : ahci
[    4.947833] scsi20 : ahci
[    4.948196] scsi21 : ahci
[    4.948562] scsi22 : ahci
[    4.948961] scsi23 : ahci
[    4.949411] scsi24 : ahci
[    4.949833] scsi25 : ahci
[    4.950457] scsi26 : ahci
[    4.950874] scsi27 : ahci
[    4.951241] scsi28 : ahci
[    4.951933] scsi29 : ahci
[    4.952602] scsi30 : ahci
[    4.953412] scsi31 : ahci
[    4.953861] scsi32 : ahci
[    4.953984] ata3: SATA max UDMA/133 abar m4096@0xfd5ee000 port 0xfd5ee100 irq 72
[    4.953988] ata4: SATA max UDMA/133 abar m4096@0xfd5ee000 port 0xfd5ee180 irq 72
[    4.953992] ata5: SATA max UDMA/133 abar m4096@0xfd5ee000 port 0xfd5ee200 irq 72
[    4.953994] ata6: SATA max UDMA/133 abar m4096@0xfd5ee000 port 0xfd5ee280 irq 72
[    4.953997] ata7: SATA max UDMA/133 abar m4096@0xfd5ee000 port 0xfd5ee300 irq 72
[    4.954000] ata8: SATA max UDMA/133 abar m4096@0xfd5ee000 port 0xfd5ee380 irq 72
[    4.954003] ata9: SATA max UDMA/133 abar m4096@0xfd5ee000 port 0xfd5ee400 irq 72
[    4.954006] ata10: SATA max UDMA/133 abar m4096@0xfd5ee000 port 0xfd5ee480 irq 72
[    4.954009] ata11: SATA max UDMA/133 abar m4096@0xfd5ee000 port 0xfd5ee500 irq 72
[    4.954011] ata12: SATA max UDMA/133 abar m4096@0xfd5ee000 port 0xfd5ee580 irq 72
[    4.954014] ata13: SATA max UDMA/133 abar m4096@0xfd5ee000 port 0xfd5ee600 irq 72
[    4.954017] ata14: SATA max UDMA/133 abar m4096@0xfd5ee000 port 0xfd5ee680 irq 72
[    4.954020] ata15: SATA max UDMA/133 abar m4096@0xfd5ee000 port 0xfd5ee700 irq 72
[    4.954022] ata16: SATA max UDMA/133 abar m4096@0xfd5ee000 port 0xfd5ee780 irq 72
[    4.954025] ata17: SATA max UDMA/133 abar m4096@0xfd5ee000 port 0xfd5ee800 irq 72
[    4.954027] ata18: SATA max UDMA/133 abar m4096@0xfd5ee000 port 0xfd5ee880 irq 72
[    4.954030] ata19: SATA max UDMA/133 abar m4096@0xfd5ee000 port 0xfd5ee900 irq 72
[    4.954033] ata20: SATA max UDMA/133 abar m4096@0xfd5ee000 port 0xfd5ee980 irq 72
[    4.954035] ata21: SATA max UDMA/133 abar m4096@0xfd5ee000 port 0xfd5eea00 irq 72
[    4.954038] ata22: SATA max UDMA/133 abar m4096@0xfd5ee000 port 0xfd5eea80 irq 72
[    4.954041] ata23: SATA max UDMA/133 abar m4096@0xfd5ee000 port 0xfd5eeb00 irq 72
[    4.954043] ata24: SATA max UDMA/133 abar m4096@0xfd5ee000 port 0xfd5eeb80 irq 72
[    4.954046] ata25: SATA max UDMA/133 abar m4096@0xfd5ee000 port 0xfd5eec00 irq 72
[    4.954048] ata26: SATA max UDMA/133 abar m4096@0xfd5ee000 port 0xfd5eec80 irq 72
[    4.954051] ata27: SATA max UDMA/133 abar m4096@0xfd5ee000 port 0xfd5eed00 irq 72
[    4.954053] ata28: SATA max UDMA/133 abar m4096@0xfd5ee000 port 0xfd5eed80 irq 72
[    4.954056] ata29: SATA max UDMA/133 abar m4096@0xfd5ee000 port 0xfd5eee00 irq 72
[    4.954058] ata30: SATA max UDMA/133 abar m4096@0xfd5ee000 port 0xfd5eee80 irq 72
[    4.954061] ata31: SATA max UDMA/133 abar m4096@0xfd5ee000 port 0xfd5eef00 irq 72
[    4.954063] ata32: SATA max UDMA/133 abar m4096@0xfd5ee000 port 0xfd5eef80 irq 72
[    5.134776] usb 2-2.1: new full-speed USB device number 4 using uhci_hcd
[    5.257919] usb 2-2.1: New USB device found, idVendor=0e0f, idProduct=0008
[    5.257926] usb 2-2.1: New USB device strings: Mfr=1, Product=2, SerialNumber=3
[    5.257930] usb 2-2.1: Product: Virtual Bluetooth Adapter
[    5.257933] usb 2-2.1: Manufacturer: VMware
[    5.257935] usb 2-2.1: SerialNumber: 000650268328
[    5.269950] ata4: SATA link up 6.0 Gbps (SStatus 133 SControl 300)
[    5.270304] ata3: SATA link down (SStatus 0 SControl 300)
[    5.270380] ata4.00: ATAPI: VMware Virtual SATA CDRW Drive, 00000001, max UDMA/33
[    5.270844] ata4.00: configured for UDMA/33
[    5.271895] scsi 4:0:0:0: CD-ROM            NECVMWar VMware SATA CD01 1.00 PQ: 0 ANSI: 5
[    5.272966] sr0: scsi3-mmc drive: 1x/1x writer dvd-ram cd/rw xa/form2 cdda tray
[    5.272972] cdrom: Uniform CD-ROM driver Revision: 3.20
[    5.273534] ata16: SATA link down (SStatus 0 SControl 300)
[    5.273542] sr 4:0:0:0: Attached scsi CD-ROM sr0
[    5.273749] ata8: SATA link down (SStatus 0 SControl 300)
[    5.273902] sr 4:0:0:0: Attached scsi generic sg1 type 5
[    5.274076] ata7: SATA link down (SStatus 0 SControl 300)
[    5.277948] ata6: SATA link down (SStatus 0 SControl 300)
[    5.278097] ata5: SATA link down (SStatus 0 SControl 300)
[    5.278240] ata9: SATA link down (SStatus 0 SControl 300)
[    5.278438] ata17: SATA link down (SStatus 0 SControl 300)
[    5.278542] ata14: SATA link down (SStatus 0 SControl 300)
[    5.278788] ata27: SATA link down (SStatus 0 SControl 300)
[    5.281928] ata28: SATA link down (SStatus 0 SControl 300)
[    5.282048] ata21: SATA link down (SStatus 0 SControl 300)
[    5.282216] ata15: SATA link down (SStatus 0 SControl 300)
[    5.282308] ata22: SATA link down (SStatus 0 SControl 300)
[    5.285859] ata13: SATA link down (SStatus 0 SControl 300)
[    5.285896] ata11: SATA link down (SStatus 0 SControl 300)
[    5.286091] ata10: SATA link down (SStatus 0 SControl 300)
[    5.286220] ata24: SATA link down (SStatus 0 SControl 300)
[    5.286379] ata18: SATA link down (SStatus 0 SControl 300)
[    5.286409] ata25: SATA link down (SStatus 0 SControl 300)
[    5.286504] ata19: SATA link down (SStatus 0 SControl 300)
[    5.286571] ata20: SATA link down (SStatus 0 SControl 300)
[    5.286792] ata12: SATA link down (SStatus 0 SControl 300)
[    5.286883] ata29: SATA link down (SStatus 0 SControl 300)
[    5.287017] ata26: SATA link down (SStatus 0 SControl 300)
[    5.287169] ata23: SATA link down (SStatus 0 SControl 300)
[    5.289825] ata30: SATA link down (SStatus 0 SControl 300)
[    5.289881] ata32: SATA link down (SStatus 0 SControl 300)
[    5.293761] ata31: SATA link down (SStatus 0 SControl 300)
[    5.545348] VMware vmxnet3 virtual NIC driver - version 1.2.0.0-k-NAPI
[    5.553653] VMware PVSCSI driver - version 1.0.2.0-k
[    5.653561] EXT4-fs (sda1): mounted filesystem with ordered data mode. Opts: (null)
[    5.873967] random: init urandom read with 61 bits of entropy available
[    7.820908] Adding 3143676k swap on /dev/sda5.  Priority:-1 extents:1 across:3143676k FS
[    7.829610] EXT4-fs (sda1): re-mounted. Opts: errors=remount-ro
[    7.904015] random: nonblocking pool is initialized
[    7.917292] IPv6: ADDRCONF(NETDEV_UP): eth0: link is not ready
[    7.999701] systemd-udevd[600]: starting version 204
[    8.087337] lp: driver loaded but no devices found
[    8.121713] ppdev: user-space parallel port driver
[    8.138662] parport_pc 00:08: reported by Plug and Play ACPI
[    8.139266] parport0: PC-style at 0x378, irq 7 [PCSPP,TRISTATE]
[    8.183112] shpchp: Standard Hot Plug PCI Controller Driver version: 0.4
[    8.193117] piix4_smbus 0000:00:07.3: Host SMBus controller not enabled!
[    8.200707] vmw_vmci 0000:00:07.7: Found VMCI PCI device at 0x11080, irq 16
[    8.200952] vmw_vmci 0000:00:07.7: Using capabilities 0xc
[    8.201602] vmw_vmci 0000:00:07.7: irq 73 for MSI/MSI-X
[    8.201804] vmw_vmci 0000:00:07.7: irq 74 for MSI/MSI-X
[    8.203181] Guest personality initialized and is active
[    8.203594] VMCI host device registered (name=vmci, major=10, minor=57)
[    8.203599] Initialized host personality
[    8.232020] lp0: using parport0 (interrupt-driven).
[    8.259141] Bluetooth: Core ver 2.17
[    8.260019] NET: Registered protocol family 31
[    8.260026] Bluetooth: HCI device and connection manager initialized
[    8.260044] Bluetooth: HCI socket layer initialized
[    8.260051] Bluetooth: L2CAP socket layer initialized
[    8.260070] Bluetooth: SCO socket layer initialized
[    8.272310] usbcore: registered new interface driver btusb
[    8.363146] device-mapper: multipath: version 1.6.0 loaded
[    8.552761] Bluetooth: BNEP (Ethernet Emulation) ver 1.3
[    8.552769] Bluetooth: BNEP filters: protocol multicast
[    8.552841] Bluetooth: BNEP socket layer initialized
[    8.575984] Bluetooth: RFCOMM TTY layer initialized
[    8.576004] Bluetooth: RFCOMM socket layer initialized
[    8.576018] Bluetooth: RFCOMM ver 1.11
[    8.799103] intel_rapl: domain package energy ctr 0:0 not working, skip
[    8.898607] init: cups main process (861) killed by HUP signal
[    8.898631] init: cups main process ended, respawning
[    8.933848] intel_rapl: domain core energy ctr 0:0 not working, skip
[    9.068298] intel_rapl: domain uncore energy ctr 0:0 not working, skip
[    9.207103] intel_rapl: domain dram energy ctr 0:0 not working, skip
[    9.207112] intel_rapl: no valid rapl domains found in package 0
[    9.347612] intel_rapl: domain package energy ctr 0:0 not working, skip
[    9.467739] intel_rapl: domain core energy ctr 0:0 not working, skip
[    9.492020] init: failsafe main process (903) killed by TERM signal
[    9.590988] intel_rapl: domain uncore energy ctr 0:0 not working, skip
[    9.652619] init: samba-ad-dc main process (947) terminated with status 1
[    9.720255] intel_rapl: domain dram energy ctr 0:0 not working, skip
[    9.720262] intel_rapl: no valid rapl domains found in package 0
[    9.852970] e1000: eth0 NIC Link is Up 1000 Mbps Full Duplex, Flow Control: None
[    9.856940] IPv6: ADDRCONF(NETDEV_UP): eth0: link is not ready
[    9.856965] IPv6: ADDRCONF(NETDEV_CHANGE): eth0: link becomes ready
[    9.935520] intel_rapl: domain package energy ctr 0:0 not working, skip
[   10.079775] intel_rapl: domain core energy ctr 0:0 not working, skip
[   10.218205] intel_rapl: domain uncore energy ctr 0:0 not working, skip
[   10.360378] intel_rapl: domain dram energy ctr 0:0 not working, skip
[   10.360386] intel_rapl: no valid rapl domains found in package 0
[   10.528270] intel_rapl: domain package energy ctr 0:0 not working, skip
[   10.661264] intel_rapl: domain core energy ctr 0:0 not working, skip
[   10.801772] intel_rapl: domain uncore energy ctr 0:0 not working, skip
[   10.924604] intel_rapl: domain dram energy ctr 0:0 not working, skip
[   10.924612] intel_rapl: no valid rapl domains found in package 0
[   11.107789] intel_rapl: domain package energy ctr 0:0 not working, skip
[   11.228737] intel_rapl: domain core energy ctr 0:0 not working, skip
[   11.273345] init: plymouth-upstart-bridge main process ended, respawning
[   11.293399] init: plymouth-upstart-bridge main process (1507) terminated with status 1
[   11.293439] init: plymouth-upstart-bridge main process ended, respawning
[   11.352814] intel_rapl: domain uncore energy ctr 0:0 not working, skip
[   11.448024] init: plymouth-stop pre-start process (1543) terminated with status 1
[   11.487212] intel_rapl: domain dram energy ctr 0:0 not working, skip
[   11.487220] intel_rapl: no valid rapl domains found in package 0
[   11.931414] intel_rapl: domain package energy ctr 0:0 not working, skip
[   12.049593] vmhgfs: module verification failed: signature and/or  required key missing - tainting kernel
[   12.065993] intel_rapl: domain core energy ctr 0:0 not working, skip
[   12.106265] sda1: WRITE SAME failed. Manually zeroing.
[   12.205190] intel_rapl: domain uncore energy ctr 0:0 not working, skip
[   12.336247] intel_rapl: domain dram energy ctr 0:0 not working, skip
[   12.336255] intel_rapl: no valid rapl domains found in package 0
[   12.518520] intel_rapl: domain package energy ctr 0:0 not working, skip
[   12.659703] intel_rapl: domain core energy ctr 0:0 not working, skip
[   12.784815] intel_rapl: domain uncore energy ctr 0:0 not working, skip
[   12.923994] intel_rapl: domain dram energy ctr 0:0 not working, skip
[   12.924003] intel_rapl: no valid rapl domains found in package 0
[   13.109276] intel_rapl: domain package energy ctr 0:0 not working, skip
[   13.245483] intel_rapl: domain core energy ctr 0:0 not working, skip
[   13.388564] intel_rapl: domain uncore energy ctr 0:0 not working, skip
[   13.532753] intel_rapl: domain dram energy ctr 0:0 not working, skip
[   13.532761] intel_rapl: no valid rapl domains found in package 0
[   42.530284] usb 1-1: new high-speed USB device number 2 using ehci-pci
[   42.825321] usb 1-1: New USB device found, idVendor=04f2, idProduct=b36e
[   42.825329] usb 1-1: New USB device strings: Mfr=3, Product=1, SerialNumber=2
[   42.825333] usb 1-1: Product: USB2.0 HD UVC WebCam
[   42.825336] usb 1-1: Manufacturer: Chicony Electronics Co.,Ltd.
[   42.825339] usb 1-1: SerialNumber: 200901010001
[   42.869971] Linux video capture interface: v2.00
[   42.892353] uvcvideo: Found UVC 1.00 device USB2.0 HD UVC WebCam (04f2:b36e)
