[    0.000000] Initializing cgroup subsys cpuset
[    0.000000] Initializing cgroup subsys cpu
[    0.000000] Initializing cgroup subsys cpuacct
[    0.000000] Linux version 3.13.0-43-generic (buildd@tipua) (gcc version 4.8.2 (Ubuntu 4.8.2-19ubuntu1) ) #72-Ubuntu SMP Mon Dec 8 19:35:06 UTC 2014 (Ubuntu 3.13.0-43.72-generic 3.13.11.11)
[    0.000000] Command line: BOOT_IMAGE=/boot/vmlinuz-3.13.0-43-generic root=UUID=a65a4ea8-3505-4f81-9a3a-500c3c8611ba ro find_preseed=/preseed.cfg auto noprompt priority=critical locale=en_US quiet
[    0.000000] KERNEL supported cpus:
[    0.000000]   Intel GenuineIntel
[    0.000000]   AMD AuthenticAMD
[    0.000000]   Centaur CentaurHauls
[    0.000000] Disabled fast string operations
[    0.000000] e820: BIOS-provided physical RAM map:
[    0.000000] BIOS-e820: [mem 0x0000000000000000-0x000000000009ebff] usable
[    0.000000] BIOS-e820: [mem 0x000000000009ec00-0x000000000009ffff] reserved
[    0.000000] BIOS-e820: [mem 0x00000000000dc000-0x00000000000fffff] reserved
[    0.000000] BIOS-e820: [mem 0x0000000000100000-0x00000000bfedffff] usable
[    0.000000] BIOS-e820: [mem 0x00000000bfee0000-0x00000000bfefefff] ACPI data
[    0.000000] BIOS-e820: [mem 0x00000000bfeff000-0x00000000bfefffff] ACPI NVS
[    0.000000] BIOS-e820: [mem 0x00000000bff00000-0x00000000bfffffff] usable
[    0.000000] BIOS-e820: [mem 0x00000000f0000000-0x00000000f7ffffff] reserved
[    0.000000] BIOS-e820: [mem 0x00000000fec00000-0x00000000fec0ffff] reserved
[    0.000000] BIOS-e820: [mem 0x00000000fee00000-0x00000000fee00fff] reserved
[    0.000000] BIOS-e820: [mem 0x00000000fffe0000-0x00000000ffffffff] reserved
[    0.000000] BIOS-e820: [mem 0x0000000100000000-0x000000013fffffff] usable
[    0.000000] NX (Execute Disable) protection: active
[    0.000000] SMBIOS 2.4 present.
[    0.000000] DMI: VMware, Inc. VMware Virtual Platform/440BX Desktop Reference Platform, BIOS 6.00 07/31/2013
[    0.000000] Hypervisor detected: VMware
[    0.000000] e820: update [mem 0x00000000-0x00000fff] usable ==> reserved
[    0.000000] e820: remove [mem 0x000a0000-0x000fffff] usable
[    0.000000] No AGP bridge found
[    0.000000] e820: last_pfn = 0x140000 max_arch_pfn = 0x400000000
[    0.000000] MTRR default type: uncachable
[    0.000000] MTRR fixed ranges enabled:
[    0.000000]   00000-9FFFF write-back
[    0.000000]   A0000-BFFFF uncachable
[    0.000000]   C0000-CBFFF write-protect
[    0.000000]   CC000-EFFFF uncachable
[    0.000000]   F0000-FFFFF write-protect
[    0.000000] MTRR variable ranges enabled:
[    0.000000]   0 base 00C0000000 mask FFC0000000 uncachable
[    0.000000]   1 base 0000000000 mask FF00000000 write-back
[    0.000000]   2 base 0100000000 mask FFC0000000 write-back
[    0.000000]   3 disabled
[    0.000000]   4 disabled
[    0.000000]   5 disabled
[    0.000000]   6 disabled
[    0.000000]   7 disabled
[    0.000000] x86 PAT enabled: cpu 0, old 0x0, new 0x7010600070106
[    0.000000] original variable MTRRs
[    0.000000] reg 0, base: 3GB, range: 1GB, type UC
[    0.000000] reg 1, base: 0GB, range: 4GB, type WB
[    0.000000] reg 2, base: 4GB, range: 1GB, type WB
[    0.000000] total RAM covered: 4096M
[    0.000000] Found optimal setting for mtrr clean up
[    0.000000]  gran_size: 64K 	chunk_size: 64K 	num_reg: 3  	lose cover RAM: 0G
[    0.000000] New variable MTRRs
[    0.000000] reg 0, base: 0GB, range: 2GB, type WB
[    0.000000] reg 1, base: 2GB, range: 1GB, type WB
[    0.000000] reg 2, base: 4GB, range: 1GB, type WB
[    0.000000] x86 PAT enabled: cpu 0, old 0x0, new 0x7010600070106
[    0.000000] e820: update [mem 0xc0000000-0xffffffff] usable ==> reserved
[    0.000000] e820: last_pfn = 0xc0000 max_arch_pfn = 0x400000000
[    0.000000] found SMP MP-table at [mem 0x000f6bf0-0x000f6bff] mapped at [ffff8800000f6bf0]
[    0.000000] Scanning 1 areas for low memory corruption
[    0.000000] Base memory trampoline at [ffff880000098000] 98000 size 24576
[    0.000000] Using GB pages for direct mapping
[    0.000000] init_memory_mapping: [mem 0x00000000-0x000fffff]
[    0.000000]  [mem 0x00000000-0x000fffff] page 4k
[    0.000000] BRK [0x01fe1000, 0x01fe1fff] PGTABLE
[    0.000000] BRK [0x01fe2000, 0x01fe2fff] PGTABLE
[    0.000000] BRK [0x01fe3000, 0x01fe3fff] PGTABLE
[    0.000000] init_memory_mapping: [mem 0x13fe00000-0x13fffffff]
[    0.000000]  [mem 0x13fe00000-0x13fffffff] page 1G
[    0.000000] init_memory_mapping: [mem 0x13c000000-0x13fdfffff]
[    0.000000]  [mem 0x13c000000-0x13fdfffff] page 1G
[    0.000000] init_memory_mapping: [mem 0x100000000-0x13bffffff]
[    0.000000]  [mem 0x100000000-0x13bffffff] page 1G
[    0.000000] init_memory_mapping: [mem 0x00100000-0xbfedffff]
[    0.000000]  [mem 0x00100000-0x001fffff] page 4k
[    0.000000]  [mem 0x00200000-0x3fffffff] page 2M
[    0.000000]  [mem 0x40000000-0x7fffffff] page 1G
[    0.000000]  [mem 0x80000000-0xbfdfffff] page 2M
[    0.000000]  [mem 0xbfe00000-0xbfedffff] page 4k
[    0.000000] init_memory_mapping: [mem 0xbff00000-0xbfffffff]
[    0.000000]  [mem 0xbff00000-0xbfffffff] page 4k
[    0.000000] RAMDISK: [mem 0x35b4a000-0x36d9cfff]
[    0.000000] ACPI: RSDP 00000000000f6b80 000024 (v02 PTLTD )
[    0.000000] ACPI: XSDT 00000000bfee060d 00005C (v01 INTEL  440BX    06040000 VMW  01324272)
[    0.000000] ACPI: FACP 00000000bfefee73 0000F4 (v04 INTEL  440BX    06040000 PTL  000F4240)
[    0.000000] ACPI: DSDT 00000000bfee1231 01DC42 (v01 PTLTD  Custom   06040000 MSFT 03000001)
[    0.000000] ACPI: FACS 00000000bfefffc0 000040
[    0.000000] ACPI: BOOT 00000000bfee1209 000028 (v01 PTLTD  $SBFTBL$ 06040000  LTP 00000001)
[    0.000000] ACPI: APIC 00000000bfee0c3d 0003C2 (v01 PTLTD  ? APIC   06040000  LTP 00000000)
[    0.000000] ACPI: MCFG 00000000bfee0c01 00003C (v01 PTLTD  $PCITBL$ 06040000  LTP 00000001)
[    0.000000] ACPI: SRAT 00000000bfee0709 0004F8 (v02 VMWARE MEMPLUG  06040000 VMW  00000001)
[    0.000000] ACPI: HPET 00000000bfee06d1 000038 (v01 VMWARE VMW HPET 06040000 VMW  00000001)
[    0.000000] ACPI: WAET 00000000bfee06a9 000028 (v01 VMWARE VMW WAET 06040000 VMW  00000001)
[    0.000000] ACPI: Local APIC address 0xfee00000
[    0.000000] system APIC only can use physical flat
[    0.000000] Setting APIC routing to physical flat.
[    0.000000] SRAT: PXM 0 -> APIC 0x00 -> Node 0
[    0.000000] SRAT: PXM 0 -> APIC 0x01 -> Node 0
[    0.000000] SRAT: PXM 0 -> APIC 0x02 -> Node 0
[    0.000000] SRAT: PXM 0 -> APIC 0x03 -> Node 0
[    0.000000] SRAT: PXM 0 -> APIC 0x04 -> Node 0
[    0.000000] SRAT: PXM 0 -> APIC 0x05 -> Node 0
[    0.000000] SRAT: PXM 0 -> APIC 0x06 -> Node 0
[    0.000000] SRAT: PXM 0 -> APIC 0x07 -> Node 0
[    0.000000] SRAT: PXM 0 -> APIC 0x08 -> Node 0
[    0.000000] SRAT: PXM 0 -> APIC 0x09 -> Node 0
[    0.000000] SRAT: PXM 0 -> APIC 0x0a -> Node 0
[    0.000000] SRAT: PXM 0 -> APIC 0x0b -> Node 0
[    0.000000] SRAT: PXM 0 -> APIC 0x0c -> Node 0
[    0.000000] SRAT: PXM 0 -> APIC 0x0d -> Node 0
[    0.000000] SRAT: PXM 0 -> APIC 0x0e -> Node 0
[    0.000000] SRAT: PXM 0 -> APIC 0x0f -> Node 0
[    0.000000] SRAT: PXM 0 -> APIC 0x10 -> Node 0
[    0.000000] SRAT: PXM 0 -> APIC 0x11 -> Node 0
[    0.000000] SRAT: PXM 0 -> APIC 0x12 -> Node 0
[    0.000000] SRAT: PXM 0 -> APIC 0x13 -> Node 0
[    0.000000] SRAT: PXM 0 -> APIC 0x14 -> Node 0
[    0.000000] SRAT: PXM 0 -> APIC 0x15 -> Node 0
[    0.000000] SRAT: PXM 0 -> APIC 0x16 -> Node 0
[    0.000000] SRAT: PXM 0 -> APIC 0x17 -> Node 0
[    0.000000] SRAT: PXM 0 -> APIC 0x18 -> Node 0
[    0.000000] SRAT: PXM 0 -> APIC 0x19 -> Node 0
[    0.000000] SRAT: PXM 0 -> APIC 0x1a -> Node 0
[    0.000000] SRAT: PXM 0 -> APIC 0x1b -> Node 0
[    0.000000] SRAT: PXM 0 -> APIC 0x1c -> Node 0
[    0.000000] SRAT: PXM 0 -> APIC 0x1d -> Node 0
[    0.000000] SRAT: PXM 0 -> APIC 0x1e -> Node 0
[    0.000000] SRAT: PXM 0 -> APIC 0x1f -> Node 0
[    0.000000] SRAT: PXM 0 -> APIC 0x20 -> Node 0
[    0.000000] SRAT: PXM 0 -> APIC 0x21 -> Node 0
[    0.000000] SRAT: PXM 0 -> APIC 0x22 -> Node 0
[    0.000000] SRAT: PXM 0 -> APIC 0x23 -> Node 0
[    0.000000] SRAT: PXM 0 -> APIC 0x24 -> Node 0
[    0.000000] SRAT: PXM 0 -> APIC 0x25 -> Node 0
[    0.000000] SRAT: PXM 0 -> APIC 0x26 -> Node 0
[    0.000000] SRAT: PXM 0 -> APIC 0x27 -> Node 0
[    0.000000] SRAT: PXM 0 -> APIC 0x28 -> Node 0
[    0.000000] SRAT: PXM 0 -> APIC 0x29 -> Node 0
[    0.000000] SRAT: PXM 0 -> APIC 0x2a -> Node 0
[    0.000000] SRAT: PXM 0 -> APIC 0x2b -> Node 0
[    0.000000] SRAT: PXM 0 -> APIC 0x2c -> Node 0
[    0.000000] SRAT: PXM 0 -> APIC 0x2d -> Node 0
[    0.000000] SRAT: PXM 0 -> APIC 0x2e -> Node 0
[    0.000000] SRAT: PXM 0 -> APIC 0x2f -> Node 0
[    0.000000] SRAT: PXM 0 -> APIC 0x30 -> Node 0
[    0.000000] SRAT: PXM 0 -> APIC 0x31 -> Node 0
[    0.000000] SRAT: PXM 0 -> APIC 0x32 -> Node 0
[    0.000000] SRAT: PXM 0 -> APIC 0x33 -> Node 0
[    0.000000] SRAT: PXM 0 -> APIC 0x34 -> Node 0
[    0.000000] SRAT: PXM 0 -> APIC 0x35 -> Node 0
[    0.000000] SRAT: PXM 0 -> APIC 0x36 -> Node 0
[    0.000000] SRAT: PXM 0 -> APIC 0x37 -> Node 0
[    0.000000] SRAT: PXM 0 -> APIC 0x38 -> Node 0
[    0.000000] SRAT: PXM 0 -> APIC 0x39 -> Node 0
[    0.000000] SRAT: PXM 0 -> APIC 0x3a -> Node 0
[    0.000000] SRAT: PXM 0 -> APIC 0x3b -> Node 0
[    0.000000] SRAT: PXM 0 -> APIC 0x3c -> Node 0
[    0.000000] SRAT: PXM 0 -> APIC 0x3d -> Node 0
[    0.000000] SRAT: PXM 0 -> APIC 0x3e -> Node 0
[    0.000000] SRAT: PXM 0 -> APIC 0x3f -> Node 0
[    0.000000] SRAT: Node 0 PXM 0 [mem 0x00000000-0x0009ffff]
[    0.000000] SRAT: Node 0 PXM 0 [mem 0x00100000-0x0fffffff]
[    0.000000] SRAT: Node 0 PXM 0 [mem 0x10000000-0xbfffffff]
[    0.000000] SRAT: Node 0 PXM 0 [mem 0x100000000-0x13fffffff]
[    0.000000] SRAT: Node 0 PXM 0 [mem 0x140000000-0x103fffffff] hotplug
[    0.000000] NUMA: Node 0 [mem 0x00000000-0x0009ffff] + [mem 0x00100000-0x0fffffff] -> [mem 0x00000000-0x0fffffff]
[    0.000000] NUMA: Node 0 [mem 0x00000000-0x0fffffff] + [mem 0x10000000-0xbfffffff] -> [mem 0x00000000-0xbfffffff]
[    0.000000] NUMA: Node 0 [mem 0x00000000-0xbfffffff] + [mem 0x100000000-0x13fffffff] -> [mem 0x00000000-0x13fffffff]
[    0.000000] Initmem setup node 0 [mem 0x00000000-0x13fffffff]
[    0.000000]   NODE_DATA [mem 0x13fff9000-0x13fffdfff]
[    0.000000]  [ffffea0000000000-ffffea0004ffffff] PMD -> [ffff88013b600000-ffff88013f5fffff] on node 0
[    0.000000] Zone ranges:
[    0.000000]   DMA      [mem 0x00001000-0x00ffffff]
[    0.000000]   DMA32    [mem 0x01000000-0xffffffff]
[    0.000000]   Normal   [mem 0x100000000-0x13fffffff]
[    0.000000] Movable zone start for each node
[    0.000000] Early memory node ranges
[    0.000000]   node   0: [mem 0x00001000-0x0009dfff]
[    0.000000]   node   0: [mem 0x00100000-0xbfedffff]
[    0.000000]   node   0: [mem 0xbff00000-0xbfffffff]
[    0.000000]   node   0: [mem 0x100000000-0x13fffffff]
[    0.000000] On node 0 totalpages: 1048445
[    0.000000]   DMA zone: 64 pages used for memmap
[    0.000000]   DMA zone: 21 pages reserved
[    0.000000]   DMA zone: 3997 pages, LIFO batch:0
[    0.000000]   DMA32 zone: 12224 pages used for memmap
[    0.000000]   DMA32 zone: 782304 pages, LIFO batch:31
[    0.000000]   Normal zone: 4096 pages used for memmap
[    0.000000]   Normal zone: 262144 pages, LIFO batch:31
[    0.000000] ACPI: PM-Timer IO Port: 0x1008
[    0.000000] ACPI: Local APIC address 0xfee00000
[    0.000000] system APIC only can use physical flat
[    0.000000] ACPI: LAPIC (acpi_id[0x00] lapic_id[0x00] enabled)
[    0.000000] ACPI: LAPIC (acpi_id[0x01] lapic_id[0x01] enabled)
[    0.000000] ACPI: LAPIC (acpi_id[0x02] lapic_id[0x02] enabled)
[    0.000000] ACPI: LAPIC (acpi_id[0x03] lapic_id[0x03] enabled)
[    0.000000] ACPI: LAPIC (acpi_id[0x04] lapic_id[0x04] enabled)
[    0.000000] ACPI: LAPIC (acpi_id[0x05] lapic_id[0x05] enabled)
[    0.000000] ACPI: LAPIC (acpi_id[0x06] lapic_id[0x06] enabled)
[    0.000000] ACPI: LAPIC (acpi_id[0x07] lapic_id[0x07] enabled)
[    0.000000] ACPI: LAPIC (acpi_id[0x08] lapic_id[0x08] disabled)
[    0.000000] ACPI: LAPIC (acpi_id[0x09] lapic_id[0x09] disabled)
[    0.000000] ACPI: LAPIC (acpi_id[0x0a] lapic_id[0x0a] disabled)
[    0.000000] ACPI: LAPIC (acpi_id[0x0b] lapic_id[0x0b] disabled)
[    0.000000] ACPI: LAPIC (acpi_id[0x0c] lapic_id[0x0c] disabled)
[    0.000000] ACPI: LAPIC (acpi_id[0x0d] lapic_id[0x0d] disabled)
[    0.000000] ACPI: LAPIC (acpi_id[0x0e] lapic_id[0x0e] disabled)
[    0.000000] ACPI: LAPIC (acpi_id[0x0f] lapic_id[0x0f] disabled)
[    0.000000] ACPI: LAPIC (acpi_id[0x10] lapic_id[0x10] disabled)
[    0.000000] ACPI: LAPIC (acpi_id[0x11] lapic_id[0x11] disabled)
[    0.000000] ACPI: LAPIC (acpi_id[0x12] lapic_id[0x12] disabled)
[    0.000000] ACPI: LAPIC (acpi_id[0x13] lapic_id[0x13] disabled)
[    0.000000] ACPI: LAPIC (acpi_id[0x14] lapic_id[0x14] disabled)
[    0.000000] ACPI: LAPIC (acpi_id[0x15] lapic_id[0x15] disabled)
[    0.000000] ACPI: LAPIC (acpi_id[0x16] lapic_id[0x16] disabled)
[    0.000000] ACPI: LAPIC (acpi_id[0x17] lapic_id[0x17] disabled)
[    0.000000] ACPI: LAPIC (acpi_id[0x18] lapic_id[0x18] disabled)
[    0.000000] ACPI: LAPIC (acpi_id[0x19] lapic_id[0x19] disabled)
[    0.000000] ACPI: LAPIC (acpi_id[0x1a] lapic_id[0x1a] disabled)
[    0.000000] ACPI: LAPIC (acpi_id[0x1b] lapic_id[0x1b] disabled)
[    0.000000] ACPI: LAPIC (acpi_id[0x1c] lapic_id[0x1c] disabled)
[    0.000000] ACPI: LAPIC (acpi_id[0x1d] lapic_id[0x1d] disabled)
[    0.000000] ACPI: LAPIC (acpi_id[0x1e] lapic_id[0x1e] disabled)
[    0.000000] ACPI: LAPIC (acpi_id[0x1f] lapic_id[0x1f] disabled)
[    0.000000] ACPI: LAPIC (acpi_id[0x20] lapic_id[0x20] disabled)
[    0.000000] ACPI: LAPIC (acpi_id[0x21] lapic_id[0x21] disabled)
[    0.000000] ACPI: LAPIC (acpi_id[0x22] lapic_id[0x22] disabled)
[    0.000000] ACPI: LAPIC (acpi_id[0x23] lapic_id[0x23] disabled)
[    0.000000] ACPI: LAPIC (acpi_id[0x24] lapic_id[0x24] disabled)
[    0.000000] ACPI: LAPIC (acpi_id[0x25] lapic_id[0x25] disabled)
[    0.000000] ACPI: LAPIC (acpi_id[0x26] lapic_id[0x26] disabled)
[    0.000000] ACPI: LAPIC (acpi_id[0x27] lapic_id[0x27] disabled)
[    0.000000] ACPI: LAPIC (acpi_id[0x28] lapic_id[0x28] disabled)
[    0.000000] ACPI: LAPIC (acpi_id[0x29] lapic_id[0x29] disabled)
[    0.000000] ACPI: LAPIC (acpi_id[0x2a] lapic_id[0x2a] disabled)
[    0.000000] ACPI: LAPIC (acpi_id[0x2b] lapic_id[0x2b] disabled)
[    0.000000] ACPI: LAPIC (acpi_id[0x2c] lapic_id[0x2c] disabled)
[    0.000000] ACPI: LAPIC (acpi_id[0x2d] lapic_id[0x2d] disabled)
[    0.000000] ACPI: LAPIC (acpi_id[0x2e] lapic_id[0x2e] disabled)
[    0.000000] ACPI: LAPIC (acpi_id[0x2f] lapic_id[0x2f] disabled)
[    0.000000] ACPI: LAPIC (acpi_id[0x30] lapic_id[0x30] disabled)
[    0.000000] ACPI: LAPIC (acpi_id[0x31] lapic_id[0x31] disabled)
[    0.000000] ACPI: LAPIC (acpi_id[0x32] lapic_id[0x32] disabled)
[    0.000000] ACPI: LAPIC (acpi_id[0x33] lapic_id[0x33] disabled)
[    0.000000] ACPI: LAPIC (acpi_id[0x34] lapic_id[0x34] disabled)
[    0.000000] ACPI: LAPIC (acpi_id[0x35] lapic_id[0x35] disabled)
[    0.000000] ACPI: LAPIC (acpi_id[0x36] lapic_id[0x36] disabled)
[    0.000000] ACPI: LAPIC (acpi_id[0x37] lapic_id[0x37] disabled)
[    0.000000] ACPI: LAPIC (acpi_id[0x38] lapic_id[0x38] disabled)
[    0.000000] ACPI: LAPIC (acpi_id[0x39] lapic_id[0x39] disabled)
[    0.000000] ACPI: LAPIC (acpi_id[0x3a] lapic_id[0x3a] disabled)
[    0.000000] ACPI: LAPIC (acpi_id[0x3b] lapic_id[0x3b] disabled)
[    0.000000] ACPI: LAPIC (acpi_id[0x3c] lapic_id[0x3c] disabled)
[    0.000000] ACPI: LAPIC (acpi_id[0x3d] lapic_id[0x3d] disabled)
[    0.000000] ACPI: LAPIC (acpi_id[0x3e] lapic_id[0x3e] disabled)
[    0.000000] ACPI: LAPIC (acpi_id[0x3f] lapic_id[0x3f] disabled)
[    0.000000] ACPI: LAPIC_NMI (acpi_id[0x00] high edge lint[0x1])
[    0.000000] ACPI: LAPIC_NMI (acpi_id[0x01] high edge lint[0x1])
[    0.000000] ACPI: LAPIC_NMI (acpi_id[0x02] high edge lint[0x1])
[    0.000000] ACPI: LAPIC_NMI (acpi_id[0x03] high edge lint[0x1])
[    0.000000] ACPI: LAPIC_NMI (acpi_id[0x04] high edge lint[0x1])
[    0.000000] ACPI: LAPIC_NMI (acpi_id[0x05] high edge lint[0x1])
[    0.000000] ACPI: LAPIC_NMI (acpi_id[0x06] high edge lint[0x1])
[    0.000000] ACPI: LAPIC_NMI (acpi_id[0x07] high edge lint[0x1])
[    0.000000] ACPI: LAPIC_NMI (acpi_id[0x08] high edge lint[0x1])
[    0.000000] ACPI: LAPIC_NMI (acpi_id[0x09] high edge lint[0x1])
[    0.000000] ACPI: LAPIC_NMI (acpi_id[0x0a] high edge lint[0x1])
[    0.000000] ACPI: LAPIC_NMI (acpi_id[0x0b] high edge lint[0x1])
[    0.000000] ACPI: LAPIC_NMI (acpi_id[0x0c] high edge lint[0x1])
[    0.000000] ACPI: LAPIC_NMI (acpi_id[0x0d] high edge lint[0x1])
[    0.000000] ACPI: LAPIC_NMI (acpi_id[0x0e] high edge lint[0x1])
[    0.000000] ACPI: LAPIC_NMI (acpi_id[0x0f] high edge lint[0x1])
[    0.000000] ACPI: LAPIC_NMI (acpi_id[0x10] high edge lint[0x1])
[    0.000000] ACPI: LAPIC_NMI (acpi_id[0x11] high edge lint[0x1])
[    0.000000] ACPI: LAPIC_NMI (acpi_id[0x12] high edge lint[0x1])
[    0.000000] ACPI: LAPIC_NMI (acpi_id[0x13] high edge lint[0x1])
[    0.000000] ACPI: LAPIC_NMI (acpi_id[0x14] high edge lint[0x1])
[    0.000000] ACPI: LAPIC_NMI (acpi_id[0x15] high edge lint[0x1])
[    0.000000] ACPI: LAPIC_NMI (acpi_id[0x16] high edge lint[0x1])
[    0.000000] ACPI: LAPIC_NMI (acpi_id[0x17] high edge lint[0x1])
[    0.000000] ACPI: LAPIC_NMI (acpi_id[0x18] high edge lint[0x1])
[    0.000000] ACPI: LAPIC_NMI (acpi_id[0x19] high edge lint[0x1])
[    0.000000] ACPI: LAPIC_NMI (acpi_id[0x1a] high edge lint[0x1])
[    0.000000] ACPI: LAPIC_NMI (acpi_id[0x1b] high edge lint[0x1])
[    0.000000] ACPI: LAPIC_NMI (acpi_id[0x1c] high edge lint[0x1])
[    0.000000] ACPI: LAPIC_NMI (acpi_id[0x1d] high edge lint[0x1])
[    0.000000] ACPI: LAPIC_NMI (acpi_id[0x1e] high edge lint[0x1])
[    0.000000] ACPI: LAPIC_NMI (acpi_id[0x1f] high edge lint[0x1])
[    0.000000] ACPI: LAPIC_NMI (acpi_id[0x20] high edge lint[0x1])
[    0.000000] ACPI: LAPIC_NMI (acpi_id[0x21] high edge lint[0x1])
[    0.000000] ACPI: LAPIC_NMI (acpi_id[0x22] high edge lint[0x1])
[    0.000000] ACPI: LAPIC_NMI (acpi_id[0x23] high edge lint[0x1])
[    0.000000] ACPI: LAPIC_NMI (acpi_id[0x24] high edge lint[0x1])
[    0.000000] ACPI: LAPIC_NMI (acpi_id[0x25] high edge lint[0x1])
[    0.000000] ACPI: LAPIC_NMI (acpi_id[0x26] high edge lint[0x1])
[    0.000000] ACPI: LAPIC_NMI (acpi_id[0x27] high edge lint[0x1])
[    0.000000] ACPI: LAPIC_NMI (acpi_id[0x28] high edge lint[0x1])
[    0.000000] ACPI: LAPIC_NMI (acpi_id[0x29] high edge lint[0x1])
[    0.000000] ACPI: LAPIC_NMI (acpi_id[0x2a] high edge lint[0x1])
[    0.000000] ACPI: LAPIC_NMI (acpi_id[0x2b] high edge lint[0x1])
[    0.000000] ACPI: LAPIC_NMI (acpi_id[0x2c] high edge lint[0x1])
[    0.000000] ACPI: LAPIC_NMI (acpi_id[0x2d] high edge lint[0x1])
[    0.000000] ACPI: LAPIC_NMI (acpi_id[0x2e] high edge lint[0x1])
[    0.000000] ACPI: LAPIC_NMI (acpi_id[0x2f] high edge lint[0x1])
[    0.000000] ACPI: LAPIC_NMI (acpi_id[0x30] high edge lint[0x1])
[    0.000000] ACPI: LAPIC_NMI (acpi_id[0x31] high edge lint[0x1])
[    0.000000] ACPI: LAPIC_NMI (acpi_id[0x32] high edge lint[0x1])
[    0.000000] ACPI: LAPIC_NMI (acpi_id[0x33] high edge lint[0x1])
[    0.000000] ACPI: LAPIC_NMI (acpi_id[0x34] high edge lint[0x1])
[    0.000000] ACPI: LAPIC_NMI (acpi_id[0x35] high edge lint[0x1])
[    0.000000] ACPI: LAPIC_NMI (acpi_id[0x36] high edge lint[0x1])
[    0.000000] ACPI: LAPIC_NMI (acpi_id[0x37] high edge lint[0x1])
[    0.000000] ACPI: LAPIC_NMI (acpi_id[0x38] high edge lint[0x1])
[    0.000000] ACPI: LAPIC_NMI (acpi_id[0x39] high edge lint[0x1])
[    0.000000] ACPI: LAPIC_NMI (acpi_id[0x3a] high edge lint[0x1])
[    0.000000] ACPI: LAPIC_NMI (acpi_id[0x3b] high edge lint[0x1])
[    0.000000] ACPI: LAPIC_NMI (acpi_id[0x3c] high edge lint[0x1])
[    0.000000] ACPI: LAPIC_NMI (acpi_id[0x3d] high edge lint[0x1])
[    0.000000] ACPI: LAPIC_NMI (acpi_id[0x3e] high edge lint[0x1])
[    0.000000] ACPI: LAPIC_NMI (acpi_id[0x3f] high edge lint[0x1])
[    0.000000] ACPI: IOAPIC (id[0x40] address[0xfec00000] gsi_base[0])
[    0.000000] IOAPIC[0]: apic_id 64, version 17, address 0xfec00000, GSI 0-23
[    0.000000] ACPI: INT_SRC_OVR (bus 0 bus_irq 0 global_irq 2 high edge)
[    0.000000] ACPI: IRQ0 used by override.
[    0.000000] ACPI: IRQ2 used by override.
[    0.000000] ACPI: IRQ9 used by override.
[    0.000000] Using ACPI (MADT) for SMP configuration information
[    0.000000] ACPI: HPET id: 0x8086af01 base: 0xfed00000
[    0.000000] smpboot: Allowing 64 CPUs, 56 hotplug CPUs
[    0.000000] nr_irqs_gsi: 40
[    0.000000] PM: Registered nosave memory: [mem 0x0009e000-0x0009efff]
[    0.000000] PM: Registered nosave memory: [mem 0x0009f000-0x0009ffff]
[    0.000000] PM: Registered nosave memory: [mem 0x000a0000-0x000dbfff]
[    0.000000] PM: Registered nosave memory: [mem 0x000dc000-0x000fffff]
[    0.000000] PM: Registered nosave memory: [mem 0xbfee0000-0xbfefefff]
[    0.000000] PM: Registered nosave memory: [mem 0xbfeff000-0xbfefffff]
[    0.000000] PM: Registered nosave memory: [mem 0xc0000000-0xefffffff]
[    0.000000] PM: Registered nosave memory: [mem 0xf0000000-0xf7ffffff]
[    0.000000] PM: Registered nosave memory: [mem 0xf8000000-0xfebfffff]
[    0.000000] PM: Registered nosave memory: [mem 0xfec00000-0xfec0ffff]
[    0.000000] PM: Registered nosave memory: [mem 0xfec10000-0xfedfffff]
[    0.000000] PM: Registered nosave memory: [mem 0xfee00000-0xfee00fff]
[    0.000000] PM: Registered nosave memory: [mem 0xfee01000-0xfffdffff]
[    0.000000] PM: Registered nosave memory: [mem 0xfffe0000-0xffffffff]
[    0.000000] e820: [mem 0xc0000000-0xefffffff] available for PCI devices
[    0.000000] Booting paravirtualized kernel on bare hardware
[    0.000000] setup_percpu: NR_CPUS:256 nr_cpumask_bits:256 nr_cpu_ids:64 nr_node_ids:1
[    0.000000] PERCPU: Embedded 28 pages/cpu @ffff88013ae00000 s82304 r8192 d24192 u131072
[    0.000000] pcpu-alloc: s82304 r8192 d24192 u131072 alloc=1*2097152
[    0.000000] pcpu-alloc: [0] 00 01 02 03 04 05 06 07 08 09 10 11 12 13 14 15 
[    0.000000] pcpu-alloc: [0] 16 17 18 19 20 21 22 23 24 25 26 27 28 29 30 31 
[    0.000000] pcpu-alloc: [0] 32 33 34 35 36 37 38 39 40 41 42 43 44 45 46 47 
[    0.000000] pcpu-alloc: [0] 48 49 50 51 52 53 54 55 56 57 58 59 60 61 62 63 
[    0.000000] Built 1 zonelists in Node order, mobility grouping on.  Total pages: 1032040
[    0.000000] Policy zone: Normal
[    0.000000] Kernel command line: BOOT_IMAGE=/boot/vmlinuz-3.13.0-43-generic root=UUID=a65a4ea8-3505-4f81-9a3a-500c3c8611ba ro find_preseed=/preseed.cfg auto noprompt priority=critical locale=en_US quiet
[    0.000000] PID hash table entries: 4096 (order: 3, 32768 bytes)
[    0.000000] xsave: enabled xstate_bv 0x7, cntxt size 0x340
[    0.000000] Checking aperture...
[    0.000000] No AGP bridge found
[    0.000000] Calgary: detecting Calgary via BIOS EBDA area
[    0.000000] Calgary: Unable to locate Rio Grande table in EBDA - bailing!
[    0.000000] Memory: 4019608K/4193780K available (7383K kernel code, 1144K rwdata, 3408K rodata, 1336K init, 1444K bss, 174172K reserved)
[    0.000000] SLUB: HWalign=64, Order=0-3, MinObjects=0, CPUs=64, Nodes=1
[    0.000000] Hierarchical RCU implementation.
[    0.000000] 	RCU dyntick-idle grace-period acceleration is enabled.
[    0.000000] 	RCU restricting CPUs from NR_CPUS=256 to nr_cpu_ids=64.
[    0.000000] 	Offload RCU callbacks from all CPUs
[    0.000000] 	Offload RCU callbacks from CPUs: 0-63.
[    0.000000] NR_IRQS:16640 nr_irqs:1192 16
[    0.000000] Console: colour VGA+ 80x25
[    0.000000] console [tty0] enabled
[    0.000000] allocated 16777216 bytes of page_cgroup
[    0.000000] please try 'cgroup_disable=memory' option if you don't want memory cgroups
[    0.000000] hpet clockevent registered
[    0.004000] TSC freq read from hypervisor : 3999.996 MHz
[    0.004000] tsc: Detected 3999.996 MHz processor
[    0.000008] Calibrating delay loop (skipped) preset value.. 7999.99 BogoMIPS (lpj=15999984)
[    0.000010] pid_max: default: 65536 minimum: 512
[    0.000087] Security Framework initialized
[    0.001286] AppArmor: AppArmor initialized
[    0.001287] Yama: becoming mindful.
[    0.001503] Dentry cache hash table entries: 524288 (order: 10, 4194304 bytes)
[    0.009623] Inode-cache hash table entries: 262144 (order: 9, 2097152 bytes)
[    0.013540] Mount-cache hash table entries: 8192 (order: 4, 65536 bytes)
[    0.013544] Mountpoint-cache hash table entries: 8192 (order: 4, 65536 bytes)
[    0.014341] Initializing cgroup subsys memory
[    0.014346] Initializing cgroup subsys devices
[    0.014347] Initializing cgroup subsys freezer
[    0.014348] Initializing cgroup subsys blkio
[    0.014349] Initializing cgroup subsys perf_event
[    0.014351] Initializing cgroup subsys hugetlb
[    0.014392] Disabled fast string operations
[    0.014393] CPU: Physical Processor ID: 0
[    0.014394] CPU: Processor Core ID: 0
[    0.015100] mce: CPU supports 0 MCE banks
[    0.015112] Last level iTLB entries: 4KB 0, 2MB 0, 4MB 0
[    0.015112] Last level dTLB entries: 4KB 64, 2MB 0, 4MB 0
[    0.015112] tlb_flushall_shift: 6
[    0.015230] Freeing SMP alternatives memory: 32K (ffffffff81e6e000 - ffffffff81e76000)
[    0.016569] ACPI: Core revision 20131115
[    0.026353] ACPI: All ACPI Tables successfully acquired
[    0.029455] ftrace: allocating 28552 entries in 112 pages
[    0.043418] ..TIMER: vector=0x30 apic1=0 pin1=2 apic2=-1 pin2=-1
[    0.083104] smpboot: CPU0: Intel(R) Core(TM) i7-4790K CPU @ 4.00GHz (fam: 06, model: 3c, stepping: 03)
[    0.188015] Performance Events: 16-deep LBR, Haswell events, core PMU driver.
[    0.188023] perf_event_intel: CPUID marked event: 'cpu cycles' unavailable
[    0.188024] perf_event_intel: CPUID marked event: 'instructions' unavailable
[    0.188025] perf_event_intel: CPUID marked event: 'bus cycles' unavailable
[    0.188025] perf_event_intel: CPUID marked event: 'cache references' unavailable
[    0.188026] perf_event_intel: CPUID marked event: 'cache misses' unavailable
[    0.188026] perf_event_intel: CPUID marked event: 'branch instructions' unavailable
[    0.188026] perf_event_intel: CPUID marked event: 'branch misses' unavailable
[    0.188029] ... version:                1
[    0.188029] ... bit width:              48
[    0.188029] ... generic registers:      4
[    0.188030] ... value mask:             0000ffffffffffff
[    0.188030] ... max period:             000000007fffffff
[    0.188031] ... fixed-purpose events:   0
[    0.188031] ... event mask:             000000000000000f
[    0.197777] NMI watchdog: disabled (cpu0): hardware events not enabled
[    0.198130] x86: Booting SMP configuration:
[    0.209193] Disabled fast string operations
[    0.209909] mce: CPU supports 0 MCE banks
[    0.221503] Disabled fast string operations
[    0.222222] mce: CPU supports 0 MCE banks
[    0.233841] Disabled fast string operations
[    0.234538] mce: CPU supports 0 MCE banks
[    0.245981] Disabled fast string operations
[    0.246708] mce: CPU supports 0 MCE banks
[    0.258206] Disabled fast string operations
[    0.258911] mce: CPU supports 0 MCE banks
[    0.270418] Disabled fast string operations
[    0.271137] mce: CPU supports 0 MCE banks
[    0.282703] Disabled fast string operations
[    0.283396] mce: CPU supports 0 MCE banks
[    0.198131] .... node  #0, CPUs:        #1  #2  #3  #4  #5  #6  #7
[    0.283450] x86: Booted up 1 node, 8 CPUs
[    0.283452] smpboot: Total of 8 processors activated (63999.93 BogoMIPS)
[    0.283597] x86 PAT enabled: cpu 0, old 0x0, new 0x7010600070106
[    0.283621] x86 PAT enabled: cpu 2, old 0x0, new 0x7010600070106
[    0.283651] x86 PAT enabled: cpu 1, old 0x0, new 0x7010600070106
[    0.283706] x86 PAT enabled: cpu 7, old 0x0, new 0x7010600070106
[    0.283732] x86 PAT enabled: cpu 3, old 0x0, new 0x7010600070106
[    0.283764] x86 PAT enabled: cpu 6, old 0x0, new 0x7010600070106
[    0.283791] x86 PAT enabled: cpu 5, old 0x0, new 0x7010600070106
[    0.283820] x86 PAT enabled: cpu 4, old 0x0, new 0x7010600070106
[    0.285540] devtmpfs: initialized
[    0.286922] EVM: security.selinux
[    0.286923] EVM: security.SMACK64
[    0.286924] EVM: security.ima
[    0.286924] EVM: security.capability
[    0.287093] PM: Registering ACPI NVS region [mem 0xbfeff000-0xbfefffff] (4096 bytes)
[    0.287850] pinctrl core: initialized pinctrl subsystem
[    0.287895] regulator-dummy: no parameters
[    0.287963] RTC time: 16:22:41, date: 03/25/15
[    0.288057] NET: Registered protocol family 16
[    0.288179] cpuidle: using governor ladder
[    0.288179] cpuidle: using governor menu
[    0.288204] ACPI: bus type PCI registered
[    0.288205] acpiphp: ACPI Hot Plug PCI Controller Driver version: 0.5
[    0.288315] PCI: MMCONFIG for domain 0000 [bus 00-7f] at [mem 0xf0000000-0xf7ffffff] (base 0xf0000000)
[    0.288317] PCI: MMCONFIG at [mem 0xf0000000-0xf7ffffff] reserved in E820
[    0.293660] PCI: Using configuration type 1 for base access
[    0.294802] bio: create slab <bio-0> at 0
[    0.295551] ACPI: Added _OSI(Module Device)
[    0.295553] ACPI: Added _OSI(Processor Device)
[    0.295553] ACPI: Added _OSI(3.0 _SCP Extensions)
[    0.295554] ACPI: Added _OSI(Processor Aggregator Device)
[    0.303486] [Firmware Bug]: ACPI: BIOS _OSI(Linux) query ignored
[    0.591614] ACPI: Interpreter enabled
[    0.591621] ACPI Exception: AE_NOT_FOUND, While evaluating Sleep State [\_S2_] (20131115/hwxface-580)
[    0.591623] ACPI Exception: AE_NOT_FOUND, While evaluating Sleep State [\_S3_] (20131115/hwxface-580)
[    0.591626] ACPI: (supports S0 S1 S4 S5)
[    0.591627] ACPI: Using IOAPIC for interrupt routing
[    0.591645] PCI: Using host bridge windows from ACPI; if necessary, use "pci=nocrs" and report a bug
[    0.601429] ACPI: No dock devices found.
[    4.903379] ACPI: PCI Root Bridge [PCI0] (domain 0000 [bus 00-7f])
[    4.903384] acpi PNP0A03:00: _OSC: OS supports [ExtendedConfig ASPM ClockPM Segments MSI]
[    4.903489] acpi PNP0A03:00: _OSC: platform does not support [AER]
[    4.903580] acpi PNP0A03:00: _OSC: OS now controls [PCIeHotplug PME PCIeCapability]
[    4.904839] PCI host bridge to bus 0000:00
[    4.904841] pci_bus 0000:00: root bus resource [bus 00-7f]
[    4.904842] pci_bus 0000:00: root bus resource [mem 0x000a0000-0x000bffff]
[    4.904843] pci_bus 0000:00: root bus resource [mem 0x000cc000-0x000cffff]
[    4.904843] pci_bus 0000:00: root bus resource [mem 0x000d0000-0x000d3fff]
[    4.904844] pci_bus 0000:00: root bus resource [mem 0x000d4000-0x000d7fff]
[    4.904845] pci_bus 0000:00: root bus resource [mem 0x000d8000-0x000dbfff]
[    4.904845] pci_bus 0000:00: root bus resource [mem 0xc0000000-0xfebfffff]
[    4.904846] pci_bus 0000:00: root bus resource [io  0x0000-0x0cf7]
[    4.904847] pci_bus 0000:00: root bus resource [io  0x0d00-0xfeff]
[    4.904876] pci 0000:00:00.0: [8086:7190] type 00 class 0x060000
[    4.905167] pci 0000:00:01.0: [8086:7191] type 01 class 0x060400
[    4.905459] pci 0000:00:07.0: [8086:7110] type 00 class 0x060100
[    4.905833] pci 0000:00:07.1: [8086:7111] type 00 class 0x01018a
[    4.907172] pci 0000:00:07.1: reg 0x20: [io  0x1060-0x106f]
[    4.907781] pci 0000:00:07.3: [8086:7113] type 00 class 0x068000
[    4.909185] pci 0000:00:07.3: quirk: [io  0x1000-0x103f] claimed by PIIX4 ACPI
[    4.909191] pci 0000:00:07.3: quirk: [io  0x1040-0x104f] claimed by PIIX4 SMB
[    4.909371] pci 0000:00:07.7: [15ad:0740] type 00 class 0x088000
[    4.909856] pci 0000:00:07.7: reg 0x10: [io  0x1080-0x10bf]
[    4.910308] pci 0000:00:07.7: reg 0x14: [mem 0xfebfe000-0xfebfffff 64bit]
[    4.912376] pci 0000:00:0f.0: [15ad:0405] type 00 class 0x030000
[    4.914988] pci 0000:00:0f.0: reg 0x10: [io  0x1070-0x107f]
[    4.917471] pci 0000:00:0f.0: reg 0x14: [mem 0xe8000000-0xefffffff pref]
[    4.919967] pci 0000:00:0f.0: reg 0x18: [mem 0xfe000000-0xfe7fffff]
[    4.930512] pci 0000:00:0f.0: reg 0x30: [mem 0x00000000-0x00007fff pref]
[    4.930760] pci 0000:00:10.0: [1000:0030] type 00 class 0x010000
[    4.931408] pci 0000:00:10.0: reg 0x10: [io  0x1400-0x14ff]
[    4.932055] pci 0000:00:10.0: reg 0x14: [mem 0xfeba0000-0xfebbffff 64bit]
[    4.932700] pci 0000:00:10.0: reg 0x1c: [mem 0xfebc0000-0xfebdffff 64bit]
[    4.933948] pci 0000:00:10.0: reg 0x30: [mem 0x00000000-0x00003fff pref]
[    4.934098] pci 0000:00:11.0: [15ad:0790] type 01 class 0x060401
[    4.934436] pci 0000:00:11.0: System wakeup disabled by ACPI
[    4.934533] pci 0000:00:15.0: [15ad:07a0] type 01 class 0x060400
[    4.934937] pci 0000:00:15.0: PME# supported from D0 D3hot D3cold
[    4.935062] pci 0000:00:15.0: System wakeup disabled by ACPI
[    4.935175] pci 0000:00:15.1: [15ad:07a0] type 01 class 0x060400
[    4.935534] pci 0000:00:15.1: PME# supported from D0 D3hot D3cold
[    4.935640] pci 0000:00:15.1: System wakeup disabled by ACPI
[    4.935725] pci 0000:00:15.2: [15ad:07a0] type 01 class 0x060400
[    4.936083] pci 0000:00:15.2: PME# supported from D0 D3hot D3cold
[    4.936188] pci 0000:00:15.2: System wakeup disabled by ACPI
[    4.936268] pci 0000:00:15.3: [15ad:07a0] type 01 class 0x060400
[    4.936626] pci 0000:00:15.3: PME# supported from D0 D3hot D3cold
[    4.936730] pci 0000:00:15.3: System wakeup disabled by ACPI
[    4.936814] pci 0000:00:15.4: [15ad:07a0] type 01 class 0x060400
[    4.937173] pci 0000:00:15.4: PME# supported from D0 D3hot D3cold
[    4.937277] pci 0000:00:15.4: System wakeup disabled by ACPI
[    4.937424] pci 0000:00:15.5: [15ad:07a0] type 01 class 0x060400
[    4.937809] pci 0000:00:15.5: PME# supported from D0 D3hot D3cold
[    4.937917] pci 0000:00:15.5: System wakeup disabled by ACPI
[    4.938012] pci 0000:00:15.6: [15ad:07a0] type 01 class 0x060400
[    4.938371] pci 0000:00:15.6: PME# supported from D0 D3hot D3cold
[    4.938476] pci 0000:00:15.6: System wakeup disabled by ACPI
[    4.938555] pci 0000:00:15.7: [15ad:07a0] type 01 class 0x060400
[    4.938923] pci 0000:00:15.7: PME# supported from D0 D3hot D3cold
[    4.939029] pci 0000:00:15.7: System wakeup disabled by ACPI
[    4.939121] pci 0000:00:16.0: [15ad:07a0] type 01 class 0x060400
[    4.939480] pci 0000:00:16.0: PME# supported from D0 D3hot D3cold
[    4.939585] pci 0000:00:16.0: System wakeup disabled by ACPI
[    4.939666] pci 0000:00:16.1: [15ad:07a0] type 01 class 0x060400
[    4.940031] pci 0000:00:16.1: PME# supported from D0 D3hot D3cold
[    4.940136] pci 0000:00:16.1: System wakeup disabled by ACPI
[    4.940223] pci 0000:00:16.2: [15ad:07a0] type 01 class 0x060400
[    4.940582] pci 0000:00:16.2: PME# supported from D0 D3hot D3cold
[    4.940686] pci 0000:00:16.2: System wakeup disabled by ACPI
[    4.940765] pci 0000:00:16.3: [15ad:07a0] type 01 class 0x060400
[    4.941127] pci 0000:00:16.3: PME# supported from D0 D3hot D3cold
[    4.941232] pci 0000:00:16.3: System wakeup disabled by ACPI
[    4.941311] pci 0000:00:16.4: [15ad:07a0] type 01 class 0x060400
[    4.941669] pci 0000:00:16.4: PME# supported from D0 D3hot D3cold
[    4.941779] pci 0000:00:16.4: System wakeup disabled by ACPI
[    4.941924] pci 0000:00:16.5: [15ad:07a0] type 01 class 0x060400
[    4.942287] pci 0000:00:16.5: PME# supported from D0 D3hot D3cold
[    4.942393] pci 0000:00:16.5: System wakeup disabled by ACPI
[    4.942472] pci 0000:00:16.6: [15ad:07a0] type 01 class 0x060400
[    4.942841] pci 0000:00:16.6: PME# supported from D0 D3hot D3cold
[    4.942947] pci 0000:00:16.6: System wakeup disabled by ACPI
[    4.943047] pci 0000:00:16.7: [15ad:07a0] type 01 class 0x060400
[    4.943406] pci 0000:00:16.7: PME# supported from D0 D3hot D3cold
[    4.943511] pci 0000:00:16.7: System wakeup disabled by ACPI
[    4.943590] pci 0000:00:17.0: [15ad:07a0] type 01 class 0x060400
[    4.943949] pci 0000:00:17.0: PME# supported from D0 D3hot D3cold
[    4.944053] pci 0000:00:17.0: System wakeup disabled by ACPI
[    4.944132] pci 0000:00:17.1: [15ad:07a0] type 01 class 0x060400
[    4.944490] pci 0000:00:17.1: PME# supported from D0 D3hot D3cold
[    4.944595] pci 0000:00:17.1: System wakeup disabled by ACPI
[    4.944673] pci 0000:00:17.2: [15ad:07a0] type 01 class 0x060400
[    4.945036] pci 0000:00:17.2: PME# supported from D0 D3hot D3cold
[    4.945141] pci 0000:00:17.2: System wakeup disabled by ACPI
[    4.945227] pci 0000:00:17.3: [15ad:07a0] type 01 class 0x060400
[    4.945585] pci 0000:00:17.3: PME# supported from D0 D3hot D3cold
[    4.945689] pci 0000:00:17.3: System wakeup disabled by ACPI
[    4.945768] pci 0000:00:17.4: [15ad:07a0] type 01 class 0x060400
[    4.946134] pci 0000:00:17.4: PME# supported from D0 D3hot D3cold
[    4.946263] pci 0000:00:17.4: System wakeup disabled by ACPI
[    4.946416] pci 0000:00:17.5: [15ad:07a0] type 01 class 0x060400
[    4.946779] pci 0000:00:17.5: PME# supported from D0 D3hot D3cold
[    4.946892] pci 0000:00:17.5: System wakeup disabled by ACPI
[    4.946975] pci 0000:00:17.6: [15ad:07a0] type 01 class 0x060400
[    4.947334] pci 0000:00:17.6: PME# supported from D0 D3hot D3cold
[    4.947439] pci 0000:00:17.6: System wakeup disabled by ACPI
[    4.947518] pci 0000:00:17.7: [15ad:07a0] type 01 class 0x060400
[    4.947906] pci 0000:00:17.7: PME# supported from D0 D3hot D3cold
[    4.948016] pci 0000:00:17.7: System wakeup disabled by ACPI
[    4.948111] pci 0000:00:18.0: [15ad:07a0] type 01 class 0x060400
[    4.948473] pci 0000:00:18.0: PME# supported from D0 D3hot D3cold
[    4.948579] pci 0000:00:18.0: System wakeup disabled by ACPI
[    4.948660] pci 0000:00:18.1: [15ad:07a0] type 01 class 0x060400
[    4.949025] pci 0000:00:18.1: PME# supported from D0 D3hot D3cold
[    4.949130] pci 0000:00:18.1: System wakeup disabled by ACPI
[    4.949213] pci 0000:00:18.2: [15ad:07a0] type 01 class 0x060400
[    4.949573] pci 0000:00:18.2: PME# supported from D0 D3hot D3cold
[    4.949678] pci 0000:00:18.2: System wakeup disabled by ACPI
[    4.949757] pci 0000:00:18.3: [15ad:07a0] type 01 class 0x060400
[    4.950126] pci 0000:00:18.3: PME# supported from D0 D3hot D3cold
[    4.950232] pci 0000:00:18.3: System wakeup disabled by ACPI
[    4.950334] pci 0000:00:18.4: [15ad:07a0] type 01 class 0x060400
[    4.950694] pci 0000:00:18.4: PME# supported from D0 D3hot D3cold
[    4.950835] pci 0000:00:18.4: System wakeup disabled by ACPI
[    4.950994] pci 0000:00:18.5: [15ad:07a0] type 01 class 0x060400
[    4.951355] pci 0000:00:18.5: PME# supported from D0 D3hot D3cold
[    4.951461] pci 0000:00:18.5: System wakeup disabled by ACPI
[    4.951551] pci 0000:00:18.6: [15ad:07a0] type 01 class 0x060400
[    4.951915] pci 0000:00:18.6: PME# supported from D0 D3hot D3cold
[    4.952020] pci 0000:00:18.6: System wakeup disabled by ACPI
[    4.952102] pci 0000:00:18.7: [15ad:07a0] type 01 class 0x060400
[    4.952461] pci 0000:00:18.7: PME# supported from D0 D3hot D3cold
[    4.952566] pci 0000:00:18.7: System wakeup disabled by ACPI
[    4.952840] pci 0000:00:01.0: PCI bridge to [bus 01]
[    4.953100] acpiphp: Slot [32] registered
[    4.953113] acpiphp: Slot [33] registered
[    4.953123] acpiphp: Slot [34] registered
[    4.953143] acpiphp: Slot [35] registered
[    4.953154] acpiphp: Slot [36] registered
[    4.953164] acpiphp: Slot [37] registered
[    4.953175] acpiphp: Slot [38] registered
[    4.953185] acpiphp: Slot [39] registered
[    4.953196] acpiphp: Slot [40] registered
[    4.953214] acpiphp: Slot [41] registered
[    4.953243] acpiphp: Slot [42] registered
[    4.953255] acpiphp: Slot [43] registered
[    4.953265] acpiphp: Slot [44] registered
[    4.953275] acpiphp: Slot [45] registered
[    4.953285] acpiphp: Slot [46] registered
[    4.953295] acpiphp: Slot [47] registered
[    4.953305] acpiphp: Slot [48] registered
[    4.953326] acpiphp: Slot [49] registered
[    4.953336] acpiphp: Slot [50] registered
[    4.953346] acpiphp: Slot [51] registered
[    4.953356] acpiphp: Slot [52] registered
[    4.953366] acpiphp: Slot [53] registered
[    4.953376] acpiphp: Slot [54] registered
[    4.953386] acpiphp: Slot [55] registered
[    4.953396] acpiphp: Slot [56] registered
[    4.953415] acpiphp: Slot [57] registered
[    4.953425] acpiphp: Slot [58] registered
[    4.953435] acpiphp: Slot [59] registered
[    4.953454] acpiphp: Slot [60] registered
[    4.953464] acpiphp: Slot [61] registered
[    4.953483] acpiphp: Slot [62] registered
[    4.953493] acpiphp: Slot [63] registered
[    4.953522] pci 0000:02:00.0: [15ad:0774] type 00 class 0x0c0300
[    4.954706] pci 0000:02:00.0: reg 0x20: [io  0x2080-0x209f]
[    4.955196] pci 0000:02:00.0: System wakeup disabled by ACPI
[    4.955263] pci 0000:02:01.0: [8086:100f] type 00 class 0x020000
[    4.955968] pci 0000:02:01.0: reg 0x10: [mem 0xfd5c0000-0xfd5dffff 64bit]
[    4.956616] pci 0000:02:01.0: reg 0x18: [mem 0xfdff0000-0xfdffffff 64bit]
[    4.957408] pci 0000:02:01.0: reg 0x20: [io  0x2000-0x203f]
[    4.958682] pci 0000:02:01.0: reg 0x30: [mem 0x00000000-0x0000ffff pref]
[    4.958913] pci 0000:02:01.0: System wakeup disabled by ACPI
[    4.958966] pci 0000:02:02.0: [1274:1371] type 00 class 0x040100
[    4.959217] pci 0000:02:02.0: reg 0x10: [io  0x2040-0x207f]
[    4.960645] pci 0000:02:02.0: System wakeup disabled by ACPI
[    4.960702] pci 0000:02:03.0: [15ad:0770] type 00 class 0x0c0320
[    4.961024] pci 0000:02:03.0: reg 0x10: [mem 0xfd5ef000-0xfd5effff]
[    4.962880] pci 0000:02:03.0: System wakeup disabled by ACPI
[    4.962967] pci 0000:02:05.0: [15ad:07e0] type 00 class 0x010601
[    4.964808] pci 0000:02:05.0: reg 0x24: [mem 0xfd5ee000-0xfd5eefff]
[    4.965105] pci 0000:02:05.0: reg 0x30: [mem 0x00000000-0x0000ffff pref]
[    4.965290] pci 0000:02:05.0: PME# supported from D3hot
[    4.965360] pci 0000:02:05.0: System wakeup disabled by ACPI
[    4.965589] pci 0000:00:11.0: PCI bridge to [bus 02] (subtractive decode)
[    4.965600] pci 0000:00:11.0:   bridge window [io  0x2000-0x3fff]
[    4.965612] pci 0000:00:11.0:   bridge window [mem 0xfd500000-0xfdffffff]
[    4.965632] pci 0000:00:11.0:   bridge window [mem 0xe7b00000-0xe7ffffff 64bit pref]
[    4.965633] pci 0000:00:11.0:   bridge window [mem 0x000a0000-0x000bffff] (subtractive decode)
[    4.965634] pci 0000:00:11.0:   bridge window [mem 0x000cc000-0x000cffff] (subtractive decode)
[    4.965635] pci 0000:00:11.0:   bridge window [mem 0x000d0000-0x000d3fff] (subtractive decode)
[    4.965635] pci 0000:00:11.0:   bridge window [mem 0x000d4000-0x000d7fff] (subtractive decode)
[    4.965636] pci 0000:00:11.0:   bridge window [mem 0x000d8000-0x000dbfff] (subtractive decode)
[    4.965637] pci 0000:00:11.0:   bridge window [mem 0xc0000000-0xfebfffff] (subtractive decode)
[    4.965637] pci 0000:00:11.0:   bridge window [io  0x0000-0x0cf7] (subtractive decode)
[    4.965638] pci 0000:00:11.0:   bridge window [io  0x0d00-0xfeff] (subtractive decode)
[    4.965861] pci 0000:00:15.0: PCI bridge to [bus 03]
[    4.965872] pci 0000:00:15.0:   bridge window [io  0x4000-0x4fff]
[    4.965883] pci 0000:00:15.0:   bridge window [mem 0xfd400000-0xfd4fffff]
[    4.965904] pci 0000:00:15.0:   bridge window [mem 0xe7a00000-0xe7afffff 64bit pref]
[    4.966137] pci 0000:00:15.1: PCI bridge to [bus 04]
[    4.966148] pci 0000:00:15.1:   bridge window [io  0x8000-0x8fff]
[    4.966159] pci 0000:00:15.1:   bridge window [mem 0xfd000000-0xfd0fffff]
[    4.966179] pci 0000:00:15.1:   bridge window [mem 0xe7600000-0xe76fffff 64bit pref]
[    4.966404] pci 0000:00:15.2: PCI bridge to [bus 05]
[    4.966415] pci 0000:00:15.2:   bridge window [io  0xc000-0xcfff]
[    4.966426] pci 0000:00:15.2:   bridge window [mem 0xfcc00000-0xfccfffff]
[    4.966447] pci 0000:00:15.2:   bridge window [mem 0xe7200000-0xe72fffff 64bit pref]
[    4.966669] pci 0000:00:15.3: PCI bridge to [bus 06]
[    4.966690] pci 0000:00:15.3:   bridge window [mem 0xfc800000-0xfc8fffff]
[    4.966711] pci 0000:00:15.3:   bridge window [mem 0xe6e00000-0xe6efffff 64bit pref]
[    4.966942] pci 0000:00:15.4: PCI bridge to [bus 07]
[    4.966963] pci 0000:00:15.4:   bridge window [mem 0xfc400000-0xfc4fffff]
[    4.966984] pci 0000:00:15.4:   bridge window [mem 0xe6a00000-0xe6afffff 64bit pref]
[    4.967197] pci 0000:00:15.5: PCI bridge to [bus 08]
[    4.967218] pci 0000:00:15.5:   bridge window [mem 0xfc000000-0xfc0fffff]
[    4.967238] pci 0000:00:15.5:   bridge window [mem 0xe6600000-0xe66fffff 64bit pref]
[    4.967471] pci 0000:00:15.6: PCI bridge to [bus 09]
[    4.967492] pci 0000:00:15.6:   bridge window [mem 0xfbc00000-0xfbcfffff]
[    4.967513] pci 0000:00:15.6:   bridge window [mem 0xe6200000-0xe62fffff 64bit pref]
[    4.967738] pci 0000:00:15.7: PCI bridge to [bus 0a]
[    4.967759] pci 0000:00:15.7:   bridge window [mem 0xfb800000-0xfb8fffff]
[    4.967780] pci 0000:00:15.7:   bridge window [mem 0xe5e00000-0xe5efffff 64bit pref]
[    4.967997] pci 0000:00:16.0: PCI bridge to [bus 0b]
[    4.968008] pci 0000:00:16.0:   bridge window [io  0x5000-0x5fff]
[    4.968019] pci 0000:00:16.0:   bridge window [mem 0xfd300000-0xfd3fffff]
[    4.968039] pci 0000:00:16.0:   bridge window [mem 0xe7900000-0xe79fffff 64bit pref]
[    4.968261] pci 0000:00:16.1: PCI bridge to [bus 0c]
[    4.968272] pci 0000:00:16.1:   bridge window [io  0x9000-0x9fff]
[    4.968283] pci 0000:00:16.1:   bridge window [mem 0xfcf00000-0xfcffffff]
[    4.968303] pci 0000:00:16.1:   bridge window [mem 0xe7500000-0xe75fffff 64bit pref]
[    4.968535] pci 0000:00:16.2: PCI bridge to [bus 0d]
[    4.968546] pci 0000:00:16.2:   bridge window [io  0xd000-0xdfff]
[    4.968556] pci 0000:00:16.2:   bridge window [mem 0xfcb00000-0xfcbfffff]
[    4.968577] pci 0000:00:16.2:   bridge window [mem 0xe7100000-0xe71fffff 64bit pref]
[    4.968789] pci 0000:00:16.3: PCI bridge to [bus 0e]
[    4.968837] pci 0000:00:16.3:   bridge window [mem 0xfc700000-0xfc7fffff]
[    4.968858] pci 0000:00:16.3:   bridge window [mem 0xe6d00000-0xe6dfffff 64bit pref]
[    4.969088] pci 0000:00:16.4: PCI bridge to [bus 0f]
[    4.969109] pci 0000:00:16.4:   bridge window [mem 0xfc300000-0xfc3fffff]
[    4.969130] pci 0000:00:16.4:   bridge window [mem 0xe6900000-0xe69fffff 64bit pref]
[    4.969352] pci 0000:00:16.5: PCI bridge to [bus 10]
[    4.969373] pci 0000:00:16.5:   bridge window [mem 0xfbf00000-0xfbffffff]
[    4.969394] pci 0000:00:16.5:   bridge window [mem 0xe6500000-0xe65fffff 64bit pref]
[    4.969615] pci 0000:00:16.6: PCI bridge to [bus 11]
[    4.969636] pci 0000:00:16.6:   bridge window [mem 0xfbb00000-0xfbbfffff]
[    4.969657] pci 0000:00:16.6:   bridge window [mem 0xe6100000-0xe61fffff 64bit pref]
[    4.969892] pci 0000:00:16.7: PCI bridge to [bus 12]
[    4.969913] pci 0000:00:16.7:   bridge window [mem 0xfb700000-0xfb7fffff]
[    4.969934] pci 0000:00:16.7:   bridge window [mem 0xe5d00000-0xe5dfffff 64bit pref]
[    4.970152] pci 0000:00:17.0: PCI bridge to [bus 13]
[    4.970163] pci 0000:00:17.0:   bridge window [io  0x6000-0x6fff]
[    4.970174] pci 0000:00:17.0:   bridge window [mem 0xfd200000-0xfd2fffff]
[    4.970195] pci 0000:00:17.0:   bridge window [mem 0xe7800000-0xe78fffff 64bit pref]
[    4.970419] pci 0000:00:17.1: PCI bridge to [bus 14]
[    4.970431] pci 0000:00:17.1:   bridge window [io  0xa000-0xafff]
[    4.970441] pci 0000:00:17.1:   bridge window [mem 0xfce00000-0xfcefffff]
[    4.970462] pci 0000:00:17.1:   bridge window [mem 0xe7400000-0xe74fffff 64bit pref]
[    4.970684] pci 0000:00:17.2: PCI bridge to [bus 15]
[    4.970695] pci 0000:00:17.2:   bridge window [io  0xe000-0xefff]
[    4.970706] pci 0000:00:17.2:   bridge window [mem 0xfca00000-0xfcafffff]
[    4.970727] pci 0000:00:17.2:   bridge window [mem 0xe7000000-0xe70fffff 64bit pref]
[    4.970998] pci 0000:00:17.3: PCI bridge to [bus 16]
[    4.971023] pci 0000:00:17.3:   bridge window [mem 0xfc600000-0xfc6fffff]
[    4.971044] pci 0000:00:17.3:   bridge window [mem 0xe6c00000-0xe6cfffff 64bit pref]
[    4.971273] pci 0000:00:17.4: PCI bridge to [bus 17]
[    4.971294] pci 0000:00:17.4:   bridge window [mem 0xfc200000-0xfc2fffff]
[    4.971315] pci 0000:00:17.4:   bridge window [mem 0xe6800000-0xe68fffff 64bit pref]
[    4.971539] pci 0000:00:17.5: PCI bridge to [bus 18]
[    4.971560] pci 0000:00:17.5:   bridge window [mem 0xfbe00000-0xfbefffff]
[    4.971581] pci 0000:00:17.5:   bridge window [mem 0xe6400000-0xe64fffff 64bit pref]
[    4.971792] pci 0000:00:17.6: PCI bridge to [bus 19]
[    4.971817] pci 0000:00:17.6:   bridge window [mem 0xfba00000-0xfbafffff]
[    4.971838] pci 0000:00:17.6:   bridge window [mem 0xe6000000-0xe60fffff 64bit pref]
[    4.972096] pci 0000:00:17.7: PCI bridge to [bus 1a]
[    4.972117] pci 0000:00:17.7:   bridge window [mem 0xfb600000-0xfb6fffff]
[    4.972138] pci 0000:00:17.7:   bridge window [mem 0xe5c00000-0xe5cfffff 64bit pref]
[    4.972361] pci 0000:00:18.0: PCI bridge to [bus 1b]
[    4.972372] pci 0000:00:18.0:   bridge window [io  0x7000-0x7fff]
[    4.972383] pci 0000:00:18.0:   bridge window [mem 0xfd100000-0xfd1fffff]
[    4.972404] pci 0000:00:18.0:   bridge window [mem 0xe7700000-0xe77fffff 64bit pref]
[    4.972684] pci 0000:00:18.1: PCI bridge to [bus 1c]
[    4.972695] pci 0000:00:18.1:   bridge window [io  0xb000-0xbfff]
[    4.972706] pci 0000:00:18.1:   bridge window [mem 0xfcd00000-0xfcdfffff]
[    4.972727] pci 0000:00:18.1:   bridge window [mem 0xe7300000-0xe73fffff 64bit pref]
[    4.973283] pci 0000:00:18.2: PCI bridge to [bus 1d]
[    4.973305] pci 0000:00:18.2:   bridge window [mem 0xfc900000-0xfc9fffff]
[    4.973326] pci 0000:00:18.2:   bridge window [mem 0xe6f00000-0xe6ffffff 64bit pref]
[    4.973550] pci 0000:00:18.3: PCI bridge to [bus 1e]
[    4.973571] pci 0000:00:18.3:   bridge window [mem 0xfc500000-0xfc5fffff]
[    4.973592] pci 0000:00:18.3:   bridge window [mem 0xe6b00000-0xe6bfffff 64bit pref]
[    4.973822] pci 0000:00:18.4: PCI bridge to [bus 1f]
[    4.973843] pci 0000:00:18.4:   bridge window [mem 0xfc100000-0xfc1fffff]
[    4.973863] pci 0000:00:18.4:   bridge window [mem 0xe6700000-0xe67fffff 64bit pref]
[    4.974106] pci 0000:00:18.5: PCI bridge to [bus 20]
[    4.974127] pci 0000:00:18.5:   bridge window [mem 0xfbd00000-0xfbdfffff]
[    4.974148] pci 0000:00:18.5:   bridge window [mem 0xe6300000-0xe63fffff 64bit pref]
[    4.974363] pci 0000:00:18.6: PCI bridge to [bus 21]
[    4.974383] pci 0000:00:18.6:   bridge window [mem 0xfb900000-0xfb9fffff]
[    4.974404] pci 0000:00:18.6:   bridge window [mem 0xe5f00000-0xe5ffffff 64bit pref]
[    4.974627] pci 0000:00:18.7: PCI bridge to [bus 22]
[    4.974648] pci 0000:00:18.7:   bridge window [mem 0xfb500000-0xfb5fffff]
[    4.974669] pci 0000:00:18.7:   bridge window [mem 0xe5b00000-0xe5bfffff 64bit pref]
[    4.975810] ACPI: PCI Interrupt Link [LNKA] (IRQs 3 4 5 6 7 *9 10 11 14 15)
[    4.975853] ACPI: PCI Interrupt Link [LNKB] (IRQs 3 4 5 6 7 9 10 *11 14 15)
[    4.975893] ACPI: PCI Interrupt Link [LNKC] (IRQs 3 4 5 6 7 9 *10 11 14 15)
[    4.975933] ACPI: PCI Interrupt Link [LNKD] (IRQs 3 4 *5 6 7 9 10 11 14 15)
[    7.146971] ACPI: Enabled 2 GPEs in block 00 to 0F
[    7.146977] ACPI: \_SB_.PCI0: notify handler is installed
[    7.147196] Found 1 acpi root devices
[    7.147351] vgaarb: setting as boot device: PCI:0000:00:0f.0
[    7.147352] vgaarb: device added: PCI:0000:00:0f.0,decodes=io+mem,owns=io+mem,locks=none
[    7.147360] vgaarb: loaded
[    7.147361] vgaarb: bridge control possible 0000:00:0f.0
[    7.147582] SCSI subsystem initialized
[    7.147807] libata version 3.00 loaded.
[    7.147833] ACPI: bus type USB registered
[    7.147842] usbcore: registered new interface driver usbfs
[    7.147846] usbcore: registered new interface driver hub
[    7.147989] usbcore: registered new device driver usb
[    7.148511] PCI: Using ACPI for IRQ routing
[    7.162927] PCI: pci_cache_line_size set to 64 bytes
[    7.163414] e820: reserve RAM buffer [mem 0x0009ec00-0x0009ffff]
[    7.163415] e820: reserve RAM buffer [mem 0xbfee0000-0xbfffffff]
[    7.163488] NetLabel: Initializing
[    7.163489] NetLabel:  domain hash size = 128
[    7.163490] NetLabel:  protocols = UNLABELED CIPSOv4
[    7.163495] NetLabel:  unlabeled traffic allowed by default
[    7.163644] hpet0: at MMIO 0xfed00000, IRQs 2, 8, 0, 0, 0, 0, 0, 0, 0, 0, 0, 0, 0, 0, 0, 0
[    7.163648] hpet0: 16 comparators, 64-bit 14.318180 MHz counter
[    7.167684] Switched to clocksource hpet
[    7.180291] AppArmor: AppArmor Filesystem Enabled
[    7.180305] pnp: PnP ACPI init
[    7.180312] ACPI: bus type PNP registered
[    7.180441] system 00:00: [io  0x1000-0x103f] could not be reserved
[    7.180442] system 00:00: [io  0x1040-0x104f] has been reserved
[    7.180444] system 00:00: [io  0x0cf0-0x0cf1] has been reserved
[    7.180446] system 00:00: Plug and Play ACPI device, IDs PNP0c02 (active)
[    7.180451] pnp 00:01: [dma 4]
[    7.180457] pnp 00:01: Plug and Play ACPI device, IDs PNP0200 (active)
[    7.180474] pnp 00:02: Plug and Play ACPI device, IDs PNP0001 (active)
[    7.180491] pnp 00:03: Plug and Play ACPI device, IDs PNP0b00 (active)
[    7.180508] pnp 00:04: Plug and Play ACPI device, IDs PNP0800 (active)
[    7.180519] pnp 00:05: Plug and Play ACPI device, IDs PNP0303 (active)
[    7.180538] pnp 00:06: Plug and Play ACPI device, IDs PNP0f13 (active)
[    7.180638] system 00:07: [mem 0xfed00000-0xfed003ff] has been reserved
[    7.180639] system 00:07: Plug and Play ACPI device, IDs PNP0103 PNP0c01 (active)
[    7.181485] pnp 00:08: Plug and Play ACPI device, IDs PNP0400 (active)
[    7.181590] pnp 00:09: Plug and Play ACPI device, IDs PNP0501 (active)
[    7.181779] pnp 00:0a: Plug and Play ACPI device, IDs PNP0501 (active)
[    7.181866] pnp 00:0b: [dma 2]
[    7.181892] pnp 00:0b: Plug and Play ACPI device, IDs PNP0700 (active)
[    7.182004] system 00:0c: [io  0xfce0-0xfcff] has been reserved
[    7.182006] system 00:0c: [mem 0xf0000000-0xf7ffffff] has been reserved
[    7.182007] system 00:0c: [mem 0xfe800000-0xfe9fffff] has been reserved
[    7.182008] system 00:0c: Plug and Play ACPI device, IDs PNP0c02 (active)
[    9.256725] pnp: PnP ACPI: found 13 devices
[    9.256728] ACPI: bus type PNP unregistered
[    9.265190] pci 0000:00:15.3: bridge window [io  0x1000-0x0fff] to [bus 06] add_size 1000
[    9.265222] pci 0000:00:15.4: bridge window [io  0x1000-0x0fff] to [bus 07] add_size 1000
[    9.265253] pci 0000:00:15.5: bridge window [io  0x1000-0x0fff] to [bus 08] add_size 1000
[    9.265285] pci 0000:00:15.6: bridge window [io  0x1000-0x0fff] to [bus 09] add_size 1000
[    9.265316] pci 0000:00:15.7: bridge window [io  0x1000-0x0fff] to [bus 0a] add_size 1000
[    9.265437] pci 0000:00:16.3: bridge window [io  0x1000-0x0fff] to [bus 0e] add_size 1000
[    9.265468] pci 0000:00:16.4: bridge window [io  0x1000-0x0fff] to [bus 0f] add_size 1000
[    9.265500] pci 0000:00:16.5: bridge window [io  0x1000-0x0fff] to [bus 10] add_size 1000
[    9.265531] pci 0000:00:16.6: bridge window [io  0x1000-0x0fff] to [bus 11] add_size 1000
[    9.265562] pci 0000:00:16.7: bridge window [io  0x1000-0x0fff] to [bus 12] add_size 1000
[    9.265683] pci 0000:00:17.3: bridge window [io  0x1000-0x0fff] to [bus 16] add_size 1000
[    9.265715] pci 0000:00:17.4: bridge window [io  0x1000-0x0fff] to [bus 17] add_size 1000
[    9.265746] pci 0000:00:17.5: bridge window [io  0x1000-0x0fff] to [bus 18] add_size 1000
[    9.265776] pci 0000:00:17.6: bridge window [io  0x1000-0x0fff] to [bus 19] add_size 1000
[    9.265808] pci 0000:00:17.7: bridge window [io  0x1000-0x0fff] to [bus 1a] add_size 1000
[    9.265898] pci 0000:00:18.2: bridge window [io  0x1000-0x0fff] to [bus 1d] add_size 1000
[    9.265929] pci 0000:00:18.3: bridge window [io  0x1000-0x0fff] to [bus 1e] add_size 1000
[    9.265960] pci 0000:00:18.4: bridge window [io  0x1000-0x0fff] to [bus 1f] add_size 1000
[    9.265991] pci 0000:00:18.5: bridge window [io  0x1000-0x0fff] to [bus 20] add_size 1000
[    9.266022] pci 0000:00:18.6: bridge window [io  0x1000-0x0fff] to [bus 21] add_size 1000
[    9.266063] pci 0000:00:18.7: bridge window [io  0x1000-0x0fff] to [bus 22] add_size 1000
[    9.266080] pci 0000:00:15.3: res[13]=[io  0x1000-0x0fff] get_res_add_size add_size 1000
[    9.266081] pci 0000:00:15.4: res[13]=[io  0x1000-0x0fff] get_res_add_size add_size 1000
[    9.266081] pci 0000:00:15.5: res[13]=[io  0x1000-0x0fff] get_res_add_size add_size 1000
[    9.266082] pci 0000:00:15.6: res[13]=[io  0x1000-0x0fff] get_res_add_size add_size 1000
[    9.266083] pci 0000:00:15.7: res[13]=[io  0x1000-0x0fff] get_res_add_size add_size 1000
[    9.266083] pci 0000:00:16.3: res[13]=[io  0x1000-0x0fff] get_res_add_size add_size 1000
[    9.266084] pci 0000:00:16.4: res[13]=[io  0x1000-0x0fff] get_res_add_size add_size 1000
[    9.266085] pci 0000:00:16.5: res[13]=[io  0x1000-0x0fff] get_res_add_size add_size 1000
[    9.266085] pci 0000:00:16.6: res[13]=[io  0x1000-0x0fff] get_res_add_size add_size 1000
[    9.266086] pci 0000:00:16.7: res[13]=[io  0x1000-0x0fff] get_res_add_size add_size 1000
[    9.266087] pci 0000:00:17.3: res[13]=[io  0x1000-0x0fff] get_res_add_size add_size 1000
[    9.266087] pci 0000:00:17.4: res[13]=[io  0x1000-0x0fff] get_res_add_size add_size 1000
[    9.266088] pci 0000:00:17.5: res[13]=[io  0x1000-0x0fff] get_res_add_size add_size 1000
[    9.266088] pci 0000:00:17.6: res[13]=[io  0x1000-0x0fff] get_res_add_size add_size 1000
[    9.266089] pci 0000:00:17.7: res[13]=[io  0x1000-0x0fff] get_res_add_size add_size 1000
[    9.266090] pci 0000:00:18.2: res[13]=[io  0x1000-0x0fff] get_res_add_size add_size 1000
[    9.266090] pci 0000:00:18.3: res[13]=[io  0x1000-0x0fff] get_res_add_size add_size 1000
[    9.266091] pci 0000:00:18.4: res[13]=[io  0x1000-0x0fff] get_res_add_size add_size 1000
[    9.266092] pci 0000:00:18.5: res[13]=[io  0x1000-0x0fff] get_res_add_size add_size 1000
[    9.266092] pci 0000:00:18.6: res[13]=[io  0x1000-0x0fff] get_res_add_size add_size 1000
[    9.266093] pci 0000:00:18.7: res[13]=[io  0x1000-0x0fff] get_res_add_size add_size 1000
[    9.266095] pci 0000:00:0f.0: BAR 6: assigned [mem 0xc0000000-0xc0007fff pref]
[    9.266097] pci 0000:00:10.0: BAR 6: assigned [mem 0xc0008000-0xc000bfff pref]
[    9.266099] pci 0000:00:15.3: BAR 13: can't assign io (size 0x1000)
[    9.266100] pci 0000:00:15.4: BAR 13: can't assign io (size 0x1000)
[    9.266101] pci 0000:00:15.5: BAR 13: can't assign io (size 0x1000)
[    9.266102] pci 0000:00:15.6: BAR 13: can't assign io (size 0x1000)
[    9.266103] pci 0000:00:15.7: BAR 13: can't assign io (size 0x1000)
[    9.266104] pci 0000:00:16.3: BAR 13: can't assign io (size 0x1000)
[    9.266105] pci 0000:00:16.4: BAR 13: can't assign io (size 0x1000)
[    9.266106] pci 0000:00:16.5: BAR 13: can't assign io (size 0x1000)
[    9.266107] pci 0000:00:16.6: BAR 13: can't assign io (size 0x1000)
[    9.266107] pci 0000:00:16.7: BAR 13: can't assign io (size 0x1000)
[    9.266108] pci 0000:00:17.3: BAR 13: can't assign io (size 0x1000)
[    9.266109] pci 0000:00:17.4: BAR 13: can't assign io (size 0x1000)
[    9.266110] pci 0000:00:17.5: BAR 13: can't assign io (size 0x1000)
[    9.266111] pci 0000:00:17.6: BAR 13: can't assign io (size 0x1000)
[    9.266112] pci 0000:00:17.7: BAR 13: can't assign io (size 0x1000)
[    9.266112] pci 0000:00:18.2: BAR 13: can't assign io (size 0x1000)
[    9.266113] pci 0000:00:18.3: BAR 13: can't assign io (size 0x1000)
[    9.266114] pci 0000:00:18.4: BAR 13: can't assign io (size 0x1000)
[    9.266115] pci 0000:00:18.5: BAR 13: can't assign io (size 0x1000)
[    9.266116] pci 0000:00:18.6: BAR 13: can't assign io (size 0x1000)
[    9.266117] pci 0000:00:18.7: BAR 13: can't assign io (size 0x1000)
[    9.266119] pci 0000:00:18.7: BAR 13: can't assign io (size 0x1000)
[    9.266120] pci 0000:00:18.6: BAR 13: can't assign io (size 0x1000)
[    9.266121] pci 0000:00:18.5: BAR 13: can't assign io (size 0x1000)
[    9.266122] pci 0000:00:18.4: BAR 13: can't assign io (size 0x1000)
[    9.266123] pci 0000:00:18.3: BAR 13: can't assign io (size 0x1000)
[    9.266123] pci 0000:00:18.2: BAR 13: can't assign io (size 0x1000)
[    9.266124] pci 0000:00:17.7: BAR 13: can't assign io (size 0x1000)
[    9.266125] pci 0000:00:17.6: BAR 13: can't assign io (size 0x1000)
[    9.266126] pci 0000:00:17.5: BAR 13: can't assign io (size 0x1000)
[    9.266127] pci 0000:00:17.4: BAR 13: can't assign io (size 0x1000)
[    9.266128] pci 0000:00:17.3: BAR 13: can't assign io (size 0x1000)
[    9.266129] pci 0000:00:16.7: BAR 13: can't assign io (size 0x1000)
[    9.266129] pci 0000:00:16.6: BAR 13: can't assign io (size 0x1000)
[    9.266130] pci 0000:00:16.5: BAR 13: can't assign io (size 0x1000)
[    9.266131] pci 0000:00:16.4: BAR 13: can't assign io (size 0x1000)
[    9.266132] pci 0000:00:16.3: BAR 13: can't assign io (size 0x1000)
[    9.266133] pci 0000:00:15.7: BAR 13: can't assign io (size 0x1000)
[    9.266134] pci 0000:00:15.6: BAR 13: can't assign io (size 0x1000)
[    9.266135] pci 0000:00:15.5: BAR 13: can't assign io (size 0x1000)
[    9.266135] pci 0000:00:15.4: BAR 13: can't assign io (size 0x1000)
[    9.266136] pci 0000:00:15.3: BAR 13: can't assign io (size 0x1000)
[    9.266137] pci 0000:00:01.0: PCI bridge to [bus 01]
[    9.266187] pci 0000:02:01.0: BAR 6: assigned [mem 0xe7b00000-0xe7b0ffff pref]
[    9.266188] pci 0000:02:05.0: BAR 6: assigned [mem 0xe7b10000-0xe7b1ffff pref]
[    9.266189] pci 0000:00:11.0: PCI bridge to [bus 02]
[    9.266195] pci 0000:00:11.0:   bridge window [io  0x2000-0x3fff]
[    9.266211] pci 0000:00:11.0:   bridge window [mem 0xfd500000-0xfdffffff]
[    9.266222] pci 0000:00:11.0:   bridge window [mem 0xe7b00000-0xe7ffffff 64bit pref]
[    9.266243] pci 0000:00:15.0: PCI bridge to [bus 03]
[    9.266249] pci 0000:00:15.0:   bridge window [io  0x4000-0x4fff]
[    9.266265] pci 0000:00:15.0:   bridge window [mem 0xfd400000-0xfd4fffff]
[    9.266276] pci 0000:00:15.0:   bridge window [mem 0xe7a00000-0xe7afffff 64bit pref]
[    9.266325] pci 0000:00:15.1: PCI bridge to [bus 04]
[    9.266332] pci 0000:00:15.1:   bridge window [io  0x8000-0x8fff]
[    9.266348] pci 0000:00:15.1:   bridge window [mem 0xfd000000-0xfd0fffff]
[    9.266359] pci 0000:00:15.1:   bridge window [mem 0xe7600000-0xe76fffff 64bit pref]
[    9.266387] pci 0000:00:15.2: PCI bridge to [bus 05]
[    9.266393] pci 0000:00:15.2:   bridge window [io  0xc000-0xcfff]
[    9.266409] pci 0000:00:15.2:   bridge window [mem 0xfcc00000-0xfccfffff]
[    9.266420] pci 0000:00:15.2:   bridge window [mem 0xe7200000-0xe72fffff 64bit pref]
[    9.266447] pci 0000:00:15.3: PCI bridge to [bus 06]
[    9.266463] pci 0000:00:15.3:   bridge window [mem 0xfc800000-0xfc8fffff]
[    9.266474] pci 0000:00:15.3:   bridge window [mem 0xe6e00000-0xe6efffff 64bit pref]
[    9.266507] pci 0000:00:15.4: PCI bridge to [bus 07]
[    9.266523] pci 0000:00:15.4:   bridge window [mem 0xfc400000-0xfc4fffff]
[    9.266534] pci 0000:00:15.4:   bridge window [mem 0xe6a00000-0xe6afffff 64bit pref]
[    9.266561] pci 0000:00:15.5: PCI bridge to [bus 08]
[    9.266577] pci 0000:00:15.5:   bridge window [mem 0xfc000000-0xfc0fffff]
[    9.266588] pci 0000:00:15.5:   bridge window [mem 0xe6600000-0xe66fffff 64bit pref]
[    9.266614] pci 0000:00:15.6: PCI bridge to [bus 09]
[    9.266630] pci 0000:00:15.6:   bridge window [mem 0xfbc00000-0xfbcfffff]
[    9.266641] pci 0000:00:15.6:   bridge window [mem 0xe6200000-0xe62fffff 64bit pref]
[    9.266667] pci 0000:00:15.7: PCI bridge to [bus 0a]
[    9.266683] pci 0000:00:15.7:   bridge window [mem 0xfb800000-0xfb8fffff]
[    9.266694] pci 0000:00:15.7:   bridge window [mem 0xe5e00000-0xe5efffff 64bit pref]
[    9.266720] pci 0000:00:16.0: PCI bridge to [bus 0b]
[    9.266727] pci 0000:00:16.0:   bridge window [io  0x5000-0x5fff]
[    9.266743] pci 0000:00:16.0:   bridge window [mem 0xfd300000-0xfd3fffff]
[    9.266754] pci 0000:00:16.0:   bridge window [mem 0xe7900000-0xe79fffff 64bit pref]
[    9.266780] pci 0000:00:16.1: PCI bridge to [bus 0c]
[    9.266787] pci 0000:00:16.1:   bridge window [io  0x9000-0x9fff]
[    9.266802] pci 0000:00:16.1:   bridge window [mem 0xfcf00000-0xfcffffff]
[    9.266813] pci 0000:00:16.1:   bridge window [mem 0xe7500000-0xe75fffff 64bit pref]
[    9.266840] pci 0000:00:16.2: PCI bridge to [bus 0d]
[    9.266846] pci 0000:00:16.2:   bridge window [io  0xd000-0xdfff]
[    9.266862] pci 0000:00:16.2:   bridge window [mem 0xfcb00000-0xfcbfffff]
[    9.266873] pci 0000:00:16.2:   bridge window [mem 0xe7100000-0xe71fffff 64bit pref]
[    9.266899] pci 0000:00:16.3: PCI bridge to [bus 0e]
[    9.266916] pci 0000:00:16.3:   bridge window [mem 0xfc700000-0xfc7fffff]
[    9.266926] pci 0000:00:16.3:   bridge window [mem 0xe6d00000-0xe6dfffff 64bit pref]
[    9.266952] pci 0000:00:16.4: PCI bridge to [bus 0f]
[    9.266969] pci 0000:00:16.4:   bridge window [mem 0xfc300000-0xfc3fffff]
[    9.266979] pci 0000:00:16.4:   bridge window [mem 0xe6900000-0xe69fffff 64bit pref]
[    9.267008] pci 0000:00:16.5: PCI bridge to [bus 10]
[    9.267024] pci 0000:00:16.5:   bridge window [mem 0xfbf00000-0xfbffffff]
[    9.267035] pci 0000:00:16.5:   bridge window [mem 0xe6500000-0xe65fffff 64bit pref]
[    9.267063] pci 0000:00:16.6: PCI bridge to [bus 11]
[    9.267079] pci 0000:00:16.6:   bridge window [mem 0xfbb00000-0xfbbfffff]
[    9.267090] pci 0000:00:16.6:   bridge window [mem 0xe6100000-0xe61fffff 64bit pref]
[    9.267117] pci 0000:00:16.7: PCI bridge to [bus 12]
[    9.267133] pci 0000:00:16.7:   bridge window [mem 0xfb700000-0xfb7fffff]
[    9.267144] pci 0000:00:16.7:   bridge window [mem 0xe5d00000-0xe5dfffff 64bit pref]
[    9.267170] pci 0000:00:17.0: PCI bridge to [bus 13]
[    9.267176] pci 0000:00:17.0:   bridge window [io  0x6000-0x6fff]
[    9.267192] pci 0000:00:17.0:   bridge window [mem 0xfd200000-0xfd2fffff]
[    9.267203] pci 0000:00:17.0:   bridge window [mem 0xe7800000-0xe78fffff 64bit pref]
[    9.267229] pci 0000:00:17.1: PCI bridge to [bus 14]
[    9.267236] pci 0000:00:17.1:   bridge window [io  0xa000-0xafff]
[    9.267251] pci 0000:00:17.1:   bridge window [mem 0xfce00000-0xfcefffff]
[    9.267262] pci 0000:00:17.1:   bridge window [mem 0xe7400000-0xe74fffff 64bit pref]
[    9.267289] pci 0000:00:17.2: PCI bridge to [bus 15]
[    9.267295] pci 0000:00:17.2:   bridge window [io  0xe000-0xefff]
[    9.267311] pci 0000:00:17.2:   bridge window [mem 0xfca00000-0xfcafffff]
[    9.267322] pci 0000:00:17.2:   bridge window [mem 0xe7000000-0xe70fffff 64bit pref]
[    9.267348] pci 0000:00:17.3: PCI bridge to [bus 16]
[    9.267364] pci 0000:00:17.3:   bridge window [mem 0xfc600000-0xfc6fffff]
[    9.267375] pci 0000:00:17.3:   bridge window [mem 0xe6c00000-0xe6cfffff 64bit pref]
[    9.267401] pci 0000:00:17.4: PCI bridge to [bus 17]
[    9.267417] pci 0000:00:17.4:   bridge window [mem 0xfc200000-0xfc2fffff]
[    9.267428] pci 0000:00:17.4:   bridge window [mem 0xe6800000-0xe68fffff 64bit pref]
[    9.267454] pci 0000:00:17.5: PCI bridge to [bus 18]
[    9.267470] pci 0000:00:17.5:   bridge window [mem 0xfbe00000-0xfbefffff]
[    9.267486] pci 0000:00:17.5:   bridge window [mem 0xe6400000-0xe64fffff 64bit pref]
[    9.267513] pci 0000:00:17.6: PCI bridge to [bus 19]
[    9.267529] pci 0000:00:17.6:   bridge window [mem 0xfba00000-0xfbafffff]
[    9.267540] pci 0000:00:17.6:   bridge window [mem 0xe6000000-0xe60fffff 64bit pref]
[    9.267566] pci 0000:00:17.7: PCI bridge to [bus 1a]
[    9.267582] pci 0000:00:17.7:   bridge window [mem 0xfb600000-0xfb6fffff]
[    9.267593] pci 0000:00:17.7:   bridge window [mem 0xe5c00000-0xe5cfffff 64bit pref]
[    9.267619] pci 0000:00:18.0: PCI bridge to [bus 1b]
[    9.267626] pci 0000:00:18.0:   bridge window [io  0x7000-0x7fff]
[    9.267641] pci 0000:00:18.0:   bridge window [mem 0xfd100000-0xfd1fffff]
[    9.267652] pci 0000:00:18.0:   bridge window [mem 0xe7700000-0xe77fffff 64bit pref]
[    9.267685] pci 0000:00:18.1: PCI bridge to [bus 1c]
[    9.267692] pci 0000:00:18.1:   bridge window [io  0xb000-0xbfff]
[    9.267708] pci 0000:00:18.1:   bridge window [mem 0xfcd00000-0xfcdfffff]
[    9.267719] pci 0000:00:18.1:   bridge window [mem 0xe7300000-0xe73fffff 64bit pref]
[    9.267746] pci 0000:00:18.2: PCI bridge to [bus 1d]
[    9.267762] pci 0000:00:18.2:   bridge window [mem 0xfc900000-0xfc9fffff]
[    9.267773] pci 0000:00:18.2:   bridge window [mem 0xe6f00000-0xe6ffffff 64bit pref]
[    9.267799] pci 0000:00:18.3: PCI bridge to [bus 1e]
[    9.267815] pci 0000:00:18.3:   bridge window [mem 0xfc500000-0xfc5fffff]
[    9.267826] pci 0000:00:18.3:   bridge window [mem 0xe6b00000-0xe6bfffff 64bit pref]
[    9.267852] pci 0000:00:18.4: PCI bridge to [bus 1f]
[    9.267869] pci 0000:00:18.4:   bridge window [mem 0xfc100000-0xfc1fffff]
[    9.267879] pci 0000:00:18.4:   bridge window [mem 0xe6700000-0xe67fffff 64bit pref]
[    9.267905] pci 0000:00:18.5: PCI bridge to [bus 20]
[    9.267921] pci 0000:00:18.5:   bridge window [mem 0xfbd00000-0xfbdfffff]
[    9.267932] pci 0000:00:18.5:   bridge window [mem 0xe6300000-0xe63fffff 64bit pref]
[    9.267958] pci 0000:00:18.6: PCI bridge to [bus 21]
[    9.267974] pci 0000:00:18.6:   bridge window [mem 0xfb900000-0xfb9fffff]
[    9.267985] pci 0000:00:18.6:   bridge window [mem 0xe5f00000-0xe5ffffff 64bit pref]
[    9.268011] pci 0000:00:18.7: PCI bridge to [bus 22]
[    9.268027] pci 0000:00:18.7:   bridge window [mem 0xfb500000-0xfb5fffff]
[    9.268038] pci 0000:00:18.7:   bridge window [mem 0xe5b00000-0xe5bfffff 64bit pref]
[    9.268065] pci_bus 0000:00: resource 4 [mem 0x000a0000-0x000bffff]
[    9.268066] pci_bus 0000:00: resource 5 [mem 0x000cc000-0x000cffff]
[    9.268066] pci_bus 0000:00: resource 6 [mem 0x000d0000-0x000d3fff]
[    9.268067] pci_bus 0000:00: resource 7 [mem 0x000d4000-0x000d7fff]
[    9.268067] pci_bus 0000:00: resource 8 [mem 0x000d8000-0x000dbfff]
[    9.268068] pci_bus 0000:00: resource 9 [mem 0xc0000000-0xfebfffff]
[    9.268069] pci_bus 0000:00: resource 10 [io  0x0000-0x0cf7]
[    9.268069] pci_bus 0000:00: resource 11 [io  0x0d00-0xfeff]
[    9.268070] pci_bus 0000:02: resource 0 [io  0x2000-0x3fff]
[    9.268071] pci_bus 0000:02: resource 1 [mem 0xfd500000-0xfdffffff]
[    9.268072] pci_bus 0000:02: resource 2 [mem 0xe7b00000-0xe7ffffff 64bit pref]
[    9.268072] pci_bus 0000:02: resource 4 [mem 0x000a0000-0x000bffff]
[    9.268073] pci_bus 0000:02: resource 5 [mem 0x000cc000-0x000cffff]
[    9.268073] pci_bus 0000:02: resource 6 [mem 0x000d0000-0x000d3fff]
[    9.268074] pci_bus 0000:02: resource 7 [mem 0x000d4000-0x000d7fff]
[    9.268075] pci_bus 0000:02: resource 8 [mem 0x000d8000-0x000dbfff]
[    9.268075] pci_bus 0000:02: resource 9 [mem 0xc0000000-0xfebfffff]
[    9.268076] pci_bus 0000:02: resource 10 [io  0x0000-0x0cf7]
[    9.268076] pci_bus 0000:02: resource 11 [io  0x0d00-0xfeff]
[    9.268077] pci_bus 0000:03: resource 0 [io  0x4000-0x4fff]
[    9.268078] pci_bus 0000:03: resource 1 [mem 0xfd400000-0xfd4fffff]
[    9.268079] pci_bus 0000:03: resource 2 [mem 0xe7a00000-0xe7afffff 64bit pref]
[    9.268079] pci_bus 0000:04: resource 0 [io  0x8000-0x8fff]
[    9.268080] pci_bus 0000:04: resource 1 [mem 0xfd000000-0xfd0fffff]
[    9.268081] pci_bus 0000:04: resource 2 [mem 0xe7600000-0xe76fffff 64bit pref]
[    9.268081] pci_bus 0000:05: resource 0 [io  0xc000-0xcfff]
[    9.268082] pci_bus 0000:05: resource 1 [mem 0xfcc00000-0xfccfffff]
[    9.268083] pci_bus 0000:05: resource 2 [mem 0xe7200000-0xe72fffff 64bit pref]
[    9.268083] pci_bus 0000:06: resource 1 [mem 0xfc800000-0xfc8fffff]
[    9.268084] pci_bus 0000:06: resource 2 [mem 0xe6e00000-0xe6efffff 64bit pref]
[    9.268085] pci_bus 0000:07: resource 1 [mem 0xfc400000-0xfc4fffff]
[    9.268085] pci_bus 0000:07: resource 2 [mem 0xe6a00000-0xe6afffff 64bit pref]
[    9.268086] pci_bus 0000:08: resource 1 [mem 0xfc000000-0xfc0fffff]
[    9.268087] pci_bus 0000:08: resource 2 [mem 0xe6600000-0xe66fffff 64bit pref]
[    9.268087] pci_bus 0000:09: resource 1 [mem 0xfbc00000-0xfbcfffff]
[    9.268088] pci_bus 0000:09: resource 2 [mem 0xe6200000-0xe62fffff 64bit pref]
[    9.268089] pci_bus 0000:0a: resource 1 [mem 0xfb800000-0xfb8fffff]
[    9.268089] pci_bus 0000:0a: resource 2 [mem 0xe5e00000-0xe5efffff 64bit pref]
[    9.268090] pci_bus 0000:0b: resource 0 [io  0x5000-0x5fff]
[    9.268091] pci_bus 0000:0b: resource 1 [mem 0xfd300000-0xfd3fffff]
[    9.268091] pci_bus 0000:0b: resource 2 [mem 0xe7900000-0xe79fffff 64bit pref]
[    9.268092] pci_bus 0000:0c: resource 0 [io  0x9000-0x9fff]
[    9.268093] pci_bus 0000:0c: resource 1 [mem 0xfcf00000-0xfcffffff]
[    9.268093] pci_bus 0000:0c: resource 2 [mem 0xe7500000-0xe75fffff 64bit pref]
[    9.268094] pci_bus 0000:0d: resource 0 [io  0xd000-0xdfff]
[    9.268095] pci_bus 0000:0d: resource 1 [mem 0xfcb00000-0xfcbfffff]
[    9.268095] pci_bus 0000:0d: resource 2 [mem 0xe7100000-0xe71fffff 64bit pref]
[    9.268096] pci_bus 0000:0e: resource 1 [mem 0xfc700000-0xfc7fffff]
[    9.268097] pci_bus 0000:0e: resource 2 [mem 0xe6d00000-0xe6dfffff 64bit pref]
[    9.268097] pci_bus 0000:0f: resource 1 [mem 0xfc300000-0xfc3fffff]
[    9.268098] pci_bus 0000:0f: resource 2 [mem 0xe6900000-0xe69fffff 64bit pref]
[    9.268099] pci_bus 0000:10: resource 1 [mem 0xfbf00000-0xfbffffff]
[    9.268099] pci_bus 0000:10: resource 2 [mem 0xe6500000-0xe65fffff 64bit pref]
[    9.268100] pci_bus 0000:11: resource 1 [mem 0xfbb00000-0xfbbfffff]
[    9.268101] pci_bus 0000:11: resource 2 [mem 0xe6100000-0xe61fffff 64bit pref]
[    9.268102] pci_bus 0000:12: resource 1 [mem 0xfb700000-0xfb7fffff]
[    9.268102] pci_bus 0000:12: resource 2 [mem 0xe5d00000-0xe5dfffff 64bit pref]
[    9.268103] pci_bus 0000:13: resource 0 [io  0x6000-0x6fff]
[    9.268104] pci_bus 0000:13: resource 1 [mem 0xfd200000-0xfd2fffff]
[    9.268104] pci_bus 0000:13: resource 2 [mem 0xe7800000-0xe78fffff 64bit pref]
[    9.268105] pci_bus 0000:14: resource 0 [io  0xa000-0xafff]
[    9.268105] pci_bus 0000:14: resource 1 [mem 0xfce00000-0xfcefffff]
[    9.268106] pci_bus 0000:14: resource 2 [mem 0xe7400000-0xe74fffff 64bit pref]
[    9.268107] pci_bus 0000:15: resource 0 [io  0xe000-0xefff]
[    9.268107] pci_bus 0000:15: resource 1 [mem 0xfca00000-0xfcafffff]
[    9.268108] pci_bus 0000:15: resource 2 [mem 0xe7000000-0xe70fffff 64bit pref]
[    9.268109] pci_bus 0000:16: resource 1 [mem 0xfc600000-0xfc6fffff]
[    9.268109] pci_bus 0000:16: resource 2 [mem 0xe6c00000-0xe6cfffff 64bit pref]
[    9.268110] pci_bus 0000:17: resource 1 [mem 0xfc200000-0xfc2fffff]
[    9.268111] pci_bus 0000:17: resource 2 [mem 0xe6800000-0xe68fffff 64bit pref]
[    9.268111] pci_bus 0000:18: resource 1 [mem 0xfbe00000-0xfbefffff]
[    9.268112] pci_bus 0000:18: resource 2 [mem 0xe6400000-0xe64fffff 64bit pref]
[    9.268113] pci_bus 0000:19: resource 1 [mem 0xfba00000-0xfbafffff]
[    9.268113] pci_bus 0000:19: resource 2 [mem 0xe6000000-0xe60fffff 64bit pref]
[    9.268114] pci_bus 0000:1a: resource 1 [mem 0xfb600000-0xfb6fffff]
[    9.268115] pci_bus 0000:1a: resource 2 [mem 0xe5c00000-0xe5cfffff 64bit pref]
[    9.268115] pci_bus 0000:1b: resource 0 [io  0x7000-0x7fff]
[    9.268116] pci_bus 0000:1b: resource 1 [mem 0xfd100000-0xfd1fffff]
[    9.268117] pci_bus 0000:1b: resource 2 [mem 0xe7700000-0xe77fffff 64bit pref]
[    9.268117] pci_bus 0000:1c: resource 0 [io  0xb000-0xbfff]
[    9.268118] pci_bus 0000:1c: resource 1 [mem 0xfcd00000-0xfcdfffff]
[    9.268118] pci_bus 0000:1c: resource 2 [mem 0xe7300000-0xe73fffff 64bit pref]
[    9.268119] pci_bus 0000:1d: resource 1 [mem 0xfc900000-0xfc9fffff]
[    9.268120] pci_bus 0000:1d: resource 2 [mem 0xe6f00000-0xe6ffffff 64bit pref]
[    9.268121] pci_bus 0000:1e: resource 1 [mem 0xfc500000-0xfc5fffff]
[    9.268121] pci_bus 0000:1e: resource 2 [mem 0xe6b00000-0xe6bfffff 64bit pref]
[    9.268122] pci_bus 0000:1f: resource 1 [mem 0xfc100000-0xfc1fffff]
[    9.268123] pci_bus 0000:1f: resource 2 [mem 0xe6700000-0xe67fffff 64bit pref]
[    9.268123] pci_bus 0000:20: resource 1 [mem 0xfbd00000-0xfbdfffff]
[    9.268124] pci_bus 0000:20: resource 2 [mem 0xe6300000-0xe63fffff 64bit pref]
[    9.268125] pci_bus 0000:21: resource 1 [mem 0xfb900000-0xfb9fffff]
[    9.268125] pci_bus 0000:21: resource 2 [mem 0xe5f00000-0xe5ffffff 64bit pref]
[    9.268126] pci_bus 0000:22: resource 1 [mem 0xfb500000-0xfb5fffff]
[    9.268127] pci_bus 0000:22: resource 2 [mem 0xe5b00000-0xe5bfffff 64bit pref]
[    9.268156] NET: Registered protocol family 2
[    9.268380] TCP established hash table entries: 32768 (order: 6, 262144 bytes)
[    9.268965] TCP bind hash table entries: 32768 (order: 7, 524288 bytes)
[    9.269964] TCP: Hash tables configured (established 32768 bind 32768)
[    9.270190] TCP: reno registered
[    9.270196] UDP hash table entries: 2048 (order: 4, 65536 bytes)
[    9.270311] UDP-Lite hash table entries: 2048 (order: 4, 65536 bytes)
[    9.270715] NET: Registered protocol family 1
[    9.270721] pci 0000:00:00.0: Limiting direct PCI/PCI transfers
[    9.270765] pci 0000:00:0f.0: Video device with shadowed ROM
[    9.271410] PCI: CLS mismatch (32 != 64), using 64 bytes
[    9.271788] Trying to unpack rootfs image as initramfs...
[    9.538886] Freeing initrd memory: 18764K (ffff880035b4a000 - ffff880036d9d000)
[    9.538891] PCI-DMA: Using software bounce buffering for IO (SWIOTLB)
[    9.538893] software IO TLB [mem 0xbbee0000-0xbfee0000] (64MB) mapped at [ffff8800bbee0000-ffff8800bfedffff]
[    9.538984] Simple Boot Flag at 0x36 set to 0x80
[    9.539059] Switched to clocksource tsc
[    9.539494] microcode: CPU0 sig=0x306c3, pf=0x1, revision=0x1a
[    9.539523] microcode: CPU1 sig=0x306c3, pf=0x1, revision=0x1a
[    9.539553] microcode: CPU2 sig=0x306c3, pf=0x1, revision=0x1a
[    9.539582] microcode: CPU3 sig=0x306c3, pf=0x1, revision=0x1a
[    9.539612] microcode: CPU4 sig=0x306c3, pf=0x1, revision=0x1a
[    9.539643] microcode: CPU5 sig=0x306c3, pf=0x1, revision=0x1a
[    9.539674] microcode: CPU6 sig=0x306c3, pf=0x1, revision=0x1a
[    9.539754] microcode: CPU7 sig=0x306c3, pf=0x1, revision=0x1a
[    9.539952] microcode: Microcode Update Driver: v2.00 <tigran@aivazian.fsnet.co.uk>, Peter Oruba
[    9.539953] Scanning for low memory corruption every 60 seconds
[    9.541005] Initialise system trusted keyring
[    9.541035] audit: initializing netlink socket (disabled)
[    9.541179] type=2000 audit(1427300570.431:1): initialized
[    9.555112] HugeTLB registered 2 MB page size, pre-allocated 0 pages
[    9.556466] zbud: loaded
[    9.556720] VFS: Disk quotas dquot_6.5.2
[    9.556768] Dquot-cache hash table entries: 512 (order 0, 4096 bytes)
[    9.557342] fuse init (API version 7.22)
[    9.557426] msgmni has been set to 7887
[    9.557554] Key type big_key registered
[    9.559211] Key type asymmetric registered
[    9.559213] Asymmetric key parser 'x509' registered
[    9.559232] Block layer SCSI generic (bsg) driver version 0.4 loaded (major 252)
[    9.559396] io scheduler noop registered
[    9.559397] io scheduler deadline registered (default)
[    9.559428] io scheduler cfq registered
[    9.559694] pcieport 0000:00:15.0: irq 40 for MSI/MSI-X
[    9.560036] pcieport 0000:00:15.1: irq 41 for MSI/MSI-X
[    9.560361] pcieport 0000:00:15.2: irq 42 for MSI/MSI-X
[    9.560673] pcieport 0000:00:15.3: irq 43 for MSI/MSI-X
[    9.560985] pcieport 0000:00:15.4: irq 44 for MSI/MSI-X
[    9.561295] pcieport 0000:00:15.5: irq 45 for MSI/MSI-X
[    9.561604] pcieport 0000:00:15.6: irq 46 for MSI/MSI-X
[    9.561951] pcieport 0000:00:15.7: irq 47 for MSI/MSI-X
[    9.562263] pcieport 0000:00:16.0: irq 48 for MSI/MSI-X
[    9.562562] pcieport 0000:00:16.1: irq 49 for MSI/MSI-X
[    9.562873] pcieport 0000:00:16.2: irq 50 for MSI/MSI-X
[    9.563258] pcieport 0000:00:16.3: irq 51 for MSI/MSI-X
[    9.563569] pcieport 0000:00:16.4: irq 52 for MSI/MSI-X
[    9.563888] pcieport 0000:00:16.5: irq 53 for MSI/MSI-X
[    9.564234] pcieport 0000:00:16.6: irq 54 for MSI/MSI-X
[    9.564546] pcieport 0000:00:16.7: irq 55 for MSI/MSI-X
[    9.564871] pcieport 0000:00:17.0: irq 56 for MSI/MSI-X
[    9.565183] pcieport 0000:00:17.1: irq 57 for MSI/MSI-X
[    9.565491] pcieport 0000:00:17.2: irq 58 for MSI/MSI-X
[    9.565806] pcieport 0000:00:17.3: irq 59 for MSI/MSI-X
[    9.566154] pcieport 0000:00:17.4: irq 60 for MSI/MSI-X
[    9.566471] pcieport 0000:00:17.5: irq 61 for MSI/MSI-X
[    9.566780] pcieport 0000:00:17.6: irq 62 for MSI/MSI-X
[    9.567090] pcieport 0000:00:17.7: irq 63 for MSI/MSI-X
[    9.567473] pcieport 0000:00:18.0: irq 64 for MSI/MSI-X
[    9.567794] pcieport 0000:00:18.1: irq 65 for MSI/MSI-X
[    9.568107] pcieport 0000:00:18.2: irq 66 for MSI/MSI-X
[    9.568489] pcieport 0000:00:18.3: irq 67 for MSI/MSI-X
[    9.568808] pcieport 0000:00:18.4: irq 68 for MSI/MSI-X
[    9.569132] pcieport 0000:00:18.5: irq 69 for MSI/MSI-X
[    9.569443] pcieport 0000:00:18.6: irq 70 for MSI/MSI-X
[    9.569751] pcieport 0000:00:18.7: irq 71 for MSI/MSI-X
[    9.570020] pcieport 0000:00:15.0: Signaling PME through PCIe PME interrupt
[    9.570032] pcie_pme 0000:00:15.0:pcie01: service driver pcie_pme loaded
[    9.570116] pcieport 0000:00:15.1: Signaling PME through PCIe PME interrupt
[    9.570128] pcie_pme 0000:00:15.1:pcie01: service driver pcie_pme loaded
[    9.570185] pcieport 0000:00:15.2: Signaling PME through PCIe PME interrupt
[    9.570196] pcie_pme 0000:00:15.2:pcie01: service driver pcie_pme loaded
[    9.570252] pcieport 0000:00:15.3: Signaling PME through PCIe PME interrupt
[    9.570263] pcie_pme 0000:00:15.3:pcie01: service driver pcie_pme loaded
[    9.570318] pcieport 0000:00:15.4: Signaling PME through PCIe PME interrupt
[    9.570329] pcie_pme 0000:00:15.4:pcie01: service driver pcie_pme loaded
[    9.570385] pcieport 0000:00:15.5: Signaling PME through PCIe PME interrupt
[    9.570396] pcie_pme 0000:00:15.5:pcie01: service driver pcie_pme loaded
[    9.570451] pcieport 0000:00:15.6: Signaling PME through PCIe PME interrupt
[    9.570462] pcie_pme 0000:00:15.6:pcie01: service driver pcie_pme loaded
[    9.570517] pcieport 0000:00:15.7: Signaling PME through PCIe PME interrupt
[    9.570528] pcie_pme 0000:00:15.7:pcie01: service driver pcie_pme loaded
[    9.570583] pcieport 0000:00:16.0: Signaling PME through PCIe PME interrupt
[    9.570595] pcie_pme 0000:00:16.0:pcie01: service driver pcie_pme loaded
[    9.570665] pcieport 0000:00:16.1: Signaling PME through PCIe PME interrupt
[    9.570677] pcie_pme 0000:00:16.1:pcie01: service driver pcie_pme loaded
[    9.570732] pcieport 0000:00:16.2: Signaling PME through PCIe PME interrupt
[    9.570744] pcie_pme 0000:00:16.2:pcie01: service driver pcie_pme loaded
[    9.570801] pcieport 0000:00:16.3: Signaling PME through PCIe PME interrupt
[    9.570813] pcie_pme 0000:00:16.3:pcie01: service driver pcie_pme loaded
[    9.570868] pcieport 0000:00:16.4: Signaling PME through PCIe PME interrupt
[    9.570879] pcie_pme 0000:00:16.4:pcie01: service driver pcie_pme loaded
[    9.570945] pcieport 0000:00:16.5: Signaling PME through PCIe PME interrupt
[    9.570956] pcie_pme 0000:00:16.5:pcie01: service driver pcie_pme loaded
[    9.571012] pcieport 0000:00:16.6: Signaling PME through PCIe PME interrupt
[    9.571023] pcie_pme 0000:00:16.6:pcie01: service driver pcie_pme loaded
[    9.571087] pcieport 0000:00:16.7: Signaling PME through PCIe PME interrupt
[    9.571099] pcie_pme 0000:00:16.7:pcie01: service driver pcie_pme loaded
[    9.571154] pcieport 0000:00:17.0: Signaling PME through PCIe PME interrupt
[    9.571165] pcie_pme 0000:00:17.0:pcie01: service driver pcie_pme loaded
[    9.571221] pcieport 0000:00:17.1: Signaling PME through PCIe PME interrupt
[    9.571232] pcie_pme 0000:00:17.1:pcie01: service driver pcie_pme loaded
[    9.571314] pcieport 0000:00:17.2: Signaling PME through PCIe PME interrupt
[    9.571326] pcie_pme 0000:00:17.2:pcie01: service driver pcie_pme loaded
[    9.571382] pcieport 0000:00:17.3: Signaling PME through PCIe PME interrupt
[    9.571393] pcie_pme 0000:00:17.3:pcie01: service driver pcie_pme loaded
[    9.571449] pcieport 0000:00:17.4: Signaling PME through PCIe PME interrupt
[    9.571460] pcie_pme 0000:00:17.4:pcie01: service driver pcie_pme loaded
[    9.571515] pcieport 0000:00:17.5: Signaling PME through PCIe PME interrupt
[    9.571526] pcie_pme 0000:00:17.5:pcie01: service driver pcie_pme loaded
[    9.571582] pcieport 0000:00:17.6: Signaling PME through PCIe PME interrupt
[    9.571593] pcie_pme 0000:00:17.6:pcie01: service driver pcie_pme loaded
[    9.571648] pcieport 0000:00:17.7: Signaling PME through PCIe PME interrupt
[    9.571660] pcie_pme 0000:00:17.7:pcie01: service driver pcie_pme loaded
[    9.571720] pcieport 0000:00:18.0: Signaling PME through PCIe PME interrupt
[    9.571731] pcie_pme 0000:00:18.0:pcie01: service driver pcie_pme loaded
[    9.571794] pcieport 0000:00:18.1: Signaling PME through PCIe PME interrupt
[    9.571805] pcie_pme 0000:00:18.1:pcie01: service driver pcie_pme loaded
[    9.571877] pcieport 0000:00:18.2: Signaling PME through PCIe PME interrupt
[    9.571889] pcie_pme 0000:00:18.2:pcie01: service driver pcie_pme loaded
[    9.571944] pcieport 0000:00:18.3: Signaling PME through PCIe PME interrupt
[    9.571956] pcie_pme 0000:00:18.3:pcie01: service driver pcie_pme loaded
[    9.572011] pcieport 0000:00:18.4: Signaling PME through PCIe PME interrupt
[    9.572022] pcie_pme 0000:00:18.4:pcie01: service driver pcie_pme loaded
[    9.572086] pcieport 0000:00:18.5: Signaling PME through PCIe PME interrupt
[    9.572098] pcie_pme 0000:00:18.5:pcie01: service driver pcie_pme loaded
[    9.572153] pcieport 0000:00:18.6: Signaling PME through PCIe PME interrupt
[    9.572164] pcie_pme 0000:00:18.6:pcie01: service driver pcie_pme loaded
[    9.572228] pcieport 0000:00:18.7: Signaling PME through PCIe PME interrupt
[    9.572239] pcie_pme 0000:00:18.7:pcie01: service driver pcie_pme loaded
[    9.572248] pci_hotplug: PCI Hot Plug PCI Core version: 0.5
[    9.572502] pciehp 0000:00:15.0:pcie04: HPC vendor_id 15ad device_id 7a0 ss_vid 15ad ss_did 7a0
[    9.572598] pciehp 0000:00:15.0:pcie04: service driver pciehp loaded
[    9.572632] pciehp 0000:00:15.1:pcie04: HPC vendor_id 15ad device_id 7a0 ss_vid 15ad ss_did 7a0
[    9.572727] pciehp 0000:00:15.1:pcie04: service driver pciehp loaded
[    9.572761] pciehp 0000:00:15.2:pcie04: HPC vendor_id 15ad device_id 7a0 ss_vid 15ad ss_did 7a0
[    9.572861] pciehp 0000:00:15.2:pcie04: service driver pciehp loaded
[    9.572895] pciehp 0000:00:15.3:pcie04: HPC vendor_id 15ad device_id 7a0 ss_vid 15ad ss_did 7a0
[    9.572989] pciehp 0000:00:15.3:pcie04: service driver pciehp loaded
[    9.573023] pciehp 0000:00:15.4:pcie04: HPC vendor_id 15ad device_id 7a0 ss_vid 15ad ss_did 7a0
[    9.573117] pciehp 0000:00:15.4:pcie04: service driver pciehp loaded
[    9.573183] pciehp 0000:00:15.5:pcie04: HPC vendor_id 15ad device_id 7a0 ss_vid 15ad ss_did 7a0
[    9.573278] pciehp 0000:00:15.5:pcie04: service driver pciehp loaded
[    9.573312] pciehp 0000:00:15.6:pcie04: HPC vendor_id 15ad device_id 7a0 ss_vid 15ad ss_did 7a0
[    9.573405] pciehp 0000:00:15.6:pcie04: service driver pciehp loaded
[    9.573439] pciehp 0000:00:15.7:pcie04: HPC vendor_id 15ad device_id 7a0 ss_vid 15ad ss_did 7a0
[    9.573531] pciehp 0000:00:15.7:pcie04: service driver pciehp loaded
[    9.573565] pciehp 0000:00:16.0:pcie04: HPC vendor_id 15ad device_id 7a0 ss_vid 15ad ss_did 7a0
[    9.573653] pciehp 0000:00:16.0:pcie04: service driver pciehp loaded
[    9.573687] pciehp 0000:00:16.1:pcie04: HPC vendor_id 15ad device_id 7a0 ss_vid 15ad ss_did 7a0
[    9.573784] pciehp 0000:00:16.1:pcie04: service driver pciehp loaded
[    9.573819] pciehp 0000:00:16.2:pcie04: HPC vendor_id 15ad device_id 7a0 ss_vid 15ad ss_did 7a0
[    9.573910] pciehp 0000:00:16.2:pcie04: service driver pciehp loaded
[    9.573944] pciehp 0000:00:16.3:pcie04: HPC vendor_id 15ad device_id 7a0 ss_vid 15ad ss_did 7a0
[    9.574031] pciehp 0000:00:16.3:pcie04: service driver pciehp loaded
[    9.574076] pciehp 0000:00:16.4:pcie04: HPC vendor_id 15ad device_id 7a0 ss_vid 15ad ss_did 7a0
[    9.574166] pciehp 0000:00:16.4:pcie04: service driver pciehp loaded
[    9.574216] pciehp 0000:00:16.5:pcie04: HPC vendor_id 15ad device_id 7a0 ss_vid 15ad ss_did 7a0
[    9.574303] pciehp 0000:00:16.5:pcie04: service driver pciehp loaded
[    9.574337] pciehp 0000:00:16.6:pcie04: HPC vendor_id 15ad device_id 7a0 ss_vid 15ad ss_did 7a0
[    9.574418] pciehp 0000:00:16.6:pcie04: service driver pciehp loaded
[    9.574452] pciehp 0000:00:16.7:pcie04: HPC vendor_id 15ad device_id 7a0 ss_vid 15ad ss_did 7a0
[    9.574551] pciehp 0000:00:16.7:pcie04: service driver pciehp loaded
[    9.574584] pciehp 0000:00:17.0:pcie04: HPC vendor_id 15ad device_id 7a0 ss_vid 15ad ss_did 7a0
[    9.574666] pciehp 0000:00:17.0:pcie04: service driver pciehp loaded
[    9.574699] pciehp 0000:00:17.1:pcie04: HPC vendor_id 15ad device_id 7a0 ss_vid 15ad ss_did 7a0
[    9.574808] pciehp 0000:00:17.1:pcie04: service driver pciehp loaded
[    9.574849] pciehp 0000:00:17.2:pcie04: HPC vendor_id 15ad device_id 7a0 ss_vid 15ad ss_did 7a0
[    9.574941] pciehp 0000:00:17.2:pcie04: service driver pciehp loaded
[    9.574976] pciehp 0000:00:17.3:pcie04: HPC vendor_id 15ad device_id 7a0 ss_vid 15ad ss_did 7a0
[    9.575078] pciehp 0000:00:17.3:pcie04: service driver pciehp loaded
[    9.575112] pciehp 0000:00:17.4:pcie04: HPC vendor_id 15ad device_id 7a0 ss_vid 15ad ss_did 7a0
[    9.575248] pciehp 0000:00:17.4:pcie04: service driver pciehp loaded
[    9.575282] pciehp 0000:00:17.5:pcie04: HPC vendor_id 15ad device_id 7a0 ss_vid 15ad ss_did 7a0
[    9.575371] pciehp 0000:00:17.5:pcie04: service driver pciehp loaded
[    9.575405] pciehp 0000:00:17.6:pcie04: HPC vendor_id 15ad device_id 7a0 ss_vid 15ad ss_did 7a0
[    9.575491] pciehp 0000:00:17.6:pcie04: service driver pciehp loaded
[    9.575524] pciehp 0000:00:17.7:pcie04: HPC vendor_id 15ad device_id 7a0 ss_vid 15ad ss_did 7a0
[    9.575611] pciehp 0000:00:17.7:pcie04: service driver pciehp loaded
[    9.575645] pciehp 0000:00:18.0:pcie04: HPC vendor_id 15ad device_id 7a0 ss_vid 15ad ss_did 7a0
[    9.575739] pciehp 0000:00:18.0:pcie04: service driver pciehp loaded
[    9.575773] pciehp 0000:00:18.1:pcie04: HPC vendor_id 15ad device_id 7a0 ss_vid 15ad ss_did 7a0
[    9.575860] pciehp 0000:00:18.1:pcie04: service driver pciehp loaded
[    9.575893] pciehp 0000:00:18.2:pcie04: HPC vendor_id 15ad device_id 7a0 ss_vid 15ad ss_did 7a0
[    9.575990] pciehp 0000:00:18.2:pcie04: service driver pciehp loaded
[    9.576024] pciehp 0000:00:18.3:pcie04: HPC vendor_id 15ad device_id 7a0 ss_vid 15ad ss_did 7a0
[    9.576111] pciehp 0000:00:18.3:pcie04: service driver pciehp loaded
[    9.576145] pciehp 0000:00:18.4:pcie04: HPC vendor_id 15ad device_id 7a0 ss_vid 15ad ss_did 7a0
[    9.576229] pciehp 0000:00:18.4:pcie04: service driver pciehp loaded
[    9.576262] pciehp 0000:00:18.5:pcie04: HPC vendor_id 15ad device_id 7a0 ss_vid 15ad ss_did 7a0
[    9.576343] pciehp 0000:00:18.5:pcie04: service driver pciehp loaded
[    9.576376] pciehp 0000:00:18.6:pcie04: HPC vendor_id 15ad device_id 7a0 ss_vid 15ad ss_did 7a0
[    9.576457] pciehp 0000:00:18.6:pcie04: service driver pciehp loaded
[    9.576490] pciehp 0000:00:18.7:pcie04: HPC vendor_id 15ad device_id 7a0 ss_vid 15ad ss_did 7a0
[    9.578012] pciehp 0000:00:18.7:pcie04: service driver pciehp loaded
[    9.578017] pciehp: PCI Express Hot Plug Controller Driver version: 0.4
[    9.578059] intel_idle: does not run on family 6 model 60
[    9.578074] ipmi message handler version 39.2
[    9.578170] ACPI: Deprecated procfs I/F for AC is loaded, please retry with CONFIG_ACPI_PROCFS_POWER cleared
[    9.578231] ACPI: AC Adapter [ACAD] (on-line)
[    9.578350] input: Power Button as /devices/LNXSYSTM:00/LNXPWRBN:00/input/input0
[    9.578353] ACPI: Power Button [PWRF]
[    9.579637] GHES: HEST is not enabled!
[    9.579827] Serial: 8250/16550 driver, 32 ports, IRQ sharing enabled
[    9.603667] 00:09: ttyS0 at I/O 0x3f8 (irq = 4, base_baud = 115200) is a 16550A
[    9.626376] 00:0a: ttyS1 at I/O 0x2f8 (irq = 3, base_baud = 115200) is a 16550A
[    9.628305] Linux agpgart interface v0.103
[    9.628367] agpgart-intel 0000:00:00.0: Intel 440BX Chipset
[    9.632100] agpgart-intel 0000:00:00.0: AGP aperture is 256M @ 0x0
[    9.633945] brd: module loaded
[    9.635444] loop: module loaded
[    9.635600] ata_piix 0000:00:07.1: version 2.13
[    9.636076] scsi0 : ata_piix
[    9.636200] scsi1 : ata_piix
[    9.636222] ata1: PATA max UDMA/33 cmd 0x1f0 ctl 0x3f6 bmdma 0x1060 irq 14
[    9.636223] ata2: PATA max UDMA/33 cmd 0x170 ctl 0x376 bmdma 0x1068 irq 15
[    9.636482] libphy: Fixed MDIO Bus: probed
[    9.636541] tun: Universal TUN/TAP device driver, 1.6
[    9.636542] tun: (C) 1999-2004 Max Krasnyansky <maxk@qualcomm.com>
[    9.636609] PPP generic driver version 2.4.2
[    9.636676] ehci_hcd: USB 2.0 'Enhanced' Host Controller (EHCI) Driver
[    9.636679] ehci-pci: EHCI PCI platform driver
[    9.636933] ehci-pci 0000:02:03.0: EHCI Host Controller
[    9.636937] ehci-pci 0000:02:03.0: new USB bus registered, assigned bus number 1
[    9.637031] ehci-pci 0000:02:03.0: cache line size of 64 is not supported
[    9.637082] ehci-pci 0000:02:03.0: irq 17, io mem 0xfd5ef000
[    9.647882] ehci-pci 0000:02:03.0: USB 2.0 started, EHCI 1.00
[    9.647912] usb usb1: New USB device found, idVendor=1d6b, idProduct=0002
[    9.647913] usb usb1: New USB device strings: Mfr=3, Product=2, SerialNumber=1
[    9.647914] usb usb1: Product: EHCI Host Controller
[    9.647915] usb usb1: Manufacturer: Linux 3.13.0-43-generic ehci_hcd
[    9.647915] usb usb1: SerialNumber: 0000:02:03.0
[    9.648029] hub 1-0:1.0: USB hub found
[    9.648032] hub 1-0:1.0: 6 ports detected
[    9.648237] ehci-platform: EHCI generic platform driver
[    9.648242] ohci_hcd: USB 1.1 'Open' Host Controller (OHCI) Driver
[    9.648242] ohci-pci: OHCI PCI platform driver
[    9.648247] ohci-platform: OHCI generic platform driver
[    9.648250] uhci_hcd: USB Universal Host Controller Interface driver
[    9.648411] uhci_hcd 0000:02:00.0: UHCI Host Controller
[    9.648414] uhci_hcd 0000:02:00.0: new USB bus registered, assigned bus number 2
[    9.648535] uhci_hcd 0000:02:00.0: irq 18, io base 0x00002080
[    9.648658] usb usb2: New USB device found, idVendor=1d6b, idProduct=0001
[    9.648659] usb usb2: New USB device strings: Mfr=3, Product=2, SerialNumber=1
[    9.648660] usb usb2: Product: UHCI Host Controller
[    9.648660] usb usb2: Manufacturer: Linux 3.13.0-43-generic uhci_hcd
[    9.648661] usb usb2: SerialNumber: 0000:02:00.0
[    9.648772] hub 2-0:1.0: USB hub found
[    9.648775] hub 2-0:1.0: 2 ports detected
[    9.648904] i8042: PNP: PS/2 Controller [PNP0303:KBC,PNP0f13:MOUS] at 0x60,0x64 irq 1,12
[    9.649487] serio: i8042 KBD port at 0x60,0x64 irq 1
[    9.649491] serio: i8042 AUX port at 0x60,0x64 irq 12
[    9.649677] mousedev: PS/2 mouse device common for all mice
[    9.669990] rtc_cmos 00:03: rtc core: registered rtc_cmos as rtc0
[    9.670063] rtc_cmos 00:03: alarms up to one month, y3k, 114 bytes nvram, hpet irqs
[    9.670139] device-mapper: uevent: version 1.0.3
[    9.670353] device-mapper: ioctl: 4.27.0-ioctl (2013-10-30) initialised: dm-devel@redhat.com
[    9.670379] ledtrig-cpu: registered to indicate activity on CPUs
[    9.670702] TCP: cubic registered
[    9.670744] NET: Registered protocol family 10
[    9.671048] NET: Registered protocol family 17
[    9.671053] Key type dns_resolver registered
[    9.671489] Loading compiled-in X.509 certificates
[    9.671939] Loaded X.509 cert 'Magrathea: Glacier signing key: 55ab2fe28ed5c60df9587150d1734c920ea7b818'
[    9.671948] registered taskstats version 1
[    9.673959] input: AT Translated Set 2 keyboard as /devices/platform/i8042/serio0/input/input1
[    9.675923] Key type trusted registered
[    9.677693] Key type encrypted registered
[    9.679512] AppArmor: AppArmor sha1 policy hashing enabled
[    9.679514] IMA: No TPM chip found, activating TPM-bypass!
[    9.684539] regulator-dummy: disabling
[    9.684769]   Magic number: 7:380:389
[    9.684783] thermal cooling_device4: hash matches
[    9.684999] rtc_cmos 00:03: setting system clock to 2015-03-25 16:22:51 UTC (1427300571)
[    9.685186] BIOS EDD facility v0.16 2004-Jun-25, 0 devices found
[    9.685187] EDD information not available.
[    9.685282] PM: Hibernation image not present or could not be loaded.
[    9.813331] Freeing unused kernel memory: 1336K (ffffffff81d20000 - ffffffff81e6e000)
[    9.813333] Write protecting the kernel read-only data: 12288k
[    9.814466] Freeing unused kernel memory: 796K (ffff880001739000 - ffff880001800000)
[    9.815390] Freeing unused kernel memory: 688K (ffff880001b54000 - ffff880001c00000)
[    9.826174] systemd-udevd[260]: starting version 204
[    9.838888] VMware vmxnet3 virtual NIC driver - version 1.2.0.0-k-NAPI
[    9.839951] Floppy drive(s): fd0 is 1.44M
[    9.840835] VMware PVSCSI driver - version 1.0.2.0-k
[    9.844289] Fusion MPT base driver 3.04.20
[    9.844291] Copyright (c) 1999-2008 LSI Corporation
[    9.844969] e1000: Intel(R) PRO/1000 Network Driver - version 7.3.21-k8-NAPI
[    9.844971] e1000: Copyright (c) 1999-2006 Intel Corporation.
[    9.846823] Fusion MPT SPI Host driver 3.04.20
[    9.847357] mptbase: ioc0: Initiating bringup
[    9.860485] FDC 0 is a post-1991 82077
[    9.916335] ioc0: LSI53C1030 B0: Capabilities={Initiator}
[    9.964281] usb 2-1: new full-speed USB device number 2 using uhci_hcd
[   10.076889] scsi2 : ioc0: LSI53C1030 B0, FwRev=01032920h, Ports=1, MaxQ=128, IRQ=17
[   10.110438] usb 2-1: New USB device found, idVendor=0e0f, idProduct=0003
[   10.110440] usb 2-1: New USB device strings: Mfr=1, Product=2, SerialNumber=0
[   10.110441] usb 2-1: Product: VMware Virtual USB Mouse
[   10.110442] usb 2-1: Manufacturer: VMware
[   10.121222] hidraw: raw HID events driver (C) Jiri Kosina
[   10.125534] usbcore: registered new interface driver usbhid
[   10.125535] usbhid: USB HID core driver
[   10.126639] input: VMware VMware Virtual USB Mouse as /devices/pci0000:00/0000:00:11.0/0000:02:00.0/usb2/2-1/2-1:1.0/input/input4
[   10.126878] hid-generic 0003:0E0F:0003.0001: input,hidraw0: USB HID v1.10 Mouse [VMware VMware Virtual USB Mouse] on usb-0000:02:00.0-1/input0
[   10.184203] e1000 0000:02:01.0 eth0: (PCI:66MHz:32-bit) 00:0c:29:10:09:b5
[   10.184208] e1000 0000:02:01.0 eth0: Intel(R) PRO/1000 Network Connection
[   10.184263] ahci 0000:02:05.0: version 3.0
[   10.184548] ahci 0000:02:05.0: irq 72 for MSI/MSI-X
[   10.184914] ahci 0000:02:05.0: AHCI 0001.0300 32 slots 30 ports 6 Gbps 0x3fffffff impl SATA mode
[   10.184916] ahci 0000:02:05.0: flags: 64bit ncq clo only 
[   10.189458] scsi3 : ahci
[   10.189594] scsi4 : ahci
[   10.189774] scsi5 : ahci
[   10.189917] scsi6 : ahci
[   10.190072] scsi7 : ahci
[   10.190232] scsi8 : ahci
[   10.190387] scsi9 : ahci
[   10.190536] scsi10 : ahci
[   10.190708] scsi11 : ahci
[   10.190833] scsi12 : ahci
[   10.191011] scsi13 : ahci
[   10.191185] scsi14 : ahci
[   10.191289] scsi15 : ahci
[   10.191383] scsi16 : ahci
[   10.191466] scsi17 : ahci
[   10.191555] scsi18 : ahci
[   10.191625] scsi19 : ahci
[   10.191695] scsi20 : ahci
[   10.191763] scsi21 : ahci
[   10.191829] scsi22 : ahci
[   10.191895] scsi23 : ahci
[   10.192021] scsi24 : ahci
[   10.192096] scsi25 : ahci
[   10.192164] scsi26 : ahci
[   10.192238] scsi27 : ahci
[   10.192446] scsi28 : ahci
[   10.192566] scsi29 : ahci
[   10.192734] scsi30 : ahci
[   10.192803] scsi31 : ahci
[   10.192906] scsi32 : ahci
[   10.192930] ata3: SATA max UDMA/133 abar m4096@0xfd5ee000 port 0xfd5ee100 irq 72
[   10.192930] ata4: SATA max UDMA/133 abar m4096@0xfd5ee000 port 0xfd5ee180 irq 72
[   10.192931] ata5: SATA max UDMA/133 abar m4096@0xfd5ee000 port 0xfd5ee200 irq 72
