[    0.000000] Initializing cgroup subsys cpuset
[    0.000000] Initializing cgroup subsys cpu
[    0.000000] Initializing cgroup subsys cpuacct
[    0.000000] Linux version 3.13.0-43-generic (buildd@tipua) (gcc version 4.8.2 (Ubuntu 4.8.2-19ubuntu1) ) #72-Ubuntu SMP Mon Dec 8 19:35:06 UTC 2014 (Ubuntu 3.13.0-43.72-generic 3.13.11.11)
[    0.000000] Command line: BOOT_IMAGE=/boot/vmlinuz-3.13.0-43-generic root=UUID=a65a4ea8-3505-4f81-9a3a-500c3c8611ba ro find_preseed=/preseed.cfg auto noprompt priority=critical locale=en_US quiet
[    0.000000] KERNEL supported cpus:
[    0.000000]   Intel GenuineIntel
[    0.000000]   AMD AuthenticAMD
[    0.000000]   Centaur CentaurHauls
[    0.000000] Disabled fast string operations
[    0.000000] e820: BIOS-provided physical RAM map:
[    0.000000] BIOS-e820: [mem 0x0000000000000000-0x000000000009ebff] usable
[    0.000000] BIOS-e820: [mem 0x000000000009ec00-0x000000000009ffff] reserved
[    0.000000] BIOS-e820: [mem 0x00000000000dc000-0x00000000000fffff] reserved
[    0.000000] BIOS-e820: [mem 0x0000000000100000-0x00000000bfedffff] usable
[    0.000000] BIOS-e820: [mem 0x00000000bfee0000-0x00000000bfefefff] ACPI data
[    0.000000] BIOS-e820: [mem 0x00000000bfeff000-0x00000000bfefffff] ACPI NVS
[    0.000000] BIOS-e820: [mem 0x00000000bff00000-0x00000000bfffffff] usable
[    0.000000] BIOS-e820: [mem 0x00000000f0000000-0x00000000f7ffffff] reserved
[    0.000000] BIOS-e820: [mem 0x00000000fec00000-0x00000000fec0ffff] reserved
[    0.000000] BIOS-e820: [mem 0x00000000fee00000-0x00000000fee00fff] reserved
[    0.000000] BIOS-e820: [mem 0x00000000fffe0000-0x00000000ffffffff] reserved
[    0.000000] BIOS-e820: [mem 0x0000000100000000-0x000000013fffffff] usable
[    0.000000] NX (Execute Disable) protection: active
[    0.000000] SMBIOS 2.4 present.
[    0.000000] DMI: VMware, Inc. VMware Virtual Platform/440BX Desktop Reference Platform, BIOS 6.00 07/31/2013
[    0.000000] Hypervisor detected: VMware
[    0.000000] e820: update [mem 0x00000000-0x00000fff] usable ==> reserved
[    0.000000] e820: remove [mem 0x000a0000-0x000fffff] usable
[    0.000000] No AGP bridge found
[    0.000000] e820: last_pfn = 0x140000 max_arch_pfn = 0x400000000
[    0.000000] MTRR default type: uncachable
[    0.000000] MTRR fixed ranges enabled:
[    0.000000]   00000-9FFFF write-back
[    0.000000]   A0000-BFFFF uncachable
[    0.000000]   C0000-CBFFF write-protect
[    0.000000]   CC000-EFFFF uncachable
[    0.000000]   F0000-FFFFF write-protect
[    0.000000] MTRR variable ranges enabled:
[    0.000000]   0 base 00C0000000 mask FFC0000000 uncachable
[    0.000000]   1 base 0000000000 mask FF00000000 write-back
[    0.000000]   2 base 0100000000 mask FFC0000000 write-back
[    0.000000]   3 disabled
[    0.000000]   4 disabled
[    0.000000]   5 disabled
[    0.000000]   6 disabled
[    0.000000]   7 disabled
[    0.000000] x86 PAT enabled: cpu 0, old 0x0, new 0x7010600070106
[    0.000000] original variable MTRRs
[    0.000000] reg 0, base: 3GB, range: 1GB, type UC
[    0.000000] reg 1, base: 0GB, range: 4GB, type WB
[    0.000000] reg 2, base: 4GB, range: 1GB, type WB
[    0.000000] total RAM covered: 4096M
[    0.000000] Found optimal setting for mtrr clean up
[    0.000000]  gran_size: 64K 	chunk_size: 64K 	num_reg: 3  	lose cover RAM: 0G
[    0.000000] New variable MTRRs
[    0.000000] reg 0, base: 0GB, range: 2GB, type WB
[    0.000000] reg 1, base: 2GB, range: 1GB, type WB
[    0.000000] reg 2, base: 4GB, range: 1GB, type WB
[    0.000000] x86 PAT enabled: cpu 0, old 0x0, new 0x7010600070106
[    0.000000] e820: update [mem 0xc0000000-0xffffffff] usable ==> reserved
[    0.000000] e820: last_pfn = 0xc0000 max_arch_pfn = 0x400000000
[    0.000000] found SMP MP-table at [mem 0x000f6bf0-0x000f6bff] mapped at [ffff8800000f6bf0]
[    0.000000] Scanning 1 areas for low memory corruption
[    0.000000] Base memory trampoline at [ffff880000098000] 98000 size 24576
[    0.000000] Using GB pages for direct mapping
[    0.000000] init_memory_mapping: [mem 0x00000000-0x000fffff]
[    0.000000]  [mem 0x00000000-0x000fffff] page 4k
[    0.000000] BRK [0x01fe1000, 0x01fe1fff] PGTABLE
[    0.000000] BRK [0x01fe2000, 0x01fe2fff] PGTABLE
[    0.000000] BRK [0x01fe3000, 0x01fe3fff] PGTABLE
[    0.000000] init_memory_mapping: [mem 0x13fe00000-0x13fffffff]
[    0.000000]  [mem 0x13fe00000-0x13fffffff] page 1G
[    0.000000] init_memory_mapping: [mem 0x13c000000-0x13fdfffff]
[    0.000000]  [mem 0x13c000000-0x13fdfffff] page 1G
[    0.000000] init_memory_mapping: [mem 0x100000000-0x13bffffff]
[    0.000000]  [mem 0x100000000-0x13bffffff] page 1G
[    0.000000] init_memory_mapping: [mem 0x00100000-0xbfedffff]
[    0.000000]  [mem 0x00100000-0x001fffff] page 4k
[    0.000000]  [mem 0x00200000-0x3fffffff] page 2M
[    0.000000]  [mem 0x40000000-0x7fffffff] page 1G
[    0.000000]  [mem 0x80000000-0xbfdfffff] page 2M
[    0.000000]  [mem 0xbfe00000-0xbfedffff] page 4k
[    0.000000] init_memory_mapping: [mem 0xbff00000-0xbfffffff]
[    0.000000]  [mem 0xbff00000-0xbfffffff] page 4k
[    0.000000] RAMDISK: [mem 0x35b4a000-0x36d9cfff]
[    0.000000] ACPI: RSDP 00000000000f6b80 000024 (v02 PTLTD )
[    0.000000] ACPI: XSDT 00000000bfee060d 00005C (v01 INTEL  440BX    06040000 VMW  01324272)
[    0.000000] ACPI: FACP 00000000bfefee73 0000F4 (v04 INTEL  440BX    06040000 PTL  000F4240)
[    0.000000] ACPI: DSDT 00000000bfee1231 01DC42 (v01 PTLTD  Custom   06040000 MSFT 03000001)
[    0.000000] ACPI: FACS 00000000bfefffc0 000040
[    0.000000] ACPI: BOOT 00000000bfee1209 000028 (v01 PTLTD  $SBFTBL$ 06040000  LTP 00000001)
[    0.000000] ACPI: APIC 00000000bfee0c3d 0003C2 (v01 PTLTD  ? APIC   06040000  LTP 00000000)
[    0.000000] ACPI: MCFG 00000000bfee0c01 00003C (v01 PTLTD  $PCITBL$ 06040000  LTP 00000001)
[    0.000000] ACPI: SRAT 00000000bfee0709 0004F8 (v02 VMWARE MEMPLUG  06040000 VMW  00000001)
[    0.000000] ACPI: HPET 00000000bfee06d1 000038 (v01 VMWARE VMW HPET 06040000 VMW  00000001)
[    0.000000] ACPI: WAET 00000000bfee06a9 000028 (v01 VMWARE VMW WAET 06040000 VMW  00000001)
[    0.000000] ACPI: Local APIC address 0xfee00000
[    0.000000] system APIC only can use physical flat
[    0.000000] Setting APIC routing to physical flat.
[    0.000000] SRAT: PXM 0 -> APIC 0x00 -> Node 0
[    0.000000] SRAT: PXM 0 -> APIC 0x01 -> Node 0
[    0.000000] SRAT: PXM 0 -> APIC 0x02 -> Node 0
[    0.000000] SRAT: PXM 0 -> APIC 0x03 -> Node 0
[    0.000000] SRAT: PXM 0 -> APIC 0x04 -> Node 0
[    0.000000] SRAT: PXM 0 -> APIC 0x05 -> Node 0
[    0.000000] SRAT: PXM 0 -> APIC 0x06 -> Node 0
[    0.000000] SRAT: PXM 0 -> APIC 0x07 -> Node 0
[    0.000000] SRAT: PXM 0 -> APIC 0x08 -> Node 0
[    0.000000] SRAT: PXM 0 -> APIC 0x09 -> Node 0
[    0.000000] SRAT: PXM 0 -> APIC 0x0a -> Node 0
[    0.000000] SRAT: PXM 0 -> APIC 0x0b -> Node 0
[    0.000000] SRAT: PXM 0 -> APIC 0x0c -> Node 0
[    0.000000] SRAT: PXM 0 -> APIC 0x0d -> Node 0
[    0.000000] SRAT: PXM 0 -> APIC 0x0e -> Node 0
[    0.000000] SRAT: PXM 0 -> APIC 0x0f -> Node 0
[    0.000000] SRAT: PXM 0 -> APIC 0x10 -> Node 0
[    0.000000] SRAT: PXM 0 -> APIC 0x11 -> Node 0
[    0.000000] SRAT: PXM 0 -> APIC 0x12 -> Node 0
[    0.000000] SRAT: PXM 0 -> APIC 0x13 -> Node 0
[    0.000000] SRAT: PXM 0 -> APIC 0x14 -> Node 0
[    0.000000] SRAT: PXM 0 -> APIC 0x15 -> Node 0
[    0.000000] SRAT: PXM 0 -> APIC 0x16 -> Node 0
[    0.000000] SRAT: PXM 0 -> APIC 0x17 -> Node 0
[    0.000000] SRAT: PXM 0 -> APIC 0x18 -> Node 0
[    0.000000] SRAT: PXM 0 -> APIC 0x19 -> Node 0
[    0.000000] SRAT: PXM 0 -> APIC 0x1a -> Node 0
[    0.000000] SRAT: PXM 0 -> APIC 0x1b -> Node 0
[    0.000000] SRAT: PXM 0 -> APIC 0x1c -> Node 0
[    0.000000] SRAT: PXM 0 -> APIC 0x1d -> Node 0
[    0.000000] SRAT: PXM 0 -> APIC 0x1e -> Node 0
[    0.000000] SRAT: PXM 0 -> APIC 0x1f -> Node 0
[    0.000000] SRAT: PXM 0 -> APIC 0x20 -> Node 0
[    0.000000] SRAT: PXM 0 -> APIC 0x21 -> Node 0
[    0.000000] SRAT: PXM 0 -> APIC 0x22 -> Node 0
[    0.000000] SRAT: PXM 0 -> APIC 0x23 -> Node 0
[    0.000000] SRAT: PXM 0 -> APIC 0x24 -> Node 0
[    0.000000] SRAT: PXM 0 -> APIC 0x25 -> Node 0
[    0.000000] SRAT: PXM 0 -> APIC 0x26 -> Node 0
[    0.000000] SRAT: PXM 0 -> APIC 0x27 -> Node 0
[    0.000000] SRAT: PXM 0 -> APIC 0x28 -> Node 0
[    0.000000] SRAT: PXM 0 -> APIC 0x29 -> Node 0
[    0.000000] SRAT: PXM 0 -> APIC 0x2a -> Node 0
[    0.000000] SRAT: PXM 0 -> APIC 0x2b -> Node 0
[    0.000000] SRAT: PXM 0 -> APIC 0x2c -> Node 0
[    0.000000] SRAT: PXM 0 -> APIC 0x2d -> Node 0
[    0.000000] SRAT: PXM 0 -> APIC 0x2e -> Node 0
[    0.000000] SRAT: PXM 0 -> APIC 0x2f -> Node 0
[    0.000000] SRAT: PXM 0 -> APIC 0x30 -> Node 0
[    0.000000] SRAT: PXM 0 -> APIC 0x31 -> Node 0
[    0.000000] SRAT: PXM 0 -> APIC 0x32 -> Node 0
[    0.000000] SRAT: PXM 0 -> APIC 0x33 -> Node 0
[    0.000000] SRAT: PXM 0 -> APIC 0x34 -> Node 0
[    0.000000] SRAT: PXM 0 -> APIC 0x35 -> Node 0
[    0.000000] SRAT: PXM 0 -> APIC 0x36 -> Node 0
[    0.000000] SRAT: PXM 0 -> APIC 0x37 -> Node 0
[    0.000000] SRAT: PXM 0 -> APIC 0x38 -> Node 0
[    0.000000] SRAT: PXM 0 -> APIC 0x39 -> Node 0
[    0.000000] SRAT: PXM 0 -> APIC 0x3a -> Node 0
[    0.000000] SRAT: PXM 0 -> APIC 0x3b -> Node 0
[    0.000000] SRAT: PXM 0 -> APIC 0x3c -> Node 0
[    0.000000] SRAT: PXM 0 -> APIC 0x3d -> Node 0
[    0.000000] SRAT: PXM 0 -> APIC 0x3e -> Node 0
[    0.000000] SRAT: PXM 0 -> APIC 0x3f -> Node 0
[    0.000000] SRAT: Node 0 PXM 0 [mem 0x00000000-0x0009ffff]
[    0.000000] SRAT: Node 0 PXM 0 [mem 0x00100000-0x0fffffff]
[    0.000000] SRAT: Node 0 PXM 0 [mem 0x10000000-0xbfffffff]
[    0.000000] SRAT: Node 0 PXM 0 [mem 0x100000000-0x13fffffff]
[    0.000000] SRAT: Node 0 PXM 0 [mem 0x140000000-0x103fffffff] hotplug
[    0.000000] NUMA: Node 0 [mem 0x00000000-0x0009ffff] + [mem 0x00100000-0x0fffffff] -> [mem 0x00000000-0x0fffffff]
[    0.000000] NUMA: Node 0 [mem 0x00000000-0x0fffffff] + [mem 0x10000000-0xbfffffff] -> [mem 0x00000000-0xbfffffff]
[    0.000000] NUMA: Node 0 [mem 0x00000000-0xbfffffff] + [mem 0x100000000-0x13fffffff] -> [mem 0x00000000-0x13fffffff]
[    0.000000] Initmem setup node 0 [mem 0x00000000-0x13fffffff]
[    0.000000]   NODE_DATA [mem 0x13fff9000-0x13fffdfff]
[    0.000000]  [ffffea0000000000-ffffea0004ffffff] PMD -> [ffff88013b600000-ffff88013f5fffff] on node 0
[    0.000000] Zone ranges:
[    0.000000]   DMA      [mem 0x00001000-0x00ffffff]
[    0.000000]   DMA32    [mem 0x01000000-0xffffffff]
[    0.000000]   Normal   [mem 0x100000000-0x13fffffff]
[    0.000000] Movable zone start for each node
[    0.000000] Early memory node ranges
[    0.000000]   node   0: [mem 0x00001000-0x0009dfff]
[    0.000000]   node   0: [mem 0x00100000-0xbfedffff]
[    0.000000]   node   0: [mem 0xbff00000-0xbfffffff]
[    0.000000]   node   0: [mem 0x100000000-0x13fffffff]
[    0.000000] On node 0 totalpages: 1048445
[    0.000000]   DMA zone: 64 pages used for memmap
[    0.000000]   DMA zone: 21 pages reserved
[    0.000000]   DMA zone: 3997 pages, LIFO batch:0
[    0.000000]   DMA32 zone: 12224 pages used for memmap
[    0.000000]   DMA32 zone: 782304 pages, LIFO batch:31
[    0.000000]   Normal zone: 4096 pages used for memmap
[    0.000000]   Normal zone: 262144 pages, LIFO batch:31
[    0.000000] ACPI: PM-Timer IO Port: 0x1008
[    0.000000] ACPI: Local APIC address 0xfee00000
[    0.000000] system APIC only can use physical flat
[    0.000000] ACPI: LAPIC (acpi_id[0x00] lapic_id[0x00] enabled)
[    0.000000] ACPI: LAPIC (acpi_id[0x01] lapic_id[0x01] enabled)
[    0.000000] ACPI: LAPIC (acpi_id[0x02] lapic_id[0x02] enabled)
[    0.000000] ACPI: LAPIC (acpi_id[0x03] lapic_id[0x03] enabled)
[    0.000000] ACPI: LAPIC (acpi_id[0x04] lapic_id[0x04] enabled)
[    0.000000] ACPI: LAPIC (acpi_id[0x05] lapic_id[0x05] enabled)
[    0.000000] ACPI: LAPIC (acpi_id[0x06] lapic_id[0x06] enabled)
[    0.000000] ACPI: LAPIC (acpi_id[0x07] lapic_id[0x07] enabled)
[    0.000000] ACPI: LAPIC (acpi_id[0x08] lapic_id[0x08] disabled)
[    0.000000] ACPI: LAPIC (acpi_id[0x09] lapic_id[0x09] disabled)
[    0.000000] ACPI: LAPIC (acpi_id[0x0a] lapic_id[0x0a] disabled)
[    0.000000] ACPI: LAPIC (acpi_id[0x0b] lapic_id[0x0b] disabled)
[    0.000000] ACPI: LAPIC (acpi_id[0x0c] lapic_id[0x0c] disabled)
[    0.000000] ACPI: LAPIC (acpi_id[0x0d] lapic_id[0x0d] disabled)
[    0.000000] ACPI: LAPIC (acpi_id[0x0e] lapic_id[0x0e] disabled)
[    0.000000] ACPI: LAPIC (acpi_id[0x0f] lapic_id[0x0f] disabled)
[    0.000000] ACPI: LAPIC (acpi_id[0x10] lapic_id[0x10] disabled)
[    0.000000] ACPI: LAPIC (acpi_id[0x11] lapic_id[0x11] disabled)
[    0.000000] ACPI: LAPIC (acpi_id[0x12] lapic_id[0x12] disabled)
[    0.000000] ACPI: LAPIC (acpi_id[0x13] lapic_id[0x13] disabled)
[    0.000000] ACPI: LAPIC (acpi_id[0x14] lapic_id[0x14] disabled)
[    0.000000] ACPI: LAPIC (acpi_id[0x15] lapic_id[0x15] disabled)
[    0.000000] ACPI: LAPIC (acpi_id[0x16] lapic_id[0x16] disabled)
[    0.000000] ACPI: LAPIC (acpi_id[0x17] lapic_id[0x17] disabled)
[    0.000000] ACPI: LAPIC (acpi_id[0x18] lapic_id[0x18] disabled)
[    0.000000] ACPI: LAPIC (acpi_id[0x19] lapic_id[0x19] disabled)
[    0.000000] ACPI: LAPIC (acpi_id[0x1a] lapic_id[0x1a] disabled)
[    0.000000] ACPI: LAPIC (acpi_id[0x1b] lapic_id[0x1b] disabled)
[    0.000000] ACPI: LAPIC (acpi_id[0x1c] lapic_id[0x1c] disabled)
[    0.000000] ACPI: LAPIC (acpi_id[0x1d] lapic_id[0x1d] disabled)
[    0.000000] ACPI: LAPIC (acpi_id[0x1e] lapic_id[0x1e] disabled)
[    0.000000] ACPI: LAPIC (acpi_id[0x1f] lapic_id[0x1f] disabled)
[    0.000000] ACPI: LAPIC (acpi_id[0x20] lapic_id[0x20] disabled)
[    0.000000] ACPI: LAPIC (acpi_id[0x21] lapic_id[0x21] disabled)
[    0.000000] ACPI: LAPIC (acpi_id[0x22] lapic_id[0x22] disabled)
[    0.000000] ACPI: LAPIC (acpi_id[0x23] lapic_id[0x23] disabled)
[    0.000000] ACPI: LAPIC (acpi_id[0x24] lapic_id[0x24] disabled)
[    0.000000] ACPI: LAPIC (acpi_id[0x25] lapic_id[0x25] disabled)
[    0.000000] ACPI: LAPIC (acpi_id[0x26] lapic_id[0x26] disabled)
[    0.000000] ACPI: LAPIC (acpi_id[0x27] lapic_id[0x27] disabled)
[    0.000000] ACPI: LAPIC (acpi_id[0x28] lapic_id[0x28] disabled)
[    0.000000] ACPI: LAPIC (acpi_id[0x29] lapic_id[0x29] disabled)
[    0.000000] ACPI: LAPIC (acpi_id[0x2a] lapic_id[0x2a] disabled)
[    0.000000] ACPI: LAPIC (acpi_id[0x2b] lapic_id[0x2b] disabled)
[    0.000000] ACPI: LAPIC (acpi_id[0x2c] lapic_id[0x2c] disabled)
[    0.000000] ACPI: LAPIC (acpi_id[0x2d] lapic_id[0x2d] disabled)
[    0.000000] ACPI: LAPIC (acpi_id[0x2e] lapic_id[0x2e] disabled)
[    0.000000] ACPI: LAPIC (acpi_id[0x2f] lapic_id[0x2f] disabled)
[    0.000000] ACPI: LAPIC (acpi_id[0x30] lapic_id[0x30] disabled)
[    0.000000] ACPI: LAPIC (acpi_id[0x31] lapic_id[0x31] disabled)
[    0.000000] ACPI: LAPIC (acpi_id[0x32] lapic_id[0x32] disabled)
[    0.000000] ACPI: LAPIC (acpi_id[0x33] lapic_id[0x33] disabled)
[    0.000000] ACPI: LAPIC (acpi_id[0x34] lapic_id[0x34] disabled)
[    0.000000] ACPI: LAPIC (acpi_id[0x35] lapic_id[0x35] disabled)
[    0.000000] ACPI: LAPIC (acpi_id[0x36] lapic_id[0x36] disabled)
[    0.000000] ACPI: LAPIC (acpi_id[0x37] lapic_id[0x37] disabled)
[    0.000000] ACPI: LAPIC (acpi_id[0x38] lapic_id[0x38] disabled)
[    0.000000] ACPI: LAPIC (acpi_id[0x39] lapic_id[0x39] disabled)
[    0.000000] ACPI: LAPIC (acpi_id[0x3a] lapic_id[0x3a] disabled)
[    0.000000] ACPI: LAPIC (acpi_id[0x3b] lapic_id[0x3b] disabled)
[    0.000000] ACPI: LAPIC (acpi_id[0x3c] lapic_id[0x3c] disabled)
[    0.000000] ACPI: LAPIC (acpi_id[0x3d] lapic_id[0x3d] disabled)
[    0.000000] ACPI: LAPIC (acpi_id[0x3e] lapic_id[0x3e] disabled)
[    0.000000] ACPI: LAPIC (acpi_id[0x3f] lapic_id[0x3f] disabled)
[    0.000000] ACPI: LAPIC_NMI (acpi_id[0x00] high edge lint[0x1])
[    0.000000] ACPI: LAPIC_NMI (acpi_id[0x01] high edge lint[0x1])
[    0.000000] ACPI: LAPIC_NMI (acpi_id[0x02] high edge lint[0x1])
[    0.000000] ACPI: LAPIC_NMI (acpi_id[0x03] high edge lint[0x1])
[    0.000000] ACPI: LAPIC_NMI (acpi_id[0x04] high edge lint[0x1])
[    0.000000] ACPI: LAPIC_NMI (acpi_id[0x05] high edge lint[0x1])
[    0.000000] ACPI: LAPIC_NMI (acpi_id[0x06] high edge lint[0x1])
[    0.000000] ACPI: LAPIC_NMI (acpi_id[0x07] high edge lint[0x1])
[    0.000000] ACPI: LAPIC_NMI (acpi_id[0x08] high edge lint[0x1])
[    0.000000] ACPI: LAPIC_NMI (acpi_id[0x09] high edge lint[0x1])
[    0.000000] ACPI: LAPIC_NMI (acpi_id[0x0a] high edge lint[0x1])
[    0.000000] ACPI: LAPIC_NMI (acpi_id[0x0b] high edge lint[0x1])
[    0.000000] ACPI: LAPIC_NMI (acpi_id[0x0c] high edge lint[0x1])
[    0.000000] ACPI: LAPIC_NMI (acpi_id[0x0d] high edge lint[0x1])
[    0.000000] ACPI: LAPIC_NMI (acpi_id[0x0e] high edge lint[0x1])
[    0.000000] ACPI: LAPIC_NMI (acpi_id[0x0f] high edge lint[0x1])
[    0.000000] ACPI: LAPIC_NMI (acpi_id[0x10] high edge lint[0x1])
[    0.000000] ACPI: LAPIC_NMI (acpi_id[0x11] high edge lint[0x1])
[    0.000000] ACPI: LAPIC_NMI (acpi_id[0x12] high edge lint[0x1])
[    0.000000] ACPI: LAPIC_NMI (acpi_id[0x13] high edge lint[0x1])
[    0.000000] ACPI: LAPIC_NMI (acpi_id[0x14] high edge lint[0x1])
[    0.000000] ACPI: LAPIC_NMI (acpi_id[0x15] high edge lint[0x1])
[    0.000000] ACPI: LAPIC_NMI (acpi_id[0x16] high edge lint[0x1])
[    0.000000] ACPI: LAPIC_NMI (acpi_id[0x17] high edge lint[0x1])
[    0.000000] ACPI: LAPIC_NMI (acpi_id[0x18] high edge lint[0x1])
[    0.000000] ACPI: LAPIC_NMI (acpi_id[0x19] high edge lint[0x1])
[    0.000000] ACPI: LAPIC_NMI (acpi_id[0x1a] high edge lint[0x1])
[    0.000000] ACPI: LAPIC_NMI (acpi_id[0x1b] high edge lint[0x1])
[    0.000000] ACPI: LAPIC_NMI (acpi_id[0x1c] high edge lint[0x1])
[    0.000000] ACPI: LAPIC_NMI (acpi_id[0x1d] high edge lint[0x1])
[    0.000000] ACPI: LAPIC_NMI (acpi_id[0x1e] high edge lint[0x1])
[    0.000000] ACPI: LAPIC_NMI (acpi_id[0x1f] high edge lint[0x1])
[    0.000000] ACPI: LAPIC_NMI (acpi_id[0x20] high edge lint[0x1])
[    0.000000] ACPI: LAPIC_NMI (acpi_id[0x21] high edge lint[0x1])
[    0.000000] ACPI: LAPIC_NMI (acpi_id[0x22] high edge lint[0x1])
[    0.000000] ACPI: LAPIC_NMI (acpi_id[0x23] high edge lint[0x1])
[    0.000000] ACPI: LAPIC_NMI (acpi_id[0x24] high edge lint[0x1])
[    0.000000] ACPI: LAPIC_NMI (acpi_id[0x25] high edge lint[0x1])
[    0.000000] ACPI: LAPIC_NMI (acpi_id[0x26] high edge lint[0x1])
[    0.000000] ACPI: LAPIC_NMI (acpi_id[0x27] high edge lint[0x1])
[    0.000000] ACPI: LAPIC_NMI (acpi_id[0x28] high edge lint[0x1])
[    0.000000] ACPI: LAPIC_NMI (acpi_id[0x29] high edge lint[0x1])
[    0.000000] ACPI: LAPIC_NMI (acpi_id[0x2a] high edge lint[0x1])
[    0.000000] ACPI: LAPIC_NMI (acpi_id[0x2b] high edge lint[0x1])
[    0.000000] ACPI: LAPIC_NMI (acpi_id[0x2c] high edge lint[0x1])
[    0.000000] ACPI: LAPIC_NMI (acpi_id[0x2d] high edge lint[0x1])
[    0.000000] ACPI: LAPIC_NMI (acpi_id[0x2e] high edge lint[0x1])
[    0.000000] ACPI: LAPIC_NMI (acpi_id[0x2f] high edge lint[0x1])
[    0.000000] ACPI: LAPIC_NMI (acpi_id[0x30] high edge lint[0x1])
[    0.000000] ACPI: LAPIC_NMI (acpi_id[0x31] high edge lint[0x1])
[    0.000000] ACPI: LAPIC_NMI (acpi_id[0x32] high edge lint[0x1])
[    0.000000] ACPI: LAPIC_NMI (acpi_id[0x33] high edge lint[0x1])
[    0.000000] ACPI: LAPIC_NMI (acpi_id[0x34] high edge lint[0x1])
[    0.000000] ACPI: LAPIC_NMI (acpi_id[0x35] high edge lint[0x1])
[    0.000000] ACPI: LAPIC_NMI (acpi_id[0x36] high edge lint[0x1])
[    0.000000] ACPI: LAPIC_NMI (acpi_id[0x37] high edge lint[0x1])
[    0.000000] ACPI: LAPIC_NMI (acpi_id[0x38] high edge lint[0x1])
[    0.000000] ACPI: LAPIC_NMI (acpi_id[0x39] high edge lint[0x1])
[    0.000000] ACPI: LAPIC_NMI (acpi_id[0x3a] high edge lint[0x1])
[    0.000000] ACPI: LAPIC_NMI (acpi_id[0x3b] high edge lint[0x1])
[    0.000000] ACPI: LAPIC_NMI (acpi_id[0x3c] high edge lint[0x1])
[    0.000000] ACPI: LAPIC_NMI (acpi_id[0x3d] high edge lint[0x1])
[    0.000000] ACPI: LAPIC_NMI (acpi_id[0x3e] high edge lint[0x1])
[    0.000000] ACPI: LAPIC_NMI (acpi_id[0x3f] high edge lint[0x1])
[    0.000000] ACPI: IOAPIC (id[0x40] address[0xfec00000] gsi_base[0])
[    0.000000] IOAPIC[0]: apic_id 64, version 17, address 0xfec00000, GSI 0-23
[    0.000000] ACPI: INT_SRC_OVR (bus 0 bus_irq 0 global_irq 2 high edge)
[    0.000000] ACPI: IRQ0 used by override.
[    0.000000] ACPI: IRQ2 used by override.
[    0.000000] ACPI: IRQ9 used by override.
[    0.000000] Using ACPI (MADT) for SMP configuration information
[    0.000000] ACPI: HPET id: 0x8086af01 base: 0xfed00000
[    0.000000] smpboot: Allowing 64 CPUs, 56 hotplug CPUs
[    0.000000] nr_irqs_gsi: 40
[    0.000000] PM: Registered nosave memory: [mem 0x0009e000-0x0009efff]
[    0.000000] PM: Registered nosave memory: [mem 0x0009f000-0x0009ffff]
[    0.000000] PM: Registered nosave memory: [mem 0x000a0000-0x000dbfff]
[    0.000000] PM: Registered nosave memory: [mem 0x000dc000-0x000fffff]
[    0.000000] PM: Registered nosave memory: [mem 0xbfee0000-0xbfefefff]
[    0.000000] PM: Registered nosave memory: [mem 0xbfeff000-0xbfefffff]
[    0.000000] PM: Registered nosave memory: [mem 0xc0000000-0xefffffff]
[    0.000000] PM: Registered nosave memory: [mem 0xf0000000-0xf7ffffff]
[    0.000000] PM: Registered nosave memory: [mem 0xf8000000-0xfebfffff]
[    0.000000] PM: Registered nosave memory: [mem 0xfec00000-0xfec0ffff]
[    0.000000] PM: Registered nosave memory: [mem 0xfec10000-0xfedfffff]
[    0.000000] PM: Registered nosave memory: [mem 0xfee00000-0xfee00fff]
[    0.000000] PM: Registered nosave memory: [mem 0xfee01000-0xfffdffff]
[    0.000000] PM: Registered nosave memory: [mem 0xfffe0000-0xffffffff]
[    0.000000] e820: [mem 0xc0000000-0xefffffff] available for PCI devices
[    0.000000] Booting paravirtualized kernel on bare hardware
[    0.000000] setup_percpu: NR_CPUS:256 nr_cpumask_bits:256 nr_cpu_ids:64 nr_node_ids:1
[    0.000000] PERCPU: Embedded 28 pages/cpu @ffff88013ae00000 s82304 r8192 d24192 u131072
[    0.000000] pcpu-alloc: s82304 r8192 d24192 u131072 alloc=1*2097152
[    0.000000] pcpu-alloc: [0] 00 01 02 03 04 05 06 07 08 09 10 11 12 13 14 15 
[    0.000000] pcpu-alloc: [0] 16 17 18 19 20 21 22 23 24 25 26 27 28 29 30 31 
[    0.000000] pcpu-alloc: [0] 32 33 34 35 36 37 38 39 40 41 42 43 44 45 46 47 
[    0.000000] pcpu-alloc: [0] 48 49 50 51 52 53 54 55 56 57 58 59 60 61 62 63 
[    0.000000] Built 1 zonelists in Node order, mobility grouping on.  Total pages: 1032040
[    0.000000] Policy zone: Normal
[    0.000000] Kernel command line: BOOT_IMAGE=/boot/vmlinuz-3.13.0-43-generic root=UUID=a65a4ea8-3505-4f81-9a3a-500c3c8611ba ro find_preseed=/preseed.cfg auto noprompt priority=critical locale=en_US quiet
[    0.000000] PID hash table entries: 4096 (order: 3, 32768 bytes)
[    0.000000] xsave: enabled xstate_bv 0x7, cntxt size 0x340
[    0.000000] Checking aperture...
[    0.000000] No AGP bridge found
[    0.000000] Calgary: detecting Calgary via BIOS EBDA area
[    0.000000] Calgary: Unable to locate Rio Grande table in EBDA - bailing!
[    0.000000] Memory: 4019608K/4193780K available (7383K kernel code, 1144K rwdata, 3408K rodata, 1336K init, 1444K bss, 174172K reserved)
[    0.000000] SLUB: HWalign=64, Order=0-3, MinObjects=0, CPUs=64, Nodes=1
[    0.000000] Hierarchical RCU implementation.
[    0.000000] 	RCU dyntick-idle grace-period acceleration is enabled.
[    0.000000] 	RCU restricting CPUs from NR_CPUS=256 to nr_cpu_ids=64.
[    0.000000] 	Offload RCU callbacks from all CPUs
[    0.000000] 	Offload RCU callbacks from CPUs: 0-63.
[    0.000000] NR_IRQS:16640 nr_irqs:1192 16
[    0.000000] Console: colour VGA+ 80x25
[    0.000000] console [tty0] enabled
[    0.000000] allocated 16777216 bytes of page_cgroup
[    0.000000] please try 'cgroup_disable=memory' option if you don't want memory cgroups
[    0.000000] hpet clockevent registered
[    0.000000] TSC freq read from hypervisor : 4000.002 MHz
[    0.000000] tsc: Detected 4000.002 MHz processor
[    0.000009] Calibrating delay loop (skipped) preset value.. 8000.00 BogoMIPS (lpj=16000008)
[    0.000010] pid_max: default: 65536 minimum: 512
[    0.000082] Security Framework initialized
[    0.001259] AppArmor: AppArmor initialized
[    0.001259] Yama: becoming mindful.
[    0.001475] Dentry cache hash table entries: 524288 (order: 10, 4194304 bytes)
[    0.009612] Inode-cache hash table entries: 262144 (order: 9, 2097152 bytes)
[    0.013488] Mount-cache hash table entries: 8192 (order: 4, 65536 bytes)
[    0.013493] Mountpoint-cache hash table entries: 8192 (order: 4, 65536 bytes)
[    0.014282] Initializing cgroup subsys memory
[    0.014287] Initializing cgroup subsys devices
[    0.014288] Initializing cgroup subsys freezer
[    0.014289] Initializing cgroup subsys blkio
[    0.014290] Initializing cgroup subsys perf_event
[    0.014292] Initializing cgroup subsys hugetlb
[    0.014328] Disabled fast string operations
[    0.014329] CPU: Physical Processor ID: 0
[    0.014330] CPU: Processor Core ID: 0
[    0.015027] mce: CPU supports 0 MCE banks
[    0.015038] Last level iTLB entries: 4KB 0, 2MB 0, 4MB 0
[    0.015038] Last level dTLB entries: 4KB 64, 2MB 0, 4MB 0
[    0.015038] tlb_flushall_shift: 6
[    0.015148] Freeing SMP alternatives memory: 32K (ffffffff81e6e000 - ffffffff81e76000)
[    0.016454] ACPI: Core revision 20131115
[    0.025112] ACPI: All ACPI Tables successfully acquired
[    0.028114] ftrace: allocating 28552 entries in 112 pages
[    0.041944] ..TIMER: vector=0x30 apic1=0 pin1=2 apic2=-1 pin2=-1
[    0.081630] smpboot: CPU0: Intel(R) Core(TM) i7-4790K CPU @ 4.00GHz (fam: 06, model: 3c, stepping: 03)
[    0.188032] Performance Events: 16-deep LBR, Haswell events, full-width counters, Intel PMU driver.
[    0.188044] ... version:                3
[    0.188045] ... bit width:              48
[    0.188045] ... generic registers:      4
[    0.188046] ... value mask:             0000ffffffffffff
[    0.188046] ... max period:             0000ffffffffffff
[    0.188046] ... fixed-purpose events:   3
[    0.188047] ... event mask:             000000070000000f
[    0.197695] NMI watchdog: enabled on all CPUs, permanently consumes one hw-PMU counter.
[    0.198084] x86: Booting SMP configuration:
[    0.209149] Disabled fast string operations
[    0.209864] mce: CPU supports 0 MCE banks
[    0.221495] Disabled fast string operations
[    0.222219] mce: CPU supports 0 MCE banks
[    0.233862] Disabled fast string operations
[    0.234568] mce: CPU supports 0 MCE banks
[    0.246051] Disabled fast string operations
[    0.246755] mce: CPU supports 0 MCE banks
[    0.258231] Disabled fast string operations
[    0.258940] mce: CPU supports 0 MCE banks
[    0.270546] Disabled fast string operations
[    0.271270] mce: CPU supports 0 MCE banks
[    0.282890] Disabled fast string operations
[    0.283595] mce: CPU supports 0 MCE banks
[    0.198085] .... node  #0, CPUs:        #1  #2  #3  #4  #5  #6  #7
[    0.283633] x86: Booted up 1 node, 8 CPUs
[    0.283636] smpboot: Total of 8 processors activated (64000.03 BogoMIPS)
[    0.283807] x86 PAT enabled: cpu 3, old 0x0, new 0x7010600070106
[    0.283829] x86 PAT enabled: cpu 0, old 0x0, new 0x7010600070106
[    0.283853] x86 PAT enabled: cpu 7, old 0x0, new 0x7010600070106
[    0.283884] x86 PAT enabled: cpu 1, old 0x0, new 0x7010600070106
[    0.283914] x86 PAT enabled: cpu 4, old 0x0, new 0x7010600070106
[    0.283942] x86 PAT enabled: cpu 5, old 0x0, new 0x7010600070106
[    0.283976] x86 PAT enabled: cpu 2, old 0x0, new 0x7010600070106
[    0.284005] x86 PAT enabled: cpu 6, old 0x0, new 0x7010600070106
[    0.285414] devtmpfs: initialized
[    0.286833] EVM: security.selinux
[    0.286834] EVM: security.SMACK64
[    0.286834] EVM: security.ima
[    0.286835] EVM: security.capability
[    0.287009] PM: Registering ACPI NVS region [mem 0xbfeff000-0xbfefffff] (4096 bytes)
[    0.287756] pinctrl core: initialized pinctrl subsystem
[    0.287802] regulator-dummy: no parameters
[    0.287875] RTC time: 12:58:01, date: 03/31/15
[    0.287976] NET: Registered protocol family 16
[    0.288115] cpuidle: using governor ladder
[    0.288116] cpuidle: using governor menu
[    0.288140] ACPI: bus type PCI registered
[    0.288141] acpiphp: ACPI Hot Plug PCI Controller Driver version: 0.5
[    0.288276] PCI: MMCONFIG for domain 0000 [bus 00-7f] at [mem 0xf0000000-0xf7ffffff] (base 0xf0000000)
[    0.288278] PCI: MMCONFIG at [mem 0xf0000000-0xf7ffffff] reserved in E820
[    0.293678] PCI: Using configuration type 1 for base access
[    0.294874] bio: create slab <bio-0> at 0
[    0.295732] ACPI: Added _OSI(Module Device)
[    0.295733] ACPI: Added _OSI(Processor Device)
[    0.295734] ACPI: Added _OSI(3.0 _SCP Extensions)
[    0.295734] ACPI: Added _OSI(Processor Aggregator Device)
[    0.303767] [Firmware Bug]: ACPI: BIOS _OSI(Linux) query ignored
[    0.587642] ACPI: Interpreter enabled
[    0.587649] ACPI Exception: AE_NOT_FOUND, While evaluating Sleep State [\_S2_] (20131115/hwxface-580)
[    0.587651] ACPI Exception: AE_NOT_FOUND, While evaluating Sleep State [\_S3_] (20131115/hwxface-580)
[    0.587654] ACPI: (supports S0 S1 S4 S5)
[    0.587655] ACPI: Using IOAPIC for interrupt routing
[    0.587673] PCI: Using host bridge windows from ACPI; if necessary, use "pci=nocrs" and report a bug
[    0.598149] ACPI: No dock devices found.
[    4.982803] ACPI: PCI Root Bridge [PCI0] (domain 0000 [bus 00-7f])
[    4.982809] acpi PNP0A03:00: _OSC: OS supports [ExtendedConfig ASPM ClockPM Segments MSI]
[    4.982916] acpi PNP0A03:00: _OSC: platform does not support [AER]
[    4.983010] acpi PNP0A03:00: _OSC: OS now controls [PCIeHotplug PME PCIeCapability]
[    4.984395] PCI host bridge to bus 0000:00
[    4.984397] pci_bus 0000:00: root bus resource [bus 00-7f]
[    4.984398] pci_bus 0000:00: root bus resource [mem 0x000a0000-0x000bffff]
[    4.984399] pci_bus 0000:00: root bus resource [mem 0x000cc000-0x000cffff]
[    4.984399] pci_bus 0000:00: root bus resource [mem 0x000d0000-0x000d3fff]
[    4.984400] pci_bus 0000:00: root bus resource [mem 0x000d4000-0x000d7fff]
[    4.984401] pci_bus 0000:00: root bus resource [mem 0x000d8000-0x000dbfff]
[    4.984401] pci_bus 0000:00: root bus resource [mem 0xc0000000-0xfebfffff]
[    4.984402] pci_bus 0000:00: root bus resource [io  0x0000-0x0cf7]
[    4.984403] pci_bus 0000:00: root bus resource [io  0x0d00-0xfeff]
[    4.984436] pci 0000:00:00.0: [8086:7190] type 00 class 0x060000
[    4.984753] pci 0000:00:01.0: [8086:7191] type 01 class 0x060400
[    4.985059] pci 0000:00:07.0: [8086:7110] type 00 class 0x060100
[    4.985489] pci 0000:00:07.1: [8086:7111] type 00 class 0x01018a
[    4.986837] pci 0000:00:07.1: reg 0x20: [io  0x1060-0x106f]
[    4.987528] pci 0000:00:07.3: [8086:7113] type 00 class 0x068000
[    4.989079] pci 0000:00:07.3: quirk: [io  0x1000-0x103f] claimed by PIIX4 ACPI
[    4.989086] pci 0000:00:07.3: quirk: [io  0x1040-0x104f] claimed by PIIX4 SMB
[    4.989289] pci 0000:00:07.7: [15ad:0740] type 00 class 0x088000
[    4.989808] pci 0000:00:07.7: reg 0x10: [io  0x1080-0x10bf]
[    4.990276] pci 0000:00:07.7: reg 0x14: [mem 0xfebfe000-0xfebfffff 64bit]
[    4.992506] pci 0000:00:0f.0: [15ad:0405] type 00 class 0x030000
[    4.995344] pci 0000:00:0f.0: reg 0x10: [io  0x1070-0x107f]
[    4.998137] pci 0000:00:0f.0: reg 0x14: [mem 0xe8000000-0xefffffff pref]
[    5.000818] pci 0000:00:0f.0: reg 0x18: [mem 0xfe000000-0xfe7fffff]
[    5.011419] pci 0000:00:0f.0: reg 0x30: [mem 0x00000000-0x00007fff pref]
[    5.011691] pci 0000:00:10.0: [1000:0030] type 00 class 0x010000
[    5.012374] pci 0000:00:10.0: reg 0x10: [io  0x1400-0x14ff]
[    5.013055] pci 0000:00:10.0: reg 0x14: [mem 0xfeba0000-0xfebbffff 64bit]
[    5.013745] pci 0000:00:10.0: reg 0x1c: [mem 0xfebc0000-0xfebdffff 64bit]
[    5.015072] pci 0000:00:10.0: reg 0x30: [mem 0x00000000-0x00003fff pref]
[    5.015232] pci 0000:00:11.0: [15ad:0790] type 01 class 0x060401
[    5.015604] pci 0000:00:11.0: System wakeup disabled by ACPI
[    5.015729] pci 0000:00:15.0: [15ad:07a0] type 01 class 0x060400
[    5.016147] pci 0000:00:15.0: PME# supported from D0 D3hot D3cold
[    5.016284] pci 0000:00:15.0: System wakeup disabled by ACPI
[    5.016387] pci 0000:00:15.1: [15ad:07a0] type 01 class 0x060400
[    5.016791] pci 0000:00:15.1: PME# supported from D0 D3hot D3cold
[    5.016904] pci 0000:00:15.1: System wakeup disabled by ACPI
[    5.016992] pci 0000:00:15.2: [15ad:07a0] type 01 class 0x060400
[    5.017402] pci 0000:00:15.2: PME# supported from D0 D3hot D3cold
[    5.017520] pci 0000:00:15.2: System wakeup disabled by ACPI
[    5.017609] pci 0000:00:15.3: [15ad:07a0] type 01 class 0x060400
[    5.018013] pci 0000:00:15.3: PME# supported from D0 D3hot D3cold
[    5.018125] pci 0000:00:15.3: System wakeup disabled by ACPI
[    5.018222] pci 0000:00:15.4: [15ad:07a0] type 01 class 0x060400
[    5.018631] pci 0000:00:15.4: PME# supported from D0 D3hot D3cold
[    5.018744] pci 0000:00:15.4: System wakeup disabled by ACPI
[    5.018907] pci 0000:00:15.5: [15ad:07a0] type 01 class 0x060400
[    5.019316] pci 0000:00:15.5: PME# supported from D0 D3hot D3cold
[    5.019430] pci 0000:00:15.5: System wakeup disabled by ACPI
[    5.019536] pci 0000:00:15.6: [15ad:07a0] type 01 class 0x060400
[    5.019940] pci 0000:00:15.6: PME# supported from D0 D3hot D3cold
[    5.020054] pci 0000:00:15.6: System wakeup disabled by ACPI
[    5.020143] pci 0000:00:15.7: [15ad:07a0] type 01 class 0x060400
[    5.020547] pci 0000:00:15.7: PME# supported from D0 D3hot D3cold
[    5.020660] pci 0000:00:15.7: System wakeup disabled by ACPI
[    5.020747] pci 0000:00:16.0: [15ad:07a0] type 01 class 0x060400
[    5.021150] pci 0000:00:16.0: PME# supported from D0 D3hot D3cold
[    5.021268] pci 0000:00:16.0: System wakeup disabled by ACPI
[    5.021355] pci 0000:00:16.1: [15ad:07a0] type 01 class 0x060400
[    5.021762] pci 0000:00:16.1: PME# supported from D0 D3hot D3cold
[    5.021875] pci 0000:00:16.1: System wakeup disabled by ACPI
[    5.021972] pci 0000:00:16.2: [15ad:07a0] type 01 class 0x060400
[    5.022407] pci 0000:00:16.2: PME# supported from D0 D3hot D3cold
[    5.022523] pci 0000:00:16.2: System wakeup disabled by ACPI
[    5.022614] pci 0000:00:16.3: [15ad:07a0] type 01 class 0x060400
[    5.023017] pci 0000:00:16.3: PME# supported from D0 D3hot D3cold
[    5.023160] pci 0000:00:16.3: System wakeup disabled by ACPI
[    5.023250] pci 0000:00:16.4: [15ad:07a0] type 01 class 0x060400
[    5.023654] pci 0000:00:16.4: PME# supported from D0 D3hot D3cold
[    5.023767] pci 0000:00:16.4: System wakeup disabled by ACPI
[    5.023933] pci 0000:00:16.5: [15ad:07a0] type 01 class 0x060400
[    5.024338] pci 0000:00:16.5: PME# supported from D0 D3hot D3cold
[    5.024452] pci 0000:00:16.5: System wakeup disabled by ACPI
[    5.024542] pci 0000:00:16.6: [15ad:07a0] type 01 class 0x060400
[    5.024945] pci 0000:00:16.6: PME# supported from D0 D3hot D3cold
[    5.025057] pci 0000:00:16.6: System wakeup disabled by ACPI
[    5.025153] pci 0000:00:16.7: [15ad:07a0] type 01 class 0x060400
[    5.025565] pci 0000:00:16.7: PME# supported from D0 D3hot D3cold
[    5.025678] pci 0000:00:16.7: System wakeup disabled by ACPI
[    5.025766] pci 0000:00:17.0: [15ad:07a0] type 01 class 0x060400
[    5.026169] pci 0000:00:17.0: PME# supported from D0 D3hot D3cold
[    5.026304] pci 0000:00:17.0: System wakeup disabled by ACPI
[    5.026396] pci 0000:00:17.1: [15ad:07a0] type 01 class 0x060400
[    5.026799] pci 0000:00:17.1: PME# supported from D0 D3hot D3cold
[    5.026912] pci 0000:00:17.1: System wakeup disabled by ACPI
[    5.026999] pci 0000:00:17.2: [15ad:07a0] type 01 class 0x060400
[    5.027403] pci 0000:00:17.2: PME# supported from D0 D3hot D3cold
[    5.027515] pci 0000:00:17.2: System wakeup disabled by ACPI
[    5.027611] pci 0000:00:17.3: [15ad:07a0] type 01 class 0x060400
[    5.028013] pci 0000:00:17.3: PME# supported from D0 D3hot D3cold
[    5.028125] pci 0000:00:17.3: System wakeup disabled by ACPI
[    5.028214] pci 0000:00:17.4: [15ad:07a0] type 01 class 0x060400
[    5.028623] pci 0000:00:17.4: PME# supported from D0 D3hot D3cold
[    5.028736] pci 0000:00:17.4: System wakeup disabled by ACPI
[    5.028896] pci 0000:00:17.5: [15ad:07a0] type 01 class 0x060400
[    5.029305] pci 0000:00:17.5: PME# supported from D0 D3hot D3cold
[    5.029419] pci 0000:00:17.5: System wakeup disabled by ACPI
[    5.029511] pci 0000:00:17.6: [15ad:07a0] type 01 class 0x060400
[    5.029914] pci 0000:00:17.6: PME# supported from D0 D3hot D3cold
[    5.030027] pci 0000:00:17.6: System wakeup disabled by ACPI
[    5.030115] pci 0000:00:17.7: [15ad:07a0] type 01 class 0x060400
[    5.030526] pci 0000:00:17.7: PME# supported from D0 D3hot D3cold
[    5.030640] pci 0000:00:17.7: System wakeup disabled by ACPI
[    5.030748] pci 0000:00:18.0: [15ad:07a0] type 01 class 0x060400
[    5.031151] pci 0000:00:18.0: PME# supported from D0 D3hot D3cold
[    5.031270] pci 0000:00:18.0: System wakeup disabled by ACPI
[    5.031360] pci 0000:00:18.1: [15ad:07a0] type 01 class 0x060400
[    5.031763] pci 0000:00:18.1: PME# supported from D0 D3hot D3cold
[    5.031876] pci 0000:00:18.1: System wakeup disabled by ACPI
[    5.031965] pci 0000:00:18.2: [15ad:07a0] type 01 class 0x060400
[    5.032372] pci 0000:00:18.2: PME# supported from D0 D3hot D3cold
[    5.032485] pci 0000:00:18.2: System wakeup disabled by ACPI
[    5.032572] pci 0000:00:18.3: [15ad:07a0] type 01 class 0x060400
[    5.032974] pci 0000:00:18.3: PME# supported from D0 D3hot D3cold
[    5.033087] pci 0000:00:18.3: System wakeup disabled by ACPI
[    5.033182] pci 0000:00:18.4: [15ad:07a0] type 01 class 0x060400
[    5.033605] pci 0000:00:18.4: PME# supported from D0 D3hot D3cold
[    5.033718] pci 0000:00:18.4: System wakeup disabled by ACPI
[    5.033878] pci 0000:00:18.5: [15ad:07a0] type 01 class 0x060400
[    5.034292] pci 0000:00:18.5: PME# supported from D0 D3hot D3cold
[    5.034406] pci 0000:00:18.5: System wakeup disabled by ACPI
[    5.034514] pci 0000:00:18.6: [15ad:07a0] type 01 class 0x060400
[    5.034917] pci 0000:00:18.6: PME# supported from D0 D3hot D3cold
[    5.035031] pci 0000:00:18.6: System wakeup disabled by ACPI
[    5.035120] pci 0000:00:18.7: [15ad:07a0] type 01 class 0x060400
[    5.035528] pci 0000:00:18.7: PME# supported from D0 D3hot D3cold
[    5.035641] pci 0000:00:18.7: System wakeup disabled by ACPI
[    5.035938] pci 0000:00:01.0: PCI bridge to [bus 01]
[    5.036214] acpiphp: Slot [32] registered
[    5.036227] acpiphp: Slot [33] registered
[    5.036239] acpiphp: Slot [34] registered
[    5.036266] acpiphp: Slot [35] registered
[    5.036278] acpiphp: Slot [36] registered
[    5.036289] acpiphp: Slot [37] registered
[    5.036301] acpiphp: Slot [38] registered
[    5.036311] acpiphp: Slot [39] registered
[    5.036322] acpiphp: Slot [40] registered
[    5.036342] acpiphp: Slot [41] registered
[    5.036362] acpiphp: Slot [42] registered
[    5.036373] acpiphp: Slot [43] registered
[    5.036384] acpiphp: Slot [44] registered
[    5.036394] acpiphp: Slot [45] registered
[    5.036405] acpiphp: Slot [46] registered
[    5.036415] acpiphp: Slot [47] registered
[    5.036426] acpiphp: Slot [48] registered
[    5.036446] acpiphp: Slot [49] registered
[    5.036457] acpiphp: Slot [50] registered
[    5.036467] acpiphp: Slot [51] registered
[    5.036478] acpiphp: Slot [52] registered
[    5.036488] acpiphp: Slot [53] registered
[    5.036499] acpiphp: Slot [54] registered
[    5.036509] acpiphp: Slot [55] registered
[    5.036520] acpiphp: Slot [56] registered
[    5.036540] acpiphp: Slot [57] registered
[    5.036551] acpiphp: Slot [58] registered
[    5.036562] acpiphp: Slot [59] registered
[    5.036581] acpiphp: Slot [60] registered
[    5.036592] acpiphp: Slot [61] registered
[    5.036622] acpiphp: Slot [62] registered
[    5.036634] acpiphp: Slot [63] registered
[    5.036665] pci 0000:02:00.0: [15ad:0774] type 00 class 0x0c0300
[    5.037870] pci 0000:02:00.0: reg 0x20: [io  0x2080-0x209f]
[    5.038406] pci 0000:02:00.0: System wakeup disabled by ACPI
[    5.038481] pci 0000:02:01.0: [8086:100f] type 00 class 0x020000
[    5.039223] pci 0000:02:01.0: reg 0x10: [mem 0xfd5c0000-0xfd5dffff 64bit]
[    5.039910] pci 0000:02:01.0: reg 0x18: [mem 0xfdff0000-0xfdffffff 64bit]
[    5.040571] pci 0000:02:01.0: reg 0x20: [io  0x2000-0x203f]
[    5.041877] pci 0000:02:01.0: reg 0x30: [mem 0x00000000-0x0000ffff pref]
[    5.042095] pci 0000:02:01.0: System wakeup disabled by ACPI
[    5.042146] pci 0000:02:02.0: [1274:1371] type 00 class 0x040100
[    5.042418] pci 0000:02:02.0: reg 0x10: [io  0x2040-0x207f]
[    5.043976] pci 0000:02:02.0: System wakeup disabled by ACPI
[    5.044028] pci 0000:02:03.0: [15ad:0770] type 00 class 0x0c0320
[    5.044377] pci 0000:02:03.0: reg 0x10: [mem 0xfd5ef000-0xfd5effff]
[    5.046370] pci 0000:02:03.0: System wakeup disabled by ACPI
[    5.046463] pci 0000:02:05.0: [15ad:07e0] type 00 class 0x010601
[    5.048443] pci 0000:02:05.0: reg 0x24: [mem 0xfd5ee000-0xfd5eefff]
[    5.048764] pci 0000:02:05.0: reg 0x30: [mem 0x00000000-0x0000ffff pref]
[    5.048971] pci 0000:02:05.0: PME# supported from D3hot
[    5.049047] pci 0000:02:05.0: System wakeup disabled by ACPI
[    5.049305] pci 0000:00:11.0: PCI bridge to [bus 02] (subtractive decode)
[    5.049318] pci 0000:00:11.0:   bridge window [io  0x2000-0x3fff]
[    5.049330] pci 0000:00:11.0:   bridge window [mem 0xfd500000-0xfdffffff]
[    5.049353] pci 0000:00:11.0:   bridge window [mem 0xe7b00000-0xe7ffffff 64bit pref]
[    5.049354] pci 0000:00:11.0:   bridge window [mem 0x000a0000-0x000bffff] (subtractive decode)
[    5.049355] pci 0000:00:11.0:   bridge window [mem 0x000cc000-0x000cffff] (subtractive decode)
[    5.049355] pci 0000:00:11.0:   bridge window [mem 0x000d0000-0x000d3fff] (subtractive decode)
[    5.049356] pci 0000:00:11.0:   bridge window [mem 0x000d4000-0x000d7fff] (subtractive decode)
[    5.049357] pci 0000:00:11.0:   bridge window [mem 0x000d8000-0x000dbfff] (subtractive decode)
[    5.049357] pci 0000:00:11.0:   bridge window [mem 0xc0000000-0xfebfffff] (subtractive decode)
[    5.049358] pci 0000:00:11.0:   bridge window [io  0x0000-0x0cf7] (subtractive decode)
[    5.049359] pci 0000:00:11.0:   bridge window [io  0x0d00-0xfeff] (subtractive decode)
[    5.049606] pci 0000:00:15.0: PCI bridge to [bus 03]
[    5.049619] pci 0000:00:15.0:   bridge window [io  0x4000-0x4fff]
[    5.049631] pci 0000:00:15.0:   bridge window [mem 0xfd400000-0xfd4fffff]
[    5.049654] pci 0000:00:15.0:   bridge window [mem 0xe7a00000-0xe7afffff 64bit pref]
[    5.049917] pci 0000:00:15.1: PCI bridge to [bus 04]
[    5.049930] pci 0000:00:15.1:   bridge window [io  0x8000-0x8fff]
[    5.049942] pci 0000:00:15.1:   bridge window [mem 0xfd000000-0xfd0fffff]
[    5.049965] pci 0000:00:15.1:   bridge window [mem 0xe7600000-0xe76fffff 64bit pref]
[    5.050217] pci 0000:00:15.2: PCI bridge to [bus 05]
[    5.050230] pci 0000:00:15.2:   bridge window [io  0xc000-0xcfff]
[    5.050242] pci 0000:00:15.2:   bridge window [mem 0xfcc00000-0xfccfffff]
[    5.050276] pci 0000:00:15.2:   bridge window [mem 0xe7200000-0xe72fffff 64bit pref]
[    5.050528] pci 0000:00:15.3: PCI bridge to [bus 06]
[    5.050551] pci 0000:00:15.3:   bridge window [mem 0xfc800000-0xfc8fffff]
[    5.050574] pci 0000:00:15.3:   bridge window [mem 0xe6e00000-0xe6efffff 64bit pref]
[    5.050824] pci 0000:00:15.4: PCI bridge to [bus 07]
[    5.050847] pci 0000:00:15.4:   bridge window [mem 0xfc400000-0xfc4fffff]
[    5.050870] pci 0000:00:15.4:   bridge window [mem 0xe6a00000-0xe6afffff 64bit pref]
[    5.051107] pci 0000:00:15.5: PCI bridge to [bus 08]
[    5.051130] pci 0000:00:15.5:   bridge window [mem 0xfc000000-0xfc0fffff]
[    5.051154] pci 0000:00:15.5:   bridge window [mem 0xe6600000-0xe66fffff 64bit pref]
[    5.051401] pci 0000:00:15.6: PCI bridge to [bus 09]
[    5.051425] pci 0000:00:15.6:   bridge window [mem 0xfbc00000-0xfbcfffff]
[    5.051448] pci 0000:00:15.6:   bridge window [mem 0xe6200000-0xe62fffff 64bit pref]
[    5.051695] pci 0000:00:15.7: PCI bridge to [bus 0a]
[    5.051718] pci 0000:00:15.7:   bridge window [mem 0xfb800000-0xfb8fffff]
[    5.051741] pci 0000:00:15.7:   bridge window [mem 0xe5e00000-0xe5efffff 64bit pref]
[    5.051977] pci 0000:00:16.0: PCI bridge to [bus 0b]
[    5.051989] pci 0000:00:16.0:   bridge window [io  0x5000-0x5fff]
[    5.052001] pci 0000:00:16.0:   bridge window [mem 0xfd300000-0xfd3fffff]
[    5.052024] pci 0000:00:16.0:   bridge window [mem 0xe7900000-0xe79fffff 64bit pref]
[    5.052276] pci 0000:00:16.1: PCI bridge to [bus 0c]
[    5.052288] pci 0000:00:16.1:   bridge window [io  0x9000-0x9fff]
[    5.052300] pci 0000:00:16.1:   bridge window [mem 0xfcf00000-0xfcffffff]
[    5.052323] pci 0000:00:16.1:   bridge window [mem 0xe7500000-0xe75fffff 64bit pref]
[    5.052591] pci 0000:00:16.2: PCI bridge to [bus 0d]
[    5.052603] pci 0000:00:16.2:   bridge window [io  0xd000-0xdfff]
[    5.052615] pci 0000:00:16.2:   bridge window [mem 0xfcb00000-0xfcbfffff]
[    5.052639] pci 0000:00:16.2:   bridge window [mem 0xe7100000-0xe71fffff 64bit pref]
[    5.052876] pci 0000:00:16.3: PCI bridge to [bus 0e]
[    5.052900] pci 0000:00:16.3:   bridge window [mem 0xfc700000-0xfc7fffff]
[    5.052923] pci 0000:00:16.3:   bridge window [mem 0xe6d00000-0xe6dfffff 64bit pref]
[    5.053172] pci 0000:00:16.4: PCI bridge to [bus 0f]
[    5.053195] pci 0000:00:16.4:   bridge window [mem 0xfc300000-0xfc3fffff]
[    5.053218] pci 0000:00:16.4:   bridge window [mem 0xe6900000-0xe69fffff 64bit pref]
[    5.053475] pci 0000:00:16.5: PCI bridge to [bus 10]
[    5.053499] pci 0000:00:16.5:   bridge window [mem 0xfbf00000-0xfbffffff]
[    5.053522] pci 0000:00:16.5:   bridge window [mem 0xe6500000-0xe65fffff 64bit pref]
[    5.053789] pci 0000:00:16.6: PCI bridge to [bus 11]
[    5.053813] pci 0000:00:16.6:   bridge window [mem 0xfbb00000-0xfbbfffff]
[    5.053836] pci 0000:00:16.6:   bridge window [mem 0xe6100000-0xe61fffff 64bit pref]
[    5.054094] pci 0000:00:16.7: PCI bridge to [bus 12]
[    5.054117] pci 0000:00:16.7:   bridge window [mem 0xfb700000-0xfb7fffff]
[    5.054141] pci 0000:00:16.7:   bridge window [mem 0xe5d00000-0xe5dfffff 64bit pref]
[    5.054409] pci 0000:00:17.0: PCI bridge to [bus 13]
[    5.054423] pci 0000:00:17.0:   bridge window [io  0x6000-0x6fff]
[    5.054435] pci 0000:00:17.0:   bridge window [mem 0xfd200000-0xfd2fffff]
[    5.054458] pci 0000:00:17.0:   bridge window [mem 0xe7800000-0xe78fffff 64bit pref]
[    5.054722] pci 0000:00:17.1: PCI bridge to [bus 14]
[    5.054735] pci 0000:00:17.1:   bridge window [io  0xa000-0xafff]
[    5.054747] pci 0000:00:17.1:   bridge window [mem 0xfce00000-0xfcefffff]
[    5.054770] pci 0000:00:17.1:   bridge window [mem 0xe7400000-0xe74fffff 64bit pref]
[    5.055021] pci 0000:00:17.2: PCI bridge to [bus 15]
[    5.055034] pci 0000:00:17.2:   bridge window [io  0xe000-0xefff]
[    5.055046] pci 0000:00:17.2:   bridge window [mem 0xfca00000-0xfcafffff]
[    5.055069] pci 0000:00:17.2:   bridge window [mem 0xe7000000-0xe70fffff 64bit pref]
[    5.055310] pci 0000:00:17.3: PCI bridge to [bus 16]
[    5.055333] pci 0000:00:17.3:   bridge window [mem 0xfc600000-0xfc6fffff]
[    5.055356] pci 0000:00:17.3:   bridge window [mem 0xe6c00000-0xe6cfffff 64bit pref]
[    5.055604] pci 0000:00:17.4: PCI bridge to [bus 17]
[    5.055627] pci 0000:00:17.4:   bridge window [mem 0xfc200000-0xfc2fffff]
[    5.055650] pci 0000:00:17.4:   bridge window [mem 0xe6800000-0xe68fffff 64bit pref]
[    5.055911] pci 0000:00:17.5: PCI bridge to [bus 18]
[    5.055935] pci 0000:00:17.5:   bridge window [mem 0xfbe00000-0xfbefffff]
[    5.055958] pci 0000:00:17.5:   bridge window [mem 0xe6400000-0xe64fffff 64bit pref]
[    5.056195] pci 0000:00:17.6: PCI bridge to [bus 19]
[    5.056218] pci 0000:00:17.6:   bridge window [mem 0xfba00000-0xfbafffff]
[    5.056242] pci 0000:00:17.6:   bridge window [mem 0xe6000000-0xe60fffff 64bit pref]
[    5.056658] pci 0000:00:17.7: PCI bridge to [bus 1a]
[    5.056683] pci 0000:00:17.7:   bridge window [mem 0xfb600000-0xfb6fffff]
[    5.056706] pci 0000:00:17.7:   bridge window [mem 0xe5c00000-0xe5cfffff 64bit pref]
[    5.057036] pci 0000:00:18.0: PCI bridge to [bus 1b]
[    5.057049] pci 0000:00:18.0:   bridge window [io  0x7000-0x7fff]
[    5.057061] pci 0000:00:18.0:   bridge window [mem 0xfd100000-0xfd1fffff]
[    5.057084] pci 0000:00:18.0:   bridge window [mem 0xe7700000-0xe77fffff 64bit pref]
[    5.057331] pci 0000:00:18.1: PCI bridge to [bus 1c]
[    5.057343] pci 0000:00:18.1:   bridge window [io  0xb000-0xbfff]
[    5.057355] pci 0000:00:18.1:   bridge window [mem 0xfcd00000-0xfcdfffff]
[    5.057378] pci 0000:00:18.1:   bridge window [mem 0xe7300000-0xe73fffff 64bit pref]
[    5.057633] pci 0000:00:18.2: PCI bridge to [bus 1d]
[    5.057656] pci 0000:00:18.2:   bridge window [mem 0xfc900000-0xfc9fffff]
[    5.057680] pci 0000:00:18.2:   bridge window [mem 0xe6f00000-0xe6ffffff 64bit pref]
[    5.057918] pci 0000:00:18.3: PCI bridge to [bus 1e]
[    5.057941] pci 0000:00:18.3:   bridge window [mem 0xfc500000-0xfc5fffff]
[    5.057964] pci 0000:00:18.3:   bridge window [mem 0xe6b00000-0xe6bfffff 64bit pref]
[    5.058211] pci 0000:00:18.4: PCI bridge to [bus 1f]
[    5.058234] pci 0000:00:18.4:   bridge window [mem 0xfc100000-0xfc1fffff]
[    5.058257] pci 0000:00:18.4:   bridge window [mem 0xe6700000-0xe67fffff 64bit pref]
[    5.058526] pci 0000:00:18.5: PCI bridge to [bus 20]
[    5.058549] pci 0000:00:18.5:   bridge window [mem 0xfbd00000-0xfbdfffff]
[    5.058573] pci 0000:00:18.5:   bridge window [mem 0xe6300000-0xe63fffff 64bit pref]
[    5.058810] pci 0000:00:18.6: PCI bridge to [bus 21]
[    5.058833] pci 0000:00:18.6:   bridge window [mem 0xfb900000-0xfb9fffff]
[    5.058856] pci 0000:00:18.6:   bridge window [mem 0xe5f00000-0xe5ffffff 64bit pref]
[    5.059103] pci 0000:00:18.7: PCI bridge to [bus 22]
[    5.059127] pci 0000:00:18.7:   bridge window [mem 0xfb500000-0xfb5fffff]
[    5.059150] pci 0000:00:18.7:   bridge window [mem 0xe5b00000-0xe5bfffff 64bit pref]
[    5.060350] ACPI: PCI Interrupt Link [LNKA] (IRQs 3 4 5 6 7 *9 10 11 14 15)
[    5.060395] ACPI: PCI Interrupt Link [LNKB] (IRQs 3 4 5 6 7 9 10 *11 14 15)
[    5.060438] ACPI: PCI Interrupt Link [LNKC] (IRQs 3 4 5 6 7 9 *10 11 14 15)
[    5.060479] ACPI: PCI Interrupt Link [LNKD] (IRQs 3 4 *5 6 7 9 10 11 14 15)
[    7.265907] ACPI: Enabled 2 GPEs in block 00 to 0F
[    7.265914] ACPI: \_SB_.PCI0: notify handler is installed
[    7.266126] Found 1 acpi root devices
[    7.266508] vgaarb: setting as boot device: PCI:0000:00:0f.0
[    7.266510] vgaarb: device added: PCI:0000:00:0f.0,decodes=io+mem,owns=io+mem,locks=none
[    7.266521] vgaarb: loaded
[    7.266522] vgaarb: bridge control possible 0000:00:0f.0
[    7.266773] SCSI subsystem initialized
[    7.267250] libata version 3.00 loaded.
[    7.267261] ACPI: bus type USB registered
[    7.267286] usbcore: registered new interface driver usbfs
[    7.267290] usbcore: registered new interface driver hub
[    7.267423] usbcore: registered new device driver usb
[    7.268185] PCI: Using ACPI for IRQ routing
[    7.284311] PCI: pci_cache_line_size set to 64 bytes
[    7.284859] e820: reserve RAM buffer [mem 0x0009ec00-0x0009ffff]
[    7.284861] e820: reserve RAM buffer [mem 0xbfee0000-0xbfffffff]
[    7.284980] NetLabel: Initializing
[    7.284981] NetLabel:  domain hash size = 128
[    7.284982] NetLabel:  protocols = UNLABELED CIPSOv4
[    7.285000] NetLabel:  unlabeled traffic allowed by default
[    7.285131] hpet0: at MMIO 0xfed00000, IRQs 2, 8, 0, 0, 0, 0, 0, 0, 0, 0, 0, 0, 0, 0, 0, 0
[    7.285135] hpet0: 16 comparators, 64-bit 14.318180 MHz counter
[    7.288265] Switched to clocksource hpet
[    7.301158] AppArmor: AppArmor Filesystem Enabled
[    7.301173] pnp: PnP ACPI init
[    7.301192] ACPI: bus type PNP registered
[    7.301319] system 00:00: [io  0x1000-0x103f] could not be reserved
[    7.301321] system 00:00: [io  0x1040-0x104f] has been reserved
[    7.301322] system 00:00: [io  0x0cf0-0x0cf1] has been reserved
[    7.301324] system 00:00: Plug and Play ACPI device, IDs PNP0c02 (active)
[    7.301341] pnp 00:01: [dma 4]
[    7.301359] pnp 00:01: Plug and Play ACPI device, IDs PNP0200 (active)
[    7.301368] pnp 00:02: Plug and Play ACPI device, IDs PNP0001 (active)
[    7.301424] pnp 00:03: Plug and Play ACPI device, IDs PNP0b00 (active)
[    7.301434] pnp 00:04: Plug and Play ACPI device, IDs PNP0800 (active)
[    7.301479] pnp 00:05: Plug and Play ACPI device, IDs PNP0303 (active)
[    7.301495] pnp 00:06: Plug and Play ACPI device, IDs PNP0f13 (active)
[    7.301644] system 00:07: [mem 0xfed00000-0xfed003ff] has been reserved
[    7.301645] system 00:07: Plug and Play ACPI device, IDs PNP0103 PNP0c01 (active)
[    7.302493] pnp 00:08: Plug and Play ACPI device, IDs PNP0400 (active)
[    7.302643] pnp 00:09: Plug and Play ACPI device, IDs PNP0501 (active)
[    7.302749] pnp 00:0a: Plug and Play ACPI device, IDs PNP0501 (active)
[    7.302841] pnp 00:0b: [dma 2]
[    7.302867] pnp 00:0b: Plug and Play ACPI device, IDs PNP0700 (active)
[    7.302990] system 00:0c: [io  0xfce0-0xfcff] has been reserved
[    7.302992] system 00:0c: [mem 0xf0000000-0xf7ffffff] has been reserved
[    7.302993] system 00:0c: [mem 0xfe800000-0xfe9fffff] has been reserved
[    7.302994] system 00:0c: Plug and Play ACPI device, IDs PNP0c02 (active)
[    9.380525] pnp: PnP ACPI: found 13 devices
[    9.380527] ACPI: bus type PNP unregistered
[    9.389169] pci 0000:00:15.3: bridge window [io  0x1000-0x0fff] to [bus 06] add_size 1000
[    9.389204] pci 0000:00:15.4: bridge window [io  0x1000-0x0fff] to [bus 07] add_size 1000
[    9.389239] pci 0000:00:15.5: bridge window [io  0x1000-0x0fff] to [bus 08] add_size 1000
[    9.389274] pci 0000:00:15.6: bridge window [io  0x1000-0x0fff] to [bus 09] add_size 1000
[    9.389308] pci 0000:00:15.7: bridge window [io  0x1000-0x0fff] to [bus 0a] add_size 1000
[    9.389443] pci 0000:00:16.3: bridge window [io  0x1000-0x0fff] to [bus 0e] add_size 1000
[    9.389478] pci 0000:00:16.4: bridge window [io  0x1000-0x0fff] to [bus 0f] add_size 1000
[    9.389512] pci 0000:00:16.5: bridge window [io  0x1000-0x0fff] to [bus 10] add_size 1000
[    9.389546] pci 0000:00:16.6: bridge window [io  0x1000-0x0fff] to [bus 11] add_size 1000
[    9.389581] pci 0000:00:16.7: bridge window [io  0x1000-0x0fff] to [bus 12] add_size 1000
[    9.389715] pci 0000:00:17.3: bridge window [io  0x1000-0x0fff] to [bus 16] add_size 1000
[    9.389750] pci 0000:00:17.4: bridge window [io  0x1000-0x0fff] to [bus 17] add_size 1000
[    9.389784] pci 0000:00:17.5: bridge window [io  0x1000-0x0fff] to [bus 18] add_size 1000
[    9.389818] pci 0000:00:17.6: bridge window [io  0x1000-0x0fff] to [bus 19] add_size 1000
[    9.389854] pci 0000:00:17.7: bridge window [io  0x1000-0x0fff] to [bus 1a] add_size 1000
[    9.389955] pci 0000:00:18.2: bridge window [io  0x1000-0x0fff] to [bus 1d] add_size 1000
[    9.389989] pci 0000:00:18.3: bridge window [io  0x1000-0x0fff] to [bus 1e] add_size 1000
[    9.390024] pci 0000:00:18.4: bridge window [io  0x1000-0x0fff] to [bus 1f] add_size 1000
[    9.390058] pci 0000:00:18.5: bridge window [io  0x1000-0x0fff] to [bus 20] add_size 1000
[    9.390093] pci 0000:00:18.6: bridge window [io  0x1000-0x0fff] to [bus 21] add_size 1000
[    9.390127] pci 0000:00:18.7: bridge window [io  0x1000-0x0fff] to [bus 22] add_size 1000
[    9.390148] pci 0000:00:15.3: res[13]=[io  0x1000-0x0fff] get_res_add_size add_size 1000
[    9.390149] pci 0000:00:15.4: res[13]=[io  0x1000-0x0fff] get_res_add_size add_size 1000
[    9.390150] pci 0000:00:15.5: res[13]=[io  0x1000-0x0fff] get_res_add_size add_size 1000
[    9.390151] pci 0000:00:15.6: res[13]=[io  0x1000-0x0fff] get_res_add_size add_size 1000
[    9.390151] pci 0000:00:15.7: res[13]=[io  0x1000-0x0fff] get_res_add_size add_size 1000
[    9.390152] pci 0000:00:16.3: res[13]=[io  0x1000-0x0fff] get_res_add_size add_size 1000
[    9.390153] pci 0000:00:16.4: res[13]=[io  0x1000-0x0fff] get_res_add_size add_size 1000
[    9.390153] pci 0000:00:16.5: res[13]=[io  0x1000-0x0fff] get_res_add_size add_size 1000
[    9.390154] pci 0000:00:16.6: res[13]=[io  0x1000-0x0fff] get_res_add_size add_size 1000
[    9.390154] pci 0000:00:16.7: res[13]=[io  0x1000-0x0fff] get_res_add_size add_size 1000
[    9.390155] pci 0000:00:17.3: res[13]=[io  0x1000-0x0fff] get_res_add_size add_size 1000
[    9.390156] pci 0000:00:17.4: res[13]=[io  0x1000-0x0fff] get_res_add_size add_size 1000
[    9.390156] pci 0000:00:17.5: res[13]=[io  0x1000-0x0fff] get_res_add_size add_size 1000
[    9.390157] pci 0000:00:17.6: res[13]=[io  0x1000-0x0fff] get_res_add_size add_size 1000
[    9.390158] pci 0000:00:17.7: res[13]=[io  0x1000-0x0fff] get_res_add_size add_size 1000
[    9.390158] pci 0000:00:18.2: res[13]=[io  0x1000-0x0fff] get_res_add_size add_size 1000
[    9.390159] pci 0000:00:18.3: res[13]=[io  0x1000-0x0fff] get_res_add_size add_size 1000
[    9.390160] pci 0000:00:18.4: res[13]=[io  0x1000-0x0fff] get_res_add_size add_size 1000
[    9.390160] pci 0000:00:18.5: res[13]=[io  0x1000-0x0fff] get_res_add_size add_size 1000
[    9.390161] pci 0000:00:18.6: res[13]=[io  0x1000-0x0fff] get_res_add_size add_size 1000
[    9.390162] pci 0000:00:18.7: res[13]=[io  0x1000-0x0fff] get_res_add_size add_size 1000
[    9.390164] pci 0000:00:0f.0: BAR 6: assigned [mem 0xc0000000-0xc0007fff pref]
[    9.390166] pci 0000:00:10.0: BAR 6: assigned [mem 0xc0008000-0xc000bfff pref]
[    9.390168] pci 0000:00:15.3: BAR 13: can't assign io (size 0x1000)
[    9.390169] pci 0000:00:15.4: BAR 13: can't assign io (size 0x1000)
[    9.390170] pci 0000:00:15.5: BAR 13: can't assign io (size 0x1000)
[    9.390171] pci 0000:00:15.6: BAR 13: can't assign io (size 0x1000)
[    9.390172] pci 0000:00:15.7: BAR 13: can't assign io (size 0x1000)
[    9.390173] pci 0000:00:16.3: BAR 13: can't assign io (size 0x1000)
[    9.390174] pci 0000:00:16.4: BAR 13: can't assign io (size 0x1000)
[    9.390175] pci 0000:00:16.5: BAR 13: can't assign io (size 0x1000)
[    9.390175] pci 0000:00:16.6: BAR 13: can't assign io (size 0x1000)
[    9.390176] pci 0000:00:16.7: BAR 13: can't assign io (size 0x1000)
[    9.390177] pci 0000:00:17.3: BAR 13: can't assign io (size 0x1000)
[    9.390178] pci 0000:00:17.4: BAR 13: can't assign io (size 0x1000)
[    9.390179] pci 0000:00:17.5: BAR 13: can't assign io (size 0x1000)
[    9.390180] pci 0000:00:17.6: BAR 13: can't assign io (size 0x1000)
[    9.390190] pci 0000:00:17.7: BAR 13: can't assign io (size 0x1000)
[    9.390191] pci 0000:00:18.2: BAR 13: can't assign io (size 0x1000)
[    9.390192] pci 0000:00:18.3: BAR 13: can't assign io (size 0x1000)
[    9.390193] pci 0000:00:18.4: BAR 13: can't assign io (size 0x1000)
[    9.390194] pci 0000:00:18.5: BAR 13: can't assign io (size 0x1000)
[    9.390195] pci 0000:00:18.6: BAR 13: can't assign io (size 0x1000)
[    9.390196] pci 0000:00:18.7: BAR 13: can't assign io (size 0x1000)
[    9.390198] pci 0000:00:18.7: BAR 13: can't assign io (size 0x1000)
[    9.390199] pci 0000:00:18.6: BAR 13: can't assign io (size 0x1000)
[    9.390200] pci 0000:00:18.5: BAR 13: can't assign io (size 0x1000)
[    9.390201] pci 0000:00:18.4: BAR 13: can't assign io (size 0x1000)
[    9.390202] pci 0000:00:18.3: BAR 13: can't assign io (size 0x1000)
[    9.390203] pci 0000:00:18.2: BAR 13: can't assign io (size 0x1000)
[    9.390204] pci 0000:00:17.7: BAR 13: can't assign io (size 0x1000)
[    9.390204] pci 0000:00:17.6: BAR 13: can't assign io (size 0x1000)
[    9.390205] pci 0000:00:17.5: BAR 13: can't assign io (size 0x1000)
[    9.390206] pci 0000:00:17.4: BAR 13: can't assign io (size 0x1000)
[    9.390207] pci 0000:00:17.3: BAR 13: can't assign io (size 0x1000)
[    9.390208] pci 0000:00:16.7: BAR 13: can't assign io (size 0x1000)
[    9.390209] pci 0000:00:16.6: BAR 13: can't assign io (size 0x1000)
[    9.390210] pci 0000:00:16.5: BAR 13: can't assign io (size 0x1000)
[    9.390210] pci 0000:00:16.4: BAR 13: can't assign io (size 0x1000)
[    9.390211] pci 0000:00:16.3: BAR 13: can't assign io (size 0x1000)
[    9.390212] pci 0000:00:15.7: BAR 13: can't assign io (size 0x1000)
[    9.390213] pci 0000:00:15.6: BAR 13: can't assign io (size 0x1000)
[    9.390214] pci 0000:00:15.5: BAR 13: can't assign io (size 0x1000)
[    9.390215] pci 0000:00:15.4: BAR 13: can't assign io (size 0x1000)
[    9.390216] pci 0000:00:15.3: BAR 13: can't assign io (size 0x1000)
[    9.390217] pci 0000:00:01.0: PCI bridge to [bus 01]
[    9.390275] pci 0000:02:01.0: BAR 6: assigned [mem 0xe7b00000-0xe7b0ffff pref]
[    9.390277] pci 0000:02:05.0: BAR 6: assigned [mem 0xe7b10000-0xe7b1ffff pref]
[    9.390277] pci 0000:00:11.0: PCI bridge to [bus 02]
[    9.390285] pci 0000:00:11.0:   bridge window [io  0x2000-0x3fff]
[    9.390302] pci 0000:00:11.0:   bridge window [mem 0xfd500000-0xfdffffff]
[    9.390319] pci 0000:00:11.0:   bridge window [mem 0xe7b00000-0xe7ffffff 64bit pref]
[    9.390345] pci 0000:00:15.0: PCI bridge to [bus 03]
[    9.390352] pci 0000:00:15.0:   bridge window [io  0x4000-0x4fff]
[    9.390369] pci 0000:00:15.0:   bridge window [mem 0xfd400000-0xfd4fffff]
[    9.390381] pci 0000:00:15.0:   bridge window [mem 0xe7a00000-0xe7afffff 64bit pref]
[    9.390444] pci 0000:00:15.1: PCI bridge to [bus 04]
[    9.390452] pci 0000:00:15.1:   bridge window [io  0x8000-0x8fff]
[    9.390469] pci 0000:00:15.1:   bridge window [mem 0xfd000000-0xfd0fffff]
[    9.390481] pci 0000:00:15.1:   bridge window [mem 0xe7600000-0xe76fffff 64bit pref]
[    9.390513] pci 0000:00:15.2: PCI bridge to [bus 05]
[    9.390520] pci 0000:00:15.2:   bridge window [io  0xc000-0xcfff]
[    9.390537] pci 0000:00:15.2:   bridge window [mem 0xfcc00000-0xfccfffff]
[    9.390549] pci 0000:00:15.2:   bridge window [mem 0xe7200000-0xe72fffff 64bit pref]
[    9.390579] pci 0000:00:15.3: PCI bridge to [bus 06]
[    9.390597] pci 0000:00:15.3:   bridge window [mem 0xfc800000-0xfc8fffff]
[    9.390609] pci 0000:00:15.3:   bridge window [mem 0xe6e00000-0xe6efffff 64bit pref]
[    9.390638] pci 0000:00:15.4: PCI bridge to [bus 07]
[    9.390656] pci 0000:00:15.4:   bridge window [mem 0xfc400000-0xfc4fffff]
[    9.390668] pci 0000:00:15.4:   bridge window [mem 0xe6a00000-0xe6afffff 64bit pref]
[    9.390697] pci 0000:00:15.5: PCI bridge to [bus 08]
[    9.390715] pci 0000:00:15.5:   bridge window [mem 0xfc000000-0xfc0fffff]
[    9.390727] pci 0000:00:15.5:   bridge window [mem 0xe6600000-0xe66fffff 64bit pref]
[    9.390756] pci 0000:00:15.6: PCI bridge to [bus 09]
[    9.390773] pci 0000:00:15.6:   bridge window [mem 0xfbc00000-0xfbcfffff]
[    9.390785] pci 0000:00:15.6:   bridge window [mem 0xe6200000-0xe62fffff 64bit pref]
[    9.390814] pci 0000:00:15.7: PCI bridge to [bus 0a]
[    9.390832] pci 0000:00:15.7:   bridge window [mem 0xfb800000-0xfb8fffff]
[    9.390844] pci 0000:00:15.7:   bridge window [mem 0xe5e00000-0xe5efffff 64bit pref]
[    9.390873] pci 0000:00:16.0: PCI bridge to [bus 0b]
[    9.390880] pci 0000:00:16.0:   bridge window [io  0x5000-0x5fff]
[    9.390897] pci 0000:00:16.0:   bridge window [mem 0xfd300000-0xfd3fffff]
[    9.390909] pci 0000:00:16.0:   bridge window [mem 0xe7900000-0xe79fffff 64bit pref]
[    9.390938] pci 0000:00:16.1: PCI bridge to [bus 0c]
[    9.390945] pci 0000:00:16.1:   bridge window [io  0x9000-0x9fff]
[    9.390963] pci 0000:00:16.1:   bridge window [mem 0xfcf00000-0xfcffffff]
[    9.390975] pci 0000:00:16.1:   bridge window [mem 0xe7500000-0xe75fffff 64bit pref]
[    9.391004] pci 0000:00:16.2: PCI bridge to [bus 0d]
[    9.391011] pci 0000:00:16.2:   bridge window [io  0xd000-0xdfff]
[    9.391028] pci 0000:00:16.2:   bridge window [mem 0xfcb00000-0xfcbfffff]
[    9.391040] pci 0000:00:16.2:   bridge window [mem 0xe7100000-0xe71fffff 64bit pref]
[    9.391069] pci 0000:00:16.3: PCI bridge to [bus 0e]
[    9.391087] pci 0000:00:16.3:   bridge window [mem 0xfc700000-0xfc7fffff]
[    9.391099] pci 0000:00:16.3:   bridge window [mem 0xe6d00000-0xe6dfffff 64bit pref]
[    9.391127] pci 0000:00:16.4: PCI bridge to [bus 0f]
[    9.391145] pci 0000:00:16.4:   bridge window [mem 0xfc300000-0xfc3fffff]
[    9.391157] pci 0000:00:16.4:   bridge window [mem 0xe6900000-0xe69fffff 64bit pref]
[    9.391186] pci 0000:00:16.5: PCI bridge to [bus 10]
[    9.391204] pci 0000:00:16.5:   bridge window [mem 0xfbf00000-0xfbffffff]
[    9.391216] pci 0000:00:16.5:   bridge window [mem 0xe6500000-0xe65fffff 64bit pref]
[    9.391244] pci 0000:00:16.6: PCI bridge to [bus 11]
[    9.391262] pci 0000:00:16.6:   bridge window [mem 0xfbb00000-0xfbbfffff]
[    9.391274] pci 0000:00:16.6:   bridge window [mem 0xe6100000-0xe61fffff 64bit pref]
[    9.391303] pci 0000:00:16.7: PCI bridge to [bus 12]
[    9.391321] pci 0000:00:16.7:   bridge window [mem 0xfb700000-0xfb7fffff]
[    9.391333] pci 0000:00:16.7:   bridge window [mem 0xe5d00000-0xe5dfffff 64bit pref]
[    9.391362] pci 0000:00:17.0: PCI bridge to [bus 13]
[    9.391369] pci 0000:00:17.0:   bridge window [io  0x6000-0x6fff]
[    9.391386] pci 0000:00:17.0:   bridge window [mem 0xfd200000-0xfd2fffff]
[    9.391398] pci 0000:00:17.0:   bridge window [mem 0xe7800000-0xe78fffff 64bit pref]
[    9.391427] pci 0000:00:17.1: PCI bridge to [bus 14]
[    9.391434] pci 0000:00:17.1:   bridge window [io  0xa000-0xafff]
[    9.391452] pci 0000:00:17.1:   bridge window [mem 0xfce00000-0xfcefffff]
[    9.391464] pci 0000:00:17.1:   bridge window [mem 0xe7400000-0xe74fffff 64bit pref]
[    9.391492] pci 0000:00:17.2: PCI bridge to [bus 15]
[    9.391500] pci 0000:00:17.2:   bridge window [io  0xe000-0xefff]
[    9.391517] pci 0000:00:17.2:   bridge window [mem 0xfca00000-0xfcafffff]
[    9.391529] pci 0000:00:17.2:   bridge window [mem 0xe7000000-0xe70fffff 64bit pref]
[    9.391558] pci 0000:00:17.3: PCI bridge to [bus 16]
[    9.391576] pci 0000:00:17.3:   bridge window [mem 0xfc600000-0xfc6fffff]
[    9.391588] pci 0000:00:17.3:   bridge window [mem 0xe6c00000-0xe6cfffff 64bit pref]
[    9.391616] pci 0000:00:17.4: PCI bridge to [bus 17]
[    9.391634] pci 0000:00:17.4:   bridge window [mem 0xfc200000-0xfc2fffff]
[    9.391646] pci 0000:00:17.4:   bridge window [mem 0xe6800000-0xe68fffff 64bit pref]
[    9.391675] pci 0000:00:17.5: PCI bridge to [bus 18]
[    9.391692] pci 0000:00:17.5:   bridge window [mem 0xfbe00000-0xfbefffff]
[    9.391704] pci 0000:00:17.5:   bridge window [mem 0xe6400000-0xe64fffff 64bit pref]
[    9.391733] pci 0000:00:17.6: PCI bridge to [bus 19]
[    9.391751] pci 0000:00:17.6:   bridge window [mem 0xfba00000-0xfbafffff]
[    9.391763] pci 0000:00:17.6:   bridge window [mem 0xe6000000-0xe60fffff 64bit pref]
[    9.391792] pci 0000:00:17.7: PCI bridge to [bus 1a]
[    9.391809] pci 0000:00:17.7:   bridge window [mem 0xfb600000-0xfb6fffff]
[    9.391821] pci 0000:00:17.7:   bridge window [mem 0xe5c00000-0xe5cfffff 64bit pref]
[    9.391850] pci 0000:00:18.0: PCI bridge to [bus 1b]
[    9.391857] pci 0000:00:18.0:   bridge window [io  0x7000-0x7fff]
[    9.391875] pci 0000:00:18.0:   bridge window [mem 0xfd100000-0xfd1fffff]
[    9.391887] pci 0000:00:18.0:   bridge window [mem 0xe7700000-0xe77fffff 64bit pref]
[    9.391915] pci 0000:00:18.1: PCI bridge to [bus 1c]
[    9.391922] pci 0000:00:18.1:   bridge window [io  0xb000-0xbfff]
[    9.391940] pci 0000:00:18.1:   bridge window [mem 0xfcd00000-0xfcdfffff]
[    9.391952] pci 0000:00:18.1:   bridge window [mem 0xe7300000-0xe73fffff 64bit pref]
[    9.391981] pci 0000:00:18.2: PCI bridge to [bus 1d]
[    9.391998] pci 0000:00:18.2:   bridge window [mem 0xfc900000-0xfc9fffff]
[    9.392010] pci 0000:00:18.2:   bridge window [mem 0xe6f00000-0xe6ffffff 64bit pref]
[    9.392039] pci 0000:00:18.3: PCI bridge to [bus 1e]
[    9.392057] pci 0000:00:18.3:   bridge window [mem 0xfc500000-0xfc5fffff]
[    9.392069] pci 0000:00:18.3:   bridge window [mem 0xe6b00000-0xe6bfffff 64bit pref]
[    9.392097] pci 0000:00:18.4: PCI bridge to [bus 1f]
[    9.392115] pci 0000:00:18.4:   bridge window [mem 0xfc100000-0xfc1fffff]
[    9.392127] pci 0000:00:18.4:   bridge window [mem 0xe6700000-0xe67fffff 64bit pref]
[    9.392156] pci 0000:00:18.5: PCI bridge to [bus 20]
[    9.392173] pci 0000:00:18.5:   bridge window [mem 0xfbd00000-0xfbdfffff]
[    9.392185] pci 0000:00:18.5:   bridge window [mem 0xe6300000-0xe63fffff 64bit pref]
[    9.392214] pci 0000:00:18.6: PCI bridge to [bus 21]
[    9.392232] pci 0000:00:18.6:   bridge window [mem 0xfb900000-0xfb9fffff]
[    9.392244] pci 0000:00:18.6:   bridge window [mem 0xe5f00000-0xe5ffffff 64bit pref]
[    9.392281] pci 0000:00:18.7: PCI bridge to [bus 22]
[    9.392299] pci 0000:00:18.7:   bridge window [mem 0xfb500000-0xfb5fffff]
[    9.392311] pci 0000:00:18.7:   bridge window [mem 0xe5b00000-0xe5bfffff 64bit pref]
[    9.392343] pci_bus 0000:00: resource 4 [mem 0x000a0000-0x000bffff]
[    9.392343] pci_bus 0000:00: resource 5 [mem 0x000cc000-0x000cffff]
[    9.392344] pci_bus 0000:00: resource 6 [mem 0x000d0000-0x000d3fff]
[    9.392345] pci_bus 0000:00: resource 7 [mem 0x000d4000-0x000d7fff]
[    9.392345] pci_bus 0000:00: resource 8 [mem 0x000d8000-0x000dbfff]
[    9.392346] pci_bus 0000:00: resource 9 [mem 0xc0000000-0xfebfffff]
[    9.392347] pci_bus 0000:00: resource 10 [io  0x0000-0x0cf7]
[    9.392347] pci_bus 0000:00: resource 11 [io  0x0d00-0xfeff]
[    9.392348] pci_bus 0000:02: resource 0 [io  0x2000-0x3fff]
[    9.392349] pci_bus 0000:02: resource 1 [mem 0xfd500000-0xfdffffff]
[    9.392349] pci_bus 0000:02: resource 2 [mem 0xe7b00000-0xe7ffffff 64bit pref]
[    9.392350] pci_bus 0000:02: resource 4 [mem 0x000a0000-0x000bffff]
[    9.392351] pci_bus 0000:02: resource 5 [mem 0x000cc000-0x000cffff]
[    9.392351] pci_bus 0000:02: resource 6 [mem 0x000d0000-0x000d3fff]
[    9.392352] pci_bus 0000:02: resource 7 [mem 0x000d4000-0x000d7fff]
[    9.392352] pci_bus 0000:02: resource 8 [mem 0x000d8000-0x000dbfff]
[    9.392353] pci_bus 0000:02: resource 9 [mem 0xc0000000-0xfebfffff]
[    9.392354] pci_bus 0000:02: resource 10 [io  0x0000-0x0cf7]
[    9.392354] pci_bus 0000:02: resource 11 [io  0x0d00-0xfeff]
[    9.392355] pci_bus 0000:03: resource 0 [io  0x4000-0x4fff]
[    9.392356] pci_bus 0000:03: resource 1 [mem 0xfd400000-0xfd4fffff]
[    9.392356] pci_bus 0000:03: resource 2 [mem 0xe7a00000-0xe7afffff 64bit pref]
[    9.392357] pci_bus 0000:04: resource 0 [io  0x8000-0x8fff]
[    9.392358] pci_bus 0000:04: resource 1 [mem 0xfd000000-0xfd0fffff]
[    9.392358] pci_bus 0000:04: resource 2 [mem 0xe7600000-0xe76fffff 64bit pref]
[    9.392359] pci_bus 0000:05: resource 0 [io  0xc000-0xcfff]
[    9.392360] pci_bus 0000:05: resource 1 [mem 0xfcc00000-0xfccfffff]
[    9.392360] pci_bus 0000:05: resource 2 [mem 0xe7200000-0xe72fffff 64bit pref]
[    9.392361] pci_bus 0000:06: resource 1 [mem 0xfc800000-0xfc8fffff]
[    9.392362] pci_bus 0000:06: resource 2 [mem 0xe6e00000-0xe6efffff 64bit pref]
[    9.392363] pci_bus 0000:07: resource 1 [mem 0xfc400000-0xfc4fffff]
[    9.392363] pci_bus 0000:07: resource 2 [mem 0xe6a00000-0xe6afffff 64bit pref]
[    9.392364] pci_bus 0000:08: resource 1 [mem 0xfc000000-0xfc0fffff]
[    9.392365] pci_bus 0000:08: resource 2 [mem 0xe6600000-0xe66fffff 64bit pref]
[    9.392365] pci_bus 0000:09: resource 1 [mem 0xfbc00000-0xfbcfffff]
[    9.392366] pci_bus 0000:09: resource 2 [mem 0xe6200000-0xe62fffff 64bit pref]
[    9.392367] pci_bus 0000:0a: resource 1 [mem 0xfb800000-0xfb8fffff]
[    9.392367] pci_bus 0000:0a: resource 2 [mem 0xe5e00000-0xe5efffff 64bit pref]
[    9.392368] pci_bus 0000:0b: resource 0 [io  0x5000-0x5fff]
[    9.392369] pci_bus 0000:0b: resource 1 [mem 0xfd300000-0xfd3fffff]
[    9.392369] pci_bus 0000:0b: resource 2 [mem 0xe7900000-0xe79fffff 64bit pref]
[    9.392370] pci_bus 0000:0c: resource 0 [io  0x9000-0x9fff]
[    9.392371] pci_bus 0000:0c: resource 1 [mem 0xfcf00000-0xfcffffff]
[    9.392371] pci_bus 0000:0c: resource 2 [mem 0xe7500000-0xe75fffff 64bit pref]
[    9.392372] pci_bus 0000:0d: resource 0 [io  0xd000-0xdfff]
[    9.392373] pci_bus 0000:0d: resource 1 [mem 0xfcb00000-0xfcbfffff]
[    9.392373] pci_bus 0000:0d: resource 2 [mem 0xe7100000-0xe71fffff 64bit pref]
[    9.392374] pci_bus 0000:0e: resource 1 [mem 0xfc700000-0xfc7fffff]
[    9.392375] pci_bus 0000:0e: resource 2 [mem 0xe6d00000-0xe6dfffff 64bit pref]
[    9.392375] pci_bus 0000:0f: resource 1 [mem 0xfc300000-0xfc3fffff]
[    9.392376] pci_bus 0000:0f: resource 2 [mem 0xe6900000-0xe69fffff 64bit pref]
[    9.392377] pci_bus 0000:10: resource 1 [mem 0xfbf00000-0xfbffffff]
[    9.392377] pci_bus 0000:10: resource 2 [mem 0xe6500000-0xe65fffff 64bit pref]
[    9.392378] pci_bus 0000:11: resource 1 [mem 0xfbb00000-0xfbbfffff]
[    9.392379] pci_bus 0000:11: resource 2 [mem 0xe6100000-0xe61fffff 64bit pref]
[    9.392379] pci_bus 0000:12: resource 1 [mem 0xfb700000-0xfb7fffff]
[    9.392380] pci_bus 0000:12: resource 2 [mem 0xe5d00000-0xe5dfffff 64bit pref]
[    9.392381] pci_bus 0000:13: resource 0 [io  0x6000-0x6fff]
[    9.392381] pci_bus 0000:13: resource 1 [mem 0xfd200000-0xfd2fffff]
[    9.392382] pci_bus 0000:13: resource 2 [mem 0xe7800000-0xe78fffff 64bit pref]
[    9.392383] pci_bus 0000:14: resource 0 [io  0xa000-0xafff]
[    9.392383] pci_bus 0000:14: resource 1 [mem 0xfce00000-0xfcefffff]
[    9.392384] pci_bus 0000:14: resource 2 [mem 0xe7400000-0xe74fffff 64bit pref]
[    9.392385] pci_bus 0000:15: resource 0 [io  0xe000-0xefff]
[    9.392385] pci_bus 0000:15: resource 1 [mem 0xfca00000-0xfcafffff]
[    9.392386] pci_bus 0000:15: resource 2 [mem 0xe7000000-0xe70fffff 64bit pref]
[    9.392387] pci_bus 0000:16: resource 1 [mem 0xfc600000-0xfc6fffff]
[    9.392387] pci_bus 0000:16: resource 2 [mem 0xe6c00000-0xe6cfffff 64bit pref]
[    9.392388] pci_bus 0000:17: resource 1 [mem 0xfc200000-0xfc2fffff]
[    9.392388] pci_bus 0000:17: resource 2 [mem 0xe6800000-0xe68fffff 64bit pref]
[    9.392389] pci_bus 0000:18: resource 1 [mem 0xfbe00000-0xfbefffff]
[    9.392390] pci_bus 0000:18: resource 2 [mem 0xe6400000-0xe64fffff 64bit pref]
[    9.392391] pci_bus 0000:19: resource 1 [mem 0xfba00000-0xfbafffff]
[    9.392391] pci_bus 0000:19: resource 2 [mem 0xe6000000-0xe60fffff 64bit pref]
[    9.392392] pci_bus 0000:1a: resource 1 [mem 0xfb600000-0xfb6fffff]
[    9.392393] pci_bus 0000:1a: resource 2 [mem 0xe5c00000-0xe5cfffff 64bit pref]
[    9.392393] pci_bus 0000:1b: resource 0 [io  0x7000-0x7fff]
[    9.392394] pci_bus 0000:1b: resource 1 [mem 0xfd100000-0xfd1fffff]
[    9.392394] pci_bus 0000:1b: resource 2 [mem 0xe7700000-0xe77fffff 64bit pref]
[    9.392395] pci_bus 0000:1c: resource 0 [io  0xb000-0xbfff]
[    9.392396] pci_bus 0000:1c: resource 1 [mem 0xfcd00000-0xfcdfffff]
[    9.392396] pci_bus 0000:1c: resource 2 [mem 0xe7300000-0xe73fffff 64bit pref]
[    9.392397] pci_bus 0000:1d: resource 1 [mem 0xfc900000-0xfc9fffff]
[    9.392398] pci_bus 0000:1d: resource 2 [mem 0xe6f00000-0xe6ffffff 64bit pref]
[    9.392398] pci_bus 0000:1e: resource 1 [mem 0xfc500000-0xfc5fffff]
[    9.392399] pci_bus 0000:1e: resource 2 [mem 0xe6b00000-0xe6bfffff 64bit pref]
[    9.392400] pci_bus 0000:1f: resource 1 [mem 0xfc100000-0xfc1fffff]
[    9.392400] pci_bus 0000:1f: resource 2 [mem 0xe6700000-0xe67fffff 64bit pref]
[    9.392401] pci_bus 0000:20: resource 1 [mem 0xfbd00000-0xfbdfffff]
[    9.392401] pci_bus 0000:20: resource 2 [mem 0xe6300000-0xe63fffff 64bit pref]
[    9.392402] pci_bus 0000:21: resource 1 [mem 0xfb900000-0xfb9fffff]
[    9.392403] pci_bus 0000:21: resource 2 [mem 0xe5f00000-0xe5ffffff 64bit pref]
[    9.392404] pci_bus 0000:22: resource 1 [mem 0xfb500000-0xfb5fffff]
[    9.392404] pci_bus 0000:22: resource 2 [mem 0xe5b00000-0xe5bfffff 64bit pref]
[    9.392473] NET: Registered protocol family 2
[    9.392743] TCP established hash table entries: 32768 (order: 6, 262144 bytes)
[    9.393352] TCP bind hash table entries: 32768 (order: 7, 524288 bytes)
[    9.394402] TCP: Hash tables configured (established 32768 bind 32768)
[    9.394645] TCP: reno registered
[    9.394651] UDP hash table entries: 2048 (order: 4, 65536 bytes)
[    9.394775] UDP-Lite hash table entries: 2048 (order: 4, 65536 bytes)
[    9.395187] NET: Registered protocol family 1
[    9.395193] pci 0000:00:00.0: Limiting direct PCI/PCI transfers
[    9.395241] pci 0000:00:0f.0: Video device with shadowed ROM
[    9.395931] PCI: CLS mismatch (32 != 64), using 64 bytes
[    9.396305] Trying to unpack rootfs image as initramfs...
[    9.671315] Freeing initrd memory: 18764K (ffff880035b4a000 - ffff880036d9d000)
[    9.671320] PCI-DMA: Using software bounce buffering for IO (SWIOTLB)
[    9.671322] software IO TLB [mem 0xbbee0000-0xbfee0000] (64MB) mapped at [ffff8800bbee0000-ffff8800bfedffff]
[    9.671453] Simple Boot Flag at 0x36 set to 0x80
[    9.671540] Switched to clocksource tsc
[    9.671984] microcode: CPU0 sig=0x306c3, pf=0x1, revision=0x1a
[    9.672015] microcode: CPU1 sig=0x306c3, pf=0x1, revision=0x1a
[    9.672020] microcode: CPU2 sig=0x306c3, pf=0x1, revision=0x1a
[    9.672050] microcode: CPU3 sig=0x306c3, pf=0x1, revision=0x1a
[    9.672080] microcode: CPU4 sig=0x306c3, pf=0x1, revision=0x1a
[    9.672110] microcode: CPU5 sig=0x306c3, pf=0x1, revision=0x1a
[    9.672141] microcode: CPU6 sig=0x306c3, pf=0x1, revision=0x1a
[    9.672171] microcode: CPU7 sig=0x306c3, pf=0x1, revision=0x1a
[    9.672258] microcode: Microcode Update Driver: v2.00 <tigran@aivazian.fsnet.co.uk>, Peter Oruba
[    9.672259] Scanning for low memory corruption every 60 seconds
[    9.673018] Initialise system trusted keyring
[    9.673071] audit: initializing netlink socket (disabled)
[    9.673078] type=2000 audit(1427806690.559:1): initialized
[    9.686867] HugeTLB registered 2 MB page size, pre-allocated 0 pages
[    9.688347] zbud: loaded
[    9.688550] VFS: Disk quotas dquot_6.5.2
[    9.688607] Dquot-cache hash table entries: 512 (order 0, 4096 bytes)
[    9.689211] fuse init (API version 7.22)
[    9.689332] msgmni has been set to 7887
[    9.689467] Key type big_key registered
[    9.691235] Key type asymmetric registered
[    9.691236] Asymmetric key parser 'x509' registered
[    9.691258] Block layer SCSI generic (bsg) driver version 0.4 loaded (major 252)
[    9.691400] io scheduler noop registered
[    9.691402] io scheduler deadline registered (default)
[    9.691430] io scheduler cfq registered
[    9.691645] pcieport 0000:00:15.0: irq 40 for MSI/MSI-X
[    9.692013] pcieport 0000:00:15.1: irq 41 for MSI/MSI-X
[    9.692402] pcieport 0000:00:15.2: irq 42 for MSI/MSI-X
[    9.692756] pcieport 0000:00:15.3: irq 43 for MSI/MSI-X
[    9.693121] pcieport 0000:00:15.4: irq 44 for MSI/MSI-X
[    9.693590] pcieport 0000:00:15.5: irq 45 for MSI/MSI-X
[    9.693945] pcieport 0000:00:15.6: irq 46 for MSI/MSI-X
[    9.694291] pcieport 0000:00:15.7: irq 47 for MSI/MSI-X
[    9.694644] pcieport 0000:00:16.0: irq 48 for MSI/MSI-X
[    9.694991] pcieport 0000:00:16.1: irq 49 for MSI/MSI-X
[    9.695326] pcieport 0000:00:16.2: irq 50 for MSI/MSI-X
[    9.695675] pcieport 0000:00:16.3: irq 51 for MSI/MSI-X
[    9.696025] pcieport 0000:00:16.4: irq 52 for MSI/MSI-X
[    9.696418] pcieport 0000:00:16.5: irq 53 for MSI/MSI-X
[    9.696777] pcieport 0000:00:16.6: irq 54 for MSI/MSI-X
[    9.697123] pcieport 0000:00:16.7: irq 55 for MSI/MSI-X
[    9.697471] pcieport 0000:00:17.0: irq 56 for MSI/MSI-X
[    9.697824] pcieport 0000:00:17.1: irq 57 for MSI/MSI-X
[    9.698169] pcieport 0000:00:17.2: irq 58 for MSI/MSI-X
[    9.698516] pcieport 0000:00:17.3: irq 59 for MSI/MSI-X
[    9.698866] pcieport 0000:00:17.4: irq 60 for MSI/MSI-X
[    9.699295] pcieport 0000:00:17.5: irq 61 for MSI/MSI-X
[    9.699647] pcieport 0000:00:17.6: irq 62 for MSI/MSI-X
[    9.699994] pcieport 0000:00:17.7: irq 63 for MSI/MSI-X
[    9.700412] pcieport 0000:00:18.0: irq 64 for MSI/MSI-X
[    9.700761] pcieport 0000:00:18.1: irq 65 for MSI/MSI-X
[    9.701107] pcieport 0000:00:18.2: irq 66 for MSI/MSI-X
[    9.701452] pcieport 0000:00:18.3: irq 67 for MSI/MSI-X
[    9.701809] pcieport 0000:00:18.4: irq 68 for MSI/MSI-X
[    9.702157] pcieport 0000:00:18.5: irq 69 for MSI/MSI-X
[    9.702503] pcieport 0000:00:18.6: irq 70 for MSI/MSI-X
[    9.702854] pcieport 0000:00:18.7: irq 71 for MSI/MSI-X
[    9.703181] pcieport 0000:00:15.0: Signaling PME through PCIe PME interrupt
[    9.703195] pcie_pme 0000:00:15.0:pcie01: service driver pcie_pme loaded
[    9.703258] pcieport 0000:00:15.1: Signaling PME through PCIe PME interrupt
[    9.703271] pcie_pme 0000:00:15.1:pcie01: service driver pcie_pme loaded
[    9.703333] pcieport 0000:00:15.2: Signaling PME through PCIe PME interrupt
[    9.703345] pcie_pme 0000:00:15.2:pcie01: service driver pcie_pme loaded
[    9.703406] pcieport 0000:00:15.3: Signaling PME through PCIe PME interrupt
[    9.703419] pcie_pme 0000:00:15.3:pcie01: service driver pcie_pme loaded
[    9.703480] pcieport 0000:00:15.4: Signaling PME through PCIe PME interrupt
[    9.703493] pcie_pme 0000:00:15.4:pcie01: service driver pcie_pme loaded
[    9.703554] pcieport 0000:00:15.5: Signaling PME through PCIe PME interrupt
[    9.703567] pcie_pme 0000:00:15.5:pcie01: service driver pcie_pme loaded
[    9.703629] pcieport 0000:00:15.6: Signaling PME through PCIe PME interrupt
[    9.703641] pcie_pme 0000:00:15.6:pcie01: service driver pcie_pme loaded
[    9.703703] pcieport 0000:00:15.7: Signaling PME through PCIe PME interrupt
[    9.703715] pcie_pme 0000:00:15.7:pcie01: service driver pcie_pme loaded
[    9.703795] pcieport 0000:00:16.0: Signaling PME through PCIe PME interrupt
[    9.703807] pcie_pme 0000:00:16.0:pcie01: service driver pcie_pme loaded
[    9.703870] pcieport 0000:00:16.1: Signaling PME through PCIe PME interrupt
[    9.703882] pcie_pme 0000:00:16.1:pcie01: service driver pcie_pme loaded
[    9.703944] pcieport 0000:00:16.2: Signaling PME through PCIe PME interrupt
[    9.703956] pcie_pme 0000:00:16.2:pcie01: service driver pcie_pme loaded
[    9.704028] pcieport 0000:00:16.3: Signaling PME through PCIe PME interrupt
[    9.704040] pcie_pme 0000:00:16.3:pcie01: service driver pcie_pme loaded
[    9.704102] pcieport 0000:00:16.4: Signaling PME through PCIe PME interrupt
[    9.704114] pcie_pme 0000:00:16.4:pcie01: service driver pcie_pme loaded
[    9.704176] pcieport 0000:00:16.5: Signaling PME through PCIe PME interrupt
[    9.704188] pcie_pme 0000:00:16.5:pcie01: service driver pcie_pme loaded
[    9.704249] pcieport 0000:00:16.6: Signaling PME through PCIe PME interrupt
[    9.704267] pcie_pme 0000:00:16.6:pcie01: service driver pcie_pme loaded
[    9.704345] pcieport 0000:00:16.7: Signaling PME through PCIe PME interrupt
[    9.704358] pcie_pme 0000:00:16.7:pcie01: service driver pcie_pme loaded
[    9.704420] pcieport 0000:00:17.0: Signaling PME through PCIe PME interrupt
[    9.704432] pcie_pme 0000:00:17.0:pcie01: service driver pcie_pme loaded
[    9.704511] pcieport 0000:00:17.1: Signaling PME through PCIe PME interrupt
[    9.704524] pcie_pme 0000:00:17.1:pcie01: service driver pcie_pme loaded
[    9.704586] pcieport 0000:00:17.2: Signaling PME through PCIe PME interrupt
[    9.704598] pcie_pme 0000:00:17.2:pcie01: service driver pcie_pme loaded
[    9.704665] pcieport 0000:00:17.3: Signaling PME through PCIe PME interrupt
[    9.704678] pcie_pme 0000:00:17.3:pcie01: service driver pcie_pme loaded
[    9.704739] pcieport 0000:00:17.4: Signaling PME through PCIe PME interrupt
[    9.704752] pcie_pme 0000:00:17.4:pcie01: service driver pcie_pme loaded
[    9.704814] pcieport 0000:00:17.5: Signaling PME through PCIe PME interrupt
[    9.704826] pcie_pme 0000:00:17.5:pcie01: service driver pcie_pme loaded
[    9.704888] pcieport 0000:00:17.6: Signaling PME through PCIe PME interrupt
[    9.704900] pcie_pme 0000:00:17.6:pcie01: service driver pcie_pme loaded
[    9.704962] pcieport 0000:00:17.7: Signaling PME through PCIe PME interrupt
[    9.704974] pcie_pme 0000:00:17.7:pcie01: service driver pcie_pme loaded
[    9.705035] pcieport 0000:00:18.0: Signaling PME through PCIe PME interrupt
[    9.705048] pcie_pme 0000:00:18.0:pcie01: service driver pcie_pme loaded
[    9.705126] pcieport 0000:00:18.1: Signaling PME through PCIe PME interrupt
[    9.705139] pcie_pme 0000:00:18.1:pcie01: service driver pcie_pme loaded
[    9.705201] pcieport 0000:00:18.2: Signaling PME through PCIe PME interrupt
[    9.705213] pcie_pme 0000:00:18.2:pcie01: service driver pcie_pme loaded
[    9.705275] pcieport 0000:00:18.3: Signaling PME through PCIe PME interrupt
[    9.705287] pcie_pme 0000:00:18.3:pcie01: service driver pcie_pme loaded
[    9.705349] pcieport 0000:00:18.4: Signaling PME through PCIe PME interrupt
[    9.705361] pcie_pme 0000:00:18.4:pcie01: service driver pcie_pme loaded
[    9.705424] pcieport 0000:00:18.5: Signaling PME through PCIe PME interrupt
[    9.705436] pcie_pme 0000:00:18.5:pcie01: service driver pcie_pme loaded
[    9.705498] pcieport 0000:00:18.6: Signaling PME through PCIe PME interrupt
[    9.705510] pcie_pme 0000:00:18.6:pcie01: service driver pcie_pme loaded
[    9.705572] pcieport 0000:00:18.7: Signaling PME through PCIe PME interrupt
[    9.705584] pcie_pme 0000:00:18.7:pcie01: service driver pcie_pme loaded
[    9.705593] pci_hotplug: PCI Hot Plug PCI Core version: 0.5
[    9.705878] pciehp 0000:00:15.0:pcie04: HPC vendor_id 15ad device_id 7a0 ss_vid 15ad ss_did 7a0
[    9.705989] pciehp 0000:00:15.0:pcie04: service driver pciehp loaded
[    9.706027] pciehp 0000:00:15.1:pcie04: HPC vendor_id 15ad device_id 7a0 ss_vid 15ad ss_did 7a0
[    9.706127] pciehp 0000:00:15.1:pcie04: service driver pciehp loaded
[    9.706165] pciehp 0000:00:15.2:pcie04: HPC vendor_id 15ad device_id 7a0 ss_vid 15ad ss_did 7a0
[    9.706263] pciehp 0000:00:15.2:pcie04: service driver pciehp loaded
[    9.706301] pciehp 0000:00:15.3:pcie04: HPC vendor_id 15ad device_id 7a0 ss_vid 15ad ss_did 7a0
[    9.706400] pciehp 0000:00:15.3:pcie04: service driver pciehp loaded
[    9.706439] pciehp 0000:00:15.4:pcie04: HPC vendor_id 15ad device_id 7a0 ss_vid 15ad ss_did 7a0
[    9.706538] pciehp 0000:00:15.4:pcie04: service driver pciehp loaded
[    9.706575] pciehp 0000:00:15.5:pcie04: HPC vendor_id 15ad device_id 7a0 ss_vid 15ad ss_did 7a0
[    9.706679] pciehp 0000:00:15.5:pcie04: service driver pciehp loaded
[    9.706717] pciehp 0000:00:15.6:pcie04: HPC vendor_id 15ad device_id 7a0 ss_vid 15ad ss_did 7a0
[    9.706815] pciehp 0000:00:15.6:pcie04: service driver pciehp loaded
[    9.706885] pciehp 0000:00:15.7:pcie04: HPC vendor_id 15ad device_id 7a0 ss_vid 15ad ss_did 7a0
[    9.706984] pciehp 0000:00:15.7:pcie04: service driver pciehp loaded
[    9.707022] pciehp 0000:00:16.0:pcie04: HPC vendor_id 15ad device_id 7a0 ss_vid 15ad ss_did 7a0
[    9.707119] pciehp 0000:00:16.0:pcie04: service driver pciehp loaded
[    9.707157] pciehp 0000:00:16.1:pcie04: HPC vendor_id 15ad device_id 7a0 ss_vid 15ad ss_did 7a0
[    9.707253] pciehp 0000:00:16.1:pcie04: service driver pciehp loaded
[    9.707291] pciehp 0000:00:16.2:pcie04: HPC vendor_id 15ad device_id 7a0 ss_vid 15ad ss_did 7a0
[    9.707388] pciehp 0000:00:16.2:pcie04: service driver pciehp loaded
[    9.707427] pciehp 0000:00:16.3:pcie04: HPC vendor_id 15ad device_id 7a0 ss_vid 15ad ss_did 7a0
[    9.707542] pciehp 0000:00:16.3:pcie04: service driver pciehp loaded
[    9.707580] pciehp 0000:00:16.4:pcie04: HPC vendor_id 15ad device_id 7a0 ss_vid 15ad ss_did 7a0
[    9.707675] pciehp 0000:00:16.4:pcie04: service driver pciehp loaded
[    9.707712] pciehp 0000:00:16.5:pcie04: HPC vendor_id 15ad device_id 7a0 ss_vid 15ad ss_did 7a0
[    9.707804] pciehp 0000:00:16.5:pcie04: service driver pciehp loaded
[    9.707842] pciehp 0000:00:16.6:pcie04: HPC vendor_id 15ad device_id 7a0 ss_vid 15ad ss_did 7a0
[    9.707933] pciehp 0000:00:16.6:pcie04: service driver pciehp loaded
[    9.707971] pciehp 0000:00:16.7:pcie04: HPC vendor_id 15ad device_id 7a0 ss_vid 15ad ss_did 7a0
[    9.708064] pciehp 0000:00:16.7:pcie04: service driver pciehp loaded
[    9.708101] pciehp 0000:00:17.0:pcie04: HPC vendor_id 15ad device_id 7a0 ss_vid 15ad ss_did 7a0
[    9.708195] pciehp 0000:00:17.0:pcie04: service driver pciehp loaded
[    9.708233] pciehp 0000:00:17.1:pcie04: HPC vendor_id 15ad device_id 7a0 ss_vid 15ad ss_did 7a0
[    9.708327] pciehp 0000:00:17.1:pcie04: service driver pciehp loaded
[    9.708365] pciehp 0000:00:17.2:pcie04: HPC vendor_id 15ad device_id 7a0 ss_vid 15ad ss_did 7a0
[    9.708452] pciehp 0000:00:17.2:pcie04: service driver pciehp loaded
[    9.708489] pciehp 0000:00:17.3:pcie04: HPC vendor_id 15ad device_id 7a0 ss_vid 15ad ss_did 7a0
[    9.708576] pciehp 0000:00:17.3:pcie04: service driver pciehp loaded
[    9.708618] pciehp 0000:00:17.4:pcie04: HPC vendor_id 15ad device_id 7a0 ss_vid 15ad ss_did 7a0
[    9.708704] pciehp 0000:00:17.4:pcie04: service driver pciehp loaded
[    9.708741] pciehp 0000:00:17.5:pcie04: HPC vendor_id 15ad device_id 7a0 ss_vid 15ad ss_did 7a0
[    9.708827] pciehp 0000:00:17.5:pcie04: service driver pciehp loaded
[    9.708864] pciehp 0000:00:17.6:pcie04: HPC vendor_id 15ad device_id 7a0 ss_vid 15ad ss_did 7a0
[    9.708951] pciehp 0000:00:17.6:pcie04: service driver pciehp loaded
[    9.708987] pciehp 0000:00:17.7:pcie04: HPC vendor_id 15ad device_id 7a0 ss_vid 15ad ss_did 7a0
[    9.709074] pciehp 0000:00:17.7:pcie04: service driver pciehp loaded
[    9.709111] pciehp 0000:00:18.0:pcie04: HPC vendor_id 15ad device_id 7a0 ss_vid 15ad ss_did 7a0
[    9.709247] pciehp 0000:00:18.0:pcie04: service driver pciehp loaded
[    9.709284] pciehp 0000:00:18.1:pcie04: HPC vendor_id 15ad device_id 7a0 ss_vid 15ad ss_did 7a0
[    9.709381] pciehp 0000:00:18.1:pcie04: service driver pciehp loaded
[    9.709418] pciehp 0000:00:18.2:pcie04: HPC vendor_id 15ad device_id 7a0 ss_vid 15ad ss_did 7a0
[    9.709505] pciehp 0000:00:18.2:pcie04: service driver pciehp loaded
[    9.709542] pciehp 0000:00:18.3:pcie04: HPC vendor_id 15ad device_id 7a0 ss_vid 15ad ss_did 7a0
[    9.709635] pciehp 0000:00:18.3:pcie04: service driver pciehp loaded
[    9.709673] pciehp 0000:00:18.4:pcie04: HPC vendor_id 15ad device_id 7a0 ss_vid 15ad ss_did 7a0
[    9.709760] pciehp 0000:00:18.4:pcie04: service driver pciehp loaded
[    9.709797] pciehp 0000:00:18.5:pcie04: HPC vendor_id 15ad device_id 7a0 ss_vid 15ad ss_did 7a0
[    9.709883] pciehp 0000:00:18.5:pcie04: service driver pciehp loaded
[    9.709920] pciehp 0000:00:18.6:pcie04: HPC vendor_id 15ad device_id 7a0 ss_vid 15ad ss_did 7a0
[    9.710007] pciehp 0000:00:18.6:pcie04: service driver pciehp loaded
[    9.710044] pciehp 0000:00:18.7:pcie04: HPC vendor_id 15ad device_id 7a0 ss_vid 15ad ss_did 7a0
[    9.710684] pciehp 0000:00:18.7:pcie04: service driver pciehp loaded
[    9.710688] pciehp: PCI Express Hot Plug Controller Driver version: 0.4
[    9.710739] intel_idle: does not run on family 6 model 60
[    9.710742] ipmi message handler version 39.2
[    9.710811] ACPI: Deprecated procfs I/F for AC is loaded, please retry with CONFIG_ACPI_PROCFS_POWER cleared
[    9.710893] ACPI: AC Adapter [ACAD] (on-line)
[    9.711001] input: Power Button as /devices/LNXSYSTM:00/LNXPWRBN:00/input/input0
[    9.711004] ACPI: Power Button [PWRF]
[    9.711815] GHES: HEST is not enabled!
[    9.712019] Serial: 8250/16550 driver, 32 ports, IRQ sharing enabled
[    9.736149] 00:09: ttyS0 at I/O 0x3f8 (irq = 4, base_baud = 115200) is a 16550A
[    9.759171] 00:0a: ttyS1 at I/O 0x2f8 (irq = 3, base_baud = 115200) is a 16550A
[    9.761852] Linux agpgart interface v0.103
[    9.761918] agpgart-intel 0000:00:00.0: Intel 440BX Chipset
[    9.766054] agpgart-intel 0000:00:00.0: AGP aperture is 256M @ 0x0
[    9.768154] brd: module loaded
[    9.769259] loop: module loaded
[    9.769976] ata_piix 0000:00:07.1: version 2.13
[    9.770846] scsi0 : ata_piix
[    9.771026] scsi1 : ata_piix
[    9.771056] ata1: PATA max UDMA/33 cmd 0x1f0 ctl 0x3f6 bmdma 0x1060 irq 14
[    9.771057] ata2: PATA max UDMA/33 cmd 0x170 ctl 0x376 bmdma 0x1068 irq 15
[    9.771282] libphy: Fixed MDIO Bus: probed
[    9.771352] tun: Universal TUN/TAP device driver, 1.6
[    9.771352] tun: (C) 1999-2004 Max Krasnyansky <maxk@qualcomm.com>
[    9.771439] PPP generic driver version 2.4.2
[    9.771503] ehci_hcd: USB 2.0 'Enhanced' Host Controller (EHCI) Driver
[    9.771589] ehci-pci: EHCI PCI platform driver
[    9.771914] ehci-pci 0000:02:03.0: EHCI Host Controller
[    9.771919] ehci-pci 0000:02:03.0: new USB bus registered, assigned bus number 1
[    9.772019] ehci-pci 0000:02:03.0: cache line size of 64 is not supported
[    9.772040] ehci-pci 0000:02:03.0: irq 17, io mem 0xfd5ef000
[    9.780809] ehci-pci 0000:02:03.0: USB 2.0 started, EHCI 1.00
[    9.780854] usb usb1: New USB device found, idVendor=1d6b, idProduct=0002
[    9.780856] usb usb1: New USB device strings: Mfr=3, Product=2, SerialNumber=1
[    9.780856] usb usb1: Product: EHCI Host Controller
[    9.780857] usb usb1: Manufacturer: Linux 3.13.0-43-generic ehci_hcd
[    9.780858] usb usb1: SerialNumber: 0000:02:03.0
[    9.781077] hub 1-0:1.0: USB hub found
[    9.781081] hub 1-0:1.0: 6 ports detected
[    9.781220] ehci-platform: EHCI generic platform driver
[    9.781227] ohci_hcd: USB 1.1 'Open' Host Controller (OHCI) Driver
[    9.781228] ohci-pci: OHCI PCI platform driver
[    9.781247] ohci-platform: OHCI generic platform driver
[    9.781251] uhci_hcd: USB Universal Host Controller Interface driver
[    9.781475] uhci_hcd 0000:02:00.0: UHCI Host Controller
[    9.781478] uhci_hcd 0000:02:00.0: new USB bus registered, assigned bus number 2
[    9.781637] uhci_hcd 0000:02:00.0: irq 18, io base 0x00002080
[    9.781765] usb usb2: New USB device found, idVendor=1d6b, idProduct=0001
[    9.781766] usb usb2: New USB device strings: Mfr=3, Product=2, SerialNumber=1
[    9.781766] usb usb2: Product: UHCI Host Controller
[    9.781767] usb usb2: Manufacturer: Linux 3.13.0-43-generic uhci_hcd
[    9.781768] usb usb2: SerialNumber: 0000:02:00.0
[    9.781903] hub 2-0:1.0: USB hub found
[    9.781906] hub 2-0:1.0: 2 ports detected
[    9.782080] i8042: PNP: PS/2 Controller [PNP0303:KBC,PNP0f13:MOUS] at 0x60,0x64 irq 1,12
[    9.782707] serio: i8042 KBD port at 0x60,0x64 irq 1
[    9.782711] serio: i8042 AUX port at 0x60,0x64 irq 12
[    9.782887] mousedev: PS/2 mouse device common for all mice
[    9.803220] rtc_cmos 00:03: rtc core: registered rtc_cmos as rtc0
[    9.803291] rtc_cmos 00:03: alarms up to one month, y3k, 114 bytes nvram, hpet irqs
[    9.803371] device-mapper: uevent: version 1.0.3
[    9.803471] device-mapper: ioctl: 4.27.0-ioctl (2013-10-30) initialised: dm-devel@redhat.com
[    9.803497] ledtrig-cpu: registered to indicate activity on CPUs
[    9.803833] TCP: cubic registered
[    9.803872] NET: Registered protocol family 10
[    9.804193] NET: Registered protocol family 17
[    9.804201] Key type dns_resolver registered
[    9.804526] Loading compiled-in X.509 certificates
[    9.804951] Loaded X.509 cert 'Magrathea: Glacier signing key: 55ab2fe28ed5c60df9587150d1734c920ea7b818'
[    9.804957] registered taskstats version 1
[    9.806147] input: AT Translated Set 2 keyboard as /devices/platform/i8042/serio0/input/input1
[    9.807725] Key type trusted registered
[    9.809513] Key type encrypted registered
[    9.811237] AppArmor: AppArmor sha1 policy hashing enabled
[    9.811239] IMA: No TPM chip found, activating TPM-bypass!
[    9.816550] regulator-dummy: disabling
[    9.816718]   Magic number: 7:27:988
[    9.816721] machinecheck machinecheck1: hash matches
[    9.816743] clockevents clockevent61: hash matches
[    9.816916] rtc_cmos 00:03: setting system clock to 2015-03-31 12:58:11 UTC (1427806691)
[    9.817048] BIOS EDD facility v0.16 2004-Jun-25, 0 devices found
[    9.817049] EDD information not available.
[    9.817066] PM: Hibernation image not present or could not be loaded.
[    9.946130] Freeing unused kernel memory: 1336K (ffffffff81d20000 - ffffffff81e6e000)
[    9.946132] Write protecting the kernel read-only data: 12288k
[    9.947310] Freeing unused kernel memory: 796K (ffff880001739000 - ffff880001800000)
[    9.948186] Freeing unused kernel memory: 688K (ffff880001b54000 - ffff880001c00000)
[    9.959528] systemd-udevd[260]: starting version 204
[    9.972238] VMware vmxnet3 virtual NIC driver - version 1.2.0.0-k-NAPI
[    9.974594] VMware PVSCSI driver - version 1.0.2.0-k
[    9.975652] Floppy drive(s): fd0 is 1.44M
[    9.979924] Fusion MPT base driver 3.04.20
[    9.979926] Copyright (c) 1999-2008 LSI Corporation
[    9.980391] e1000: Intel(R) PRO/1000 Network Driver - version 7.3.21-k8-NAPI
[    9.980393] e1000: Copyright (c) 1999-2006 Intel Corporation.
[    9.982401] Fusion MPT SPI Host driver 3.04.20
[    9.982807] mptbase: ioc0: Initiating bringup
[    9.989662] FDC 0 is a post-1991 82077
[   10.053147] ioc0: LSI53C1030 B0: Capabilities={Initiator}
[   10.096337] usb 2-1: new full-speed USB device number 2 using uhci_hcd
[   10.213708] scsi2 : ioc0: LSI53C1030 B0, FwRev=01032920h, Ports=1, MaxQ=128, IRQ=17
[   10.239248] usb 2-1: New USB device found, idVendor=0e0f, idProduct=0003
[   10.239250] usb 2-1: New USB device strings: Mfr=1, Product=2, SerialNumber=0
[   10.239251] usb 2-1: Product: VMware Virtual USB Mouse
[   10.239252] usb 2-1: Manufacturer: VMware
[   10.249310] hidraw: raw HID events driver (C) Jiri Kosina
[   10.253305] usbcore: registered new interface driver usbhid
[   10.253306] usbhid: USB HID core driver
[   10.254501] input: VMware VMware Virtual USB Mouse as /devices/pci0000:00/0000:00:11.0/0000:02:00.0/usb2/2-1/2-1:1.0/input/input5
[   10.254739] hid-generic 0003:0E0F:0003.0001: input,hidraw0: USB HID v1.10 Mouse [VMware VMware Virtual USB Mouse] on usb-0000:02:00.0-1/input0
[   10.324374] e1000 0000:02:01.0 eth0: (PCI:66MHz:32-bit) 00:0c:29:10:09:b5
[   10.324378] e1000 0000:02:01.0 eth0: Intel(R) PRO/1000 Network Connection
[   10.324441] ahci 0000:02:05.0: version 3.0
[   10.324872] ahci 0000:02:05.0: irq 72 for MSI/MSI-X
[   10.325251] ahci 0000:02:05.0: AHCI 0001.0300 32 slots 30 ports 6 Gbps 0x3fffffff impl SATA mode
[   10.325253] ahci 0000:02:05.0: flags: 64bit ncq clo only 
[   10.327007] scsi3 : ahci
[   10.327155] scsi4 : ahci
[   10.327288] scsi5 : ahci
[   10.327428] scsi6 : ahci
[   10.327560] scsi7 : ahci
[   10.327692] scsi8 : ahci
[   10.327801] scsi9 : ahci
[   10.327911] scsi10 : ahci
[   10.328010] scsi11 : ahci
[   10.328108] scsi12 : ahci
[   10.328208] scsi13 : ahci
[   10.328312] scsi14 : ahci
[   10.328396] scsi15 : ahci
[   10.328480] scsi16 : ahci
[   10.328552] scsi17 : ahci
[   10.328623] scsi18 : ahci
[   10.328694] scsi19 : ahci
[   10.328765] scsi20 : ahci
[   10.328835] scsi21 : ahci
[   10.328905] scsi22 : ahci
[   10.328975] scsi23 : ahci
[   10.329045] scsi24 : ahci
[   10.329108] scsi25 : ahci
[   10.329177] scsi26 : ahci
[   10.329248] scsi27 : ahci
[   10.329324] scsi28 : ahci
[   10.329395] scsi29 : ahci
[   10.329467] scsi30 : ahci
[   10.329538] scsi31 : ahci
[   10.329609] scsi32 : ahci
[   10.329635] ata3: SATA max UDMA/133 abar m4096@0xfd5ee000 port 0xfd5ee100 irq 72
[   10.329635] ata4: SATA max UDMA/133 abar m4096@0xfd5ee000 port 0xfd5ee180 irq 72
[   10.329636] ata5: SATA max UDMA/133 abar m4096@0xfd5ee000 port 0xfd5ee200 irq 72
[   10.329637] ata6: SATA max UDMA/133 abar m4096@0xfd5ee000 port 0xfd5ee280 irq 72
[   10.329637] ata7: SATA max UDMA/133 abar m4096@0xfd5ee000 port 0xfd5ee300 irq 72
[   10.329638] ata8: SATA max UDMA/133 abar m4096@0xfd5ee000 port 0xfd5ee380 irq 72
[   10.329638] ata9: SATA max UDMA/133 abar m4096@0xfd5ee000 port 0xfd5ee400 irq 72
[   10.329639] ata10: SATA max UDMA/133 abar m4096@0xfd5ee000 port 0xfd5ee480 irq 72
[   10.329640] ata11: SATA max UDMA/133 abar m4096@0xfd5ee000 port 0xfd5ee500 irq 72
