[    0.000000] Initializing cgroup subsys cpuset
[    0.000000] Initializing cgroup subsys cpu
[    0.000000] Initializing cgroup subsys cpuacct
[    0.000000] Linux version 3.13.0-37-generic (buildd@kapok) (gcc version 4.8.2 (Ubuntu 4.8.2-19ubuntu1) ) #64-Ubuntu SMP Mon Sep 22 21:28:38 UTC 2014 (Ubuntu 3.13.0-37.64-generic 3.13.11.7)
[    0.000000] Command line: BOOT_IMAGE=/boot/vmlinuz-3.13.0-37-generic root=UUID=5fc26f4d-ff64-4121-8a5c-b18ad7867e13 ro quiet splash
[    0.000000] KERNEL supported cpus:
[    0.000000]   Intel GenuineIntel
[    0.000000]   AMD AuthenticAMD
[    0.000000]   Centaur CentaurHauls
[    0.000000] Disabled fast string operations
[    0.000000] e820: BIOS-provided physical RAM map:
[    0.000000] BIOS-e820: [mem 0x0000000000000000-0x000000000009ebff] usable
[    0.000000] BIOS-e820: [mem 0x000000000009ec00-0x000000000009ffff] reserved
[    0.000000] BIOS-e820: [mem 0x00000000000dc000-0x00000000000fffff] reserved
[    0.000000] BIOS-e820: [mem 0x0000000000100000-0x00000000bfedffff] usable
[    0.000000] BIOS-e820: [mem 0x00000000bfee0000-0x00000000bfefefff] ACPI data
[    0.000000] BIOS-e820: [mem 0x00000000bfeff000-0x00000000bfefffff] ACPI NVS
[    0.000000] BIOS-e820: [mem 0x00000000bff00000-0x00000000bfffffff] usable
[    0.000000] BIOS-e820: [mem 0x00000000f0000000-0x00000000f7ffffff] reserved
[    0.000000] BIOS-e820: [mem 0x00000000fec00000-0x00000000fec0ffff] reserved
[    0.000000] BIOS-e820: [mem 0x00000000fee00000-0x00000000fee00fff] reserved
[    0.000000] BIOS-e820: [mem 0x00000000fffe0000-0x00000000ffffffff] reserved
[    0.000000] NX (Execute Disable) protection: active
[    0.000000] SMBIOS 2.4 present.
[    0.000000] DMI: VMware, Inc. VMware Virtual Platform/440BX Desktop Reference Platform, BIOS 6.00 07/31/2013
[    0.000000] Hypervisor detected: VMware
[    0.000000] e820: update [mem 0x00000000-0x00000fff] usable ==> reserved
[    0.000000] e820: remove [mem 0x000a0000-0x000fffff] usable
[    0.000000] No AGP bridge found
[    0.000000] e820: last_pfn = 0xc0000 max_arch_pfn = 0x400000000
[    0.000000] MTRR default type: uncachable
[    0.000000] MTRR fixed ranges enabled:
[    0.000000]   00000-9FFFF write-back
[    0.000000]   A0000-BFFFF uncachable
[    0.000000]   C0000-CFFFF write-protect
[    0.000000]   D0000-EFFFF uncachable
[    0.000000]   F0000-FFFFF write-protect
[    0.000000] MTRR variable ranges enabled:
[    0.000000]   0 base 0000000000 mask FF80000000 write-back
[    0.000000]   1 base 0080000000 mask FFC0000000 write-back
[    0.000000]   2 disabled
[    0.000000]   3 disabled
[    0.000000]   4 disabled
[    0.000000]   5 disabled
[    0.000000]   6 disabled
[    0.000000]   7 disabled
[    0.000000] x86 PAT enabled: cpu 0, old 0x0, new 0x7010600070106
[    0.000000] found SMP MP-table at [mem 0x000f6bf0-0x000f6bff] mapped at [ffff8800000f6bf0]
[    0.000000] Scanning 1 areas for low memory corruption
[    0.000000] Base memory trampoline at [ffff880000098000] 98000 size 24576
[    0.000000] init_memory_mapping: [mem 0x00000000-0x000fffff]
[    0.000000]  [mem 0x00000000-0x000fffff] page 4k
[    0.000000] BRK [0x01fe1000, 0x01fe1fff] PGTABLE
[    0.000000] BRK [0x01fe2000, 0x01fe2fff] PGTABLE
[    0.000000] BRK [0x01fe3000, 0x01fe3fff] PGTABLE
[    0.000000] init_memory_mapping: [mem 0xbfc00000-0xbfdfffff]
[    0.000000]  [mem 0xbfc00000-0xbfdfffff] page 2M
[    0.000000] BRK [0x01fe4000, 0x01fe4fff] PGTABLE
[    0.000000] init_memory_mapping: [mem 0xbc000000-0xbfbfffff]
[    0.000000]  [mem 0xbc000000-0xbfbfffff] page 2M
[    0.000000] init_memory_mapping: [mem 0x80000000-0xbbffffff]
[    0.000000]  [mem 0x80000000-0xbbffffff] page 2M
[    0.000000] init_memory_mapping: [mem 0x00100000-0x7fffffff]
[    0.000000]  [mem 0x00100000-0x001fffff] page 4k
[    0.000000]  [mem 0x00200000-0x7fffffff] page 2M
[    0.000000] init_memory_mapping: [mem 0xbfe00000-0xbfedffff]
[    0.000000]  [mem 0xbfe00000-0xbfedffff] page 4k
[    0.000000] BRK [0x01fe5000, 0x01fe5fff] PGTABLE
[    0.000000] init_memory_mapping: [mem 0xbff00000-0xbfffffff]
[    0.000000]  [mem 0xbff00000-0xbfffffff] page 4k
[    0.000000] RAMDISK: [mem 0x348b0000-0x3644ffff]
[    0.000000] ACPI: RSDP 00000000000f6b80 000024 (v02 PTLTD )
[    0.000000] ACPI: XSDT 00000000bfeeda33 00005C (v01 INTEL  440BX    06040000 VMW  01324272)
[    0.000000] ACPI: FACP 00000000bfefee73 0000F4 (v04 INTEL  440BX    06040000 PTL  000F4240)
[    0.000000] ACPI: DSDT 00000000bfeee8eb 010588 (v01 PTLTD  Custom   06040000 MSFT 03000001)
[    0.000000] ACPI: FACS 00000000bfefffc0 000040
[    0.000000] ACPI: BOOT 00000000bfeee8c3 000028 (v01 PTLTD  $SBFTBL$ 06040000  LTP 00000001)
[    0.000000] ACPI: APIC 00000000bfeee501 0003C2 (v01 PTLTD  ? APIC   06040000  LTP 00000000)
[    0.000000] ACPI: MCFG 00000000bfeee4c5 00003C (v01 PTLTD  $PCITBL$ 06040000  LTP 00000001)
[    0.000000] ACPI: SRAT 00000000bfeedb2f 0004D0 (v02 VMWARE MEMPLUG  06040000 VMW  00000001)
[    0.000000] ACPI: HPET 00000000bfeedaf7 000038 (v01 VMWARE VMW HPET 06040000 VMW  00000001)
[    0.000000] ACPI: WAET 00000000bfeedacf 000028 (v01 VMWARE VMW WAET 06040000 VMW  00000001)
[    0.000000] ACPI: Local APIC address 0xfee00000
[    0.000000] system APIC only can use physical flat
[    0.000000] Setting APIC routing to physical flat.
[    0.000000] SRAT: PXM 0 -> APIC 0x00 -> Node 0
[    0.000000] SRAT: PXM 0 -> APIC 0x01 -> Node 0
[    0.000000] SRAT: PXM 0 -> APIC 0x02 -> Node 0
[    0.000000] SRAT: PXM 0 -> APIC 0x03 -> Node 0
[    0.000000] SRAT: PXM 0 -> APIC 0x04 -> Node 0
[    0.000000] SRAT: PXM 0 -> APIC 0x05 -> Node 0
[    0.000000] SRAT: PXM 0 -> APIC 0x06 -> Node 0
[    0.000000] SRAT: PXM 0 -> APIC 0x07 -> Node 0
[    0.000000] SRAT: PXM 0 -> APIC 0x08 -> Node 0
[    0.000000] SRAT: PXM 0 -> APIC 0x09 -> Node 0
[    0.000000] SRAT: PXM 0 -> APIC 0x0a -> Node 0
[    0.000000] SRAT: PXM 0 -> APIC 0x0b -> Node 0
[    0.000000] SRAT: PXM 0 -> APIC 0x0c -> Node 0
[    0.000000] SRAT: PXM 0 -> APIC 0x0d -> Node 0
[    0.000000] SRAT: PXM 0 -> APIC 0x0e -> Node 0
[    0.000000] SRAT: PXM 0 -> APIC 0x0f -> Node 0
[    0.000000] SRAT: PXM 0 -> APIC 0x10 -> Node 0
[    0.000000] SRAT: PXM 0 -> APIC 0x11 -> Node 0
[    0.000000] SRAT: PXM 0 -> APIC 0x12 -> Node 0
[    0.000000] SRAT: PXM 0 -> APIC 0x13 -> Node 0
[    0.000000] SRAT: PXM 0 -> APIC 0x14 -> Node 0
[    0.000000] SRAT: PXM 0 -> APIC 0x15 -> Node 0
[    0.000000] SRAT: PXM 0 -> APIC 0x16 -> Node 0
[    0.000000] SRAT: PXM 0 -> APIC 0x17 -> Node 0
[    0.000000] SRAT: PXM 0 -> APIC 0x18 -> Node 0
[    0.000000] SRAT: PXM 0 -> APIC 0x19 -> Node 0
[    0.000000] SRAT: PXM 0 -> APIC 0x1a -> Node 0
[    0.000000] SRAT: PXM 0 -> APIC 0x1b -> Node 0
[    0.000000] SRAT: PXM 0 -> APIC 0x1c -> Node 0
[    0.000000] SRAT: PXM 0 -> APIC 0x1d -> Node 0
[    0.000000] SRAT: PXM 0 -> APIC 0x1e -> Node 0
[    0.000000] SRAT: PXM 0 -> APIC 0x1f -> Node 0
[    0.000000] SRAT: PXM 0 -> APIC 0x20 -> Node 0
[    0.000000] SRAT: PXM 0 -> APIC 0x21 -> Node 0
[    0.000000] SRAT: PXM 0 -> APIC 0x22 -> Node 0
[    0.000000] SRAT: PXM 0 -> APIC 0x23 -> Node 0
[    0.000000] SRAT: PXM 0 -> APIC 0x24 -> Node 0
[    0.000000] SRAT: PXM 0 -> APIC 0x25 -> Node 0
[    0.000000] SRAT: PXM 0 -> APIC 0x26 -> Node 0
[    0.000000] SRAT: PXM 0 -> APIC 0x27 -> Node 0
[    0.000000] SRAT: PXM 0 -> APIC 0x28 -> Node 0
[    0.000000] SRAT: PXM 0 -> APIC 0x29 -> Node 0
[    0.000000] SRAT: PXM 0 -> APIC 0x2a -> Node 0
[    0.000000] SRAT: PXM 0 -> APIC 0x2b -> Node 0
[    0.000000] SRAT: PXM 0 -> APIC 0x2c -> Node 0
[    0.000000] SRAT: PXM 0 -> APIC 0x2d -> Node 0
[    0.000000] SRAT: PXM 0 -> APIC 0x2e -> Node 0
[    0.000000] SRAT: PXM 0 -> APIC 0x2f -> Node 0
[    0.000000] SRAT: PXM 0 -> APIC 0x30 -> Node 0
[    0.000000] SRAT: PXM 0 -> APIC 0x31 -> Node 0
[    0.000000] SRAT: PXM 0 -> APIC 0x32 -> Node 0
[    0.000000] SRAT: PXM 0 -> APIC 0x33 -> Node 0
[    0.000000] SRAT: PXM 0 -> APIC 0x34 -> Node 0
[    0.000000] SRAT: PXM 0 -> APIC 0x35 -> Node 0
[    0.000000] SRAT: PXM 0 -> APIC 0x36 -> Node 0
[    0.000000] SRAT: PXM 0 -> APIC 0x37 -> Node 0
[    0.000000] SRAT: PXM 0 -> APIC 0x38 -> Node 0
[    0.000000] SRAT: PXM 0 -> APIC 0x39 -> Node 0
[    0.000000] SRAT: PXM 0 -> APIC 0x3a -> Node 0
[    0.000000] SRAT: PXM 0 -> APIC 0x3b -> Node 0
[    0.000000] SRAT: PXM 0 -> APIC 0x3c -> Node 0
[    0.000000] SRAT: PXM 0 -> APIC 0x3d -> Node 0
[    0.000000] SRAT: PXM 0 -> APIC 0x3e -> Node 0
[    0.000000] SRAT: PXM 0 -> APIC 0x3f -> Node 0
[    0.000000] SRAT: Node 0 PXM 0 [mem 0x00000000-0x0009ffff]
[    0.000000] SRAT: Node 0 PXM 0 [mem 0x00100000-0x0fffffff]
[    0.000000] SRAT: Node 0 PXM 0 [mem 0x10000000-0xbfffffff]
[    0.000000] SRAT: Node 0 PXM 0 [mem 0xc0000000-0xbfffffff] hotplug
[    0.000000] NUMA: Node 0 [mem 0x00000000-0x0009ffff] + [mem 0x00100000-0x0fffffff] -> [mem 0x00000000-0x0fffffff]
[    0.000000] NUMA: Node 0 [mem 0x00000000-0x0fffffff] + [mem 0x10000000-0xbfffffff] -> [mem 0x00000000-0xbfffffff]
[    0.000000] Initmem setup node 0 [mem 0x00000000-0xbfffffff]
[    0.000000]   NODE_DATA [mem 0xbfffb000-0xbfffffff]
[    0.000000]  [ffffea0000000000-ffffea0002ffffff] PMD -> [ffff8800bc400000-ffff8800bf3fffff] on node 0
[    0.000000] Zone ranges:
[    0.000000]   DMA      [mem 0x00001000-0x00ffffff]
[    0.000000]   DMA32    [mem 0x01000000-0xffffffff]
[    0.000000]   Normal   empty
[    0.000000] Movable zone start for each node
[    0.000000] Early memory node ranges
[    0.000000]   node   0: [mem 0x00001000-0x0009dfff]
[    0.000000]   node   0: [mem 0x00100000-0xbfedffff]
[    0.000000]   node   0: [mem 0xbff00000-0xbfffffff]
[    0.000000] On node 0 totalpages: 786301
[    0.000000]   DMA zone: 64 pages used for memmap
[    0.000000]   DMA zone: 21 pages reserved
[    0.000000]   DMA zone: 3997 pages, LIFO batch:0
[    0.000000]   DMA32 zone: 12224 pages used for memmap
[    0.000000]   DMA32 zone: 782304 pages, LIFO batch:31
[    0.000000] ACPI: PM-Timer IO Port: 0x1008
[    0.000000] ACPI: Local APIC address 0xfee00000
[    0.000000] system APIC only can use physical flat
[    0.000000] ACPI: LAPIC (acpi_id[0x00] lapic_id[0x00] enabled)
[    0.000000] ACPI: LAPIC (acpi_id[0x01] lapic_id[0x01] enabled)
[    0.000000] ACPI: LAPIC (acpi_id[0x02] lapic_id[0x02] enabled)
[    0.000000] ACPI: LAPIC (acpi_id[0x03] lapic_id[0x03] enabled)
[    0.000000] ACPI: LAPIC (acpi_id[0x04] lapic_id[0x04] enabled)
[    0.000000] ACPI: LAPIC (acpi_id[0x05] lapic_id[0x05] enabled)
[    0.000000] ACPI: LAPIC (acpi_id[0x06] lapic_id[0x06] enabled)
[    0.000000] ACPI: LAPIC (acpi_id[0x07] lapic_id[0x07] enabled)
[    0.000000] ACPI: LAPIC (acpi_id[0x08] lapic_id[0x08] disabled)
[    0.000000] ACPI: LAPIC (acpi_id[0x09] lapic_id[0x09] disabled)
[    0.000000] ACPI: LAPIC (acpi_id[0x0a] lapic_id[0x0a] disabled)
[    0.000000] ACPI: LAPIC (acpi_id[0x0b] lapic_id[0x0b] disabled)
[    0.000000] ACPI: LAPIC (acpi_id[0x0c] lapic_id[0x0c] disabled)
[    0.000000] ACPI: LAPIC (acpi_id[0x0d] lapic_id[0x0d] disabled)
[    0.000000] ACPI: LAPIC (acpi_id[0x0e] lapic_id[0x0e] disabled)
[    0.000000] ACPI: LAPIC (acpi_id[0x0f] lapic_id[0x0f] disabled)
[    0.000000] ACPI: LAPIC (acpi_id[0x10] lapic_id[0x10] disabled)
[    0.000000] ACPI: LAPIC (acpi_id[0x11] lapic_id[0x11] disabled)
[    0.000000] ACPI: LAPIC (acpi_id[0x12] lapic_id[0x12] disabled)
[    0.000000] ACPI: LAPIC (acpi_id[0x13] lapic_id[0x13] disabled)
[    0.000000] ACPI: LAPIC (acpi_id[0x14] lapic_id[0x14] disabled)
[    0.000000] ACPI: LAPIC (acpi_id[0x15] lapic_id[0x15] disabled)
[    0.000000] ACPI: LAPIC (acpi_id[0x16] lapic_id[0x16] disabled)
[    0.000000] ACPI: LAPIC (acpi_id[0x17] lapic_id[0x17] disabled)
[    0.000000] ACPI: LAPIC (acpi_id[0x18] lapic_id[0x18] disabled)
[    0.000000] ACPI: LAPIC (acpi_id[0x19] lapic_id[0x19] disabled)
[    0.000000] ACPI: LAPIC (acpi_id[0x1a] lapic_id[0x1a] disabled)
[    0.000000] ACPI: LAPIC (acpi_id[0x1b] lapic_id[0x1b] disabled)
[    0.000000] ACPI: LAPIC (acpi_id[0x1c] lapic_id[0x1c] disabled)
[    0.000000] ACPI: LAPIC (acpi_id[0x1d] lapic_id[0x1d] disabled)
[    0.000000] ACPI: LAPIC (acpi_id[0x1e] lapic_id[0x1e] disabled)
[    0.000000] ACPI: LAPIC (acpi_id[0x1f] lapic_id[0x1f] disabled)
[    0.000000] ACPI: LAPIC (acpi_id[0x20] lapic_id[0x20] disabled)
[    0.000000] ACPI: LAPIC (acpi_id[0x21] lapic_id[0x21] disabled)
[    0.000000] ACPI: LAPIC (acpi_id[0x22] lapic_id[0x22] disabled)
[    0.000000] ACPI: LAPIC (acpi_id[0x23] lapic_id[0x23] disabled)
[    0.000000] ACPI: LAPIC (acpi_id[0x24] lapic_id[0x24] disabled)
[    0.000000] ACPI: LAPIC (acpi_id[0x25] lapic_id[0x25] disabled)
[    0.000000] ACPI: LAPIC (acpi_id[0x26] lapic_id[0x26] disabled)
[    0.000000] ACPI: LAPIC (acpi_id[0x27] lapic_id[0x27] disabled)
[    0.000000] ACPI: LAPIC (acpi_id[0x28] lapic_id[0x28] disabled)
[    0.000000] ACPI: LAPIC (acpi_id[0x29] lapic_id[0x29] disabled)
[    0.000000] ACPI: LAPIC (acpi_id[0x2a] lapic_id[0x2a] disabled)
[    0.000000] ACPI: LAPIC (acpi_id[0x2b] lapic_id[0x2b] disabled)
[    0.000000] ACPI: LAPIC (acpi_id[0x2c] lapic_id[0x2c] disabled)
[    0.000000] ACPI: LAPIC (acpi_id[0x2d] lapic_id[0x2d] disabled)
[    0.000000] ACPI: LAPIC (acpi_id[0x2e] lapic_id[0x2e] disabled)
[    0.000000] ACPI: LAPIC (acpi_id[0x2f] lapic_id[0x2f] disabled)
[    0.000000] ACPI: LAPIC (acpi_id[0x30] lapic_id[0x30] disabled)
[    0.000000] ACPI: LAPIC (acpi_id[0x31] lapic_id[0x31] disabled)
[    0.000000] ACPI: LAPIC (acpi_id[0x32] lapic_id[0x32] disabled)
[    0.000000] ACPI: LAPIC (acpi_id[0x33] lapic_id[0x33] disabled)
[    0.000000] ACPI: LAPIC (acpi_id[0x34] lapic_id[0x34] disabled)
[    0.000000] ACPI: LAPIC (acpi_id[0x35] lapic_id[0x35] disabled)
[    0.000000] ACPI: LAPIC (acpi_id[0x36] lapic_id[0x36] disabled)
[    0.000000] ACPI: LAPIC (acpi_id[0x37] lapic_id[0x37] disabled)
[    0.000000] ACPI: LAPIC (acpi_id[0x38] lapic_id[0x38] disabled)
[    0.000000] ACPI: LAPIC (acpi_id[0x39] lapic_id[0x39] disabled)
[    0.000000] ACPI: LAPIC (acpi_id[0x3a] lapic_id[0x3a] disabled)
[    0.000000] ACPI: LAPIC (acpi_id[0x3b] lapic_id[0x3b] disabled)
[    0.000000] ACPI: LAPIC (acpi_id[0x3c] lapic_id[0x3c] disabled)
[    0.000000] ACPI: LAPIC (acpi_id[0x3d] lapic_id[0x3d] disabled)
[    0.000000] ACPI: LAPIC (acpi_id[0x3e] lapic_id[0x3e] disabled)
[    0.000000] ACPI: LAPIC (acpi_id[0x3f] lapic_id[0x3f] disabled)
[    0.000000] ACPI: LAPIC_NMI (acpi_id[0x00] high edge lint[0x1])
[    0.000000] ACPI: LAPIC_NMI (acpi_id[0x01] high edge lint[0x1])
[    0.000000] ACPI: LAPIC_NMI (acpi_id[0x02] high edge lint[0x1])
[    0.000000] ACPI: LAPIC_NMI (acpi_id[0x03] high edge lint[0x1])
[    0.000000] ACPI: LAPIC_NMI (acpi_id[0x04] high edge lint[0x1])
[    0.000000] ACPI: LAPIC_NMI (acpi_id[0x05] high edge lint[0x1])
[    0.000000] ACPI: LAPIC_NMI (acpi_id[0x06] high edge lint[0x1])
[    0.000000] ACPI: LAPIC_NMI (acpi_id[0x07] high edge lint[0x1])
[    0.000000] ACPI: LAPIC_NMI (acpi_id[0x08] high edge lint[0x1])
[    0.000000] ACPI: LAPIC_NMI (acpi_id[0x09] high edge lint[0x1])
[    0.000000] ACPI: LAPIC_NMI (acpi_id[0x0a] high edge lint[0x1])
[    0.000000] ACPI: LAPIC_NMI (acpi_id[0x0b] high edge lint[0x1])
[    0.000000] ACPI: LAPIC_NMI (acpi_id[0x0c] high edge lint[0x1])
[    0.000000] ACPI: LAPIC_NMI (acpi_id[0x0d] high edge lint[0x1])
[    0.000000] ACPI: LAPIC_NMI (acpi_id[0x0e] high edge lint[0x1])
[    0.000000] ACPI: LAPIC_NMI (acpi_id[0x0f] high edge lint[0x1])
[    0.000000] ACPI: LAPIC_NMI (acpi_id[0x10] high edge lint[0x1])
[    0.000000] ACPI: LAPIC_NMI (acpi_id[0x11] high edge lint[0x1])
[    0.000000] ACPI: LAPIC_NMI (acpi_id[0x12] high edge lint[0x1])
[    0.000000] ACPI: LAPIC_NMI (acpi_id[0x13] high edge lint[0x1])
[    0.000000] ACPI: LAPIC_NMI (acpi_id[0x14] high edge lint[0x1])
[    0.000000] ACPI: LAPIC_NMI (acpi_id[0x15] high edge lint[0x1])
[    0.000000] ACPI: LAPIC_NMI (acpi_id[0x16] high edge lint[0x1])
[    0.000000] ACPI: LAPIC_NMI (acpi_id[0x17] high edge lint[0x1])
[    0.000000] ACPI: LAPIC_NMI (acpi_id[0x18] high edge lint[0x1])
[    0.000000] ACPI: LAPIC_NMI (acpi_id[0x19] high edge lint[0x1])
[    0.000000] ACPI: LAPIC_NMI (acpi_id[0x1a] high edge lint[0x1])
[    0.000000] ACPI: LAPIC_NMI (acpi_id[0x1b] high edge lint[0x1])
[    0.000000] ACPI: LAPIC_NMI (acpi_id[0x1c] high edge lint[0x1])
[    0.000000] ACPI: LAPIC_NMI (acpi_id[0x1d] high edge lint[0x1])
[    0.000000] ACPI: LAPIC_NMI (acpi_id[0x1e] high edge lint[0x1])
[    0.000000] ACPI: LAPIC_NMI (acpi_id[0x1f] high edge lint[0x1])
[    0.000000] ACPI: LAPIC_NMI (acpi_id[0x20] high edge lint[0x1])
[    0.000000] ACPI: LAPIC_NMI (acpi_id[0x21] high edge lint[0x1])
[    0.000000] ACPI: LAPIC_NMI (acpi_id[0x22] high edge lint[0x1])
[    0.000000] ACPI: LAPIC_NMI (acpi_id[0x23] high edge lint[0x1])
[    0.000000] ACPI: LAPIC_NMI (acpi_id[0x24] high edge lint[0x1])
[    0.000000] ACPI: LAPIC_NMI (acpi_id[0x25] high edge lint[0x1])
[    0.000000] ACPI: LAPIC_NMI (acpi_id[0x26] high edge lint[0x1])
[    0.000000] ACPI: LAPIC_NMI (acpi_id[0x27] high edge lint[0x1])
[    0.000000] ACPI: LAPIC_NMI (acpi_id[0x28] high edge lint[0x1])
[    0.000000] ACPI: LAPIC_NMI (acpi_id[0x29] high edge lint[0x1])
[    0.000000] ACPI: LAPIC_NMI (acpi_id[0x2a] high edge lint[0x1])
[    0.000000] ACPI: LAPIC_NMI (acpi_id[0x2b] high edge lint[0x1])
[    0.000000] ACPI: LAPIC_NMI (acpi_id[0x2c] high edge lint[0x1])
[    0.000000] ACPI: LAPIC_NMI (acpi_id[0x2d] high edge lint[0x1])
[    0.000000] ACPI: LAPIC_NMI (acpi_id[0x2e] high edge lint[0x1])
[    0.000000] ACPI: LAPIC_NMI (acpi_id[0x2f] high edge lint[0x1])
[    0.000000] ACPI: LAPIC_NMI (acpi_id[0x30] high edge lint[0x1])
[    0.000000] ACPI: LAPIC_NMI (acpi_id[0x31] high edge lint[0x1])
[    0.000000] ACPI: LAPIC_NMI (acpi_id[0x32] high edge lint[0x1])
[    0.000000] ACPI: LAPIC_NMI (acpi_id[0x33] high edge lint[0x1])
[    0.000000] ACPI: LAPIC_NMI (acpi_id[0x34] high edge lint[0x1])
[    0.000000] ACPI: LAPIC_NMI (acpi_id[0x35] high edge lint[0x1])
[    0.000000] ACPI: LAPIC_NMI (acpi_id[0x36] high edge lint[0x1])
[    0.000000] ACPI: LAPIC_NMI (acpi_id[0x37] high edge lint[0x1])
[    0.000000] ACPI: LAPIC_NMI (acpi_id[0x38] high edge lint[0x1])
[    0.000000] ACPI: LAPIC_NMI (acpi_id[0x39] high edge lint[0x1])
[    0.000000] ACPI: LAPIC_NMI (acpi_id[0x3a] high edge lint[0x1])
[    0.000000] ACPI: LAPIC_NMI (acpi_id[0x3b] high edge lint[0x1])
[    0.000000] ACPI: LAPIC_NMI (acpi_id[0x3c] high edge lint[0x1])
[    0.000000] ACPI: LAPIC_NMI (acpi_id[0x3d] high edge lint[0x1])
[    0.000000] ACPI: LAPIC_NMI (acpi_id[0x3e] high edge lint[0x1])
[    0.000000] ACPI: LAPIC_NMI (acpi_id[0x3f] high edge lint[0x1])
[    0.000000] ACPI: IOAPIC (id[0x40] address[0xfec00000] gsi_base[0])
[    0.000000] IOAPIC[0]: apic_id 64, version 17, address 0xfec00000, GSI 0-23
[    0.000000] ACPI: INT_SRC_OVR (bus 0 bus_irq 0 global_irq 2 high edge)
[    0.000000] ACPI: IRQ0 used by override.
[    0.000000] ACPI: IRQ2 used by override.
[    0.000000] ACPI: IRQ9 used by override.
[    0.000000] Using ACPI (MADT) for SMP configuration information
[    0.000000] ACPI: HPET id: 0x8086af01 base: 0xfed00000
[    0.000000] smpboot: Allowing 64 CPUs, 56 hotplug CPUs
[    0.000000] nr_irqs_gsi: 40
[    0.000000] PM: Registered nosave memory: [mem 0x0009e000-0x0009efff]
[    0.000000] PM: Registered nosave memory: [mem 0x0009f000-0x0009ffff]
[    0.000000] PM: Registered nosave memory: [mem 0x000a0000-0x000dbfff]
[    0.000000] PM: Registered nosave memory: [mem 0x000dc000-0x000fffff]
[    0.000000] PM: Registered nosave memory: [mem 0xbfee0000-0xbfefefff]
[    0.000000] PM: Registered nosave memory: [mem 0xbfeff000-0xbfefffff]
[    0.000000] e820: [mem 0xc0000000-0xefffffff] available for PCI devices
[    0.000000] Booting paravirtualized kernel on bare hardware
[    0.000000] setup_percpu: NR_CPUS:256 nr_cpumask_bits:256 nr_cpu_ids:64 nr_node_ids:1
[    0.000000] PERCPU: Embedded 29 pages/cpu @ffff8800bf400000 s86400 r8192 d24192 u131072
[    0.000000] pcpu-alloc: s86400 r8192 d24192 u131072 alloc=1*2097152
[    0.000000] pcpu-alloc: [0] 00 01 02 03 04 05 06 07 08 09 10 11 12 13 14 15 
[    0.000000] pcpu-alloc: [0] 16 17 18 19 20 21 22 23 24 25 26 27 28 29 30 31 
[    0.000000] pcpu-alloc: [0] 32 33 34 35 36 37 38 39 40 41 42 43 44 45 46 47 
[    0.000000] pcpu-alloc: [0] 48 49 50 51 52 53 54 55 56 57 58 59 60 61 62 63 
[    0.000000] Built 1 zonelists in Node order, mobility grouping on.  Total pages: 773992
[    0.000000] Policy zone: DMA32
[    0.000000] Kernel command line: BOOT_IMAGE=/boot/vmlinuz-3.13.0-37-generic root=UUID=5fc26f4d-ff64-4121-8a5c-b18ad7867e13 ro quiet splash
[    0.000000] PID hash table entries: 4096 (order: 3, 32768 bytes)
[    0.000000] xsave: enabled xstate_bv 0x7, cntxt size 0x340
[    0.000000] Checking aperture...
[    0.000000] No AGP bridge found
[    0.000000] Calgary: detecting Calgary via BIOS EBDA area
[    0.000000] Calgary: Unable to locate Rio Grande table in EBDA - bailing!
[    0.000000] Memory: 3043696K/3145204K available (7375K kernel code, 1144K rwdata, 3404K rodata, 1336K init, 1444K bss, 101508K reserved)
[    0.000000] SLUB: HWalign=64, Order=0-3, MinObjects=0, CPUs=64, Nodes=1
[    0.000000] Hierarchical RCU implementation.
[    0.000000] 	RCU dyntick-idle grace-period acceleration is enabled.
[    0.000000] 	RCU restricting CPUs from NR_CPUS=256 to nr_cpu_ids=64.
[    0.000000] 	Offload RCU callbacks from all CPUs
[    0.000000] 	Offload RCU callbacks from CPUs: 0-63.
[    0.000000] NR_IRQS:16640 nr_irqs:1192 16
[    0.000000] Console: colour VGA+ 80x25
[    0.000000] console [tty0] enabled
[    0.000000] allocated 12582912 bytes of page_cgroup
[    0.000000] please try 'cgroup_disable=memory' option if you don't want memory cgroups
[    0.000000] hpet clockevent registered
[    0.004000] TSC freq read from hypervisor : 2095.241 MHz
[    0.004000] tsc: Detected 2095.241 MHz processor
[    0.000011] Calibrating delay loop (skipped) preset value.. 4190.48 BogoMIPS (lpj=8380964)
[    0.000014] pid_max: default: 65536 minimum: 512
[    0.000149] Security Framework initialized
[    0.002308] AppArmor: AppArmor initialized
[    0.002309] Yama: becoming mindful.
[    0.002670] Dentry cache hash table entries: 524288 (order: 10, 4194304 bytes)
[    0.018187] Inode-cache hash table entries: 262144 (order: 9, 2097152 bytes)
[    0.024956] Mount-cache hash table entries: 8192 (order: 4, 65536 bytes)
[    0.024963] Mountpoint-cache hash table entries: 8192 (order: 4, 65536 bytes)
[    0.026363] Initializing cgroup subsys memory
[    0.026370] Initializing cgroup subsys devices
[    0.026372] Initializing cgroup subsys freezer
[    0.026374] Initializing cgroup subsys blkio
[    0.026375] Initializing cgroup subsys perf_event
[    0.026378] Initializing cgroup subsys hugetlb
[    0.026448] Disabled fast string operations
[    0.026451] CPU: Physical Processor ID: 0
[    0.026452] CPU: Processor Core ID: 0
[    0.026461] ENERGY_PERF_BIAS: Set to 'normal', was 'performance'
[    0.026461] ENERGY_PERF_BIAS: View and update with x86_energy_perf_policy(8)
[    0.026812] mce: CPU supports 0 MCE banks
[    0.026834] Last level iTLB entries: 4KB 512, 2MB 0, 4MB 0
[    0.026834] Last level dTLB entries: 4KB 512, 2MB 32, 4MB 32
[    0.026834] tlb_flushall_shift: 2
[    0.027054] Freeing SMP alternatives memory: 32K (ffffffff81e6e000 - ffffffff81e76000)
[    0.029855] ACPI: Core revision 20131115
[    0.038288] ACPI: All ACPI Tables successfully acquired
[    0.043584] ftrace: allocating 28541 entries in 112 pages
[    0.075584] ..TIMER: vector=0x30 apic1=0 pin1=2 apic2=-1 pin2=-1
[    0.115316] smpboot: CPU0: Intel(R) Core(TM) i7-3612QM CPU @ 2.10GHz (fam: 06, model: 3a, stepping: 09)
[    0.222725] APIC calibration not consistent with PM-Timer: 101ms instead of 100ms
[    0.222730] APIC delta adjusted to PM-Timer: 412561 (418963)
[    0.222872] Performance Events: 16-deep LBR, IvyBridge events, full-width counters, Broken BIOS detected, complain to your hardware vendor.
[    0.222890] [Firmware Bug]: the BIOS has corrupted hw-PMU resources (MSR 38d is 3)
[    0.222892] Intel PMU driver.
[    0.222896] ... version:                3
[    0.222897] ... bit width:              48
[    0.222898] ... generic registers:      4
[    0.222899] ... value mask:             0000ffffffffffff
[    0.222901] ... max period:             0000ffffffffffff
[    0.222901] ... fixed-purpose events:   3
[    0.222902] ... event mask:             000000070000000f
[    0.241547] NMI watchdog: enabled on all CPUs, permanently consumes one hw-PMU counter.
[    0.243642] x86: Booting SMP configuration:
[    0.254862] Disabled fast string operations
[    0.255244] mce: CPU supports 0 MCE banks
[    0.267317] Disabled fast string operations
[    0.267693] mce: CPU supports 0 MCE banks
[    0.279838] Disabled fast string operations
[    0.280197] mce: CPU supports 0 MCE banks
[    0.292379] Disabled fast string operations
[    0.292770] mce: CPU supports 0 MCE banks
[    0.304931] Disabled fast string operations
[    0.305294] mce: CPU supports 0 MCE banks
[    0.317386] Disabled fast string operations
[    0.317761] mce: CPU supports 0 MCE banks
[    0.329886] Disabled fast string operations
[    0.330272] mce: CPU supports 0 MCE banks
[    0.243644] .... node  #0, CPUs:        #1  #2  #3  #4  #5  #6  #7
[    0.330377] x86: Booted up 1 node, 8 CPUs
[    0.330382] smpboot: Total of 8 processors activated (33523.85 BogoMIPS)
[    0.361024] x86 PAT enabled: cpu 6, old 0x0, new 0x7010600070106
[    0.361091] x86 PAT enabled: cpu 2, old 0x0, new 0x7010600070106
[    0.361160] x86 PAT enabled: cpu 1, old 0x0, new 0x7010600070106
[    0.361226] x86 PAT enabled: cpu 5, old 0x0, new 0x7010600070106
[    0.361284] x86 PAT enabled: cpu 4, old 0x0, new 0x7010600070106
[    0.361351] x86 PAT enabled: cpu 0, old 0x0, new 0x7010600070106
[    0.361403] x86 PAT enabled: cpu 3, old 0x0, new 0x7010600070106
[    0.363536] x86 PAT enabled: cpu 7, old 0x0, new 0x7010600070106
[    0.366015] devtmpfs: initialized
[    0.368608] EVM: security.selinux
[    0.368609] EVM: security.SMACK64
[    0.368610] EVM: security.ima
[    0.368611] EVM: security.capability
[    0.368840] PM: Registering ACPI NVS region [mem 0xbfeff000-0xbfefffff] (4096 bytes)
[    0.370245] pinctrl core: initialized pinctrl subsystem
[    0.370324] regulator-dummy: no parameters
[    0.370435] RTC time: 11:28:35, date: 03/29/15
[    0.370602] NET: Registered protocol family 16
[    0.370823] cpuidle: using governor ladder
[    0.370825] cpuidle: using governor menu
[    0.370854] ACPI: bus type PCI registered
[    0.370856] acpiphp: ACPI Hot Plug PCI Controller Driver version: 0.5
[    0.371051] PCI: MMCONFIG for domain 0000 [bus 00-7f] at [mem 0xf0000000-0xf7ffffff] (base 0xf0000000)
[    0.371053] PCI: MMCONFIG at [mem 0xf0000000-0xf7ffffff] reserved in E820
[    0.379321] PCI: Using configuration type 1 for base access
[    0.379765] mtrr: your CPUs had inconsistent variable MTRR settings
[    0.379766] mtrr: probably your BIOS does not setup all CPUs.
[    0.379767] mtrr: corrected configuration.
[    0.381047] bio: create slab <bio-0> at 0
[    0.382231] ACPI: Added _OSI(Module Device)
[    0.382233] ACPI: Added _OSI(Processor Device)
[    0.382235] ACPI: Added _OSI(3.0 _SCP Extensions)
[    0.382236] ACPI: Added _OSI(Processor Aggregator Device)
[    0.390150] [Firmware Bug]: ACPI: BIOS _OSI(Linux) query ignored
[    0.684461] ACPI: Interpreter enabled
[    0.684470] ACPI Exception: AE_NOT_FOUND, While evaluating Sleep State [\_S2_] (20131115/hwxface-580)
[    0.684473] ACPI Exception: AE_NOT_FOUND, While evaluating Sleep State [\_S3_] (20131115/hwxface-580)
[    0.684479] ACPI: (supports S0 S1 S4 S5)
[    0.684480] ACPI: Using IOAPIC for interrupt routing
[    0.684505] PCI: Using host bridge windows from ACPI; if necessary, use "pci=nocrs" and report a bug
[    0.700787] ACPI: No dock devices found.
[    1.044552] ACPI: PCI Root Bridge [PCI0] (domain 0000 [bus 00-7f])
[    1.044559] acpi PNP0A03:00: _OSC: OS supports [ExtendedConfig ASPM ClockPM Segments MSI]
[    1.044728] acpi PNP0A03:00: _OSC: platform does not support [AER]
[    1.044881] acpi PNP0A03:00: _OSC: OS now controls [PCIeHotplug PME PCIeCapability]
[    1.046945] PCI host bridge to bus 0000:00
[    1.046948] pci_bus 0000:00: root bus resource [bus 00-7f]
[    1.046949] pci_bus 0000:00: root bus resource [mem 0x000a0000-0x000bffff]
[    1.046950] pci_bus 0000:00: root bus resource [mem 0x000d0000-0x000d3fff]
[    1.046951] pci_bus 0000:00: root bus resource [mem 0x000d4000-0x000d7fff]
[    1.046952] pci_bus 0000:00: root bus resource [mem 0x000d8000-0x000dbfff]
[    1.046953] pci_bus 0000:00: root bus resource [mem 0xc0000000-0xfebfffff]
[    1.046955] pci_bus 0000:00: root bus resource [io  0x0000-0x0cf7]
[    1.046956] pci_bus 0000:00: root bus resource [io  0x0d00-0xfeff]
[    1.047004] pci 0000:00:00.0: [8086:7190] type 00 class 0x060000
[    1.047501] pci 0000:00:01.0: [8086:7191] type 01 class 0x060400
[    1.047965] pci 0000:00:07.0: [8086:7110] type 00 class 0x060100
[    1.048554] pci 0000:00:07.1: [8086:7111] type 00 class 0x01018a
[    1.051257] pci 0000:00:07.1: reg 0x20: [io  0x1060-0x106f]
[    1.052430] pci 0000:00:07.3: [8086:7113] type 00 class 0x068000
[    1.054961] pci 0000:00:07.3: quirk: [io  0x1000-0x103f] claimed by PIIX4 ACPI
[    1.054973] pci 0000:00:07.3: quirk: [io  0x1040-0x104f] claimed by PIIX4 SMB
[    1.055296] pci 0000:00:07.7: [15ad:0740] type 00 class 0x088000
[    1.056134] pci 0000:00:07.7: reg 0x10: [io  0x1080-0x10bf]
[    1.056895] pci 0000:00:07.7: reg 0x14: [mem 0xfebfe000-0xfebfffff 64bit]
[    1.060680] pci 0000:00:0f.0: [15ad:0405] type 00 class 0x030000
[    1.064408] pci 0000:00:0f.0: reg 0x10: [io  0x1070-0x107f]
[    1.068061] pci 0000:00:0f.0: reg 0x14: [mem 0xe8000000-0xefffffff pref]
[    1.071712] pci 0000:00:0f.0: reg 0x18: [mem 0xfe000000-0xfe7fffff]
[    1.086619] pci 0000:00:0f.0: reg 0x30: [mem 0x00000000-0x00007fff pref]
[    1.087018] pci 0000:00:10.0: [1000:0030] type 00 class 0x010000
[    1.088270] pci 0000:00:10.0: reg 0x10: [io  0x1400-0x14ff]
[    1.089589] pci 0000:00:10.0: reg 0x14: [mem 0xfeba0000-0xfebbffff 64bit]
[    1.091081] pci 0000:00:10.0: reg 0x1c: [mem 0xfebc0000-0xfebdffff 64bit]
[    1.093546] pci 0000:00:10.0: reg 0x30: [mem 0x00000000-0x00003fff pref]
[    1.093810] pci 0000:00:11.0: [15ad:0790] type 01 class 0x060401
[    1.094369] pci 0000:00:11.0: System wakeup disabled by ACPI
[    1.094606] pci 0000:00:15.0: [15ad:07a0] type 01 class 0x060400
[    1.095258] pci 0000:00:15.0: PME# supported from D0 D3hot D3cold
[    1.095472] pci 0000:00:15.0: System wakeup disabled by ACPI
[    1.095666] pci 0000:00:15.1: [15ad:07a0] type 01 class 0x060400
[    1.096295] pci 0000:00:15.1: PME# supported from D0 D3hot D3cold
[    1.096478] pci 0000:00:15.1: System wakeup disabled by ACPI
[    1.096623] pci 0000:00:15.2: [15ad:07a0] type 01 class 0x060400
[    1.097252] pci 0000:00:15.2: PME# supported from D0 D3hot D3cold
[    1.097434] pci 0000:00:15.2: System wakeup disabled by ACPI
[    1.097577] pci 0000:00:15.3: [15ad:07a0] type 01 class 0x060400
[    1.098226] pci 0000:00:15.3: PME# supported from D0 D3hot D3cold
[    1.098472] pci 0000:00:15.3: System wakeup disabled by ACPI
[    1.098621] pci 0000:00:15.4: [15ad:07a0] type 01 class 0x060400
[    1.099207] pci 0000:00:15.4: PME# supported from D0 D3hot D3cold
[    1.099377] pci 0000:00:15.4: System wakeup disabled by ACPI
[    1.099640] pci 0000:00:15.5: [15ad:07a0] type 01 class 0x060400
[    1.100247] pci 0000:00:15.5: PME# supported from D0 D3hot D3cold
[    1.100462] pci 0000:00:15.5: System wakeup disabled by ACPI
[    1.100595] pci 0000:00:15.6: [15ad:07a0] type 01 class 0x060400
[    1.101180] pci 0000:00:15.6: PME# supported from D0 D3hot D3cold
[    1.101348] pci 0000:00:15.6: System wakeup disabled by ACPI
[    1.101496] pci 0000:00:15.7: [15ad:07a0] type 01 class 0x060400
[    1.102110] pci 0000:00:15.7: PME# supported from D0 D3hot D3cold
[    1.102350] pci 0000:00:15.7: System wakeup disabled by ACPI
[    1.102489] pci 0000:00:16.0: [15ad:07a0] type 01 class 0x060400
[    1.103074] pci 0000:00:16.0: PME# supported from D0 D3hot D3cold
[    1.103243] pci 0000:00:16.0: System wakeup disabled by ACPI
[    1.103401] pci 0000:00:16.1: [15ad:07a0] type 01 class 0x060400
[    1.103998] pci 0000:00:16.1: PME# supported from D0 D3hot D3cold
[    1.104167] pci 0000:00:16.1: System wakeup disabled by ACPI
[    1.104313] pci 0000:00:16.2: [15ad:07a0] type 01 class 0x060400
[    1.104898] pci 0000:00:16.2: PME# supported from D0 D3hot D3cold
[    1.105077] pci 0000:00:16.2: System wakeup disabled by ACPI
[    1.105220] pci 0000:00:16.3: [15ad:07a0] type 01 class 0x060400
[    1.105806] pci 0000:00:16.3: PME# supported from D0 D3hot D3cold
[    1.105975] pci 0000:00:16.3: System wakeup disabled by ACPI
[    1.106168] pci 0000:00:16.4: [15ad:07a0] type 01 class 0x060400
[    1.106764] pci 0000:00:16.4: PME# supported from D0 D3hot D3cold
[    1.106954] pci 0000:00:16.4: System wakeup disabled by ACPI
[    1.107210] pci 0000:00:16.5: [15ad:07a0] type 01 class 0x060400
[    1.107797] pci 0000:00:16.5: PME# supported from D0 D3hot D3cold
[    1.107966] pci 0000:00:16.5: System wakeup disabled by ACPI
[    1.108120] pci 0000:00:16.6: [15ad:07a0] type 01 class 0x060400
[    1.108726] pci 0000:00:16.6: PME# supported from D0 D3hot D3cold
[    1.108895] pci 0000:00:16.6: System wakeup disabled by ACPI
[    1.109027] pci 0000:00:16.7: [15ad:07a0] type 01 class 0x060400
[    1.109612] pci 0000:00:16.7: PME# supported from D0 D3hot D3cold
[    1.109781] pci 0000:00:16.7: System wakeup disabled by ACPI
[    1.109912] pci 0000:00:17.0: [15ad:07a0] type 01 class 0x060400
[    1.110574] pci 0000:00:17.0: PME# supported from D0 D3hot D3cold
[    1.110747] pci 0000:00:17.0: System wakeup disabled by ACPI
[    1.110881] pci 0000:00:17.1: [15ad:07a0] type 01 class 0x060400
[    1.111467] pci 0000:00:17.1: PME# supported from D0 D3hot D3cold
[    1.111636] pci 0000:00:17.1: System wakeup disabled by ACPI
[    1.111768] pci 0000:00:17.2: [15ad:07a0] type 01 class 0x060400
[    1.112374] pci 0000:00:17.2: PME# supported from D0 D3hot D3cold
[    1.112543] pci 0000:00:17.2: System wakeup disabled by ACPI
[    1.112691] pci 0000:00:17.3: [15ad:07a0] type 01 class 0x060400
[    1.113276] pci 0000:00:17.3: PME# supported from D0 D3hot D3cold
[    1.113445] pci 0000:00:17.3: System wakeup disabled by ACPI
[    1.113598] pci 0000:00:17.4: [15ad:07a0] type 01 class 0x060400
[    1.114296] pci 0000:00:17.4: PME# supported from D0 D3hot D3cold
[    1.114469] pci 0000:00:17.4: System wakeup disabled by ACPI
[    1.114731] pci 0000:00:17.5: [15ad:07a0] type 01 class 0x060400
[    1.115316] pci 0000:00:17.5: PME# supported from D0 D3hot D3cold
[    1.115506] pci 0000:00:17.5: System wakeup disabled by ACPI
[    1.115642] pci 0000:00:17.6: [15ad:07a0] type 01 class 0x060400
[    1.116226] pci 0000:00:17.6: PME# supported from D0 D3hot D3cold
[    1.116395] pci 0000:00:17.6: System wakeup disabled by ACPI
[    1.116541] pci 0000:00:17.7: [15ad:07a0] type 01 class 0x060400
[    1.117148] pci 0000:00:17.7: PME# supported from D0 D3hot D3cold
[    1.117316] pci 0000:00:17.7: System wakeup disabled by ACPI
[    1.117448] pci 0000:00:18.0: [15ad:07a0] type 01 class 0x060400
[    1.118115] pci 0000:00:18.0: PME# supported from D0 D3hot D3cold
[    1.118301] pci 0000:00:18.0: System wakeup disabled by ACPI
[    1.118446] pci 0000:00:18.1: [15ad:07a0] type 01 class 0x060400
[    1.119073] pci 0000:00:18.1: PME# supported from D0 D3hot D3cold
[    1.119255] pci 0000:00:18.1: System wakeup disabled by ACPI
[    1.119397] pci 0000:00:18.2: [15ad:07a0] type 01 class 0x060400
[    1.120024] pci 0000:00:18.2: PME# supported from D0 D3hot D3cold
[    1.120205] pci 0000:00:18.2: System wakeup disabled by ACPI
[    1.120347] pci 0000:00:18.3: [15ad:07a0] type 01 class 0x060400
[    1.120973] pci 0000:00:18.3: PME# supported from D0 D3hot D3cold
[    1.121154] pci 0000:00:18.3: System wakeup disabled by ACPI
[    1.121334] pci 0000:00:18.4: [15ad:07a0] type 01 class 0x060400
[    1.122022] pci 0000:00:18.4: PME# supported from D0 D3hot D3cold
[    1.122214] pci 0000:00:18.4: System wakeup disabled by ACPI
[    1.122477] pci 0000:00:18.5: [15ad:07a0] type 01 class 0x060400
[    1.123104] pci 0000:00:18.5: PME# supported from D0 D3hot D3cold
[    1.123286] pci 0000:00:18.5: System wakeup disabled by ACPI
[    1.123448] pci 0000:00:18.6: [15ad:07a0] type 01 class 0x060400
[    1.124050] pci 0000:00:18.6: PME# supported from D0 D3hot D3cold
[    1.124240] pci 0000:00:18.6: System wakeup disabled by ACPI
[    1.124372] pci 0000:00:18.7: [15ad:07a0] type 01 class 0x060400
[    1.124958] pci 0000:00:18.7: PME# supported from D0 D3hot D3cold
[    1.125127] pci 0000:00:18.7: System wakeup disabled by ACPI
[    1.125569] pci 0000:00:01.0: PCI bridge to [bus 01]
[    1.126091] acpiphp: Slot [32] registered
[    1.126113] acpiphp: Slot [33] registered
[    1.126172] acpiphp: Slot [34] registered
[    1.126192] acpiphp: Slot [35] registered
[    1.126210] acpiphp: Slot [36] registered
[    1.126228] acpiphp: Slot [37] registered
[    1.126247] acpiphp: Slot [38] registered
[    1.126265] acpiphp: Slot [39] registered
[    1.126283] acpiphp: Slot [40] registered
[    1.126317] acpiphp: Slot [41] registered
[    1.126335] acpiphp: Slot [42] registered
[    1.126354] acpiphp: Slot [43] registered
[    1.126372] acpiphp: Slot [44] registered
[    1.126389] acpiphp: Slot [45] registered
[    1.126407] acpiphp: Slot [46] registered
[    1.126425] acpiphp: Slot [47] registered
[    1.126442] acpiphp: Slot [48] registered
[    1.126490] acpiphp: Slot [49] registered
[    1.126511] acpiphp: Slot [50] registered
[    1.126529] acpiphp: Slot [51] registered
[    1.126547] acpiphp: Slot [52] registered
[    1.126583] acpiphp: Slot [53] registered
[    1.126602] acpiphp: Slot [54] registered
[    1.126620] acpiphp: Slot [55] registered
[    1.126653] acpiphp: Slot [56] registered
[    1.126672] acpiphp: Slot [57] registered
[    1.126690] acpiphp: Slot [58] registered
[    1.126707] acpiphp: Slot [59] registered
[    1.126725] acpiphp: Slot [60] registered
[    1.126743] acpiphp: Slot [61] registered
[    1.126776] acpiphp: Slot [62] registered
[    1.126811] acpiphp: Slot [63] registered
[    1.126859] pci 0000:02:00.0: [15ad:0774] type 00 class 0x0c0300
[    1.129526] pci 0000:02:00.0: reg 0x20: [io  0x2080-0x209f]
[    1.130563] pci 0000:02:00.0: System wakeup disabled by ACPI
[    1.130698] pci 0000:02:01.0: [8086:100f] type 00 class 0x020000
[    1.132257] pci 0000:02:01.0: reg 0x10: [mem 0xfd5c0000-0xfd5dffff 64bit]
[    1.133675] pci 0000:02:01.0: reg 0x18: [mem 0xfdff0000-0xfdffffff 64bit]
[    1.134913] pci 0000:02:01.0: reg 0x20: [io  0x2000-0x203f]
[    1.137665] pci 0000:02:01.0: reg 0x30: [mem 0x00000000-0x0000ffff pref]
[    1.138013] pci 0000:02:01.0: System wakeup disabled by ACPI
[    1.138104] pci 0000:02:02.0: [1274:1371] type 00 class 0x040100
[    1.138560] pci 0000:02:02.0: reg 0x10: [io  0x2040-0x207f]
[    1.141141] pci 0000:02:02.0: System wakeup disabled by ACPI
[    1.141227] pci 0000:02:03.0: [15ad:0770] type 00 class 0x0c0320
[    1.141916] pci 0000:02:03.0: reg 0x10: [mem 0xfd5ef000-0xfd5effff]
[    1.145773] pci 0000:02:03.0: System wakeup disabled by ACPI
[    1.145953] pci 0000:02:05.0: [15ad:07e0] type 00 class 0x010601
[    1.149618] pci 0000:02:05.0: reg 0x24: [mem 0xfd5ee000-0xfd5eefff]
[    1.150344] pci 0000:02:05.0: reg 0x30: [mem 0x00000000-0x0000ffff pref]
[    1.150812] pci 0000:02:05.0: PME# supported from D3hot
[    1.151039] pci 0000:02:05.0: System wakeup disabled by ACPI
[    1.151634] pci 0000:00:11.0: PCI bridge to [bus 02] (subtractive decode)
[    1.151666] pci 0000:00:11.0:   bridge window [io  0x2000-0x3fff]
[    1.151697] pci 0000:00:11.0:   bridge window [mem 0xfd500000-0xfdffffff]
[    1.151753] pci 0000:00:11.0:   bridge window [mem 0xe7b00000-0xe7ffffff 64bit pref]
[    1.151757] pci 0000:00:11.0:   bridge window [mem 0x000a0000-0x000bffff] (subtractive decode)
[    1.151760] pci 0000:00:11.0:   bridge window [mem 0x000d0000-0x000d3fff] (subtractive decode)
[    1.151762] pci 0000:00:11.0:   bridge window [mem 0x000d4000-0x000d7fff] (subtractive decode)
[    1.151764] pci 0000:00:11.0:   bridge window [mem 0x000d8000-0x000dbfff] (subtractive decode)
[    1.151766] pci 0000:00:11.0:   bridge window [mem 0xc0000000-0xfebfffff] (subtractive decode)
[    1.151768] pci 0000:00:11.0:   bridge window [io  0x0000-0x0cf7] (subtractive decode)
[    1.151771] pci 0000:00:11.0:   bridge window [io  0x0d00-0xfeff] (subtractive decode)
[    1.152521] pci 0000:00:15.0: PCI bridge to [bus 03]
[    1.152551] pci 0000:00:15.0:   bridge window [io  0x4000-0x4fff]
[    1.152581] pci 0000:00:15.0:   bridge window [mem 0xfd400000-0xfd4fffff]
[    1.152637] pci 0000:00:15.0:   bridge window [mem 0xe7a00000-0xe7afffff 64bit pref]
[    1.153291] pci 0000:00:15.1: PCI bridge to [bus 04]
[    1.153318] pci 0000:00:15.1:   bridge window [io  0x8000-0x8fff]
[    1.153346] pci 0000:00:15.1:   bridge window [mem 0xfd000000-0xfd0fffff]
[    1.153395] pci 0000:00:15.1:   bridge window [mem 0xe7600000-0xe76fffff 64bit pref]
[    1.153951] pci 0000:00:15.2: PCI bridge to [bus 05]
[    1.153986] pci 0000:00:15.2:   bridge window [io  0xc000-0xcfff]
[    1.154013] pci 0000:00:15.2:   bridge window [mem 0xfcc00000-0xfccfffff]
[    1.154063] pci 0000:00:15.2:   bridge window [mem 0xe7200000-0xe72fffff 64bit pref]
[    1.154596] pci 0000:00:15.3: PCI bridge to [bus 06]
[    1.154646] pci 0000:00:15.3:   bridge window [mem 0xfc800000-0xfc8fffff]
[    1.154695] pci 0000:00:15.3:   bridge window [mem 0xe6e00000-0xe6efffff 64bit pref]
[    1.155236] pci 0000:00:15.4: PCI bridge to [bus 07]
[    1.155286] pci 0000:00:15.4:   bridge window [mem 0xfc400000-0xfc4fffff]
[    1.155335] pci 0000:00:15.4:   bridge window [mem 0xe6a00000-0xe6afffff 64bit pref]
[    1.155875] pci 0000:00:15.5: PCI bridge to [bus 08]
[    1.155925] pci 0000:00:15.5:   bridge window [mem 0xfc000000-0xfc0fffff]
[    1.155974] pci 0000:00:15.5:   bridge window [mem 0xe6600000-0xe66fffff 64bit pref]
[    1.156500] pci 0000:00:15.6: PCI bridge to [bus 09]
[    1.156549] pci 0000:00:15.6:   bridge window [mem 0xfbc00000-0xfbcfffff]
[    1.156599] pci 0000:00:15.6:   bridge window [mem 0xe6200000-0xe62fffff 64bit pref]
[    1.157202] pci 0000:00:15.7: PCI bridge to [bus 0a]
[    1.157238] pci 0000:00:15.7:   bridge window [mem 0xfb800000-0xfb8fffff]
[    1.157273] pci 0000:00:15.7:   bridge window [mem 0xe5e00000-0xe5efffff 64bit pref]
[    1.157697] pci 0000:00:16.0: PCI bridge to [bus 0b]
[    1.157716] pci 0000:00:16.0:   bridge window [io  0x5000-0x5fff]
[    1.157735] pci 0000:00:16.0:   bridge window [mem 0xfd300000-0xfd3fffff]
[    1.157769] pci 0000:00:16.0:   bridge window [mem 0xe7900000-0xe79fffff 64bit pref]
[    1.158159] pci 0000:00:16.1: PCI bridge to [bus 0c]
[    1.158177] pci 0000:00:16.1:   bridge window [io  0x9000-0x9fff]
[    1.158196] pci 0000:00:16.1:   bridge window [mem 0xfcf00000-0xfcffffff]
[    1.158230] pci 0000:00:16.1:   bridge window [mem 0xe7500000-0xe75fffff 64bit pref]
[    1.158626] pci 0000:00:16.2: PCI bridge to [bus 0d]
[    1.158645] pci 0000:00:16.2:   bridge window [io  0xd000-0xdfff]
[    1.158663] pci 0000:00:16.2:   bridge window [mem 0xfcb00000-0xfcbfffff]
[    1.158698] pci 0000:00:16.2:   bridge window [mem 0xe7100000-0xe71fffff 64bit pref]
[    1.159054] pci 0000:00:16.3: PCI bridge to [bus 0e]
[    1.159089] pci 0000:00:16.3:   bridge window [mem 0xfc700000-0xfc7fffff]
[    1.159123] pci 0000:00:16.3:   bridge window [mem 0xe6d00000-0xe6dfffff 64bit pref]
[    1.159512] pci 0000:00:16.4: PCI bridge to [bus 0f]
[    1.159547] pci 0000:00:16.4:   bridge window [mem 0xfc300000-0xfc3fffff]
[    1.159581] pci 0000:00:16.4:   bridge window [mem 0xe6900000-0xe69fffff 64bit pref]
[    1.159967] pci 0000:00:16.5: PCI bridge to [bus 10]
[    1.160013] pci 0000:00:16.5:   bridge window [mem 0xfbf00000-0xfbffffff]
[    1.160047] pci 0000:00:16.5:   bridge window [mem 0xe6500000-0xe65fffff 64bit pref]
[    1.160404] pci 0000:00:16.6: PCI bridge to [bus 11]
[    1.160439] pci 0000:00:16.6:   bridge window [mem 0xfbb00000-0xfbbfffff]
[    1.160473] pci 0000:00:16.6:   bridge window [mem 0xe6100000-0xe61fffff 64bit pref]
[    1.160932] pci 0000:00:16.7: PCI bridge to [bus 12]
[    1.160969] pci 0000:00:16.7:   bridge window [mem 0xfb700000-0xfb7fffff]
[    1.161004] pci 0000:00:16.7:   bridge window [mem 0xe5d00000-0xe5dfffff 64bit pref]
[    1.161403] pci 0000:00:17.0: PCI bridge to [bus 13]
[    1.161422] pci 0000:00:17.0:   bridge window [io  0x6000-0x6fff]
[    1.161440] pci 0000:00:17.0:   bridge window [mem 0xfd200000-0xfd2fffff]
[    1.161475] pci 0000:00:17.0:   bridge window [mem 0xe7800000-0xe78fffff 64bit pref]
[    1.161854] pci 0000:00:17.1: PCI bridge to [bus 14]
[    1.161872] pci 0000:00:17.1:   bridge window [io  0xa000-0xafff]
[    1.161891] pci 0000:00:17.1:   bridge window [mem 0xfce00000-0xfcefffff]
[    1.161925] pci 0000:00:17.1:   bridge window [mem 0xe7400000-0xe74fffff 64bit pref]
[    1.162357] pci 0000:00:17.2: PCI bridge to [bus 15]
[    1.162376] pci 0000:00:17.2:   bridge window [io  0xe000-0xefff]
[    1.162394] pci 0000:00:17.2:   bridge window [mem 0xfca00000-0xfcafffff]
[    1.162429] pci 0000:00:17.2:   bridge window [mem 0xe7000000-0xe70fffff 64bit pref]
[    1.162787] pci 0000:00:17.3: PCI bridge to [bus 16]
[    1.162822] pci 0000:00:17.3:   bridge window [mem 0xfc600000-0xfc6fffff]
[    1.162856] pci 0000:00:17.3:   bridge window [mem 0xe6c00000-0xe6cfffff 64bit pref]
[    1.163229] pci 0000:00:17.4: PCI bridge to [bus 17]
[    1.163263] pci 0000:00:17.4:   bridge window [mem 0xfc200000-0xfc2fffff]
[    1.163298] pci 0000:00:17.4:   bridge window [mem 0xe6800000-0xe68fffff 64bit pref]
[    1.163693] pci 0000:00:17.5: PCI bridge to [bus 18]
[    1.163728] pci 0000:00:17.5:   bridge window [mem 0xfbe00000-0xfbefffff]
[    1.163762] pci 0000:00:17.5:   bridge window [mem 0xe6400000-0xe64fffff 64bit pref]
[    1.164138] pci 0000:00:17.6: PCI bridge to [bus 19]
[    1.164172] pci 0000:00:17.6:   bridge window [mem 0xfba00000-0xfbafffff]
[    1.164207] pci 0000:00:17.6:   bridge window [mem 0xe6000000-0xe60fffff 64bit pref]
[    1.164581] pci 0000:00:17.7: PCI bridge to [bus 1a]
[    1.164615] pci 0000:00:17.7:   bridge window [mem 0xfb600000-0xfb6fffff]
[    1.164650] pci 0000:00:17.7:   bridge window [mem 0xe5c00000-0xe5cfffff 64bit pref]
[    1.165093] pci 0000:00:18.0: PCI bridge to [bus 1b]
[    1.165113] pci 0000:00:18.0:   bridge window [io  0x7000-0x7fff]
[    1.165133] pci 0000:00:18.0:   bridge window [mem 0xfd100000-0xfd1fffff]
[    1.165177] pci 0000:00:18.0:   bridge window [mem 0xe7700000-0xe77fffff 64bit pref]
[    1.165534] pci 0000:00:18.1: PCI bridge to [bus 1c]
[    1.165552] pci 0000:00:18.1:   bridge window [io  0xb000-0xbfff]
[    1.165570] pci 0000:00:18.1:   bridge window [mem 0xfcd00000-0xfcdfffff]
[    1.165605] pci 0000:00:18.1:   bridge window [mem 0xe7300000-0xe73fffff 64bit pref]
[    1.165978] pci 0000:00:18.2: PCI bridge to [bus 1d]
[    1.166012] pci 0000:00:18.2:   bridge window [mem 0xfc900000-0xfc9fffff]
[    1.166047] pci 0000:00:18.2:   bridge window [mem 0xe6f00000-0xe6ffffff 64bit pref]
[    1.166431] pci 0000:00:18.3: PCI bridge to [bus 1e]
[    1.166466] pci 0000:00:18.3:   bridge window [mem 0xfc500000-0xfc5fffff]
[    1.166501] pci 0000:00:18.3:   bridge window [mem 0xe6b00000-0xe6bfffff 64bit pref]
[    1.166885] pci 0000:00:18.4: PCI bridge to [bus 1f]
[    1.166920] pci 0000:00:18.4:   bridge window [mem 0xfc100000-0xfc1fffff]
[    1.166954] pci 0000:00:18.4:   bridge window [mem 0xe6700000-0xe67fffff 64bit pref]
[    1.167332] pci 0000:00:18.5: PCI bridge to [bus 20]
[    1.167367] pci 0000:00:18.5:   bridge window [mem 0xfbd00000-0xfbdfffff]
[    1.167401] pci 0000:00:18.5:   bridge window [mem 0xe6300000-0xe63fffff 64bit pref]
[    1.167759] pci 0000:00:18.6: PCI bridge to [bus 21]
[    1.167793] pci 0000:00:18.6:   bridge window [mem 0xfb900000-0xfb9fffff]
[    1.167828] pci 0000:00:18.6:   bridge window [mem 0xe5f00000-0xe5ffffff 64bit pref]
[    1.168201] pci 0000:00:18.7: PCI bridge to [bus 22]
[    1.168236] pci 0000:00:18.7:   bridge window [mem 0xfb500000-0xfb5fffff]
[    1.168270] pci 0000:00:18.7:   bridge window [mem 0xe5b00000-0xe5bfffff 64bit pref]
[    1.170583] ACPI: PCI Interrupt Link [LNKA] (IRQs 3 4 5 6 7 *9 10 11 14 15)
[    1.170658] ACPI: PCI Interrupt Link [LNKB] (IRQs 3 4 5 6 7 9 10 *11 14 15)
[    1.170727] ACPI: PCI Interrupt Link [LNKC] (IRQs 3 4 5 6 7 9 *10 11 14 15)
[    1.170795] ACPI: PCI Interrupt Link [LNKD] (IRQs 3 4 *5 6 7 9 10 11 14 15)
[    1.380276] ACPI: Enabled 2 GPEs in block 00 to 0F
[    1.380284] ACPI: \_SB_.PCI0: notify handler is installed
[    1.380411] Found 1 acpi root devices
[    1.380688] vgaarb: device added: PCI:0000:00:0f.0,decodes=io+mem,owns=io+mem,locks=none
[    1.380698] vgaarb: loaded
[    1.380699] vgaarb: bridge control possible 0000:00:0f.0
[    1.381141] SCSI subsystem initialized
[    1.381486] libata version 3.00 loaded.
[    1.381506] ACPI: bus type USB registered
[    1.381548] usbcore: registered new interface driver usbfs
[    1.381555] usbcore: registered new interface driver hub
[    1.381757] usbcore: registered new device driver usb
[    1.382647] PCI: Using ACPI for IRQ routing
[    1.409414] PCI: pci_cache_line_size set to 64 bytes
[    1.410328] e820: reserve RAM buffer [mem 0x0009ec00-0x0009ffff]
[    1.410332] e820: reserve RAM buffer [mem 0xbfee0000-0xbfffffff]
[    1.410556] NetLabel: Initializing
[    1.410558] NetLabel:  domain hash size = 128
[    1.410559] NetLabel:  protocols = UNLABELED CIPSOv4
[    1.410568] NetLabel:  unlabeled traffic allowed by default
[    1.410843] hpet0: at MMIO 0xfed00000, IRQs 2, 8, 0, 0, 0, 0, 0, 0, 0, 0, 0, 0, 0, 0, 0, 0
[    1.410850] hpet0: 16 comparators, 64-bit 14.318180 MHz counter
[    1.413215] Switched to clocksource hpet
[    1.435596] AppArmor: AppArmor Filesystem Enabled
[    1.435622] pnp: PnP ACPI init
[    1.435671] ACPI: bus type PNP registered
[    1.435867] system 00:00: [io  0x1000-0x103f] could not be reserved
[    1.435870] system 00:00: [io  0x1040-0x104f] has been reserved
[    1.435872] system 00:00: [io  0x0cf0-0x0cf1] has been reserved
[    1.435875] system 00:00: Plug and Play ACPI device, IDs PNP0c02 (active)
[    1.435884] pnp 00:01: [dma 4]
[    1.435915] pnp 00:01: Plug and Play ACPI device, IDs PNP0200 (active)
[    1.435932] pnp 00:02: Plug and Play ACPI device, IDs PNP0001 (active)
[    1.435980] pnp 00:03: Plug and Play ACPI device, IDs PNP0b00 (active)
[    1.435995] pnp 00:04: Plug and Play ACPI device, IDs PNP0800 (active)
[    1.436084] pnp 00:05: Plug and Play ACPI device, IDs PNP0303 (active)
[    1.436106] pnp 00:06: Plug and Play ACPI device, IDs PNP0f13 (active)
[    1.436315] system 00:07: [mem 0xfed00000-0xfed003ff] has been reserved
[    1.436318] system 00:07: Plug and Play ACPI device, IDs PNP0103 PNP0c01 (active)
[    1.437829] pnp 00:08: Plug and Play ACPI device, IDs PNP0400 (active)
[    1.438032] pnp 00:09: Plug and Play ACPI device, IDs PNP0501 (active)
[    1.438245] pnp 00:0a: Plug and Play ACPI device, IDs PNP0501 (active)
[    1.438401] pnp 00:0b: [dma 2]
[    1.438452] pnp 00:0b: Plug and Play ACPI device, IDs PNP0700 (active)
[    1.438649] system 00:0c: [io  0xfce0-0xfcff] has been reserved
[    1.438653] system 00:0c: [mem 0xf0000000-0xf7ffffff] has been reserved
[    1.438655] system 00:0c: [mem 0xfe800000-0xfe9fffff] has been reserved
[    1.438658] system 00:0c: Plug and Play ACPI device, IDs PNP0c02 (active)
[    1.580299] pnp: PnP ACPI: found 13 devices
[    1.580303] ACPI: bus type PNP unregistered
[    1.594956] pci 0000:00:15.3: bridge window [io  0x1000-0x0fff] to [bus 06] add_size 1000
[    1.595020] pci 0000:00:15.4: bridge window [io  0x1000-0x0fff] to [bus 07] add_size 1000
[    1.595083] pci 0000:00:15.5: bridge window [io  0x1000-0x0fff] to [bus 08] add_size 1000
[    1.595138] pci 0000:00:15.6: bridge window [io  0x1000-0x0fff] to [bus 09] add_size 1000
[    1.595193] pci 0000:00:15.7: bridge window [io  0x1000-0x0fff] to [bus 0a] add_size 1000
[    1.595404] pci 0000:00:16.3: bridge window [io  0x1000-0x0fff] to [bus 0e] add_size 1000
[    1.595459] pci 0000:00:16.4: bridge window [io  0x1000-0x0fff] to [bus 0f] add_size 1000
[    1.595514] pci 0000:00:16.5: bridge window [io  0x1000-0x0fff] to [bus 10] add_size 1000
[    1.595568] pci 0000:00:16.6: bridge window [io  0x1000-0x0fff] to [bus 11] add_size 1000
[    1.595623] pci 0000:00:16.7: bridge window [io  0x1000-0x0fff] to [bus 12] add_size 1000
[    1.595848] pci 0000:00:17.3: bridge window [io  0x1000-0x0fff] to [bus 16] add_size 1000
[    1.595899] pci 0000:00:17.4: bridge window [io  0x1000-0x0fff] to [bus 17] add_size 1000
[    1.595950] pci 0000:00:17.5: bridge window [io  0x1000-0x0fff] to [bus 18] add_size 1000
[    1.596001] pci 0000:00:17.6: bridge window [io  0x1000-0x0fff] to [bus 19] add_size 1000
[    1.596052] pci 0000:00:17.7: bridge window [io  0x1000-0x0fff] to [bus 1a] add_size 1000
[    1.596201] pci 0000:00:18.2: bridge window [io  0x1000-0x0fff] to [bus 1d] add_size 1000
[    1.596252] pci 0000:00:18.3: bridge window [io  0x1000-0x0fff] to [bus 1e] add_size 1000
[    1.596303] pci 0000:00:18.4: bridge window [io  0x1000-0x0fff] to [bus 1f] add_size 1000
[    1.596354] pci 0000:00:18.5: bridge window [io  0x1000-0x0fff] to [bus 20] add_size 1000
[    1.596426] pci 0000:00:18.6: bridge window [io  0x1000-0x0fff] to [bus 21] add_size 1000
[    1.596479] pci 0000:00:18.7: bridge window [io  0x1000-0x0fff] to [bus 22] add_size 1000
[    1.596507] pci 0000:00:15.3: res[13]=[io  0x1000-0x0fff] get_res_add_size add_size 1000
[    1.596508] pci 0000:00:15.4: res[13]=[io  0x1000-0x0fff] get_res_add_size add_size 1000
[    1.596509] pci 0000:00:15.5: res[13]=[io  0x1000-0x0fff] get_res_add_size add_size 1000
[    1.596510] pci 0000:00:15.6: res[13]=[io  0x1000-0x0fff] get_res_add_size add_size 1000
[    1.596512] pci 0000:00:15.7: res[13]=[io  0x1000-0x0fff] get_res_add_size add_size 1000
[    1.596513] pci 0000:00:16.3: res[13]=[io  0x1000-0x0fff] get_res_add_size add_size 1000
[    1.596514] pci 0000:00:16.4: res[13]=[io  0x1000-0x0fff] get_res_add_size add_size 1000
[    1.596516] pci 0000:00:16.5: res[13]=[io  0x1000-0x0fff] get_res_add_size add_size 1000
[    1.596517] pci 0000:00:16.6: res[13]=[io  0x1000-0x0fff] get_res_add_size add_size 1000
[    1.596518] pci 0000:00:16.7: res[13]=[io  0x1000-0x0fff] get_res_add_size add_size 1000
[    1.596519] pci 0000:00:17.3: res[13]=[io  0x1000-0x0fff] get_res_add_size add_size 1000
[    1.596520] pci 0000:00:17.4: res[13]=[io  0x1000-0x0fff] get_res_add_size add_size 1000
[    1.596522] pci 0000:00:17.5: res[13]=[io  0x1000-0x0fff] get_res_add_size add_size 1000
[    1.596523] pci 0000:00:17.6: res[13]=[io  0x1000-0x0fff] get_res_add_size add_size 1000
[    1.596524] pci 0000:00:17.7: res[13]=[io  0x1000-0x0fff] get_res_add_size add_size 1000
[    1.596525] pci 0000:00:18.2: res[13]=[io  0x1000-0x0fff] get_res_add_size add_size 1000
[    1.596526] pci 0000:00:18.3: res[13]=[io  0x1000-0x0fff] get_res_add_size add_size 1000
[    1.596527] pci 0000:00:18.4: res[13]=[io  0x1000-0x0fff] get_res_add_size add_size 1000
[    1.596529] pci 0000:00:18.5: res[13]=[io  0x1000-0x0fff] get_res_add_size add_size 1000
[    1.596530] pci 0000:00:18.6: res[13]=[io  0x1000-0x0fff] get_res_add_size add_size 1000
[    1.596531] pci 0000:00:18.7: res[13]=[io  0x1000-0x0fff] get_res_add_size add_size 1000
[    1.596535] pci 0000:00:0f.0: BAR 6: assigned [mem 0xc0000000-0xc0007fff pref]
[    1.596538] pci 0000:00:10.0: BAR 6: assigned [mem 0xc0008000-0xc000bfff pref]
[    1.596541] pci 0000:00:15.3: BAR 13: can't assign io (size 0x1000)
[    1.596543] pci 0000:00:15.4: BAR 13: can't assign io (size 0x1000)
[    1.596545] pci 0000:00:15.5: BAR 13: can't assign io (size 0x1000)
[    1.596547] pci 0000:00:15.6: BAR 13: can't assign io (size 0x1000)
[    1.596548] pci 0000:00:15.7: BAR 13: can't assign io (size 0x1000)
[    1.596550] pci 0000:00:16.3: BAR 13: can't assign io (size 0x1000)
[    1.596551] pci 0000:00:16.4: BAR 13: can't assign io (size 0x1000)
[    1.596553] pci 0000:00:16.5: BAR 13: can't assign io (size 0x1000)
[    1.596555] pci 0000:00:16.6: BAR 13: can't assign io (size 0x1000)
[    1.596556] pci 0000:00:16.7: BAR 13: can't assign io (size 0x1000)
[    1.596558] pci 0000:00:17.3: BAR 13: can't assign io (size 0x1000)
[    1.596559] pci 0000:00:17.4: BAR 13: can't assign io (size 0x1000)
[    1.596561] pci 0000:00:17.5: BAR 13: can't assign io (size 0x1000)
[    1.596563] pci 0000:00:17.6: BAR 13: can't assign io (size 0x1000)
[    1.596564] pci 0000:00:17.7: BAR 13: can't assign io (size 0x1000)
[    1.596566] pci 0000:00:18.2: BAR 13: can't assign io (size 0x1000)
[    1.596567] pci 0000:00:18.3: BAR 13: can't assign io (size 0x1000)
[    1.596569] pci 0000:00:18.4: BAR 13: can't assign io (size 0x1000)
[    1.596571] pci 0000:00:18.5: BAR 13: can't assign io (size 0x1000)
[    1.596572] pci 0000:00:18.6: BAR 13: can't assign io (size 0x1000)
[    1.596574] pci 0000:00:18.7: BAR 13: can't assign io (size 0x1000)
[    1.596578] pci 0000:00:18.7: BAR 13: can't assign io (size 0x1000)
[    1.596579] pci 0000:00:18.6: BAR 13: can't assign io (size 0x1000)
[    1.596581] pci 0000:00:18.5: BAR 13: can't assign io (size 0x1000)
[    1.596583] pci 0000:00:18.4: BAR 13: can't assign io (size 0x1000)
[    1.596584] pci 0000:00:18.3: BAR 13: can't assign io (size 0x1000)
[    1.596586] pci 0000:00:18.2: BAR 13: can't assign io (size 0x1000)
[    1.596587] pci 0000:00:17.7: BAR 13: can't assign io (size 0x1000)
[    1.596589] pci 0000:00:17.6: BAR 13: can't assign io (size 0x1000)
[    1.596590] pci 0000:00:17.5: BAR 13: can't assign io (size 0x1000)
[    1.596592] pci 0000:00:17.4: BAR 13: can't assign io (size 0x1000)
[    1.596594] pci 0000:00:17.3: BAR 13: can't assign io (size 0x1000)
[    1.596595] pci 0000:00:16.7: BAR 13: can't assign io (size 0x1000)
[    1.596597] pci 0000:00:16.6: BAR 13: can't assign io (size 0x1000)
[    1.596598] pci 0000:00:16.5: BAR 13: can't assign io (size 0x1000)
[    1.596600] pci 0000:00:16.4: BAR 13: can't assign io (size 0x1000)
[    1.596601] pci 0000:00:16.3: BAR 13: can't assign io (size 0x1000)
[    1.596603] pci 0000:00:15.7: BAR 13: can't assign io (size 0x1000)
[    1.596605] pci 0000:00:15.6: BAR 13: can't assign io (size 0x1000)
[    1.596606] pci 0000:00:15.5: BAR 13: can't assign io (size 0x1000)
[    1.596608] pci 0000:00:15.4: BAR 13: can't assign io (size 0x1000)
[    1.596609] pci 0000:00:15.3: BAR 13: can't assign io (size 0x1000)
[    1.596611] pci 0000:00:01.0: PCI bridge to [bus 01]
[    1.596699] pci 0000:02:01.0: BAR 6: assigned [mem 0xe7b00000-0xe7b0ffff pref]
[    1.596701] pci 0000:02:05.0: BAR 6: assigned [mem 0xe7b10000-0xe7b1ffff pref]
[    1.596703] pci 0000:00:11.0: PCI bridge to [bus 02]
[    1.596714] pci 0000:00:11.0:   bridge window [io  0x2000-0x3fff]
[    1.596739] pci 0000:00:11.0:   bridge window [mem 0xfd500000-0xfdffffff]
[    1.596765] pci 0000:00:11.0:   bridge window [mem 0xe7b00000-0xe7ffffff 64bit pref]
[    1.596811] pci 0000:00:15.0: PCI bridge to [bus 03]
[    1.596831] pci 0000:00:15.0:   bridge window [io  0x4000-0x4fff]
[    1.596857] pci 0000:00:15.0:   bridge window [mem 0xfd400000-0xfd4fffff]
[    1.596875] pci 0000:00:15.0:   bridge window [mem 0xe7a00000-0xe7afffff 64bit pref]
[    1.596945] pci 0000:00:15.1: PCI bridge to [bus 04]
[    1.596957] pci 0000:00:15.1:   bridge window [io  0x8000-0x8fff]
[    1.596984] pci 0000:00:15.1:   bridge window [mem 0xfd000000-0xfd0fffff]
[    1.597002] pci 0000:00:15.1:   bridge window [mem 0xe7600000-0xe76fffff 64bit pref]
[    1.597052] pci 0000:00:15.2: PCI bridge to [bus 05]
[    1.597063] pci 0000:00:15.2:   bridge window [io  0xc000-0xcfff]
[    1.597090] pci 0000:00:15.2:   bridge window [mem 0xfcc00000-0xfccfffff]
[    1.597108] pci 0000:00:15.2:   bridge window [mem 0xe7200000-0xe72fffff 64bit pref]
[    1.597156] pci 0000:00:15.3: PCI bridge to [bus 06]
[    1.597183] pci 0000:00:15.3:   bridge window [mem 0xfc800000-0xfc8fffff]
[    1.597201] pci 0000:00:15.3:   bridge window [mem 0xe6e00000-0xe6efffff 64bit pref]
[    1.597257] pci 0000:00:15.4: PCI bridge to [bus 07]
[    1.597283] pci 0000:00:15.4:   bridge window [mem 0xfc400000-0xfc4fffff]
[    1.597301] pci 0000:00:15.4:   bridge window [mem 0xe6a00000-0xe6afffff 64bit pref]
[    1.597393] pci 0000:00:15.5: PCI bridge to [bus 08]
[    1.597421] pci 0000:00:15.5:   bridge window [mem 0xfc000000-0xfc0fffff]
[    1.597439] pci 0000:00:15.5:   bridge window [mem 0xe6600000-0xe66fffff 64bit pref]
[    1.597497] pci 0000:00:15.6: PCI bridge to [bus 09]
[    1.597526] pci 0000:00:15.6:   bridge window [mem 0xfbc00000-0xfbcfffff]
[    1.597545] pci 0000:00:15.6:   bridge window [mem 0xe6200000-0xe62fffff 64bit pref]
[    1.597613] pci 0000:00:15.7: PCI bridge to [bus 0a]
[    1.597642] pci 0000:00:15.7:   bridge window [mem 0xfb800000-0xfb8fffff]
[    1.597678] pci 0000:00:15.7:   bridge window [mem 0xe5e00000-0xe5efffff 64bit pref]
[    1.597724] pci 0000:00:16.0: PCI bridge to [bus 0b]
[    1.597736] pci 0000:00:16.0:   bridge window [io  0x5000-0x5fff]
[    1.597773] pci 0000:00:16.0:   bridge window [mem 0xfd300000-0xfd3fffff]
[    1.597792] pci 0000:00:16.0:   bridge window [mem 0xe7900000-0xe79fffff 64bit pref]
[    1.597852] pci 0000:00:16.1: PCI bridge to [bus 0c]
[    1.597864] pci 0000:00:16.1:   bridge window [io  0x9000-0x9fff]
[    1.597899] pci 0000:00:16.1:   bridge window [mem 0xfcf00000-0xfcffffff]
[    1.597919] pci 0000:00:16.1:   bridge window [mem 0xe7500000-0xe75fffff 64bit pref]
[    1.597969] pci 0000:00:16.2: PCI bridge to [bus 0d]
[    1.597990] pci 0000:00:16.2:   bridge window [io  0xd000-0xdfff]
[    1.598017] pci 0000:00:16.2:   bridge window [mem 0xfcb00000-0xfcbfffff]
[    1.598035] pci 0000:00:16.2:   bridge window [mem 0xe7100000-0xe71fffff 64bit pref]
[    1.598082] pci 0000:00:16.3: PCI bridge to [bus 0e]
[    1.598119] pci 0000:00:16.3:   bridge window [mem 0xfc700000-0xfc7fffff]
[    1.598138] pci 0000:00:16.3:   bridge window [mem 0xe6d00000-0xe6dfffff 64bit pref]
[    1.598188] pci 0000:00:16.4: PCI bridge to [bus 0f]
[    1.598217] pci 0000:00:16.4:   bridge window [mem 0xfc300000-0xfc3fffff]
[    1.598245] pci 0000:00:16.4:   bridge window [mem 0xe6900000-0xe69fffff 64bit pref]
[    1.598306] pci 0000:00:16.5: PCI bridge to [bus 10]
[    1.598335] pci 0000:00:16.5:   bridge window [mem 0xfbf00000-0xfbffffff]
[    1.598363] pci 0000:00:16.5:   bridge window [mem 0xe6500000-0xe65fffff 64bit pref]
[    1.598412] pci 0000:00:16.6: PCI bridge to [bus 11]
[    1.598440] pci 0000:00:16.6:   bridge window [mem 0xfbb00000-0xfbbfffff]
[    1.598458] pci 0000:00:16.6:   bridge window [mem 0xe6100000-0xe61fffff 64bit pref]
[    1.598505] pci 0000:00:16.7: PCI bridge to [bus 12]
[    1.598532] pci 0000:00:16.7:   bridge window [mem 0xfb700000-0xfb7fffff]
[    1.598568] pci 0000:00:16.7:   bridge window [mem 0xe5d00000-0xe5dfffff 64bit pref]
[    1.598615] pci 0000:00:17.0: PCI bridge to [bus 13]
[    1.598626] pci 0000:00:17.0:   bridge window [io  0x6000-0x6fff]
[    1.598652] pci 0000:00:17.0:   bridge window [mem 0xfd200000-0xfd2fffff]
[    1.598670] pci 0000:00:17.0:   bridge window [mem 0xe7800000-0xe78fffff 64bit pref]
[    1.598717] pci 0000:00:17.1: PCI bridge to [bus 14]
[    1.598729] pci 0000:00:17.1:   bridge window [io  0xa000-0xafff]
[    1.598755] pci 0000:00:17.1:   bridge window [mem 0xfce00000-0xfcefffff]
[    1.598773] pci 0000:00:17.1:   bridge window [mem 0xe7400000-0xe74fffff 64bit pref]
[    1.598820] pci 0000:00:17.2: PCI bridge to [bus 15]
[    1.598832] pci 0000:00:17.2:   bridge window [io  0xe000-0xefff]
[    1.598858] pci 0000:00:17.2:   bridge window [mem 0xfca00000-0xfcafffff]
[    1.598876] pci 0000:00:17.2:   bridge window [mem 0xe7000000-0xe70fffff 64bit pref]
[    1.598941] pci 0000:00:17.3: PCI bridge to [bus 16]
[    1.598968] pci 0000:00:17.3:   bridge window [mem 0xfc600000-0xfc6fffff]
[    1.598986] pci 0000:00:17.3:   bridge window [mem 0xe6c00000-0xe6cfffff 64bit pref]
[    1.599040] pci 0000:00:17.4: PCI bridge to [bus 17]
[    1.599067] pci 0000:00:17.4:   bridge window [mem 0xfc200000-0xfc2fffff]
[    1.599085] pci 0000:00:17.4:   bridge window [mem 0xe6800000-0xe68fffff 64bit pref]
[    1.599132] pci 0000:00:17.5: PCI bridge to [bus 18]
[    1.599159] pci 0000:00:17.5:   bridge window [mem 0xfbe00000-0xfbefffff]
[    1.599177] pci 0000:00:17.5:   bridge window [mem 0xe6400000-0xe64fffff 64bit pref]
[    1.599224] pci 0000:00:17.6: PCI bridge to [bus 19]
[    1.599251] pci 0000:00:17.6:   bridge window [mem 0xfba00000-0xfbafffff]
[    1.599269] pci 0000:00:17.6:   bridge window [mem 0xe6000000-0xe60fffff 64bit pref]
[    1.599315] pci 0000:00:17.7: PCI bridge to [bus 1a]
[    1.599343] pci 0000:00:17.7:   bridge window [mem 0xfb600000-0xfb6fffff]
[    1.599361] pci 0000:00:17.7:   bridge window [mem 0xe5c00000-0xe5cfffff 64bit pref]
[    1.599407] pci 0000:00:18.0: PCI bridge to [bus 1b]
[    1.599419] pci 0000:00:18.0:   bridge window [io  0x7000-0x7fff]
[    1.599455] pci 0000:00:18.0:   bridge window [mem 0xfd100000-0xfd1fffff]
[    1.599474] pci 0000:00:18.0:   bridge window [mem 0xe7700000-0xe77fffff 64bit pref]
[    1.599525] pci 0000:00:18.1: PCI bridge to [bus 1c]
[    1.599537] pci 0000:00:18.1:   bridge window [io  0xb000-0xbfff]
[    1.599574] pci 0000:00:18.1:   bridge window [mem 0xfcd00000-0xfcdfffff]
[    1.599602] pci 0000:00:18.1:   bridge window [mem 0xe7300000-0xe73fffff 64bit pref]
[    1.599657] pci 0000:00:18.2: PCI bridge to [bus 1d]
[    1.599686] pci 0000:00:18.2:   bridge window [mem 0xfc900000-0xfc9fffff]
[    1.599706] pci 0000:00:18.2:   bridge window [mem 0xe6f00000-0xe6ffffff 64bit pref]
[    1.599756] pci 0000:00:18.3: PCI bridge to [bus 1e]
[    1.599785] pci 0000:00:18.3:   bridge window [mem 0xfc500000-0xfc5fffff]
[    1.599804] pci 0000:00:18.3:   bridge window [mem 0xe6b00000-0xe6bfffff 64bit pref]
[    1.599854] pci 0000:00:18.4: PCI bridge to [bus 1f]
[    1.599884] pci 0000:00:18.4:   bridge window [mem 0xfc100000-0xfc1fffff]
[    1.599903] pci 0000:00:18.4:   bridge window [mem 0xe6700000-0xe67fffff 64bit pref]
[    1.599953] pci 0000:00:18.5: PCI bridge to [bus 20]
[    1.599989] pci 0000:00:18.5:   bridge window [mem 0xfbd00000-0xfbdfffff]
[    1.600008] pci 0000:00:18.5:   bridge window [mem 0xe6300000-0xe63fffff 64bit pref]
[    1.600058] pci 0000:00:18.6: PCI bridge to [bus 21]
[    1.600087] pci 0000:00:18.6:   bridge window [mem 0xfb900000-0xfb9fffff]
[    1.600107] pci 0000:00:18.6:   bridge window [mem 0xe5f00000-0xe5ffffff 64bit pref]
[    1.600157] pci 0000:00:18.7: PCI bridge to [bus 22]
[    1.600186] pci 0000:00:18.7:   bridge window [mem 0xfb500000-0xfb5fffff]
[    1.600205] pci 0000:00:18.7:   bridge window [mem 0xe5b00000-0xe5bfffff 64bit pref]
[    1.600256] pci_bus 0000:00: resource 4 [mem 0x000a0000-0x000bffff]
[    1.600258] pci_bus 0000:00: resource 5 [mem 0x000d0000-0x000d3fff]
[    1.600259] pci_bus 0000:00: resource 6 [mem 0x000d4000-0x000d7fff]
[    1.600260] pci_bus 0000:00: resource 7 [mem 0x000d8000-0x000dbfff]
[    1.600262] pci_bus 0000:00: resource 8 [mem 0xc0000000-0xfebfffff]
[    1.600263] pci_bus 0000:00: resource 9 [io  0x0000-0x0cf7]
[    1.600264] pci_bus 0000:00: resource 10 [io  0x0d00-0xfeff]
[    1.600266] pci_bus 0000:02: resource 0 [io  0x2000-0x3fff]
[    1.600268] pci_bus 0000:02: resource 1 [mem 0xfd500000-0xfdffffff]
[    1.600269] pci_bus 0000:02: resource 2 [mem 0xe7b00000-0xe7ffffff 64bit pref]
[    1.600270] pci_bus 0000:02: resource 4 [mem 0x000a0000-0x000bffff]
[    1.600271] pci_bus 0000:02: resource 5 [mem 0x000d0000-0x000d3fff]
[    1.600272] pci_bus 0000:02: resource 6 [mem 0x000d4000-0x000d7fff]
[    1.600274] pci_bus 0000:02: resource 7 [mem 0x000d8000-0x000dbfff]
[    1.600275] pci_bus 0000:02: resource 8 [mem 0xc0000000-0xfebfffff]
[    1.600276] pci_bus 0000:02: resource 9 [io  0x0000-0x0cf7]
[    1.600277] pci_bus 0000:02: resource 10 [io  0x0d00-0xfeff]
[    1.600279] pci_bus 0000:03: resource 0 [io  0x4000-0x4fff]
[    1.600280] pci_bus 0000:03: resource 1 [mem 0xfd400000-0xfd4fffff]
[    1.600281] pci_bus 0000:03: resource 2 [mem 0xe7a00000-0xe7afffff 64bit pref]
[    1.600283] pci_bus 0000:04: resource 0 [io  0x8000-0x8fff]
[    1.600284] pci_bus 0000:04: resource 1 [mem 0xfd000000-0xfd0fffff]
[    1.600285] pci_bus 0000:04: resource 2 [mem 0xe7600000-0xe76fffff 64bit pref]
[    1.600287] pci_bus 0000:05: resource 0 [io  0xc000-0xcfff]
[    1.600288] pci_bus 0000:05: resource 1 [mem 0xfcc00000-0xfccfffff]
[    1.600289] pci_bus 0000:05: resource 2 [mem 0xe7200000-0xe72fffff 64bit pref]
[    1.600290] pci_bus 0000:06: resource 1 [mem 0xfc800000-0xfc8fffff]
[    1.600292] pci_bus 0000:06: resource 2 [mem 0xe6e00000-0xe6efffff 64bit pref]
[    1.600293] pci_bus 0000:07: resource 1 [mem 0xfc400000-0xfc4fffff]
[    1.600294] pci_bus 0000:07: resource 2 [mem 0xe6a00000-0xe6afffff 64bit pref]
[    1.600296] pci_bus 0000:08: resource 1 [mem 0xfc000000-0xfc0fffff]
[    1.600297] pci_bus 0000:08: resource 2 [mem 0xe6600000-0xe66fffff 64bit pref]
[    1.600298] pci_bus 0000:09: resource 1 [mem 0xfbc00000-0xfbcfffff]
[    1.600299] pci_bus 0000:09: resource 2 [mem 0xe6200000-0xe62fffff 64bit pref]
[    1.600301] pci_bus 0000:0a: resource 1 [mem 0xfb800000-0xfb8fffff]
[    1.600302] pci_bus 0000:0a: resource 2 [mem 0xe5e00000-0xe5efffff 64bit pref]
[    1.600303] pci_bus 0000:0b: resource 0 [io  0x5000-0x5fff]
[    1.600305] pci_bus 0000:0b: resource 1 [mem 0xfd300000-0xfd3fffff]
[    1.600306] pci_bus 0000:0b: resource 2 [mem 0xe7900000-0xe79fffff 64bit pref]
[    1.600307] pci_bus 0000:0c: resource 0 [io  0x9000-0x9fff]
[    1.600308] pci_bus 0000:0c: resource 1 [mem 0xfcf00000-0xfcffffff]
[    1.600310] pci_bus 0000:0c: resource 2 [mem 0xe7500000-0xe75fffff 64bit pref]
[    1.600311] pci_bus 0000:0d: resource 0 [io  0xd000-0xdfff]
[    1.600312] pci_bus 0000:0d: resource 1 [mem 0xfcb00000-0xfcbfffff]
[    1.600313] pci_bus 0000:0d: resource 2 [mem 0xe7100000-0xe71fffff 64bit pref]
[    1.600315] pci_bus 0000:0e: resource 1 [mem 0xfc700000-0xfc7fffff]
[    1.600316] pci_bus 0000:0e: resource 2 [mem 0xe6d00000-0xe6dfffff 64bit pref]
[    1.600317] pci_bus 0000:0f: resource 1 [mem 0xfc300000-0xfc3fffff]
[    1.600318] pci_bus 0000:0f: resource 2 [mem 0xe6900000-0xe69fffff 64bit pref]
[    1.600320] pci_bus 0000:10: resource 1 [mem 0xfbf00000-0xfbffffff]
[    1.600321] pci_bus 0000:10: resource 2 [mem 0xe6500000-0xe65fffff 64bit pref]
[    1.600322] pci_bus 0000:11: resource 1 [mem 0xfbb00000-0xfbbfffff]
[    1.600324] pci_bus 0000:11: resource 2 [mem 0xe6100000-0xe61fffff 64bit pref]
[    1.600325] pci_bus 0000:12: resource 1 [mem 0xfb700000-0xfb7fffff]
[    1.600326] pci_bus 0000:12: resource 2 [mem 0xe5d00000-0xe5dfffff 64bit pref]
[    1.600327] pci_bus 0000:13: resource 0 [io  0x6000-0x6fff]
[    1.600329] pci_bus 0000:13: resource 1 [mem 0xfd200000-0xfd2fffff]
[    1.600330] pci_bus 0000:13: resource 2 [mem 0xe7800000-0xe78fffff 64bit pref]
[    1.600331] pci_bus 0000:14: resource 0 [io  0xa000-0xafff]
[    1.600332] pci_bus 0000:14: resource 1 [mem 0xfce00000-0xfcefffff]
[    1.600333] pci_bus 0000:14: resource 2 [mem 0xe7400000-0xe74fffff 64bit pref]
[    1.600335] pci_bus 0000:15: resource 0 [io  0xe000-0xefff]
[    1.600336] pci_bus 0000:15: resource 1 [mem 0xfca00000-0xfcafffff]
[    1.600337] pci_bus 0000:15: resource 2 [mem 0xe7000000-0xe70fffff 64bit pref]
[    1.600338] pci_bus 0000:16: resource 1 [mem 0xfc600000-0xfc6fffff]
[    1.600340] pci_bus 0000:16: resource 2 [mem 0xe6c00000-0xe6cfffff 64bit pref]
[    1.600341] pci_bus 0000:17: resource 1 [mem 0xfc200000-0xfc2fffff]
[    1.600342] pci_bus 0000:17: resource 2 [mem 0xe6800000-0xe68fffff 64bit pref]
[    1.600344] pci_bus 0000:18: resource 1 [mem 0xfbe00000-0xfbefffff]
[    1.600345] pci_bus 0000:18: resource 2 [mem 0xe6400000-0xe64fffff 64bit pref]
[    1.600346] pci_bus 0000:19: resource 1 [mem 0xfba00000-0xfbafffff]
[    1.600347] pci_bus 0000:19: resource 2 [mem 0xe6000000-0xe60fffff 64bit pref]
[    1.600349] pci_bus 0000:1a: resource 1 [mem 0xfb600000-0xfb6fffff]
[    1.600350] pci_bus 0000:1a: resource 2 [mem 0xe5c00000-0xe5cfffff 64bit pref]
[    1.600351] pci_bus 0000:1b: resource 0 [io  0x7000-0x7fff]
[    1.600352] pci_bus 0000:1b: resource 1 [mem 0xfd100000-0xfd1fffff]
[    1.600354] pci_bus 0000:1b: resource 2 [mem 0xe7700000-0xe77fffff 64bit pref]
[    1.600355] pci_bus 0000:1c: resource 0 [io  0xb000-0xbfff]
[    1.600356] pci_bus 0000:1c: resource 1 [mem 0xfcd00000-0xfcdfffff]
[    1.600357] pci_bus 0000:1c: resource 2 [mem 0xe7300000-0xe73fffff 64bit pref]
[    1.600359] pci_bus 0000:1d: resource 1 [mem 0xfc900000-0xfc9fffff]
[    1.600360] pci_bus 0000:1d: resource 2 [mem 0xe6f00000-0xe6ffffff 64bit pref]
[    1.600361] pci_bus 0000:1e: resource 1 [mem 0xfc500000-0xfc5fffff]
[    1.600362] pci_bus 0000:1e: resource 2 [mem 0xe6b00000-0xe6bfffff 64bit pref]
[    1.600364] pci_bus 0000:1f: resource 1 [mem 0xfc100000-0xfc1fffff]
[    1.600365] pci_bus 0000:1f: resource 2 [mem 0xe6700000-0xe67fffff 64bit pref]
[    1.600367] pci_bus 0000:20: resource 1 [mem 0xfbd00000-0xfbdfffff]
[    1.600368] pci_bus 0000:20: resource 2 [mem 0xe6300000-0xe63fffff 64bit pref]
[    1.600369] pci_bus 0000:21: resource 1 [mem 0xfb900000-0xfb9fffff]
[    1.600370] pci_bus 0000:21: resource 2 [mem 0xe5f00000-0xe5ffffff 64bit pref]
[    1.600372] pci_bus 0000:22: resource 1 [mem 0xfb500000-0xfb5fffff]
[    1.600373] pci_bus 0000:22: resource 2 [mem 0xe5b00000-0xe5bfffff 64bit pref]
[    1.600428] NET: Registered protocol family 2
[    1.600891] TCP established hash table entries: 32768 (order: 6, 262144 bytes)
[    1.601947] TCP bind hash table entries: 32768 (order: 7, 524288 bytes)
[    1.604190] TCP: Hash tables configured (established 32768 bind 32768)
[    1.604610] TCP: reno registered
[    1.604624] UDP hash table entries: 2048 (order: 4, 65536 bytes)
[    1.604858] UDP-Lite hash table entries: 2048 (order: 4, 65536 bytes)
[    1.605656] NET: Registered protocol family 1
[    1.605667] pci 0000:00:00.0: Limiting direct PCI/PCI transfers
[    1.605748] pci 0000:00:0f.0: Boot video device
[    1.606914] PCI: CLS mismatch (32 != 64), using 64 bytes
[    1.607624] Trying to unpack rootfs image as initramfs...
[    2.312347] Freeing initrd memory: 28288K (ffff8800348b0000 - ffff880036450000)
[    2.312538] Simple Boot Flag at 0x36 set to 0x80
[    2.312702] Switched to clocksource tsc
[    2.313367] microcode: CPU0 sig=0x306a9, pf=0x1, revision=0x1b
[    2.313431] microcode: CPU1 sig=0x306a9, pf=0x1, revision=0x1b
[    2.313438] microcode: CPU2 sig=0x306a9, pf=0x1, revision=0x1b
[    2.313510] microcode: CPU3 sig=0x306a9, pf=0x1, revision=0x1b
[    2.313568] microcode: CPU4 sig=0x306a9, pf=0x1, revision=0x1b
[    2.313625] microcode: CPU5 sig=0x306a9, pf=0x1, revision=0x1b
[    2.313682] microcode: CPU6 sig=0x306a9, pf=0x1, revision=0x1b
[    2.313739] microcode: CPU7 sig=0x306a9, pf=0x1, revision=0x1b
[    2.313921] microcode: Microcode Update Driver: v2.00 <tigran@aivazian.fsnet.co.uk>, Peter Oruba
[    2.313924] Scanning for low memory corruption every 60 seconds
[    2.315741] Initialise system trusted keyring
[    2.315785] audit: initializing netlink socket (disabled)
[    2.316132] type=2000 audit(1427628517.158:1): initialized
[    2.339855] HugeTLB registered 2 MB page size, pre-allocated 0 pages
[    2.342429] zbud: loaded
[    2.342842] VFS: Disk quotas dquot_6.5.2
[    2.342994] Dquot-cache hash table entries: 512 (order 0, 4096 bytes)
[    2.343987] fuse init (API version 7.22)
[    2.344194] msgmni has been set to 6000
[    2.344456] Key type big_key registered
[    2.346932] Key type asymmetric registered
[    2.346934] Asymmetric key parser 'x509' registered
[    2.346964] Block layer SCSI generic (bsg) driver version 0.4 loaded (major 252)
[    2.347284] io scheduler noop registered
[    2.347286] io scheduler deadline registered (default)
[    2.347327] io scheduler cfq registered
[    2.347710] pcieport 0000:00:15.0: irq 40 for MSI/MSI-X
[    2.348335] pcieport 0000:00:15.1: irq 41 for MSI/MSI-X
[    2.348960] pcieport 0000:00:15.2: irq 42 for MSI/MSI-X
[    2.349574] pcieport 0000:00:15.3: irq 43 for MSI/MSI-X
[    2.350200] pcieport 0000:00:15.4: irq 44 for MSI/MSI-X
[    2.350943] pcieport 0000:00:15.5: irq 45 for MSI/MSI-X
[    2.351504] pcieport 0000:00:15.6: irq 46 for MSI/MSI-X
[    2.352059] pcieport 0000:00:15.7: irq 47 for MSI/MSI-X
[    2.352607] pcieport 0000:00:16.0: irq 48 for MSI/MSI-X
[    2.353221] pcieport 0000:00:16.1: irq 49 for MSI/MSI-X
[    2.353788] pcieport 0000:00:16.2: irq 50 for MSI/MSI-X
[    2.354338] pcieport 0000:00:16.3: irq 51 for MSI/MSI-X
[    2.354889] pcieport 0000:00:16.4: irq 52 for MSI/MSI-X
[    2.355498] pcieport 0000:00:16.5: irq 53 for MSI/MSI-X
[    2.356083] pcieport 0000:00:16.6: irq 54 for MSI/MSI-X
[    2.356645] pcieport 0000:00:16.7: irq 55 for MSI/MSI-X
[    2.357226] pcieport 0000:00:17.0: irq 56 for MSI/MSI-X
[    2.357821] pcieport 0000:00:17.1: irq 57 for MSI/MSI-X
[    2.358371] pcieport 0000:00:17.2: irq 58 for MSI/MSI-X
[    2.358949] pcieport 0000:00:17.3: irq 59 for MSI/MSI-X
[    2.359499] pcieport 0000:00:17.4: irq 60 for MSI/MSI-X
[    2.360172] pcieport 0000:00:17.5: irq 61 for MSI/MSI-X
[    2.360744] pcieport 0000:00:17.6: irq 62 for MSI/MSI-X
[    2.361335] pcieport 0000:00:17.7: irq 63 for MSI/MSI-X
[    2.361925] pcieport 0000:00:18.0: irq 64 for MSI/MSI-X
[    2.362481] pcieport 0000:00:18.1: irq 65 for MSI/MSI-X
[    2.363038] pcieport 0000:00:18.2: irq 66 for MSI/MSI-X
[    2.363626] pcieport 0000:00:18.3: irq 67 for MSI/MSI-X
[    2.364199] pcieport 0000:00:18.4: irq 68 for MSI/MSI-X
[    2.364751] pcieport 0000:00:18.5: irq 69 for MSI/MSI-X
[    2.365326] pcieport 0000:00:18.6: irq 70 for MSI/MSI-X
[    2.365914] pcieport 0000:00:18.7: irq 71 for MSI/MSI-X
[    2.366388] pcieport 0000:00:15.0: Signaling PME through PCIe PME interrupt
[    2.366409] pcie_pme 0000:00:15.0:pcie01: service driver pcie_pme loaded
[    2.366512] pcieport 0000:00:15.1: Signaling PME through PCIe PME interrupt
[    2.366533] pcie_pme 0000:00:15.1:pcie01: service driver pcie_pme loaded
[    2.366670] pcieport 0000:00:15.2: Signaling PME through PCIe PME interrupt
[    2.366692] pcie_pme 0000:00:15.2:pcie01: service driver pcie_pme loaded
[    2.366794] pcieport 0000:00:15.3: Signaling PME through PCIe PME interrupt
[    2.366815] pcie_pme 0000:00:15.3:pcie01: service driver pcie_pme loaded
[    2.366916] pcieport 0000:00:15.4: Signaling PME through PCIe PME interrupt
[    2.366937] pcie_pme 0000:00:15.4:pcie01: service driver pcie_pme loaded
[    2.367068] pcieport 0000:00:15.5: Signaling PME through PCIe PME interrupt
[    2.367090] pcie_pme 0000:00:15.5:pcie01: service driver pcie_pme loaded
[    2.367191] pcieport 0000:00:15.6: Signaling PME through PCIe PME interrupt
[    2.367212] pcie_pme 0000:00:15.6:pcie01: service driver pcie_pme loaded
[    2.367313] pcieport 0000:00:15.7: Signaling PME through PCIe PME interrupt
[    2.367333] pcie_pme 0000:00:15.7:pcie01: service driver pcie_pme loaded
[    2.367435] pcieport 0000:00:16.0: Signaling PME through PCIe PME interrupt
[    2.367455] pcie_pme 0000:00:16.0:pcie01: service driver pcie_pme loaded
[    2.367557] pcieport 0000:00:16.1: Signaling PME through PCIe PME interrupt
[    2.367578] pcie_pme 0000:00:16.1:pcie01: service driver pcie_pme loaded
[    2.367679] pcieport 0000:00:16.2: Signaling PME through PCIe PME interrupt
[    2.367699] pcie_pme 0000:00:16.2:pcie01: service driver pcie_pme loaded
[    2.367800] pcieport 0000:00:16.3: Signaling PME through PCIe PME interrupt
[    2.367820] pcie_pme 0000:00:16.3:pcie01: service driver pcie_pme loaded
[    2.367921] pcieport 0000:00:16.4: Signaling PME through PCIe PME interrupt
[    2.367942] pcie_pme 0000:00:16.4:pcie01: service driver pcie_pme loaded
[    2.368128] pcieport 0000:00:16.5: Signaling PME through PCIe PME interrupt
[    2.368151] pcie_pme 0000:00:16.5:pcie01: service driver pcie_pme loaded
[    2.368253] pcieport 0000:00:16.6: Signaling PME through PCIe PME interrupt
[    2.368274] pcie_pme 0000:00:16.6:pcie01: service driver pcie_pme loaded
[    2.368375] pcieport 0000:00:16.7: Signaling PME through PCIe PME interrupt
[    2.368395] pcie_pme 0000:00:16.7:pcie01: service driver pcie_pme loaded
[    2.368496] pcieport 0000:00:17.0: Signaling PME through PCIe PME interrupt
[    2.368517] pcie_pme 0000:00:17.0:pcie01: service driver pcie_pme loaded
[    2.368618] pcieport 0000:00:17.1: Signaling PME through PCIe PME interrupt
[    2.368639] pcie_pme 0000:00:17.1:pcie01: service driver pcie_pme loaded
[    2.368740] pcieport 0000:00:17.2: Signaling PME through PCIe PME interrupt
[    2.368761] pcie_pme 0000:00:17.2:pcie01: service driver pcie_pme loaded
[    2.368863] pcieport 0000:00:17.3: Signaling PME through PCIe PME interrupt
[    2.368884] pcie_pme 0000:00:17.3:pcie01: service driver pcie_pme loaded
[    2.368986] pcieport 0000:00:17.4: Signaling PME through PCIe PME interrupt
[    2.369007] pcie_pme 0000:00:17.4:pcie01: service driver pcie_pme loaded
[    2.369139] pcieport 0000:00:17.5: Signaling PME through PCIe PME interrupt
[    2.369160] pcie_pme 0000:00:17.5:pcie01: service driver pcie_pme loaded
[    2.369289] pcieport 0000:00:17.6: Signaling PME through PCIe PME interrupt
[    2.369319] pcie_pme 0000:00:17.6:pcie01: service driver pcie_pme loaded
[    2.369466] pcieport 0000:00:17.7: Signaling PME through PCIe PME interrupt
[    2.369488] pcie_pme 0000:00:17.7:pcie01: service driver pcie_pme loaded
[    2.369590] pcieport 0000:00:18.0: Signaling PME through PCIe PME interrupt
[    2.369611] pcie_pme 0000:00:18.0:pcie01: service driver pcie_pme loaded
[    2.369712] pcieport 0000:00:18.1: Signaling PME through PCIe PME interrupt
[    2.369733] pcie_pme 0000:00:18.1:pcie01: service driver pcie_pme loaded
[    2.369855] pcieport 0000:00:18.2: Signaling PME through PCIe PME interrupt
[    2.369876] pcie_pme 0000:00:18.2:pcie01: service driver pcie_pme loaded
[    2.369977] pcieport 0000:00:18.3: Signaling PME through PCIe PME interrupt
[    2.369998] pcie_pme 0000:00:18.3:pcie01: service driver pcie_pme loaded
[    2.370099] pcieport 0000:00:18.4: Signaling PME through PCIe PME interrupt
[    2.370119] pcie_pme 0000:00:18.4:pcie01: service driver pcie_pme loaded
[    2.370220] pcieport 0000:00:18.5: Signaling PME through PCIe PME interrupt
[    2.370241] pcie_pme 0000:00:18.5:pcie01: service driver pcie_pme loaded
[    2.370372] pcieport 0000:00:18.6: Signaling PME through PCIe PME interrupt
[    2.370394] pcie_pme 0000:00:18.6:pcie01: service driver pcie_pme loaded
[    2.370512] pcieport 0000:00:18.7: Signaling PME through PCIe PME interrupt
[    2.370532] pcie_pme 0000:00:18.7:pcie01: service driver pcie_pme loaded
[    2.370552] pci_hotplug: PCI Hot Plug PCI Core version: 0.5
[    2.371042] pciehp 0000:00:15.0:pcie04: HPC vendor_id 15ad device_id 7a0 ss_vid 15ad ss_did 7a0
[    2.371229] pciehp 0000:00:15.0:pcie04: service driver pciehp loaded
[    2.371294] pciehp 0000:00:15.1:pcie04: HPC vendor_id 15ad device_id 7a0 ss_vid 15ad ss_did 7a0
[    2.371453] pciehp 0000:00:15.1:pcie04: service driver pciehp loaded
[    2.371546] pciehp 0000:00:15.2:pcie04: HPC vendor_id 15ad device_id 7a0 ss_vid 15ad ss_did 7a0
[    2.371699] pciehp 0000:00:15.2:pcie04: service driver pciehp loaded
[    2.371760] pciehp 0000:00:15.3:pcie04: HPC vendor_id 15ad device_id 7a0 ss_vid 15ad ss_did 7a0
[    2.371950] pciehp 0000:00:15.3:pcie04: service driver pciehp loaded
[    2.372012] pciehp 0000:00:15.4:pcie04: HPC vendor_id 15ad device_id 7a0 ss_vid 15ad ss_did 7a0
[    2.372174] pciehp 0000:00:15.4:pcie04: service driver pciehp loaded
[    2.372241] pciehp 0000:00:15.5:pcie04: HPC vendor_id 15ad device_id 7a0 ss_vid 15ad ss_did 7a0
[    2.372405] pciehp 0000:00:15.5:pcie04: service driver pciehp loaded
[    2.372474] pciehp 0000:00:15.6:pcie04: HPC vendor_id 15ad device_id 7a0 ss_vid 15ad ss_did 7a0
[    2.372633] pciehp 0000:00:15.6:pcie04: service driver pciehp loaded
[    2.372696] pciehp 0000:00:15.7:pcie04: HPC vendor_id 15ad device_id 7a0 ss_vid 15ad ss_did 7a0
[    2.372845] pciehp 0000:00:15.7:pcie04: service driver pciehp loaded
[    2.372906] pciehp 0000:00:16.0:pcie04: HPC vendor_id 15ad device_id 7a0 ss_vid 15ad ss_did 7a0
[    2.373068] pciehp 0000:00:16.0:pcie04: service driver pciehp loaded
[    2.373171] pciehp 0000:00:16.1:pcie04: HPC vendor_id 15ad device_id 7a0 ss_vid 15ad ss_did 7a0
[    2.373413] pciehp 0000:00:16.1:pcie04: service driver pciehp loaded
[    2.373475] pciehp 0000:00:16.2:pcie04: HPC vendor_id 15ad device_id 7a0 ss_vid 15ad ss_did 7a0
[    2.373639] pciehp 0000:00:16.2:pcie04: service driver pciehp loaded
[    2.373701] pciehp 0000:00:16.3:pcie04: HPC vendor_id 15ad device_id 7a0 ss_vid 15ad ss_did 7a0
[    2.373886] pciehp 0000:00:16.3:pcie04: service driver pciehp loaded
[    2.373979] pciehp 0000:00:16.4:pcie04: HPC vendor_id 15ad device_id 7a0 ss_vid 15ad ss_did 7a0
[    2.374146] pciehp 0000:00:16.4:pcie04: service driver pciehp loaded
[    2.374208] pciehp 0000:00:16.5:pcie04: HPC vendor_id 15ad device_id 7a0 ss_vid 15ad ss_did 7a0
[    2.374374] pciehp 0000:00:16.5:pcie04: service driver pciehp loaded
[    2.374436] pciehp 0000:00:16.6:pcie04: HPC vendor_id 15ad device_id 7a0 ss_vid 15ad ss_did 7a0
[    2.374603] pciehp 0000:00:16.6:pcie04: service driver pciehp loaded
[    2.374665] pciehp 0000:00:16.7:pcie04: HPC vendor_id 15ad device_id 7a0 ss_vid 15ad ss_did 7a0
[    2.374829] pciehp 0000:00:16.7:pcie04: service driver pciehp loaded
[    2.374890] pciehp 0000:00:17.0:pcie04: HPC vendor_id 15ad device_id 7a0 ss_vid 15ad ss_did 7a0
[    2.375045] pciehp 0000:00:17.0:pcie04: service driver pciehp loaded
[    2.375106] pciehp 0000:00:17.1:pcie04: HPC vendor_id 15ad device_id 7a0 ss_vid 15ad ss_did 7a0
[    2.375272] pciehp 0000:00:17.1:pcie04: service driver pciehp loaded
[    2.375334] pciehp 0000:00:17.2:pcie04: HPC vendor_id 15ad device_id 7a0 ss_vid 15ad ss_did 7a0
[    2.375490] pciehp 0000:00:17.2:pcie04: service driver pciehp loaded
[    2.375570] pciehp 0000:00:17.3:pcie04: HPC vendor_id 15ad device_id 7a0 ss_vid 15ad ss_did 7a0
[    2.375747] pciehp 0000:00:17.3:pcie04: service driver pciehp loaded
[    2.375809] pciehp 0000:00:17.4:pcie04: HPC vendor_id 15ad device_id 7a0 ss_vid 15ad ss_did 7a0
[    2.375973] pciehp 0000:00:17.4:pcie04: service driver pciehp loaded
[    2.376036] pciehp 0000:00:17.5:pcie04: HPC vendor_id 15ad device_id 7a0 ss_vid 15ad ss_did 7a0
[    2.376202] pciehp 0000:00:17.5:pcie04: service driver pciehp loaded
[    2.376263] pciehp 0000:00:17.6:pcie04: HPC vendor_id 15ad device_id 7a0 ss_vid 15ad ss_did 7a0
[    2.376425] pciehp 0000:00:17.6:pcie04: service driver pciehp loaded
[    2.376487] pciehp 0000:00:17.7:pcie04: HPC vendor_id 15ad device_id 7a0 ss_vid 15ad ss_did 7a0
[    2.376649] pciehp 0000:00:17.7:pcie04: service driver pciehp loaded
[    2.376711] pciehp 0000:00:18.0:pcie04: HPC vendor_id 15ad device_id 7a0 ss_vid 15ad ss_did 7a0
[    2.376873] pciehp 0000:00:18.0:pcie04: service driver pciehp loaded
[    2.376935] pciehp 0000:00:18.1:pcie04: HPC vendor_id 15ad device_id 7a0 ss_vid 15ad ss_did 7a0
[    2.377088] pciehp 0000:00:18.1:pcie04: service driver pciehp loaded
[    2.377149] pciehp 0000:00:18.2:pcie04: HPC vendor_id 15ad device_id 7a0 ss_vid 15ad ss_did 7a0
[    2.377346] pciehp 0000:00:18.2:pcie04: service driver pciehp loaded
[    2.377407] pciehp 0000:00:18.3:pcie04: HPC vendor_id 15ad device_id 7a0 ss_vid 15ad ss_did 7a0
[    2.377574] pciehp 0000:00:18.3:pcie04: service driver pciehp loaded
[    2.377636] pciehp 0000:00:18.4:pcie04: HPC vendor_id 15ad device_id 7a0 ss_vid 15ad ss_did 7a0
[    2.377813] pciehp 0000:00:18.4:pcie04: service driver pciehp loaded
[    2.377898] pciehp 0000:00:18.5:pcie04: HPC vendor_id 15ad device_id 7a0 ss_vid 15ad ss_did 7a0
[    2.378055] pciehp 0000:00:18.5:pcie04: service driver pciehp loaded
[    2.378117] pciehp 0000:00:18.6:pcie04: HPC vendor_id 15ad device_id 7a0 ss_vid 15ad ss_did 7a0
[    2.378274] pciehp 0000:00:18.6:pcie04: service driver pciehp loaded
[    2.378339] pciehp 0000:00:18.7:pcie04: HPC vendor_id 15ad device_id 7a0 ss_vid 15ad ss_did 7a0
[    2.378500] pciehp 0000:00:18.7:pcie04: service driver pciehp loaded
[    2.378507] pciehp: PCI Express Hot Plug Controller Driver version: 0.4
[    2.378596] intel_idle: does not run on family 6 model 58
[    2.378602] ipmi message handler version 39.2
[    2.378712] ACPI: Deprecated procfs I/F for AC is loaded, please retry with CONFIG_ACPI_PROCFS_POWER cleared
[    2.378822] ACPI: AC Adapter [ACAD] (on-line)
[    2.379041] input: Power Button as /devices/LNXSYSTM:00/LNXPWRBN:00/input/input0
[    2.379045] ACPI: Power Button [PWRF]
[    2.380641] GHES: HEST is not enabled!
[    2.381126] Serial: 8250/16550 driver, 32 ports, IRQ sharing enabled
[    2.409425] 00:09: ttyS0 at I/O 0x3f8 (irq = 4, base_baud = 115200) is a 16550A
[    2.435394] 00:0a: ttyS1 at I/O 0x2f8 (irq = 3, base_baud = 115200) is a 16550A
[    2.439620] Linux agpgart interface v0.103
[    2.439736] agpgart-intel 0000:00:00.0: Intel 440BX Chipset
[    2.440725] agpgart-intel 0000:00:00.0: AGP aperture is 256M @ 0x0
[    2.442584] brd: module loaded
[    2.443496] loop: module loaded
[    2.443707] ata_piix 0000:00:07.1: version 2.13
[    2.444299] scsi0 : ata_piix
[    2.444550] scsi1 : ata_piix
[    2.444577] ata1: PATA max UDMA/33 cmd 0x1f0 ctl 0x3f6 bmdma 0x1060 irq 14
[    2.444578] ata2: PATA max UDMA/33 cmd 0x170 ctl 0x376 bmdma 0x1068 irq 15
[    2.444788] libphy: Fixed MDIO Bus: probed
[    2.444849] tun: Universal TUN/TAP device driver, 1.6
[    2.444850] tun: (C) 1999-2004 Max Krasnyansky <maxk@qualcomm.com>
[    2.445017] PPP generic driver version 2.4.2
[    2.445155] ehci_hcd: USB 2.0 'Enhanced' Host Controller (EHCI) Driver
[    2.445373] ehci-pci: EHCI PCI platform driver
[    2.446002] ehci-pci 0000:02:03.0: EHCI Host Controller
[    2.446009] ehci-pci 0000:02:03.0: new USB bus registered, assigned bus number 1
[    2.446244] ehci-pci 0000:02:03.0: cache line size of 64 is not supported
[    2.446314] ehci-pci 0000:02:03.0: irq 17, io mem 0xfd5ef000
[    2.454743] ehci-pci 0000:02:03.0: USB 2.0 started, EHCI 1.00
[    2.454812] usb usb1: New USB device found, idVendor=1d6b, idProduct=0002
[    2.454814] usb usb1: New USB device strings: Mfr=3, Product=2, SerialNumber=1
[    2.454816] usb usb1: Product: EHCI Host Controller
[    2.454817] usb usb1: Manufacturer: Linux 3.13.0-37-generic ehci_hcd
[    2.454818] usb usb1: SerialNumber: 0000:02:03.0
[    2.455108] hub 1-0:1.0: USB hub found
[    2.455117] hub 1-0:1.0: 6 ports detected
[    2.455359] ehci-platform: EHCI generic platform driver
[    2.455369] ohci_hcd: USB 1.1 'Open' Host Controller (OHCI) Driver
[    2.455370] ohci-pci: OHCI PCI platform driver
[    2.455402] ohci-platform: OHCI generic platform driver
[    2.455409] uhci_hcd: USB Universal Host Controller Interface driver
[    2.455737] uhci_hcd 0000:02:00.0: UHCI Host Controller
[    2.455742] uhci_hcd 0000:02:00.0: new USB bus registered, assigned bus number 2
[    2.456028] uhci_hcd 0000:02:00.0: irq 18, io base 0x00002080
[    2.456176] usb usb2: New USB device found, idVendor=1d6b, idProduct=0001
[    2.456177] usb usb2: New USB device strings: Mfr=3, Product=2, SerialNumber=1
[    2.456179] usb usb2: Product: UHCI Host Controller
[    2.456180] usb usb2: Manufacturer: Linux 3.13.0-37-generic uhci_hcd
[    2.456181] usb usb2: SerialNumber: 0000:02:00.0
[    2.456371] hub 2-0:1.0: USB hub found
[    2.456378] hub 2-0:1.0: 2 ports detected
[    2.456574] i8042: PNP: PS/2 Controller [PNP0303:KBC,PNP0f13:MOUS] at 0x60,0x64 irq 1,12
[    2.457579] serio: i8042 KBD port at 0x60,0x64 irq 1
[    2.457587] serio: i8042 AUX port at 0x60,0x64 irq 12
[    2.457871] mousedev: PS/2 mouse device common for all mice
[    2.478476] rtc_cmos 00:03: rtc core: registered rtc_cmos as rtc0
[    2.478630] rtc_cmos 00:03: alarms up to one month, y3k, 114 bytes nvram, hpet irqs
[    2.478714] device-mapper: uevent: version 1.0.3
[    2.478908] device-mapper: ioctl: 4.27.0-ioctl (2013-10-30) initialised: dm-devel@redhat.com
[    2.478967] ledtrig-cpu: registered to indicate activity on CPUs
[    2.479214] TCP: cubic registered
[    2.479343] NET: Registered protocol family 10
[    2.479657] NET: Registered protocol family 17
[    2.479666] Key type dns_resolver registered
[    2.480647] Loading compiled-in X.509 certificates
[    2.481402] Loaded X.509 cert 'Magrathea: Glacier signing key: 2cb1133b35f95a9e24deabeeb12ba449bcbabbc9'
[    2.481415] registered taskstats version 1
[    2.483792] input: AT Translated Set 2 keyboard as /devices/platform/i8042/serio0/input/input1
[    2.485331] Key type trusted registered
[    2.488045] Key type encrypted registered
[    2.490546] AppArmor: AppArmor sha1 policy hashing enabled
[    2.490549] IMA: No TPM chip found, activating TPM-bypass!
[    2.499177] regulator-dummy: disabling
[    2.499456]   Magic number: 7:253:480
[    2.499741] rtc_cmos 00:03: setting system clock to 2015-03-29 11:28:37 UTC (1427628517)
[    2.499939] BIOS EDD facility v0.16 2004-Jun-25, 0 devices found
[    2.499940] EDD information not available.
[    2.499986] PM: Hibernation image not present or could not be loaded.
[    2.622524] Freeing unused kernel memory: 1336K (ffffffff81d20000 - ffffffff81e6e000)
[    2.622528] Write protecting the kernel read-only data: 12288k
[    2.625371] Freeing unused kernel memory: 804K (ffff880001737000 - ffff880001800000)
[    2.626980] Freeing unused kernel memory: 692K (ffff880001b53000 - ffff880001c00000)
[    2.649100] systemd-udevd[261]: starting version 204
[    2.687563] Floppy drive(s): fd0 is 1.44M
[    2.688878] Fusion MPT base driver 3.04.20
[    2.688881] Copyright (c) 1999-2008 LSI Corporation
[    2.690939] e1000: Intel(R) PRO/1000 Network Driver - version 7.3.21-k8-NAPI
[    2.690942] e1000: Copyright (c) 1999-2006 Intel Corporation.
[    2.693257] [drm] Initialized drm 1.1.0 20060810
[    2.693732] Fusion MPT SPI Host driver 3.04.20
[    2.694551] mptbase: ioc0: Initiating bringup
[    2.703563] FDC 0 is a post-1991 82077
[    2.766963] usb 2-1: new full-speed USB device number 2 using uhci_hcd
[    2.775126] ioc0: LSI53C1030 B0: Capabilities={Initiator}
[    2.927104] usb 2-1: New USB device found, idVendor=0e0f, idProduct=0003
[    2.927107] usb 2-1: New USB device strings: Mfr=1, Product=2, SerialNumber=0
[    2.927109] usb 2-1: Product: VMware Virtual USB Mouse
[    2.927110] usb 2-1: Manufacturer: VMware
[    2.936019] scsi2 : ioc0: LSI53C1030 B0, FwRev=01032920h, Ports=1, MaxQ=128, IRQ=17
[    3.052523] usb 2-2: new full-speed USB device number 3 using uhci_hcd
[    3.052901] scsi 2:0:0:0: Direct-Access     VMware,  VMware Virtual S 1.0  PQ: 0 ANSI: 2
[    3.052949] scsi target2:0:0: Beginning Domain Validation
[    3.053560] scsi target2:0:0: Domain Validation skipping write tests
[    3.053562] scsi target2:0:0: Ending Domain Validation
[    3.053594] scsi target2:0:0: FAST-40 WIDE SCSI 80.0 MB/s ST (25 ns, offset 127)
[    3.053640] [drm] DMA map mode: Using physical TTM page addresses.
[    3.053744] [drm] Capabilities:
[    3.053745] [drm]   Rect copy.
[    3.053746] [drm]   Cursor.
[    3.053747] [drm]   Cursor bypass.
[    3.053748] [drm]   Cursor bypass 2.
[    3.053749] [drm]   8bit emulation.
[    3.053750] [drm]   Alpha cursor.
[    3.053751] [drm]   3D.
[    3.053752] [drm]   Extended Fifo.
[    3.053753] [drm]   Multimon.
[    3.053754] [drm]   Pitchlock.
[    3.053754] [drm]   Irq mask.
[    3.053755] [drm]   Display Topology.
[    3.053756] [drm]   GMR.
[    3.053757] [drm]   Traces.
[    3.053758] [drm]   GMR2.
[    3.053759] [drm]   Screen Object 2.
[    3.053760] [drm]   Command Buffers.
[    3.053761] [drm] Max GMR ids is 64
[    3.053763] [drm] Max number of GMR pages is 196608
[    3.053764] [drm] Max dedicated hypervisor surface memory is 786432 kiB
[    3.053765] [drm] Maximum display memory size is 131072 kiB
[    3.053767] [drm] VRAM at 0xe8000000 size is 131072 kiB
[    3.053768] [drm] MMIO at 0xfe000000 size is 2048 kiB
[    3.053770] [drm] global init.
[    3.055571] sd 2:0:0:0: Attached scsi generic sg0 type 0
[    3.055634] [TTM] Zone  kernel: Available graphics memory: 1537424 kiB
[    3.055636] [TTM] Initializing pool allocator
[    3.055641] [TTM] Initializing DMA pool allocator
[    3.055696] sd 2:0:0:0: [sda] 41943040 512-byte logical blocks: (21.4 GB/20.0 GiB)
[    3.055805] sd 2:0:0:0: [sda] Write Protect is off
[    3.055809] sd 2:0:0:0: [sda] Mode Sense: 61 00 00 00
[    3.055900] sd 2:0:0:0: [sda] Cache data unavailable
[    3.055902] sd 2:0:0:0: [sda] Assuming drive cache: write through
[    3.056156] [drm] Supports vblank timestamp caching Rev 2 (21.10.2013).
[    3.056158] [drm] No driver support for vblank timestamp query.
[    3.056345] sd 2:0:0:0: [sda] Cache data unavailable
[    3.056348] sd 2:0:0:0: [sda] Assuming drive cache: write through
[    3.056462] [drm] Screen objects system initialized
[    3.056537] [drm] width 640
[    3.056547] [drm] height 480
[    3.056557] [drm] bpp 32
[    3.068918]  sda: sda1 sda2 < sda5 >
[    3.069794] sd 2:0:0:0: [sda] Cache data unavailable
[    3.069798] sd 2:0:0:0: [sda] Assuming drive cache: write through
[    3.069881] sd 2:0:0:0: [sda] Attached SCSI disk
[    3.073328] e1000 0000:02:01.0 eth0: (PCI:66MHz:32-bit) 00:0c:29:8d:f2:31
[    3.073337] e1000 0000:02:01.0 eth0: Intel(R) PRO/1000 Network Connection
[    3.073467] ahci 0000:02:05.0: version 3.0
[    3.074395] ahci 0000:02:05.0: irq 72 for MSI/MSI-X
[    3.075228] ahci 0000:02:05.0: AHCI 0001.0300 32 slots 30 ports 6 Gbps 0x3fffffff impl SATA mode
[    3.075244] ahci 0000:02:05.0: flags: 64bit ncq clo only 
[    3.077914] [drm] Fifo max 0x00200000 min 0x00001000 cap 0x0000077f
[    3.081111] scsi3 : ahci
[    3.081357] scsi4 : ahci
[    3.081824] scsi5 : ahci
[    3.082127] scsi6 : ahci
[    3.082512] scsi7 : ahci
[    3.082889] scsi8 : ahci
[    3.083192] scsi9 : ahci
[    3.083693] scsi10 : ahci
[    3.084100] scsi11 : ahci
[    3.084302] scsi12 : ahci
[    3.084511] scsi13 : ahci
[    3.084769] scsi14 : ahci
[    3.085224] scsi15 : ahci
[    3.085500] scsi16 : ahci
[    3.085750] scsi17 : ahci
[    3.086041] scsi18 : ahci
[    3.086313] scsi19 : ahci
[    3.086778] scsi20 : ahci
[    3.087140] scsi21 : ahci
[    3.087481] scsi22 : ahci
[    3.087808] scsi23 : ahci
[    3.088061] scsi24 : ahci
[    3.088683] scsi25 : ahci
[    3.088976] scsi26 : ahci
[    3.089505] scsi27 : ahci
[    3.089790] scsi28 : ahci
[    3.090135] scsi29 : ahci
[    3.090570] scsi30 : ahci
[    3.090931] scsi31 : ahci
[    3.091195] scsi32 : ahci
[    3.091375] ata3: SATA max UDMA/133 abar m4096@0xfd5ee000 port 0xfd5ee100 irq 72
[    3.091379] ata4: SATA max UDMA/133 abar m4096@0xfd5ee000 port 0xfd5ee180 irq 72
[    3.091381] ata5: SATA max UDMA/133 abar m4096@0xfd5ee000 port 0xfd5ee200 irq 72
[    3.091383] ata6: SATA max UDMA/133 abar m4096@0xfd5ee000 port 0xfd5ee280 irq 72
[    3.091385] ata7: SATA max UDMA/133 abar m4096@0xfd5ee000 port 0xfd5ee300 irq 72
[    3.091387] ata8: SATA max UDMA/133 abar m4096@0xfd5ee000 port 0xfd5ee380 irq 72
